2026-02-27 17:18:28,258 - INFO - === 看世界规划对比工具（高性能原版逻辑）启动 ===
2026-02-27 17:18:28,392 - INFO - 成功加载飞书表格
2026-02-27 17:18:29,592 - INFO - 表格读取完成，共149行有效数据
2026-02-27 17:18:30,456 - INFO - CaseID:1 - QUERY字段：基础语义模糊匹配通过
2026-02-27 17:18:30,456 - INFO - CaseID:1 - 整体结果: PASS | 详情: 所有字段校验通过
2026-02-27 17:18:30,456 - INFO - CaseID:2 - CATEGORY字段：标准答案含「其他问答」，模型输出任意值通过
2026-02-27 17:18:31,530 - INFO - CaseID:2 - QUERY字段：基础语义模糊匹配通过
2026-02-27 17:18:31,531 - INFO - CaseID:2 - TAG字段：有交集（{'文蛤'}），判定通过
2026-02-27 17:18:31,531 - INFO - CaseID:2 - 整体结果: PASS | 详情: 所有字段校验通过
2026-02-27 17:18:32,661 - INFO - CaseID:3 - QUERY字段：基础语义模糊匹配通过
2026-02-27 17:18:32,662 - INFO - CaseID:3 - 整体结果: PASS | 详情: 所有字段校验通过
2026-02-27 17:18:34,475 - INFO - CaseID:4 - QUERY字段：基础语义模糊匹配通过
2026-02-27 17:18:34,475 - INFO - CaseID:4 - 整体结果: PASS | 详情: 所有字段校验通过
2026-02-27 17:18:34,475 - INFO - CaseID:5 - CATEGORY字段：标准答案含「其他问答」，模型输出任意值通过
2026-02-27 17:18:36,107 - INFO - CaseID:5 - QUERY字段：基础语义模糊匹配通过
2026-02-27 17:18:36,108 - INFO - CaseID:5 - TAG字段：有交集（{'生物学特性', '大熊猫'}），判定通过
2026-02-27 17:18:36,108 - INFO - CaseID:5 - 整体结果: PASS | 详情: 所有字段校验通过
2026-02-27 17:18:36,109 - INFO - CaseID:6 - CATEGORY字段：标准答案含「其他问答」，模型输出任意值通过
2026-02-27 17:18:37,532 - INFO - CaseID:6 - QUERY字段：基础语义模糊匹配通过
2026-02-27 17:18:37,532 - INFO - CaseID:6 - TAG字段：有交集（{'主要食物', '猕猴'}），判定通过
2026-02-27 17:18:37,532 - INFO - CaseID:6 - 整体结果: PASS | 详情: 所有字段校验通过
2026-02-27 17:18:38,955 - INFO - CaseID:7 - QUERY字段：基础语义模糊匹配通过
2026-02-27 17:18:38,956 - INFO - CaseID:7 - 整体结果: FAILED | 详情: APINAME不匹配：预期[visual_search]，实际[QASearch]; CATEGORY不匹配：一方为空 - 预期[]，实际[生物]; TAG不匹配：一方为空 - 预期[]，实际[猕猴&毛色]
2026-02-27 17:18:38,956 - INFO - CaseID:8 - CATEGORY字段：交集匹配（{'生物'}），判定通过
2026-02-27 17:18:40,098 - INFO - CaseID:8 - QUERY字段：基础语义模糊匹配通过
2026-02-27 17:18:40,098 - INFO - CaseID:8 - TAG字段：有交集（{'主要食物', '荷斯坦牛'}），判定通过
2026-02-27 17:18:40,098 - INFO - CaseID:8 - 整体结果: PASS | 详情: 所有字段校验通过
2026-02-27 17:18:40,099 - INFO - CaseID:9 - CATEGORY字段：标准答案含「其他问答」，模型输出任意值通过
2026-02-27 17:18:41,187 - INFO - CaseID:9 - TAG字段：有交集（{'黄牛'}），判定通过
2026-02-27 17:18:41,187 - INFO - CaseID:9 - 整体结果: FAILED | 详情: QUERY不匹配：基础语义模糊匹配失败 - 预期[黄牛的最长寿命是几年]，实际[黄牛的寿命]
2026-02-27 17:18:41,188 - INFO - CaseID:10 - CATEGORY字段：标准答案含「其他问答」，模型输出任意值通过
2026-02-27 17:18:42,934 - INFO - CaseID:10 - 整体结果: FAILED | 详情: QUERY不匹配：基础语义模糊匹配失败 - 预期[奶牛通常生活的地区]，实际[西门塔尔牛通常生活的地区]; TAG不匹配：无交集 - 预期[奶牛&来源地]，实际[西门塔尔牛&通常生活&地区]
2026-02-27 17:18:42,935 - INFO - CaseID:11 - CATEGORY字段：标准答案含「其他问答」，模型输出任意值通过
2026-02-27 17:18:44,055 - INFO - CaseID:11 - TAG字段：触发白名单（语义等价子串），判定通过
2026-02-27 17:18:44,055 - INFO - CaseID:11 - 整体结果: FAILED | 详情: QUERY不匹配：基础语义模糊匹配失败 - 预期[螳螂虾是生活在淡水环境里吗]，实际[皮皮虾后面的虾的生存环境]
2026-02-27 17:18:44,055 - INFO - CaseID:12 - CATEGORY字段：交集匹配（{'生物'}），判定通过
2026-02-27 17:18:46,159 - INFO - CaseID:12 - QUERY字段：基础语义模糊匹配通过
2026-02-27 17:18:46,159 - INFO - CaseID:12 - TAG字段：有交集（{'淡水蟹', '能够食用'}），判定通过
2026-02-27 17:18:46,159 - INFO - CaseID:12 - 整体结果: PASS | 详情: 所有字段校验通过
2026-02-27 17:18:46,159 - INFO - CaseID:13 - 整体结果: FAILED | 详情: 模型输出核心字段全为空，判定不通过
2026-02-27 17:18:46,159 - INFO - CaseID:14 - CATEGORY字段：交集匹配（{'生物'}），判定通过
2026-02-27 17:18:47,580 - INFO - CaseID:14 - QUERY字段：基础语义模糊匹配通过
2026-02-27 17:18:47,580 - INFO - CaseID:14 - TAG字段：有交集（{'寄居蟹', '生存环境'}），判定通过
2026-02-27 17:18:47,580 - INFO - CaseID:14 - 整体结果: PASS | 详情: 所有字段校验通过
2026-02-27 17:18:47,581 - INFO - CaseID:15 - CATEGORY字段：标准答案含「其他问答」，模型输出任意值通过
2026-02-27 17:18:48,753 - INFO - CaseID:15 - QUERY字段：基础语义模糊匹配通过
2026-02-27 17:18:48,754 - INFO - CaseID:15 - TAG字段：有交集（{'锦鲤'}），判定通过
2026-02-27 17:18:48,754 - INFO - CaseID:15 - 整体结果: PASS | 详情: 所有字段校验通过
2026-02-27 17:18:48,754 - INFO - CaseID:16 - CATEGORY字段：交集匹配（{'生物'}），判定通过
2026-02-27 17:18:50,381 - INFO - CaseID:16 - QUERY字段：基础语义模糊匹配通过
2026-02-27 17:18:50,381 - INFO - CaseID:16 - TAG字段：有交集（{'主要食物', '金鱼'}），判定通过
2026-02-27 17:18:50,381 - INFO - CaseID:16 - 整体结果: PASS | 详情: 所有字段校验通过
2026-02-27 17:18:50,382 - INFO - CaseID:17 - CATEGORY字段：交集匹配（{'生物'}），判定通过
2026-02-27 17:18:51,797 - INFO - CaseID:17 - QUERY字段：基础语义模糊匹配通过
2026-02-27 17:18:51,798 - INFO - CaseID:17 - TAG字段：有交集（{'骆驼', '国家', '主要分布'}），判定通过
2026-02-27 17:18:51,798 - INFO - CaseID:17 - 整体结果: PASS | 详情: 所有字段校验通过
2026-02-27 17:18:51,798 - INFO - CaseID:18 - CATEGORY字段：交集匹配（{'生物'}），判定通过
2026-02-27 17:18:53,111 - INFO - CaseID:18 - QUERY字段：基础语义模糊匹配通过
2026-02-27 17:18:53,112 - INFO - CaseID:18 - TAG字段：有交集（{'双峰驼', '驼峰', '作用'}），判定通过
2026-02-27 17:18:53,112 - INFO - CaseID:18 - 整体结果: PASS | 详情: 所有字段校验通过
2026-02-27 17:18:53,112 - INFO - CaseID:19 - CATEGORY字段：交集匹配（{'生物'}），判定通过
2026-02-27 17:18:54,281 - INFO - CaseID:19 - QUERY字段：基础语义模糊匹配通过
2026-02-27 17:18:54,281 - INFO - CaseID:19 - TAG字段：有交集（{'来源', '名字', '凤尾鱼'}），判定通过
2026-02-27 17:18:54,281 - INFO - CaseID:19 - 整体结果: PASS | 详情: 所有字段校验通过
2026-02-27 17:18:54,281 - INFO - CaseID:20 - CATEGORY字段：交集匹配（{'生物'}），判定通过
2026-02-27 17:18:55,663 - INFO - CaseID:20 - QUERY字段：基础语义模糊匹配通过
2026-02-27 17:18:55,664 - INFO - CaseID:20 - TAG字段：有交集（{'比目鱼'}），判定通过
2026-02-27 17:18:55,664 - INFO - CaseID:20 - 整体结果: PASS | 详情: 所有字段校验通过
2026-02-27 17:18:55,664 - INFO - CaseID:21 - CATEGORY字段：交集匹配（{'生物'}），判定通过
2026-02-27 17:18:56,835 - INFO - CaseID:21 - QUERY字段：基础语义模糊匹配通过
2026-02-27 17:18:56,835 - INFO - CaseID:21 - TAG字段：有交集（{'海鲈鱼', '肉食性动物'}），判定通过
2026-02-27 17:18:56,835 - INFO - CaseID:21 - 整体结果: PASS | 详情: 所有字段校验通过
2026-02-27 17:18:56,835 - INFO - CaseID:22 - CATEGORY字段：标准答案含「其他问答」，模型输出任意值通过
2026-02-27 17:18:58,641 - INFO - CaseID:22 - QUERY字段：基础语义模糊匹配通过
2026-02-27 17:18:58,641 - INFO - CaseID:22 - TAG字段：有交集（{'鲫鱼', '最好吃', '烹饪方法'}），判定通过
2026-02-27 17:18:58,641 - INFO - CaseID:22 - 整体结果: PASS | 详情: 所有字段校验通过
2026-02-27 17:18:58,642 - INFO - CaseID:23 - CATEGORY字段：交集匹配（{'生物'}），判定通过
2026-02-27 17:19:00,106 - INFO - CaseID:23 - QUERY字段：基础语义模糊匹配通过
2026-02-27 17:19:00,106 - INFO - CaseID:23 - TAG字段：有交集（{'概率', '大嘴鲈鱼', '捕获'}），判定通过
2026-02-27 17:19:00,106 - INFO - CaseID:23 - 整体结果: PASS | 详情: 所有字段校验通过
2026-02-27 17:19:00,106 - INFO - CaseID:24 - CATEGORY字段：交集匹配（{'生物'}），判定通过
2026-02-27 17:19:01,313 - INFO - CaseID:24 - QUERY字段：基础语义模糊匹配通过
2026-02-27 17:19:01,314 - INFO - CaseID:24 - TAG字段：有交集（{'小比目鱼', '科属'}），判定通过
2026-02-27 17:19:01,314 - INFO - CaseID:24 - 整体结果: PASS | 详情: 所有字段校验通过
2026-02-27 17:19:01,315 - INFO - CaseID:25 - 整体结果: FAILED | 详情: 模型输出核心字段全为空，判定不通过
2026-02-27 17:19:01,315 - INFO - CaseID:26 - CATEGORY字段：触发白名单（人物→影视），判定通过
2026-02-27 17:19:02,437 - INFO - CaseID:26 - QUERY字段：基础语义模糊匹配通过
2026-02-27 17:19:02,437 - INFO - CaseID:26 - TAG字段：有交集（{'小猪佩奇'}），判定通过
2026-02-27 17:19:02,437 - INFO - CaseID:26 - 整体结果: PASS | 详情: 所有字段校验通过
2026-02-27 17:19:02,438 - INFO - CaseID:27 - APINAME字段：QASearch↔worthbuy，判定通过
2026-02-27 17:19:02,438 - INFO - CaseID:27 - CATEGORY字段：标准答案含「其他问答」，模型输出任意值通过
2026-02-27 17:19:03,592 - INFO - CaseID:27 - QUERY字段：基础语义模糊匹配通过
2026-02-27 17:19:03,592 - INFO - CaseID:27 - TAG字段：有交集（{'小猪佩奇玩偶'}），判定通过
2026-02-27 17:19:03,592 - INFO - CaseID:27 - 整体结果: PASS | 详情: 所有字段校验通过
2026-02-27 17:19:03,592 - INFO - CaseID:28 - APINAME字段：QASearch↔worthbuy，判定通过
2026-02-27 17:19:03,593 - INFO - CaseID:28 - CATEGORY字段：标准答案含「其他问答」，模型输出任意值通过
2026-02-27 17:19:05,170 - INFO - CaseID:28 - QUERY字段：基础语义模糊匹配通过
2026-02-27 17:19:05,171 - INFO - CaseID:28 - TAG字段：有交集（{'售价'}），判定通过
2026-02-27 17:19:05,171 - INFO - CaseID:28 - 整体结果: PASS | 详情: 所有字段校验通过
2026-02-27 17:19:05,171 - INFO - CaseID:29 - CATEGORY字段：交集匹配（{'影视'}），判定通过
2026-02-27 17:19:06,419 - INFO - CaseID:29 - QUERY字段：基础语义模糊匹配通过
2026-02-27 17:19:06,420 - INFO - CaseID:29 - TAG字段：有交集（{'小猪佩奇'}），判定通过
2026-02-27 17:19:06,420 - INFO - CaseID:29 - 整体结果: PASS | 详情: 所有字段校验通过
2026-02-27 17:19:06,420 - INFO - CaseID:30 - CATEGORY字段：交集匹配（{'人物'}），判定通过
2026-02-27 17:19:07,480 - INFO - CaseID:30 - QUERY字段：基础语义模糊匹配通过
2026-02-27 17:19:07,481 - INFO - CaseID:30 - TAG字段：有交集（{'最喜欢', '事情', '佩奇'}），判定通过
2026-02-27 17:19:07,481 - INFO - CaseID:30 - 整体结果: PASS | 详情: 所有字段校验通过
2026-02-27 17:19:07,481 - INFO - CaseID:31 - APINAME字段：QASearch↔worthbuy，判定通过
2026-02-27 17:19:07,481 - INFO - CaseID:31 - CATEGORY字段：标准答案含「其他问答」，模型输出任意值通过
2026-02-27 17:19:08,696 - INFO - CaseID:31 - QUERY字段：基础语义模糊匹配通过
2026-02-27 17:19:08,697 - INFO - CaseID:31 - TAG字段：有交集（{'适合年龄'}），判定通过
2026-02-27 17:19:08,697 - INFO - CaseID:31 - 整体结果: PASS | 详情: 所有字段校验通过
2026-02-27 17:19:10,181 - INFO - CaseID:32 - QUERY字段：基础语义模糊匹配通过
2026-02-27 17:19:10,181 - INFO - CaseID:32 - 整体结果: PASS | 详情: 所有字段校验通过
2026-02-27 17:19:11,541 - INFO - CaseID:33 - QUERY字段：基础语义模糊匹配通过
2026-02-27 17:19:11,541 - INFO - CaseID:33 - 整体结果: PASS | 详情: 所有字段校验通过
2026-02-27 17:19:12,772 - INFO - CaseID:34 - QUERY字段：基础语义模糊匹配通过
2026-02-27 17:19:12,772 - INFO - CaseID:34 - 整体结果: PASS | 详情: 所有字段校验通过
2026-02-27 17:19:14,225 - INFO - CaseID:35 - QUERY字段：基础语义模糊匹配通过
2026-02-27 17:19:14,225 - INFO - CaseID:35 - 整体结果: PASS | 详情: 所有字段校验通过
2026-02-27 17:19:15,294 - INFO - CaseID:36 - QUERY字段：基础语义模糊匹配通过
2026-02-27 17:19:15,295 - INFO - CaseID:36 - 整体结果: FAILED | 详情: APINAME不匹配：预期[visual_search]，实际[QASearch]; CATEGORY不匹配：一方为空 - 预期[]，实际[影视]; TAG不匹配：一方为空 - 预期[]，实际[粉红色&卡通猪玩偶&动画片&角色]
2026-02-27 17:19:15,295 - INFO - CaseID:37 - CATEGORY字段：交集匹配（{'人物'}），判定通过
2026-02-27 17:19:16,662 - INFO - CaseID:37 - QUERY字段：基础语义模糊匹配通过
2026-02-27 17:19:16,663 - INFO - CaseID:37 - TAG字段：有交集（{'配音演员', 'skye'}），判定通过
2026-02-27 17:19:16,663 - INFO - CaseID:37 - 整体结果: PASS | 详情: 所有字段校验通过
2026-02-27 17:19:16,663 - INFO - CaseID:38 - CATEGORY字段：标准答案含「其他问答」，模型输出任意值通过
2026-02-27 17:19:17,892 - INFO - CaseID:38 - QUERY字段：基础语义模糊匹配通过
2026-02-27 17:19:17,893 - INFO - CaseID:38 - TAG字段：有交集（{'别名', '小狗毛绒玩具', '穿着粉色衣服'}），判定通过
2026-02-27 17:19:17,893 - INFO - CaseID:38 - 整体结果: PASS | 详情: 所有字段校验通过
2026-02-27 17:19:17,893 - INFO - CaseID:39 - CATEGORY字段：交集匹配（{'人物'}），判定通过
2026-02-27 17:19:19,347 - INFO - CaseID:39 - QUERY字段：基础语义模糊匹配通过
2026-02-27 17:19:19,348 - INFO - CaseID:39 - TAG字段：有交集（{'rubble', '职业'}），判定通过
2026-02-27 17:19:19,348 - INFO - CaseID:39 - 整体结果: PASS | 详情: 所有字段校验通过
2026-02-27 17:19:20,557 - INFO - CaseID:40 - QUERY字段：基础语义模糊匹配通过
2026-02-27 17:19:20,557 - INFO - CaseID:40 - 整体结果: PASS | 详情: 所有字段校验通过
2026-02-27 17:19:20,557 - INFO - CaseID:41 - CATEGORY字段：模型输出含「其他问答」，该字段通过
2026-02-27 17:19:21,746 - INFO - CaseID:41 - QUERY字段：基础语义模糊匹配通过
2026-02-27 17:19:21,747 - INFO - CaseID:41 - 整体结果: FAILED | 详情: APINAME不匹配：预期[visual_search]，实际[QASearch]; TAG不匹配：一方为空 - 预期[]，实际[小砾公仔&颜色]
2026-02-27 17:19:23,420 - INFO - CaseID:42 - QUERY字段：基础语义模糊匹配通过
2026-02-27 17:19:23,420 - INFO - CaseID:42 - 整体结果: FAILED | 详情: APINAME不匹配：预期[visual_search]，实际[AUTOSearch]; CATEGORY不匹配：一方为空 - 预期[]，实际[汽车]; TAG不匹配：一方为空 - 预期[]，实际[玩具小狗&材质]
2026-02-27 17:19:24,585 - INFO - CaseID:43 - QUERY字段：基础语义模糊匹配通过
2026-02-27 17:19:24,585 - INFO - CaseID:43 - 整体结果: FAILED | 详情: APINAME不匹配：预期[visual_search]，实际[QASearch]; CATEGORY不匹配：一方为空 - 预期[]，实际[生物]; TAG不匹配：一方为空 - 预期[]，实际[穿着消防员制服&小狗&名字]
2026-02-27 17:19:24,586 - INFO - CaseID:44 - CATEGORY字段：交集匹配（{'影视'}），判定通过
2026-02-27 17:19:25,602 - INFO - CaseID:44 - TAG字段：有交集（{'时效性', '汪汪队立大功'}），判定通过
2026-02-27 17:19:25,602 - INFO - CaseID:44 - 整体结果: FAILED | 详情: QUERY不匹配：基础语义模糊匹配失败 - 预期[汪汪队立大功目前出到第几季了]，实际[汪汪队立大功的集数]
2026-02-27 17:19:25,603 - INFO - CaseID:45 - CATEGORY字段：标准答案含「其他问答」，模型输出任意值通过
2026-02-27 17:19:26,933 - INFO - CaseID:45 - QUERY字段：基础语义模糊匹配通过
2026-02-27 17:19:26,933 - INFO - CaseID:45 - TAG字段：有交集（{'购买渠道', '汪汪队立大功'}），判定通过
2026-02-27 17:19:26,933 - INFO - CaseID:45 - 整体结果: PASS | 详情: 所有字段校验通过
2026-02-27 17:19:28,174 - INFO - CaseID:46 - QUERY字段：基础语义模糊匹配通过
2026-02-27 17:19:28,175 - INFO - CaseID:46 - 整体结果: PASS | 详情: 所有字段校验通过
2026-02-27 17:19:28,175 - INFO - CaseID:47 - CATEGORY字段：触发白名单（人物→公司），判定通过
2026-02-27 17:19:29,491 - INFO - CaseID:47 - QUERY字段：基础语义模糊匹配通过
2026-02-27 17:19:29,491 - INFO - CaseID:47 - TAG字段：有交集（{'rocky', '车辆编号'}），判定通过
2026-02-27 17:19:29,491 - INFO - CaseID:47 - 整体结果: PASS | 详情: 所有字段校验通过
2026-02-27 17:19:29,491 - INFO - CaseID:48 - CATEGORY字段：标准答案含「其他问答」，模型输出任意值通过
2026-02-27 17:19:30,662 - INFO - CaseID:48 - QUERY字段：基础语义模糊匹配通过
2026-02-27 17:19:30,662 - INFO - CaseID:48 - TAG字段：有交集（{'受众年龄', '汪汪队立大功'}），判定通过
2026-02-27 17:19:30,662 - INFO - CaseID:48 - 整体结果: PASS | 详情: 所有字段校验通过
2026-02-27 17:19:30,662 - INFO - CaseID:49 - CATEGORY字段：标准答案含「其他问答」，模型输出任意值通过
2026-02-27 17:19:32,182 - INFO - CaseID:49 - QUERY字段：基础语义模糊匹配通过
2026-02-27 17:19:32,183 - INFO - CaseID:49 - TAG字段：有交集（{'灰灰公仔', '购买地点'}），判定通过
2026-02-27 17:19:32,183 - INFO - CaseID:49 - 整体结果: PASS | 详情: 所有字段校验通过
2026-02-27 17:19:33,236 - INFO - CaseID:50 - QUERY字段：基础语义模糊匹配通过
2026-02-27 17:19:33,237 - INFO - CaseID:50 - 整体结果: PASS | 详情: 所有字段校验通过
2026-02-27 17:19:33,237 - INFO - CaseID:51 - CATEGORY字段：标准答案含「其他问答」，模型输出任意值通过
2026-02-27 17:19:34,231 - INFO - CaseID:51 - QUERY字段：基础语义模糊匹配通过
2026-02-27 17:19:34,231 - INFO - CaseID:51 - TAG字段：有交集（{'功能', '入耳式耳机'}），判定通过
2026-02-27 17:19:34,231 - INFO - CaseID:51 - 整体结果: FAILED | 详情: APINAME不匹配：预期[QASearch]，实际[AUTOSearch]
2026-02-27 17:19:34,232 - INFO - CaseID:52 - CATEGORY字段：标准答案含「其他问答」，模型输出任意值通过
2026-02-27 17:19:35,439 - INFO - CaseID:52 - QUERY字段：基础语义模糊匹配通过
2026-02-27 17:19:35,440 - INFO - CaseID:52 - TAG字段：有交集（{'舒服', '入耳式耳机', '长时间佩戴'}），判定通过
2026-02-27 17:19:35,440 - INFO - CaseID:52 - 整体结果: PASS | 详情: 所有字段校验通过
2026-02-27 17:19:36,520 - INFO - CaseID:53 - QUERY字段：基础语义模糊匹配通过
2026-02-27 17:19:36,520 - INFO - CaseID:53 - 整体结果: PASS | 详情: 所有字段校验通过
2026-02-27 17:19:36,521 - INFO - CaseID:54 - APINAME字段：QASearch↔worthbuy，判定通过
2026-02-27 17:19:36,521 - INFO - CaseID:54 - CATEGORY字段：标准答案含「其他问答」，模型输出任意值通过
2026-02-27 17:19:37,671 - INFO - CaseID:54 - QUERY字段：基础语义模糊匹配通过
2026-02-27 17:19:37,671 - INFO - CaseID:54 - TAG字段：有交集（{'好处', '无线耳机'}），判定通过
2026-02-27 17:19:37,672 - INFO - CaseID:54 - 整体结果: PASS | 详情: 所有字段校验通过
2026-02-27 17:19:38,801 - INFO - CaseID:55 - QUERY字段：基础语义模糊匹配通过
2026-02-27 17:19:38,802 - INFO - CaseID:55 - 整体结果: PASS | 详情: 所有字段校验通过
2026-02-27 17:19:40,336 - INFO - CaseID:56 - QUERY字段：基础语义模糊匹配通过
2026-02-27 17:19:40,336 - INFO - CaseID:56 - 整体结果: PASS | 详情: 所有字段校验通过
2026-02-27 17:19:40,336 - INFO - CaseID:57 - CATEGORY字段：标准答案含「其他问答」，模型输出任意值通过
2026-02-27 17:19:42,458 - INFO - CaseID:57 - TAG字段：有交集（{'遥控器'}），判定通过
2026-02-27 17:19:42,459 - INFO - CaseID:57 - 整体结果: FAILED | 详情: APINAME不匹配：预期[QASearch]，实际[AUTOSearch]; QUERY不匹配：基础语义模糊匹配失败 - 预期[遥控器的用途是什么]，实际[遥控器的简介]
2026-02-27 17:19:42,459 - INFO - CaseID:58 - CATEGORY字段：标准答案含「其他问答」，模型输出任意值通过
2026-02-27 17:19:43,486 - INFO - CaseID:58 - QUERY字段：基础语义模糊匹配通过
2026-02-27 17:19:43,486 - INFO - CaseID:58 - 整体结果: FAILED | 详情: APINAME不匹配：预期[QASearch]，实际[visual_search]; TAG不匹配：一方为空 - 预期[遥控器&控制&机器]，实际[]
2026-02-27 17:19:45,215 - INFO - CaseID:59 - QUERY字段：基础语义模糊匹配通过
2026-02-27 17:19:45,216 - INFO - CaseID:59 - 整体结果: PASS | 详情: 所有字段校验通过
2026-02-27 17:19:45,216 - INFO - CaseID:60 - CATEGORY字段：标准答案含「其他问答」，模型输出任意值通过
2026-02-27 17:19:46,336 - INFO - CaseID:60 - QUERY字段：基础语义模糊匹配通过
2026-02-27 17:19:46,336 - INFO - CaseID:60 - TAG字段：有交集（{'空调遥控器', '组成'}），判定通过
2026-02-27 17:19:46,336 - INFO - CaseID:60 - 整体结果: FAILED | 详情: APINAME不匹配：预期[QASearch]，实际[AUTOSearch]
2026-02-27 17:19:47,517 - INFO - CaseID:61 - QUERY字段：基础语义模糊匹配通过
2026-02-27 17:19:47,517 - INFO - CaseID:61 - 整体结果: PASS | 详情: 所有字段校验通过
2026-02-27 17:19:49,020 - INFO - CaseID:62 - QUERY字段：基础语义模糊匹配通过
2026-02-27 17:19:49,020 - INFO - CaseID:62 - 整体结果: PASS | 详情: 所有字段校验通过
2026-02-27 17:19:49,021 - INFO - CaseID:63 - CATEGORY字段：标准答案含「其他问答」，模型输出任意值通过
2026-02-27 17:19:51,000 - INFO - CaseID:63 - QUERY字段：基础语义模糊匹配通过
2026-02-27 17:19:51,000 - INFO - CaseID:63 - TAG字段：有交集（{'麦克风', '工作原理'}），判定通过
2026-02-27 17:19:51,000 - INFO - CaseID:63 - 整体结果: FAILED | 详情: APINAME不匹配：预期[QASearch]，实际[AUTOSearch]
2026-02-27 17:19:51,000 - INFO - CaseID:64 - CATEGORY字段：标准答案含「其他问答」，模型输出任意值通过
2026-02-27 17:19:52,050 - INFO - CaseID:64 - QUERY字段：基础语义模糊匹配通过
2026-02-27 17:19:52,051 - INFO - CaseID:64 - TAG字段：有交集（{'麦克风', '售价'}），判定通过
2026-02-27 17:19:52,051 - INFO - CaseID:64 - 整体结果: FAILED | 详情: APINAME不匹配：预期[QASearch]，实际[AUTOSearch]
2026-02-27 17:19:52,052 - INFO - CaseID:65 - CATEGORY字段：标准答案含「其他问答」，模型输出任意值通过
2026-02-27 17:19:53,107 - INFO - CaseID:65 - QUERY字段：基础语义模糊匹配通过
2026-02-27 17:19:53,108 - INFO - CaseID:65 - TAG字段：有交集（{'女生', '频率', '使用发夹'}），判定通过
2026-02-27 17:19:53,108 - INFO - CaseID:65 - 整体结果: PASS | 详情: 所有字段校验通过
2026-02-27 17:19:54,353 - INFO - CaseID:66 - QUERY字段：基础语义模糊匹配通过
2026-02-27 17:19:54,353 - INFO - CaseID:66 - 整体结果: PASS | 详情: 所有字段校验通过
2026-02-27 17:19:55,476 - INFO - CaseID:67 - QUERY字段：基础语义模糊匹配通过
2026-02-27 17:19:55,476 - INFO - CaseID:67 - 整体结果: PASS | 详情: 所有字段校验通过
2026-02-27 17:19:55,477 - INFO - CaseID:68 - CATEGORY字段：标准答案含「其他问答」，模型输出任意值通过
2026-02-27 17:19:57,531 - INFO - CaseID:68 - QUERY字段：基础语义模糊匹配通过
2026-02-27 17:19:57,531 - INFO - CaseID:68 - TAG字段：有交集（{'墨镜', '遮光效果'}），判定通过
2026-02-27 17:19:57,532 - INFO - CaseID:68 - 整体结果: PASS | 详情: 所有字段校验通过
2026-02-27 17:19:57,532 - INFO - CaseID:69 - APINAME字段：QASearch↔worthbuy，判定通过
2026-02-27 17:19:57,532 - INFO - CaseID:69 - CATEGORY字段：标准答案含「其他问答」，模型输出任意值通过
2026-02-27 17:19:58,647 - INFO - CaseID:69 - QUERY字段：基础语义模糊匹配通过
2026-02-27 17:19:58,648 - INFO - CaseID:69 - TAG字段：有交集（{'拉链袋', '分类'}），判定通过
2026-02-27 17:19:58,649 - INFO - CaseID:69 - 整体结果: PASS | 详情: 所有字段校验通过
2026-02-27 17:20:00,081 - INFO - CaseID:70 - QUERY字段：基础语义模糊匹配通过
2026-02-27 17:20:00,081 - INFO - CaseID:70 - 整体结果: PASS | 详情: 所有字段校验通过
2026-02-27 17:20:00,082 - INFO - CaseID:71 - APINAME字段：QASearch↔worthbuy，判定通过
2026-02-27 17:20:00,082 - INFO - CaseID:71 - CATEGORY字段：标准答案含「其他问答」，模型输出任意值通过
2026-02-27 17:20:01,615 - INFO - CaseID:71 - QUERY字段：基础语义模糊匹配通过
2026-02-27 17:20:01,616 - INFO - CaseID:71 - TAG字段：有交集（{'品牌', '混合坚果'}），判定通过
2026-02-27 17:20:01,616 - INFO - CaseID:71 - 整体结果: PASS | 详情: 所有字段校验通过
2026-02-27 17:20:01,616 - INFO - CaseID:72 - CATEGORY字段：交集匹配（{'生物'}），判定通过
2026-02-27 17:20:02,816 - INFO - CaseID:72 - QUERY字段：基础语义模糊匹配通过
2026-02-27 17:20:02,816 - INFO - CaseID:72 - TAG字段：有交集（{'生长环境', '腰果'}），判定通过
2026-02-27 17:20:02,817 - INFO - CaseID:72 - 整体结果: PASS | 详情: 所有字段校验通过
2026-02-27 17:20:02,817 - INFO - CaseID:73 - CATEGORY字段：交集匹配（{'健康'}），判定通过
2026-02-27 17:20:04,791 - INFO - CaseID:73 - QUERY字段：基础语义模糊匹配通过
2026-02-27 17:20:04,791 - INFO - CaseID:73 - TAG字段：有交集（{'腰果', '营养价值'}），判定通过
2026-02-27 17:20:04,791 - INFO - CaseID:73 - 整体结果: PASS | 详情: 所有字段校验通过
2026-02-27 17:20:04,791 - INFO - CaseID:74 - CATEGORY字段：标准答案含「其他问答」，模型输出任意值通过
2026-02-27 17:20:06,047 - INFO - CaseID:74 - QUERY字段：基础语义模糊匹配通过
2026-02-27 17:20:06,047 - INFO - CaseID:74 - TAG字段：有交集（{'口感', '琦王花生'}），判定通过
2026-02-27 17:20:06,047 - INFO - CaseID:74 - 整体结果: PASS | 详情: 所有字段校验通过
2026-02-27 17:20:07,287 - INFO - CaseID:75 - QUERY字段：基础语义模糊匹配通过
2026-02-27 17:20:07,288 - INFO - CaseID:75 - 整体结果: PASS | 详情: 所有字段校验通过
2026-02-27 17:20:07,288 - INFO - CaseID:76 - APINAME字段：QASearch↔worthbuy，判定通过
2026-02-27 17:20:07,288 - INFO - CaseID:76 - CATEGORY字段：标准答案含「其他问答」，模型输出任意值通过
2026-02-27 17:20:08,413 - INFO - CaseID:76 - QUERY字段：基础语义模糊匹配通过
2026-02-27 17:20:08,413 - INFO - CaseID:76 - TAG字段：有交集（{'星巴克'}），判定通过
2026-02-27 17:20:08,413 - INFO - CaseID:76 - 整体结果: PASS | 详情: 所有字段校验通过
2026-02-27 17:20:09,843 - INFO - CaseID:77 - QUERY字段：基础语义模糊匹配通过
2026-02-27 17:20:09,843 - INFO - CaseID:77 - 整体结果: PASS | 详情: 所有字段校验通过
2026-02-27 17:20:11,534 - INFO - CaseID:78 - QUERY字段：基础语义模糊匹配通过
2026-02-27 17:20:11,535 - INFO - CaseID:78 - 整体结果: PASS | 详情: 所有字段校验通过
2026-02-27 17:20:12,716 - INFO - CaseID:79 - QUERY字段：基础语义模糊匹配通过
2026-02-27 17:20:12,716 - INFO - CaseID:79 - 整体结果: PASS | 详情: 所有字段校验通过
2026-02-27 17:20:14,009 - INFO - CaseID:80 - QUERY字段：基础语义模糊匹配通过
2026-02-27 17:20:14,010 - INFO - CaseID:80 - 整体结果: FAILED | 详情: APINAME不匹配：预期[visual_search]，实际[worthbuy]; CATEGORY不匹配：一方为空 - 预期[]，实际[商品查询-确定商品]; TAG不匹配：一方为空 - 预期[]，实际[竹香乌龙茶&售价]
2026-02-27 17:20:14,010 - INFO - CaseID:81 - CATEGORY字段：交集匹配（{'健康'}），判定通过
2026-02-27 17:20:15,478 - INFO - CaseID:81 - QUERY字段：基础语义模糊匹配通过
2026-02-27 17:20:15,479 - INFO - CaseID:81 - TAG字段：有交集（{'竹叶青', '原料'}），判定通过
2026-02-27 17:20:15,479 - INFO - CaseID:81 - 整体结果: PASS | 详情: 所有字段校验通过
2026-02-27 17:20:15,480 - INFO - CaseID:82 - CATEGORY字段：模型输出含「其他问答」，该字段通过
2026-02-27 17:20:16,601 - INFO - CaseID:82 - QUERY字段：基础语义模糊匹配通过
2026-02-27 17:20:16,601 - INFO - CaseID:82 - 整体结果: FAILED | 详情: APINAME不匹配：预期[visual_search]，实际[QASearch]; TAG不匹配：一方为空 - 预期[]，实际[牛奶饮品&容量]
2026-02-27 17:20:17,902 - INFO - CaseID:83 - QUERY字段：基础语义模糊匹配通过
2026-02-27 17:20:17,902 - INFO - CaseID:83 - 整体结果: PASS | 详情: 所有字段校验通过
2026-02-27 17:20:17,903 - INFO - CaseID:84 - CATEGORY字段：标准答案含「其他问答」，模型输出任意值通过
2026-02-27 17:20:21,118 - INFO - CaseID:84 - QUERY字段：基础语义模糊匹配通过
2026-02-27 17:20:21,119 - INFO - CaseID:84 - TAG字段：有交集（{'绿茶饮品', '营养价值'}），判定通过
2026-02-27 17:20:21,119 - INFO - CaseID:84 - 整体结果: PASS | 详情: 所有字段校验通过
2026-02-27 17:20:22,179 - INFO - CaseID:85 - QUERY字段：基础语义模糊匹配通过
2026-02-27 17:20:22,179 - INFO - CaseID:85 - 整体结果: FAILED | 详情: APINAME不匹配：预期[visual_search]，实际[skill_search]
2026-02-27 17:20:22,180 - INFO - CaseID:86 - CATEGORY字段：交集匹配（{'生物'}），判定通过
2026-02-27 17:20:23,291 - INFO - CaseID:86 - QUERY字段：基础语义模糊匹配通过
2026-02-27 17:20:23,292 - INFO - CaseID:86 - TAG字段：有交集（{'布偶猫', '生活习性'}），判定通过
2026-02-27 17:20:23,292 - INFO - CaseID:86 - 整体结果: PASS | 详情: 所有字段校验通过
2026-02-27 17:20:23,292 - INFO - CaseID:87 - CATEGORY字段：交集匹配（{'生物'}），判定通过
2026-02-27 17:20:24,500 - INFO - CaseID:87 - QUERY字段：基础语义模糊匹配通过
2026-02-27 17:20:24,500 - INFO - CaseID:87 - TAG字段：有交集（{'生活习性', '喜马拉雅猫'}），判定通过
2026-02-27 17:20:24,500 - INFO - CaseID:87 - 整体结果: PASS | 详情: 所有字段校验通过
2026-02-27 17:20:24,500 - INFO - CaseID:88 - CATEGORY字段：标准答案含「其他问答」，模型输出任意值通过
2026-02-27 17:20:25,889 - INFO - CaseID:88 - QUERY字段：基础语义模糊匹配通过
2026-02-27 17:20:25,889 - INFO - CaseID:88 - TAG字段：有交集（{'布偶猫'}），判定通过
2026-02-27 17:20:25,890 - INFO - CaseID:88 - 整体结果: PASS | 详情: 所有字段校验通过
2026-02-27 17:20:25,890 - INFO - CaseID:89 - CATEGORY字段：标准答案含「其他问答」，模型输出任意值通过
2026-02-27 17:20:27,518 - INFO - CaseID:89 - QUERY字段：基础语义模糊匹配通过
2026-02-27 17:20:27,519 - INFO - CaseID:89 - TAG字段：有交集（{'布偶猫', '价格'}），判定通过
2026-02-27 17:20:27,519 - INFO - CaseID:89 - 整体结果: PASS | 详情: 所有字段校验通过
2026-02-27 17:20:27,519 - INFO - CaseID:90 - CATEGORY字段：交集匹配（{'生物'}），判定通过
2026-02-27 17:20:28,757 - INFO - CaseID:90 - QUERY字段：基础语义模糊匹配通过
2026-02-27 17:20:28,757 - INFO - CaseID:90 - TAG字段：有交集（{'土耳其安哥拉猫'}），判定通过
2026-02-27 17:20:28,757 - INFO - CaseID:90 - 整体结果: PASS | 详情: 所有字段校验通过
2026-02-27 17:20:28,758 - INFO - CaseID:91 - CATEGORY字段：交集匹配（{'生物'}），判定通过
2026-02-27 17:20:30,190 - INFO - CaseID:91 - QUERY字段：触发规划视角白名单，判定为语义相关
2026-02-27 17:20:30,191 - INFO - CaseID:91 - TAG字段：有交集（{'波斯猫'}），判定通过
2026-02-27 17:20:30,191 - INFO - CaseID:91 - 整体结果: PASS | 详情: 所有字段校验通过
2026-02-27 17:20:30,192 - INFO - CaseID:92 - CATEGORY字段：标准答案含「其他问答」，模型输出任意值通过
2026-02-27 17:20:31,621 - INFO - CaseID:92 - QUERY字段：基础语义模糊匹配通过
2026-02-27 17:20:31,621 - INFO - CaseID:92 - TAG字段：有交集（{'眼睛', '颜色', '波斯猫'}），判定通过
2026-02-27 17:20:31,621 - INFO - CaseID:92 - 整体结果: PASS | 详情: 所有字段校验通过
2026-02-27 17:20:32,851 - INFO - CaseID:93 - QUERY字段：基础语义模糊匹配通过
2026-02-27 17:20:32,851 - INFO - CaseID:93 - 整体结果: PASS | 详情: 所有字段校验通过
2026-02-27 17:20:32,851 - INFO - CaseID:94 - CATEGORY字段：标准答案含「其他问答」，模型输出任意值通过
2026-02-27 17:20:34,081 - INFO - CaseID:94 - QUERY字段：基础语义模糊匹配通过
2026-02-27 17:20:34,081 - INFO - CaseID:94 - TAG字段：有交集（{'波斯猫'}），判定通过
2026-02-27 17:20:34,081 - INFO - CaseID:94 - 整体结果: PASS | 详情: 所有字段校验通过
2026-02-27 17:20:34,082 - INFO - CaseID:95 - CATEGORY字段：标准答案含「其他问答」，模型输出任意值通过
2026-02-27 17:20:35,793 - INFO - CaseID:95 - QUERY字段：基础语义模糊匹配通过
2026-02-27 17:20:35,794 - INFO - CaseID:95 - TAG字段：有交集（{'培育'}），判定通过
2026-02-27 17:20:35,794 - INFO - CaseID:95 - 整体结果: PASS | 详情: 所有字段校验通过
2026-02-27 17:20:35,794 - INFO - CaseID:96 - CATEGORY字段：交集匹配（{'生物'}），判定通过
2026-02-27 17:20:37,525 - INFO - CaseID:96 - QUERY字段：基础语义模糊匹配通过
2026-02-27 17:20:37,525 - INFO - CaseID:96 - TAG字段：有交集（{'科属'}），判定通过
2026-02-27 17:20:37,526 - INFO - CaseID:96 - 整体结果: PASS | 详情: 所有字段校验通过
2026-02-27 17:20:37,526 - INFO - CaseID:97 - CATEGORY字段：交集匹配（{'生物'}），判定通过
2026-02-27 17:20:39,135 - INFO - CaseID:97 - QUERY字段：基础语义模糊匹配通过
2026-02-27 17:20:39,135 - INFO - CaseID:97 - TAG字段：有交集（{'花语', '玫瑰花'}），判定通过
2026-02-27 17:20:39,135 - INFO - CaseID:97 - 整体结果: PASS | 详情: 所有字段校验通过
2026-02-27 17:20:39,136 - INFO - CaseID:98 - CATEGORY字段：触发白名单（生物→健康），判定通过
2026-02-27 17:20:40,632 - INFO - CaseID:98 - QUERY字段：基础语义模糊匹配通过
2026-02-27 17:20:40,632 - INFO - CaseID:98 - TAG字段：有交集（{'有毒', '葡萄藤'}），判定通过
2026-02-27 17:20:40,633 - INFO - CaseID:98 - 整体结果: PASS | 详情: 所有字段校验通过
2026-02-27 17:20:40,633 - INFO - CaseID:99 - CATEGORY字段：交集匹配（{'生物'}），判定通过
2026-02-27 17:20:42,020 - INFO - CaseID:99 - QUERY字段：基础语义模糊匹配通过
2026-02-27 17:20:42,020 - INFO - CaseID:99 - TAG字段：有交集（{'木芙蓉', '气候条件', '适宜生长'}），判定通过
2026-02-27 17:20:42,020 - INFO - CaseID:99 - 整体结果: PASS | 详情: 所有字段校验通过
2026-02-27 17:20:42,021 - INFO - CaseID:100 - CATEGORY字段：交集匹配（{'生物'}），判定通过
2026-02-27 17:20:43,097 - INFO - CaseID:100 - QUERY字段：基础语义模糊匹配通过
2026-02-27 17:20:43,098 - INFO - CaseID:100 - TAG字段：有交集（{'木芙蓉'}），判定通过
2026-02-27 17:20:43,098 - INFO - CaseID:100 - 整体结果: PASS | 详情: 所有字段校验通过
2026-02-27 17:20:43,098 - INFO - CaseID:101 - CATEGORY字段：交集匹配（{'生物'}），判定通过
2026-02-27 17:20:44,312 - INFO - CaseID:101 - QUERY字段：基础语义模糊匹配通过
2026-02-27 17:20:44,312 - INFO - CaseID:101 - TAG字段：有交集（{'生长城市', '柚子树'}），判定通过
2026-02-27 17:20:44,313 - INFO - CaseID:101 - 整体结果: PASS | 详情: 所有字段校验通过
2026-02-27 17:20:44,313 - INFO - CaseID:102 - CATEGORY字段：交集匹配（{'健康'}），判定通过
2026-02-27 17:20:45,556 - INFO - CaseID:102 - QUERY字段：基础语义模糊匹配通过
2026-02-27 17:20:45,557 - INFO - CaseID:102 - TAG字段：有交集（{'医学作用', '柚子'}），判定通过
2026-02-27 17:20:45,557 - INFO - CaseID:102 - 整体结果: PASS | 详情: 所有字段校验通过
2026-02-27 17:20:45,558 - INFO - CaseID:103 - CATEGORY字段：标准答案含「其他问答」，模型输出任意值通过
2026-02-27 17:20:46,679 - INFO - CaseID:103 - QUERY字段：基础语义模糊匹配通过
2026-02-27 17:20:46,679 - INFO - CaseID:103 - TAG字段：有交集（{'百合科', '花卉'}），判定通过
2026-02-27 17:20:46,679 - INFO - CaseID:103 - 整体结果: PASS | 详情: 所有字段校验通过
2026-02-27 17:20:46,680 - INFO - CaseID:104 - CATEGORY字段：交集匹配（{'生物'}），判定通过
2026-02-27 17:20:48,010 - INFO - CaseID:104 - QUERY字段：基础语义模糊匹配通过
2026-02-27 17:20:48,010 - INFO - CaseID:104 - TAG字段：有交集（{'开花', '颜色', '郁金香'}），判定通过
2026-02-27 17:20:48,010 - INFO - CaseID:104 - 整体结果: PASS | 详情: 所有字段校验通过
2026-02-27 17:20:48,010 - INFO - CaseID:105 - CATEGORY字段：交集匹配（{'生物'}），判定通过
2026-02-27 17:20:49,465 - INFO - CaseID:105 - QUERY字段：基础语义模糊匹配通过
2026-02-27 17:20:49,466 - INFO - CaseID:105 - TAG字段：有交集（{'别名', '水仙百合'}），判定通过
2026-02-27 17:20:49,466 - INFO - CaseID:105 - 整体结果: PASS | 详情: 所有字段校验通过
2026-02-27 17:20:49,467 - INFO - CaseID:106 - CATEGORY字段：交集匹配（{'生物'}），判定通过
2026-02-27 17:20:50,554 - INFO - CaseID:106 - QUERY字段：基础语义模糊匹配通过
2026-02-27 17:20:50,554 - INFO - CaseID:106 - TAG字段：有交集（{'高度', '通常', '落羽杉'}），判定通过
2026-02-27 17:20:50,555 - INFO - CaseID:106 - 整体结果: PASS | 详情: 所有字段校验通过
2026-02-27 17:20:50,555 - INFO - CaseID:107 - CATEGORY字段：交集匹配（{'生物'}），判定通过
2026-02-27 17:20:51,680 - INFO - CaseID:107 - QUERY字段：基础语义模糊匹配通过
2026-02-27 17:20:51,680 - INFO - CaseID:107 - TAG字段：有交集（{'水杉'}），判定通过
2026-02-27 17:20:51,680 - INFO - CaseID:107 - 整体结果: PASS | 详情: 所有字段校验通过
2026-02-27 17:20:51,680 - INFO - CaseID:108 - CATEGORY字段：交集匹配（{'生物'}），判定通过
2026-02-27 17:20:52,923 - INFO - CaseID:108 - QUERY字段：基础语义模糊匹配通过
2026-02-27 17:20:52,923 - INFO - CaseID:108 - TAG字段：有交集（{'特点', '分布地区', '水杉'}），判定通过
2026-02-27 17:20:52,923 - INFO - CaseID:108 - 整体结果: PASS | 详情: 所有字段校验通过
2026-02-27 17:20:52,924 - INFO - CaseID:109 - CATEGORY字段：交集匹配（{'生物'}），判定通过
2026-02-27 17:20:54,402 - INFO - CaseID:109 - QUERY字段：基础语义模糊匹配通过
2026-02-27 17:20:54,402 - INFO - CaseID:109 - TAG字段：有交集（{'颜色', '雏菊'}），判定通过
2026-02-27 17:20:54,403 - INFO - CaseID:109 - 整体结果: PASS | 详情: 所有字段校验通过
2026-02-27 17:20:54,403 - INFO - CaseID:110 - CATEGORY字段：触发白名单（生物→健康），判定通过
2026-02-27 17:20:55,523 - INFO - CaseID:110 - QUERY字段：基础语义模糊匹配通过
2026-02-27 17:20:55,524 - INFO - CaseID:110 - TAG字段：有交集（{'功效', '洋甘菊'}），判定通过
2026-02-27 17:20:55,524 - INFO - CaseID:110 - 整体结果: PASS | 详情: 所有字段校验通过
2026-02-27 17:20:55,524 - INFO - CaseID:111 - CATEGORY字段：交集匹配（{'生物'}），判定通过
2026-02-27 17:20:56,812 - INFO - CaseID:111 - QUERY字段：基础语义模糊匹配通过
2026-02-27 17:20:56,812 - INFO - CaseID:111 - TAG字段：有交集（{'中药药材', '海棠树', '果实'}），判定通过
2026-02-27 17:20:56,813 - INFO - CaseID:111 - 整体结果: PASS | 详情: 所有字段校验通过
2026-02-27 17:20:56,813 - INFO - CaseID:112 - CATEGORY字段：交集匹配（{'生物'}），判定通过
2026-02-27 17:20:58,451 - INFO - CaseID:112 - QUERY字段：基础语义模糊匹配通过
2026-02-27 17:20:58,451 - INFO - CaseID:112 - TAG字段：有交集（{'土壤类型', '海棠树', '适宜生长'}），判定通过
2026-02-27 17:20:58,451 - INFO - CaseID:112 - 整体结果: PASS | 详情: 所有字段校验通过
2026-02-27 17:20:58,452 - INFO - CaseID:113 - CATEGORY字段：交集匹配（{'生物'}），判定通过
2026-02-27 17:20:59,566 - INFO - CaseID:113 - QUERY字段：基础语义模糊匹配通过
2026-02-27 17:20:59,567 - INFO - CaseID:113 - TAG字段：有交集（{'拉丁学名', '海棠树'}），判定通过
2026-02-27 17:20:59,567 - INFO - CaseID:113 - 整体结果: PASS | 详情: 所有字段校验通过
2026-02-27 17:20:59,567 - INFO - CaseID:114 - 整体结果: FAILED | 详情: 模型输出核心字段全为空，判定不通过
2026-02-27 17:20:59,568 - INFO - CaseID:115 - CATEGORY字段：交集匹配（{'生物'}），判定通过
2026-02-27 17:21:00,634 - INFO - CaseID:115 - QUERY字段：基础语义模糊匹配通过
2026-02-27 17:21:00,635 - INFO - CaseID:115 - TAG字段：有交集（{'植物保护等级', '玉兰树'}），判定通过
2026-02-27 17:21:00,635 - INFO - CaseID:115 - 整体结果: PASS | 详情: 所有字段校验通过
2026-02-27 17:21:00,635 - INFO - CaseID:116 - CATEGORY字段：交集匹配（{'生物'}），判定通过
2026-02-27 17:21:02,449 - INFO - CaseID:116 - QUERY字段：基础语义模糊匹配通过
2026-02-27 17:21:02,449 - INFO - CaseID:116 - TAG字段：有交集（{'玉兰树'}），判定通过
2026-02-27 17:21:02,449 - INFO - CaseID:116 - 整体结果: PASS | 详情: 所有字段校验通过
2026-02-27 17:21:02,450 - INFO - CaseID:117 - CATEGORY字段：交集匹配（{'生物'}），判定通过
2026-02-27 17:21:03,642 - INFO - CaseID:117 - QUERY字段：基础语义模糊匹配通过
2026-02-27 17:21:03,644 - INFO - CaseID:117 - TAG字段：有交集（{'喜光植物', '龟背竹'}），判定通过
2026-02-27 17:21:03,644 - INFO - CaseID:117 - 整体结果: PASS | 详情: 所有字段校验通过
2026-02-27 17:21:03,644 - INFO - CaseID:118 - CATEGORY字段：交集匹配（{'生物'}），判定通过
2026-02-27 17:21:04,920 - INFO - CaseID:118 - QUERY字段：基础语义模糊匹配通过
2026-02-27 17:21:04,920 - INFO - CaseID:118 - TAG字段：有交集（{'龟背竹', '科属'}），判定通过
2026-02-27 17:21:04,921 - INFO - CaseID:118 - 整体结果: PASS | 详情: 所有字段校验通过
2026-02-27 17:21:04,921 - INFO - CaseID:119 - CATEGORY字段：模型输出含「其他问答」，该字段通过
2026-02-27 17:21:06,442 - INFO - CaseID:119 - QUERY字段：基础语义模糊匹配通过
2026-02-27 17:21:06,442 - INFO - CaseID:119 - 整体结果: FAILED | 详情: APINAME不匹配：预期[visual_search]，实际[QASearch]; TAG不匹配：一方为空 - 预期[]，实际[黑色T恤&材质]
2026-02-27 17:21:08,608 - INFO - CaseID:120 - QUERY字段：基础语义模糊匹配通过
2026-02-27 17:21:08,608 - INFO - CaseID:120 - 整体结果: PASS | 详情: 所有字段校验通过
2026-02-27 17:21:09,727 - INFO - CaseID:121 - QUERY字段：基础语义模糊匹配通过
2026-02-27 17:21:09,727 - INFO - CaseID:121 - 整体结果: PASS | 详情: 所有字段校验通过
2026-02-27 17:21:09,728 - INFO - CaseID:122 - 整体结果: FAILED | 详情: 模型输出核心字段全为空，判定不通过
2026-02-27 17:21:09,728 - INFO - CaseID:123 - CATEGORY字段：触发白名单（地理→地理通用），判定通过
2026-02-27 17:21:10,753 - INFO - CaseID:123 - QUERY字段：基础语义模糊匹配通过
2026-02-27 17:21:10,753 - INFO - CaseID:123 - TAG字段：有交集（{'北方', '冬天', '平均温度'}），判定通过
2026-02-27 17:21:10,753 - INFO - CaseID:123 - 整体结果: PASS | 详情: 所有字段校验通过
2026-02-27 17:21:11,974 - INFO - CaseID:124 - QUERY字段：基础语义模糊匹配通过
2026-02-27 17:21:11,974 - INFO - CaseID:124 - 整体结果: PASS | 详情: 所有字段校验通过
2026-02-27 17:21:11,974 - INFO - CaseID:125 - CATEGORY字段：模型输出含「其他问答」，该字段通过
2026-02-27 17:21:13,300 - INFO - CaseID:125 - 整体结果: FAILED | 详情: APINAME不匹配：预期[visual_search]，实际[QASearch]; QUERY不匹配：基础语义模糊匹配失败 - 预期[这件夹克的款式怎么样]，实际[黑色防风防水夹克的款式]; TAG不匹配：一方为空 - 预期[]，实际[黑色&防风防水夹克&款式]
2026-02-27 17:21:14,899 - INFO - CaseID:126 - QUERY字段：基础语义模糊匹配通过
2026-02-27 17:21:14,899 - INFO - CaseID:126 - 整体结果: PASS | 详情: 所有字段校验通过
2026-02-27 17:21:14,900 - INFO - CaseID:127 - APINAME字段：QASearch↔worthbuy，判定通过
2026-02-27 17:21:14,900 - INFO - CaseID:127 - CATEGORY字段：标准答案含「其他问答」，模型输出任意值通过
2026-02-27 17:21:16,041 - INFO - CaseID:127 - QUERY字段：基础语义模糊匹配通过
2026-02-27 17:21:16,042 - INFO - CaseID:127 - TAG字段：有交集（{'适合搭配', '牛仔裤', '类型推荐'}），判定通过
2026-02-27 17:21:16,042 - INFO - CaseID:127 - 整体结果: PASS | 详情: 所有字段校验通过
2026-02-27 17:21:16,042 - INFO - CaseID:128 - CATEGORY字段：标准答案含「其他问答」，模型输出任意值通过
2026-02-27 17:21:18,351 - INFO - CaseID:128 - QUERY字段：基础语义模糊匹配通过
2026-02-27 17:21:18,351 - INFO - CaseID:128 - TAG字段：触发白名单（语义等价子串），判定通过
2026-02-27 17:21:18,351 - INFO - CaseID:128 - 整体结果: PASS | 详情: 所有字段校验通过
2026-02-27 17:21:19,454 - INFO - CaseID:129 - QUERY字段：基础语义模糊匹配通过
2026-02-27 17:21:19,455 - INFO - CaseID:129 - 整体结果: PASS | 详情: 所有字段校验通过
2026-02-27 17:21:19,455 - INFO - CaseID:130 - 整体结果: FAILED | 详情: 模型输出核心字段全为空，判定不通过
2026-02-27 17:21:19,456 - INFO - CaseID:131 - 整体结果: FAILED | 详情: 模型输出核心字段全为空，判定不通过
2026-02-27 17:21:19,456 - INFO - CaseID:132 - CATEGORY字段：模型输出含「其他问答」，该字段通过
2026-02-27 17:21:20,978 - INFO - CaseID:132 - QUERY字段：基础语义模糊匹配通过
2026-02-27 17:21:20,979 - INFO - CaseID:132 - 整体结果: FAILED | 详情: APINAME不匹配：预期[visual_search]，实际[QASearch]; TAG不匹配：一方为空 - 预期[]，实际[拼色毛衣&编织方法]
2026-02-27 17:21:22,290 - INFO - CaseID:133 - QUERY字段：基础语义模糊匹配通过
2026-02-27 17:21:22,291 - INFO - CaseID:133 - 整体结果: PASS | 详情: 所有字段校验通过
2026-02-27 17:21:22,291 - INFO - CaseID:134 - CATEGORY字段：模型输出含「其他问答」，该字段通过
2026-02-27 17:21:23,531 - INFO - CaseID:134 - 整体结果: FAILED | 详情: APINAME不匹配：预期[visual_search]，实际[QASearch]; QUERY不匹配：基础语义模糊匹配失败 - 预期[这件灰色和深蓝色的搭配的衣服是国内的品牌吗]，实际[这件灰色和深蓝色条纹搭配的国内品牌衣服是什么]; TAG不匹配：一方为空 - 预期[]，实际[灰色&深蓝色条纹&国内品牌&衣服]
2026-02-27 17:21:23,531 - INFO - CaseID:135 - 整体结果: FAILED | 详情: 模型输出核心字段全为空，判定不通过
2026-02-27 17:21:24,681 - INFO - CaseID:136 - 整体结果: FAILED | 详情: APINAME不匹配：预期[visual_search]，实际[worthbuy]; CATEGORY不匹配：一方为空 - 预期[]，实际[商品查询-不确定商品]; QUERY不匹配：基础语义模糊匹配失败 - 预期[这件衣服的材质是什么]，实际[深色和浅色拼接设计的衣服的材质]; TAG不匹配：一方为空 - 预期[]，实际[深色&浅色&拼接设计&衣服&材质]
2026-02-27 17:21:25,824 - INFO - CaseID:137 - QUERY字段：基础语义模糊匹配通过
2026-02-27 17:21:25,824 - INFO - CaseID:137 - 整体结果: PASS | 详情: 所有字段校验通过
2026-02-27 17:21:27,802 - INFO - CaseID:138 - QUERY字段：基础语义模糊匹配通过
2026-02-27 17:21:27,802 - INFO - CaseID:138 - 整体结果: PASS | 详情: 所有字段校验通过
2026-02-27 17:21:27,802 - INFO - CaseID:139 - 整体结果: FAILED | 详情: 模型输出核心字段全为空，判定不通过
2026-02-27 17:21:27,802 - INFO - CaseID:140 - CATEGORY字段：标准答案含「其他问答」，模型输出任意值通过
2026-02-27 17:21:28,841 - INFO - CaseID:140 - TAG字段：触发白名单（语义等价子串），判定通过
2026-02-27 17:21:28,842 - INFO - CaseID:140 - 整体结果: FAILED | 详情: QUERY不匹配：基础语义模糊匹配失败 - 预期[羽绒服的价格]，实际[用户提到的厚实羽绒服的具体品牌或型号]
2026-02-27 17:21:28,842 - INFO - CaseID:141 - 整体结果: FAILED | 详情: 模型输出核心字段全为空，判定不通过
2026-02-27 17:21:29,896 - INFO - CaseID:142 - QUERY字段：基础语义模糊匹配通过
2026-02-27 17:21:29,896 - INFO - CaseID:142 - 整体结果: FAILED | 详情: APINAME不匹配：预期[visual_search]，实际[worthbuy]; CATEGORY不匹配：一方为空 - 预期[]，实际[商品查询-不确定商品]; TAG不匹配：一方为空 - 预期[]，实际[浅色羽绒服&款式&短款&长款]
2026-02-27 17:21:31,134 - INFO - CaseID:143 - QUERY字段：基础语义模糊匹配通过
2026-02-27 17:21:31,134 - INFO - CaseID:143 - 整体结果: PASS | 详情: 所有字段校验通过
2026-02-27 17:21:31,134 - INFO - CaseID:144 - CATEGORY字段：模型输出含「其他问答」，该字段通过
2026-02-27 17:21:33,266 - INFO - CaseID:144 - QUERY字段：基础语义模糊匹配通过
2026-02-27 17:21:33,267 - INFO - CaseID:144 - 整体结果: FAILED | 详情: APINAME不匹配：预期[visual_search]，实际[QASearch]; TAG不匹配：一方为空 - 预期[]，实际[条纹衬衫&材质]
2026-02-27 17:21:33,267 - INFO - CaseID:145 - 整体结果: FAILED | 详情: 模型输出核心字段全为空，判定不通过
2026-02-27 17:21:34,412 - INFO - CaseID:146 - QUERY字段：基础语义模糊匹配通过
2026-02-27 17:21:34,413 - INFO - CaseID:146 - 整体结果: PASS | 详情: 所有字段校验通过
2026-02-27 17:21:34,413 - INFO - CaseID:147 - CATEGORY字段：模型输出含「其他问答」，该字段通过
2026-02-27 17:21:35,973 - INFO - CaseID:147 - QUERY字段：基础语义模糊匹配通过
2026-02-27 17:21:35,974 - INFO - CaseID:147 - 整体结果: FAILED | 详情: APINAME不匹配：预期[visual_search]，实际[QASearch]; TAG不匹配：一方为空 - 预期[]，实际[蓝色条纹衬衫&适合&年龄范围]
2026-02-27 17:21:35,974 - INFO - CaseID:148 - CATEGORY字段：交集匹配（{'人物'}），判定通过
2026-02-27 17:21:37,569 - INFO - CaseID:148 - QUERY字段：基础语义模糊匹配通过
2026-02-27 17:21:37,570 - INFO - CaseID:148 - TAG字段：有交集（{'rocky'}），判定通过
2026-02-27 17:21:37,570 - INFO - CaseID:148 - 整体结果: PASS | 详情: 所有字段校验通过
2026-02-27 17:21:37,570 - INFO - CaseID:149 - CATEGORY字段：触发白名单（人物→影视），判定通过
2026-02-27 17:21:39,100 - INFO - CaseID:149 - QUERY字段：基础语义模糊匹配通过
2026-02-27 17:21:39,100 - INFO - CaseID:149 - TAG字段：有交集（{'动画', '小克'}），判定通过
2026-02-27 17:21:39,100 - INFO - CaseID:149 - 整体结果: PASS | 详情: 所有字段校验通过
2026-02-27 17:21:40,983 - INFO - 
=== 执行完成 ===
2026-02-27 17:21:40,983 - INFO - 总耗时：192.72s ≈ 3.2min
2026-02-27 17:21:40,984 - INFO - 总用例：149  PASS：112  通过率：75.17%
