2026-02-26 14:09:03,977 - INFO - === 看世界规划对比工具（字段独立校验版）启动 ===
2026-02-26 14:09:04,120 - INFO - 成功加载飞书表格
2026-02-26 14:09:05,470 - INFO - CaseID:1 - 整体结果: FAILED | 详情: APINAME不匹配：预期[visionqa]，实际[worthbuy]; CATEGORY不匹配：模型[商品推荐] 未完全包含于 标准答案[]; QUERY语义不匹配：预期[]，实际[印有黑猫图案的帆布包品牌]; TAG语义不匹配：预期[]，实际[印有黑猫图案&帆布包&品牌]
2026-02-26 14:09:05,470 - INFO - CaseID:2 - CATEGORY字段：标准答案包含「其他问答」，该字段判定通过
2026-02-26 14:09:07,278 - INFO - CaseID:2 - 整体结果: PASS | 详情: 所有字段校验通过
2026-02-26 14:09:08,206 - INFO - CaseID:3 - 整体结果: PASS | 详情: 所有字段校验通过
2026-02-26 14:09:08,207 - INFO - CaseID:4 - 整体结果: FAILED | 详情: APINAME不匹配：预期[visionqa]，实际[QASearch]; CATEGORY不匹配：模型[生物] 未完全包含于 标准答案[]; QUERY语义不匹配：预期[]，实际[白色鸽子的常见品种]; TAG语义不匹配：预期[]，实际[白色鸽子&常见品种]
2026-02-26 14:09:08,207 - INFO - CaseID:5 - CATEGORY字段：标准答案包含「其他问答」，该字段判定通过
2026-02-26 14:09:11,051 - INFO - CaseID:5 - 整体结果: PASS | 详情: 所有字段校验通过
2026-02-26 14:09:11,051 - INFO - CaseID:6 - CATEGORY字段：标准答案包含「其他问答」，该字段判定通过
2026-02-26 14:09:13,139 - INFO - CaseID:6 - 整体结果: PASS | 详情: 所有字段校验通过
2026-02-26 14:09:13,140 - INFO - CaseID:7 - 整体结果: FAILED | 详情: APINAME不匹配：预期[visionqa]，实际[QASearch]; CATEGORY不匹配：模型[生物] 未完全包含于 标准答案[]; QUERY语义不匹配：预期[]，实际[猕猴的一般毛色]; TAG语义不匹配：预期[]，实际[猕猴&毛色]
2026-02-26 14:09:15,308 - INFO - CaseID:8 - 整体结果: PASS | 详情: 所有字段校验通过
2026-02-26 14:09:15,308 - INFO - CaseID:9 - CATEGORY字段：标准答案包含「其他问答」，该字段判定通过
2026-02-26 14:09:17,902 - INFO - CaseID:9 - 整体结果: PASS | 详情: 所有字段校验通过
2026-02-26 14:09:17,903 - INFO - CaseID:10 - CATEGORY字段：标准答案包含「其他问答」，该字段判定通过
2026-02-26 14:09:20,105 - INFO - CaseID:10 - 整体结果: FAILED | 详情: QUERY语义不匹配：预期[奶牛的来源地]，实际[西门塔尔牛通常生活的地区]; TAG语义不匹配：预期[奶牛&来源地]，实际[西门塔尔牛&通常生活&地区]
2026-02-26 14:09:20,106 - INFO - CaseID:11 - CATEGORY字段：标准答案包含「其他问答」，该字段判定通过
2026-02-26 14:09:22,033 - INFO - CaseID:11 - 整体结果: FAILED | 详情: TAG语义不匹配：预期[螳螂虾&生活水域]，实际[螳螂虾&生活环境&淡水&海水]
2026-02-26 14:09:22,034 - INFO - CaseID:12 - CATEGORY字段：标准答案包含「其他问答」，该字段判定通过
2026-02-26 14:09:24,234 - INFO - CaseID:12 - 整体结果: PASS | 详情: 所有字段校验通过
2026-02-26 14:09:24,234 - INFO - CaseID:13 - CATEGORY字段：标准答案包含「其他问答」，该字段判定通过
2026-02-26 14:09:26,206 - INFO - CaseID:13 - 整体结果: PASS | 详情: 所有字段校验通过
2026-02-26 14:09:27,981 - INFO - CaseID:14 - 整体结果: PASS | 详情: 所有字段校验通过
2026-02-26 14:09:27,981 - INFO - CaseID:15 - CATEGORY字段：标准答案包含「其他问答」，该字段判定通过
2026-02-26 14:09:30,944 - INFO - CaseID:15 - 整体结果: FAILED | 详情: TAG语义不匹配：预期[锦鲤&重量]，实际[锦鲤&一般&重量]
2026-02-26 14:09:32,825 - INFO - CaseID:16 - 整体结果: PASS | 详情: 所有字段校验通过
2026-02-26 14:09:34,695 - INFO - CaseID:17 - 整体结果: PASS | 详情: 所有字段校验通过
2026-02-26 14:09:36,610 - INFO - CaseID:18 - 整体结果: PASS | 详情: 所有字段校验通过
2026-02-26 14:09:39,522 - INFO - CaseID:19 - 整体结果: PASS | 详情: 所有字段校验通过
2026-02-26 14:09:41,436 - INFO - CaseID:20 - 整体结果: PASS | 详情: 所有字段校验通过
2026-02-26 14:09:43,922 - INFO - CaseID:21 - 整体结果: FAILED | 详情: TAG语义不匹配：预期[海鲈鱼&肉食性动物]，实际[海鲈鱼&食性]
2026-02-26 14:09:43,923 - INFO - CaseID:22 - CATEGORY字段：标准答案包含「其他问答」，该字段判定通过
2026-02-26 14:09:46,276 - INFO - CaseID:22 - 整体结果: PASS | 详情: 所有字段校验通过
2026-02-26 14:09:48,245 - INFO - CaseID:23 - 整体结果: PASS | 详情: 所有字段校验通过
2026-02-26 14:09:50,251 - INFO - CaseID:24 - 整体结果: PASS | 详情: 所有字段校验通过
2026-02-26 14:09:51,858 - INFO - CaseID:25 - 整体结果: PASS | 详情: 所有字段校验通过
2026-02-26 14:09:54,057 - INFO - CaseID:26 - 整体结果: FAILED | 详情: CATEGORY不匹配：模型[影视] 未完全包含于 标准答案[人物]
2026-02-26 14:09:54,057 - INFO - CaseID:27 - CATEGORY字段：标准答案包含「其他问答」，该字段判定通过
2026-02-26 14:09:56,507 - INFO - CaseID:27 - 整体结果: FAILED | 详情: APINAME不匹配：预期[QASearch]，实际[worthbuy]
2026-02-26 14:09:56,508 - INFO - CaseID:28 - CATEGORY字段：标准答案包含「其他问答」，该字段判定通过
2026-02-26 14:09:58,305 - INFO - CaseID:28 - 整体结果: FAILED | 详情: APINAME不匹配：预期[QASearch]，实际[worthbuy]
2026-02-26 14:10:00,720 - INFO - CaseID:29 - 整体结果: FAILED | 详情: TAG语义不匹配：预期[小猪佩奇&上映时间]，实际[小猪佩奇&动画片&首播年份]
2026-02-26 14:10:02,670 - INFO - CaseID:30 - 整体结果: PASS | 详情: 所有字段校验通过
2026-02-26 14:10:02,671 - INFO - CaseID:31 - CATEGORY字段：标准答案包含「其他问答」，该字段判定通过
2026-02-26 14:10:04,618 - INFO - CaseID:31 - 整体结果: FAILED | 详情: APINAME不匹配：预期[QASearch]，实际[worthbuy]
2026-02-26 14:10:04,619 - INFO - CaseID:32 - 整体结果: FAILED | 详情: APINAME不匹配：预期[visionqa]，实际[worthbuy]; CATEGORY不匹配：模型[商品查询-确定商品] 未完全包含于 标准答案[]; QUERY语义不匹配：预期[]，实际[小猪佩奇玩偶的常见材质]; TAG语义不匹配：预期[]，实际[小猪佩奇玩偶&常见材质]
2026-02-26 14:10:04,620 - INFO - CaseID:33 - 整体结果: FAILED | 详情: APINAME不匹配：预期[visionqa]，实际[QASearch]; CATEGORY不匹配：模型[其他问答] 未完全包含于 标准答案[]; QUERY语义不匹配：预期[]，实际[猪爸的玩偶的颜色]; TAG语义不匹配：预期[]，实际[猪爸&玩偶&颜色]
2026-02-26 14:10:04,620 - INFO - CaseID:34 - 整体结果: FAILED | 详情: APINAME不匹配：预期[visionqa]，实际[worthbuy]; CATEGORY不匹配：模型[商品查询-不确定商品] 未完全包含于 标准答案[]; QUERY语义不匹配：预期[]，实际[粉红色卡通猪玩偶常见尺寸]; TAG语义不匹配：预期[]，实际[粉红色&卡通猪玩偶&常见尺寸]
2026-02-26 14:10:04,621 - INFO - CaseID:35 - 整体结果: FAILED | 详情: APINAME不匹配：预期[visionqa]，实际[worthbuy]; CATEGORY不匹配：模型[商品查询-不确定商品] 未完全包含于 标准答案[]; QUERY语义不匹配：预期[]，实际[小猪玩偶的常见材质]; TAG语义不匹配：预期[]，实际[小猪玩偶&常见材质]
2026-02-26 14:10:04,621 - INFO - CaseID:36 - 整体结果: FAILED | 详情: APINAME不匹配：预期[visionqa]，实际[QASearch]; CATEGORY不匹配：模型[影视] 未完全包含于 标准答案[]; QUERY语义不匹配：预期[]，实际[粉红色卡通猪玩偶是哪部动画片的角色]; TAG语义不匹配：预期[]，实际[粉红色卡通猪玩偶&动画片&角色]
2026-02-26 14:10:06,347 - INFO - CaseID:37 - 整体结果: FAILED | 详情: CATEGORY不匹配：模型[影视] 未完全包含于 标准答案[人物]; TAG语义不匹配：预期[Skye&配音演员]，实际[汪汪队立大功&配音演员]
2026-02-26 14:10:06,348 - INFO - CaseID:38 - CATEGORY字段：标准答案包含「其他问答」，该字段判定通过
2026-02-26 14:10:08,190 - INFO - CaseID:38 - 整体结果: FAILED | 详情: QUERY语义不匹配：预期[毛绒玩具的别名]，实际[穿着粉色衣服的小狗毛绒玩具的别名]; TAG语义不匹配：预期[毛绒玩具&别名]，实际[穿着粉色衣服&小狗毛绒玩具&别名]
2026-02-26 14:10:10,186 - INFO - CaseID:39 - 整体结果: PASS | 详情: 所有字段校验通过
2026-02-26 14:10:10,186 - INFO - CaseID:40 - 整体结果: FAILED | 详情: APINAME不匹配：预期[visionqa]，实际[worthbuy]; CATEGORY不匹配：模型[商品查询-确定商品] 未完全包含于 标准答案[]; QUERY语义不匹配：预期[]，实际[汪汪队立大功公仔衣服颜色]; TAG语义不匹配：预期[]，实际[汪汪队立大功&公仔&衣服&颜色]
2026-02-26 14:10:10,187 - INFO - CaseID:41 - 整体结果: FAILED | 详情: APINAME不匹配：预期[visionqa]，实际[QASearch]; CATEGORY不匹配：模型[其他问答] 未完全包含于 标准答案[]; QUERY语义不匹配：预期[]，实际[小砾公仔的颜色]; TAG语义不匹配：预期[]，实际[小砾公仔&颜色]
2026-02-26 14:10:10,187 - INFO - CaseID:42 - 整体结果: FAILED | 详情: APINAME不匹配：预期[visionqa]，实际[QASearch]; CATEGORY不匹配：模型[影视] 未完全包含于 标准答案[]; QUERY语义不匹配：预期[]，实际[汪汪队立大功玩具小狗的材质]; TAG语义不匹配：预期[]，实际[汪汪队立大功&玩具小狗&材质]
2026-02-26 14:10:10,187 - INFO - CaseID:43 - 整体结果: FAILED | 详情: APINAME不匹配：预期[visionqa]，实际[QASearch]; CATEGORY不匹配：模型[影视] 未完全包含于 标准答案[]; QUERY语义不匹配：预期[]，实际[《汪汪队立大功》中穿着消防员制服的小狗角色名字]; TAG语义不匹配：预期[]，实际[汪汪队立大功&消防员制服&小狗角色]
2026-02-26 14:10:11,978 - INFO - CaseID:44 - 整体结果: FAILED | 详情: QUERY语义不匹配：预期[汪汪队立大功目前出到第几季了]，实际[汪汪队立大功截至2026年的最新季数]; TAG语义不匹配：预期[汪汪队立大功&季数&时效性]，实际[汪汪队立大功&2026年&最新季数&时效性]
2026-02-26 14:10:11,978 - INFO - CaseID:45 - CATEGORY字段：标准答案包含「其他问答」，该字段判定通过
2026-02-26 14:10:14,046 - INFO - CaseID:45 - 整体结果: FAILED | 详情: APINAME不匹配：预期[QASearch]，实际[worthbuy]; QUERY语义不匹配：预期[汪汪队立大功的购买渠道有哪些]，实际[汪汪队立大功毛绒玩具官方购买渠道]; TAG语义不匹配：预期[汪汪队立大功&购买渠道]，实际[汪汪队立大功&毛绒玩具&官方购买渠道]
2026-02-26 14:10:14,047 - INFO - CaseID:46 - 整体结果: FAILED | 详情: APINAME不匹配：预期[visionqa]，实际[worthbuy]; CATEGORY不匹配：模型[商品查询-不确定商品] 未完全包含于 标准答案[]; QUERY语义不匹配：预期[]，实际[汪汪队立大功公仔的制服]; TAG语义不匹配：预期[]，实际[汪汪队立大功&公仔&制服]
2026-02-26 14:10:16,051 - INFO - CaseID:47 - 整体结果: FAILED | 详情: CATEGORY不匹配：模型[影视] 未完全包含于 标准答案[人物]; TAG语义不匹配：预期[Rocky&车辆编号]，实际[汪汪队立大功&Rocky&车辆编号]
2026-02-26 14:10:16,051 - INFO - CaseID:48 - CATEGORY字段：标准答案包含「其他问答」，该字段判定通过
2026-02-26 14:10:18,232 - INFO - CaseID:48 - 整体结果: PASS | 详情: 所有字段校验通过
2026-02-26 14:10:18,233 - INFO - CaseID:49 - CATEGORY字段：标准答案包含「其他问答」，该字段判定通过
2026-02-26 14:10:20,066 - INFO - CaseID:49 - 整体结果: FAILED | 详情: APINAME不匹配：预期[QASearch]，实际[worthbuy]
2026-02-26 14:10:20,067 - INFO - CaseID:50 - 整体结果: FAILED | 详情: APINAME不匹配：预期[visionqa]，实际[AUTOSearch]; CATEGORY不匹配：模型[汽车] 未完全包含于 标准答案[]; QUERY语义不匹配：预期[]，实际[白色无线耳机充电盒的品牌是什么]; TAG语义不匹配：预期[]，实际[白色无线耳机充电盒&品牌]
2026-02-26 14:10:20,067 - INFO - CaseID:51 - CATEGORY字段：标准答案包含「其他问答」，该字段判定通过
2026-02-26 14:10:22,118 - INFO - CaseID:51 - 整体结果: PASS | 详情: 所有字段校验通过
2026-02-26 14:10:22,119 - INFO - CaseID:52 - CATEGORY字段：标准答案包含「其他问答」，该字段判定通过
2026-02-26 14:10:24,067 - INFO - CaseID:52 - 整体结果: PASS | 详情: 所有字段校验通过
2026-02-26 14:10:24,968 - INFO - CaseID:53 - 整体结果: PASS | 详情: 所有字段校验通过
2026-02-26 14:10:24,969 - INFO - CaseID:54 - CATEGORY字段：标准答案包含「其他问答」，该字段判定通过
2026-02-26 14:10:26,594 - INFO - CaseID:54 - 整体结果: FAILED | 详情: APINAME不匹配：预期[QASearch]，实际[worthbuy]; QUERY语义不匹配：预期[无线耳机的好处]，实际[华为无线耳机的好处]; TAG语义不匹配：预期[无线耳机&好处]，实际[华为无线耳机&好处]
2026-02-26 14:10:27,241 - INFO - CaseID:55 - 整体结果: PASS | 详情: 所有字段校验通过
2026-02-26 14:10:27,241 - INFO - CaseID:56 - 整体结果: FAILED | 详情: APINAME不匹配：预期[visionqa]，实际[AUTOSearch]; CATEGORY不匹配：模型[汽车] 未完全包含于 标准答案[]; QUERY语义不匹配：预期[]，实际[这款空调遥控器的空调品牌是什么]; TAG语义不匹配：预期[]，实际[空调遥控器&空调品牌]
2026-02-26 14:10:27,242 - INFO - CaseID:57 - CATEGORY字段：标准答案包含「其他问答」，该字段判定通过
2026-02-26 14:10:31,374 - INFO - CaseID:57 - 整体结果: FAILED | 详情: APINAME不匹配：预期[QASearch]，实际[AUTOSearch]; TAG语义不匹配：预期[遥控器&用途]，实际[遥控器&常见用途]
2026-02-26 14:10:31,374 - INFO - CaseID:58 - CATEGORY字段：标准答案包含「其他问答」，该字段判定通过
2026-02-26 14:10:34,200 - INFO - CaseID:58 - 整体结果: FAILED | 详情: APINAME不匹配：预期[QASearch]，实际[AUTOSearch]
2026-02-26 14:10:34,949 - INFO - CaseID:59 - 整体结果: PASS | 详情: 所有字段校验通过
2026-02-26 14:10:34,950 - INFO - CaseID:60 - CATEGORY字段：标准答案包含「其他问答」，该字段判定通过
2026-02-26 14:10:36,834 - INFO - CaseID:60 - 整体结果: FAILED | 详情: APINAME不匹配：预期[QASearch]，实际[AUTOSearch]
2026-02-26 14:10:38,235 - INFO - CaseID:61 - 整体结果: PASS | 详情: 所有字段校验通过
2026-02-26 14:10:39,138 - INFO - CaseID:62 - 整体结果: PASS | 详情: 所有字段校验通过
2026-02-26 14:10:39,138 - INFO - CaseID:63 - CATEGORY字段：标准答案包含「其他问答」，该字段判定通过
2026-02-26 14:10:41,327 - INFO - CaseID:63 - 整体结果: FAILED | 详情: APINAME不匹配：预期[QASearch]，实际[AUTOSearch]
2026-02-26 14:10:41,328 - INFO - CaseID:64 - CATEGORY字段：标准答案包含「其他问答」，该字段判定通过
2026-02-26 14:10:42,965 - INFO - CaseID:64 - 整体结果: FAILED | 详情: APINAME不匹配：预期[QASearch]，实际[worthbuy]; QUERY语义不匹配：预期[麦克风的售价是多少]，实际[常见麦克风的市场价格范围]; TAG语义不匹配：预期[麦克风&售价]，实际[常见&麦克风&市场价格范围]
2026-02-26 14:10:42,966 - INFO - CaseID:65 - CATEGORY字段：标准答案包含「其他问答」，该字段判定通过
2026-02-26 14:10:44,804 - INFO - CaseID:65 - 整体结果: PASS | 详情: 所有字段校验通过
2026-02-26 14:10:46,488 - INFO - CaseID:66 - 整体结果: PASS | 详情: 所有字段校验通过
2026-02-26 14:10:46,488 - INFO - CaseID:67 - 整体结果: FAILED | 详情: APINAME不匹配：预期[visionqa]，实际[worthbuy]; CATEGORY不匹配：模型[商品推荐] 未完全包含于 标准答案[]; QUERY语义不匹配：预期[]，实际[紫色发夹常见的图案类型]; TAG语义不匹配：预期[]，实际[紫色发夹&常见&图案类型]
2026-02-26 14:10:46,489 - INFO - CaseID:68 - CATEGORY字段：标准答案包含「其他问答」，该字段判定通过
2026-02-26 14:10:48,319 - INFO - CaseID:68 - 整体结果: FAILED | 详情: APINAME不匹配：预期[QASearch]，实际[worthbuy]; QUERY语义不匹配：预期[墨镜的遮光效果如何]，实际[常见墨镜的遮光等级分类]; TAG语义不匹配：预期[墨镜&遮光效果]，实际[常见&墨镜&遮光等级&分类]
2026-02-26 14:10:48,320 - INFO - CaseID:69 - CATEGORY字段：标准答案包含「其他问答」，该字段判定通过
2026-02-26 14:10:50,447 - INFO - CaseID:69 - 整体结果: FAILED | 详情: APINAME不匹配：预期[QASearch]，实际[worthbuy]; QUERY语义不匹配：预期[拉链袋的分类有哪些]，实际[牛仔布拉链袋的常见分类方式]; TAG语义不匹配：预期[拉链袋&分类]，实际[牛仔布拉链袋&常见&分类方式]
2026-02-26 14:10:50,447 - INFO - CaseID:70 - 整体结果: FAILED | 详情: APINAME不匹配：预期[visionqa]，实际[worthbuy]; CATEGORY不匹配：模型[商品查询-确定商品] 未完全包含于 标准答案[]; QUERY语义不匹配：预期[]，实际[紫皮腰果零食的品牌是什么]; TAG语义不匹配：预期[]，实际[紫皮腰果零食&品牌]
2026-02-26 14:10:50,448 - INFO - CaseID:71 - CATEGORY字段：标准答案包含「其他问答」，该字段判定通过
2026-02-26 14:10:52,744 - INFO - CaseID:71 - 整体结果: FAILED | 详情: APINAME不匹配：预期[QASearch]，实际[worthbuy]; TAG语义不匹配：预期[混合坚果&品牌]，实际[罐装混合坚果&常见品牌]
2026-02-26 14:10:55,464 - INFO - CaseID:72 - 整体结果: FAILED | 详情: QUERY语义不匹配：预期[腰果的生长环境]，实际[腰果是长在树上的吗]
2026-02-26 14:10:57,090 - INFO - CaseID:73 - 整体结果: PASS | 详情: 所有字段校验通过
2026-02-26 14:10:57,091 - INFO - CaseID:74 - CATEGORY字段：标准答案包含「其他问答」，该字段判定通过
2026-02-26 14:10:58,892 - INFO - CaseID:74 - 整体结果: PASS | 详情: 所有字段校验通过
2026-02-26 14:10:58,893 - INFO - CaseID:75 - 整体结果: FAILED | 详情: APINAME不匹配：预期[visionqa]，实际[AUTOSearch]; CATEGORY不匹配：模型[汽车] 未完全包含于 标准答案[]; QUERY语义不匹配：预期[]，实际[星巴克中杯的容量标准]; TAG语义不匹配：预期[]，实际[星巴克中杯&容量标准]
2026-02-26 14:10:58,893 - INFO - CaseID:76 - CATEGORY字段：标准答案包含「其他问答」，该字段判定通过
2026-02-26 14:11:00,758 - INFO - CaseID:76 - 整体结果: FAILED | 详情: QUERY语义不匹配：预期[星巴克的热饮推荐]，实际[星巴克2026年冬季热饮推荐]
2026-02-26 14:11:01,753 - INFO - CaseID:77 - 整体结果: PASS | 详情: 所有字段校验通过
2026-02-26 14:11:01,754 - INFO - CaseID:78 - 整体结果: FAILED | 详情: APINAME不匹配：预期[visionqa]，实际[QASearch]; CATEGORY不匹配：模型[其他问答] 未完全包含于 标准答案[]; QUERY语义不匹配：预期[]，实际[星巴克常见饮料杯壁颜色]; TAG语义不匹配：预期[]，实际[星巴克&常见饮料&杯壁颜色]
2026-02-26 14:11:01,754 - INFO - CaseID:79 - 整体结果: FAILED | 详情: APINAME不匹配：预期[visionqa]，实际[worthbuy]; CATEGORY不匹配：模型[商品查询-确定商品] 未完全包含于 标准答案[]; QUERY语义不匹配：预期[]，实际[竹香乌龙茶饮料的品牌]; TAG语义不匹配：预期[]，实际[竹香乌龙茶饮料&品牌]
2026-02-26 14:11:01,755 - INFO - CaseID:80 - 整体结果: FAILED | 详情: APINAME不匹配：预期[visionqa]，实际[QASearch]; CATEGORY不匹配：模型[其他问答] 未完全包含于 标准答案[]; QUERY语义不匹配：预期[]，实际[竹香乌龙茶在不同销售渠道的当前售价]; TAG语义不匹配：预期[]，实际[竹香乌龙茶&不同销售渠道&当前售价]
2026-02-26 14:11:04,177 - INFO - CaseID:81 - 整体结果: FAILED | 详情: QUERY语义不匹配：预期[竹叶青的原料]，实际[竹叶青饮料的原料成分]; TAG语义不匹配：预期[竹叶青&原料]，实际[竹叶青饮料&原料成分]
2026-02-26 14:11:04,178 - INFO - CaseID:82 - 整体结果: FAILED | 详情: APINAME不匹配：预期[visionqa]，实际[worthbuy]; CATEGORY不匹配：模型[商品查询-不确定商品] 未完全包含于 标准答案[]; QUERY语义不匹配：预期[]，实际[盒装牛奶饮品的常见容量规格]; TAG语义不匹配：预期[]，实际[盒装牛奶饮品&常见容量规格]
2026-02-26 14:11:04,178 - INFO - CaseID:83 - 整体结果: FAILED | 详情: APINAME不匹配：预期[visionqa]，实际[worthbuy]; CATEGORY不匹配：模型[商品推荐] 未完全包含于 标准答案[]; QUERY语义不匹配：预期[]，实际[常见牛奶包装盒上的图案类型]; TAG语义不匹配：预期[]，实际[常见&牛奶包装盒&图案类型]
2026-02-26 14:11:04,179 - INFO - CaseID:84 - CATEGORY字段：标准答案包含「其他问答」，该字段判定通过
2026-02-26 14:11:06,557 - INFO - CaseID:84 - 整体结果: FAILED | 详情: TAG语义不匹配：预期[绿茶饮品&营养价值&高]，实际[绿茶饮品&营养价值]
2026-02-26 14:11:06,558 - INFO - CaseID:85 - 整体结果: FAILED | 详情: APINAME不匹配：预期[visionqa]，实际[QASearch]; CATEGORY不匹配：模型[其他问答] 未完全包含于 标准答案[]; QUERY语义不匹配：预期[]，实际[牛奶包装上的品牌名称]; TAG语义不匹配：预期[]，实际[牛奶&包装&品牌名称]
2026-02-26 14:11:08,406 - INFO - CaseID:86 - 整体结果: PASS | 详情: 所有字段校验通过
2026-02-26 14:11:10,249 - INFO - CaseID:87 - 整体结果: PASS | 详情: 所有字段校验通过
2026-02-26 14:11:10,250 - INFO - CaseID:88 - CATEGORY字段：标准答案包含「其他问答」，该字段判定通过
2026-02-26 14:11:11,985 - INFO - CaseID:88 - 整体结果: PASS | 详情: 所有字段校验通过
2026-02-26 14:11:11,986 - INFO - CaseID:89 - CATEGORY字段：标准答案包含「其他问答」，该字段判定通过
2026-02-26 14:11:14,108 - INFO - CaseID:89 - 整体结果: FAILED | 详情: APINAME不匹配：预期[QASearch]，实际[worthbuy]
2026-02-26 14:11:16,218 - INFO - CaseID:90 - 整体结果: PASS | 详情: 所有字段校验通过
2026-02-26 14:11:17,854 - INFO - CaseID:91 - 整体结果: FAILED | 详情: TAG语义不匹配：预期[波斯猫&动物]，实际[波斯猫&动物学分类]
2026-02-26 14:11:17,854 - INFO - CaseID:92 - CATEGORY字段：标准答案包含「其他问答」，该字段判定通过
2026-02-26 14:11:19,446 - INFO - CaseID:92 - 整体结果: PASS | 详情: 所有字段校验通过
2026-02-26 14:11:19,446 - INFO - CaseID:93 - 整体结果: FAILED | 详情: APINAME不匹配：预期[visionqa]，实际[QASearch]; CATEGORY不匹配：模型[生物] 未完全包含于 标准答案[]; QUERY语义不匹配：预期[]，实际[白色长毛猫常见的眼睛颜色]; TAG语义不匹配：预期[]，实际[白色长毛猫&常见&眼睛颜色]
2026-02-26 14:11:19,447 - INFO - CaseID:94 - CATEGORY字段：标准答案包含「其他问答」，该字段判定通过
2026-02-26 14:11:21,699 - INFO - CaseID:94 - 整体结果: FAILED | 详情: TAG语义不匹配：预期[波斯猫&培养&国家]，实际[波斯猫&起源国家]
2026-02-26 14:11:21,699 - INFO - CaseID:95 - CATEGORY字段：标准答案包含「其他问答」，该字段判定通过
2026-02-26 14:11:24,302 - INFO - CaseID:95 - 整体结果: PASS | 详情: 所有字段校验通过
2026-02-26 14:11:26,858 - INFO - CaseID:96 - 整体结果: FAILED | 详情: TAG语义不匹配：预期[黄色月季花&科属]，实际[月季花&科属]
2026-02-26 14:11:28,540 - INFO - CaseID:97 - 整体结果: PASS | 详情: 所有字段校验通过
2026-02-26 14:11:30,935 - INFO - CaseID:98 - 整体结果: FAILED | 详情: CATEGORY不匹配：模型[健康] 未完全包含于 标准答案[生物]
2026-02-26 14:11:32,595 - INFO - CaseID:99 - 整体结果: PASS | 详情: 所有字段校验通过
2026-02-26 14:11:34,429 - INFO - CaseID:100 - 整体结果: PASS | 详情: 所有字段校验通过
2026-02-26 14:11:36,309 - INFO - CaseID:101 - 整体结果: PASS | 详情: 所有字段校验通过
2026-02-26 14:11:38,304 - INFO - CaseID:102 - 整体结果: PASS | 详情: 所有字段校验通过
2026-02-26 14:11:38,305 - INFO - CaseID:103 - CATEGORY字段：标准答案包含「其他问答」，该字段判定通过
2026-02-26 14:11:40,049 - INFO - CaseID:103 - 整体结果: PASS | 详情: 所有字段校验通过
2026-02-26 14:11:41,720 - INFO - CaseID:104 - 整体结果: PASS | 详情: 所有字段校验通过
2026-02-26 14:11:44,568 - INFO - CaseID:105 - 整体结果: PASS | 详情: 所有字段校验通过
2026-02-26 14:11:47,257 - INFO - CaseID:106 - 整体结果: FAILED | 详情: TAG语义不匹配：预期[落羽杉&通常&能长&高度]，实际[落羽杉&最大高度]
2026-02-26 14:11:49,133 - INFO - CaseID:107 - 整体结果: PASS | 详情: 所有字段校验通过
2026-02-26 14:11:51,152 - INFO - CaseID:108 - 整体结果: FAILED | 详情: TAG语义不匹配：预期[水杉&分布地区&特点]，实际[水杉&主要自然分布地区]
2026-02-26 14:11:53,662 - INFO - CaseID:109 - 整体结果: FAILED | 详情: TAG语义不匹配：预期[雏菊&颜色]，实际[雏菊&常见&颜色]
2026-02-26 14:11:55,306 - INFO - CaseID:110 - 整体结果: FAILED | 详情: CATEGORY不匹配：模型[健康] 未完全包含于 标准答案[生物]
2026-02-26 14:11:57,039 - INFO - CaseID:111 - 整体结果: FAILED | 详情: CATEGORY不匹配：模型[健康] 未完全包含于 标准答案[生物]
2026-02-26 14:11:59,108 - INFO - CaseID:112 - 整体结果: PASS | 详情: 所有字段校验通过
2026-02-26 14:12:01,089 - INFO - CaseID:113 - 整体结果: PASS | 详情: 所有字段校验通过
2026-02-26 14:12:03,242 - INFO - CaseID:114 - 整体结果: FAILED | 详情: TAG语义不匹配：预期[叶子&病斑&植物&清理&病斑]，实际[叶子&病斑&植物&清理方法]
2026-02-26 14:12:05,718 - INFO - CaseID:115 - 整体结果: PASS | 详情: 所有字段校验通过
2026-02-26 14:12:08,074 - INFO - CaseID:116 - 整体结果: PASS | 详情: 所有字段校验通过
2026-02-26 14:12:09,858 - INFO - CaseID:117 - 整体结果: PASS | 详情: 所有字段校验通过
2026-02-26 14:12:11,731 - INFO - CaseID:118 - 整体结果: PASS | 详情: 所有字段校验通过
2026-02-26 14:12:11,731 - INFO - CaseID:119 - 整体结果: FAILED | 详情: APINAME不匹配：预期[visionqa]，实际[worthbuy]; CATEGORY不匹配：模型[商品推荐] 未完全包含于 标准答案[]; QUERY语义不匹配：预期[]，实际[黑色T恤背面带数字9图案的常见材质类型]; TAG语义不匹配：预期[]，实际[黑色T恤&背面&数字9图案&常见材质类型]
2026-02-26 14:12:11,732 - INFO - CaseID:120 - 整体结果: FAILED | 详情: APINAME不匹配：预期[visionqa]，实际[worthbuy]; CATEGORY不匹配：模型[商品查询-确定商品] 未完全包含于 标准答案[]; QUERY语义不匹配：预期[]，实际[字节跳动纪念T恤的材质]; TAG语义不匹配：预期[]，实际[字节跳动纪念T恤&材质]
2026-02-26 14:12:12,728 - INFO - CaseID:121 - 整体结果: PASS | 详情: 所有字段校验通过
2026-02-26 14:12:13,792 - INFO - CaseID:122 - 整体结果: PASS | 详情: 所有字段校验通过
2026-02-26 14:12:15,616 - INFO - CaseID:123 - 整体结果: FAILED | 详情: CATEGORY不匹配：模型[地理通用] 未完全包含于 标准答案[地理]
2026-02-26 14:12:15,617 - INFO - CaseID:124 - 整体结果: FAILED | 详情: APINAME不匹配：预期[visionqa]，实际[]
2026-02-26 14:12:15,618 - INFO - CaseID:125 - 整体结果: FAILED | 详情: APINAME不匹配：预期[visionqa]，实际[worthbuy]; CATEGORY不匹配：模型[商品查询-确定商品] 未完全包含于 标准答案[]; QUERY语义不匹配：预期[]，实际[黑色防风防水夹克的款式特点]; TAG语义不匹配：预期[]，实际[黑色&防风防水夹克&款式特点]
2026-02-26 14:12:16,558 - INFO - CaseID:126 - 整体结果: PASS | 详情: 所有字段校验通过
2026-02-26 14:12:16,559 - INFO - CaseID:127 - CATEGORY字段：标准答案包含「其他问答」，该字段判定通过
2026-02-26 14:12:18,647 - INFO - CaseID:127 - 整体结果: FAILED | 详情: APINAME不匹配：预期[QASearch]，实际[worthbuy]; QUERY语义不匹配：预期[适合搭配的牛仔裤的类型推荐]，实际[当前季节和气候适合的牛仔裤类型]; TAG语义不匹配：预期[适合搭配&牛仔裤&类型推荐]，实际[当前季节&气候&适合&牛仔裤类型]
2026-02-26 14:12:18,648 - INFO - CaseID:128 - CATEGORY字段：标准答案包含「其他问答」，该字段判定通过
2026-02-26 14:12:20,595 - INFO - CaseID:128 - 整体结果: FAILED | 详情: APINAME不匹配：预期[QASearch]，实际[worthbuy]; QUERY语义不匹配：预期[灰色休闲服在哪里可以买到]，实际[灰色休闲服线下购买地点北京]; TAG语义不匹配：预期[灰色休闲服&购买渠道]，实际[灰色休闲服&线下购买地点&北京]
2026-02-26 14:12:21,719 - INFO - CaseID:129 - 整体结果: PASS | 详情: 所有字段校验通过
2026-02-26 14:12:21,720 - INFO - CaseID:130 - CATEGORY字段：标准答案包含「其他问答」，该字段判定通过
2026-02-26 14:12:24,747 - INFO - CaseID:130 - 整体结果: FAILED | 详情: APINAME不匹配：预期[QASearch]，实际[worthbuy]
2026-02-26 14:12:24,747 - INFO - CaseID:131 - CATEGORY字段：标准答案包含「其他问答」，该字段判定通过
2026-02-26 14:12:27,375 - INFO - CaseID:131 - 整体结果: FAILED | 详情: APINAME不匹配：预期[QASearch]，实际[worthbuy]; QUERY语义不匹配：预期[选择外套时是版型重要还是材质重要]，实际[外套选择中材质的重要性]; TAG语义不匹配：预期[选择外套时&版型重要&材质重要]，实际[外套选择&材质&重要性]
2026-02-26 14:12:27,376 - INFO - CaseID:132 - 整体结果: FAILED | 详情: APINAME不匹配：预期[visionqa]，实际[worthbuy]; CATEGORY不匹配：模型[商品推荐] 未完全包含于 标准答案[]; QUERY语义不匹配：预期[]，实际[拼色毛衣常见的编织方法]; TAG语义不匹配：预期[]，实际[拼色毛衣&常见&编织方法]
2026-02-26 14:12:28,264 - INFO - CaseID:133 - 整体结果: PASS | 详情: 所有字段校验通过
2026-02-26 14:12:28,264 - INFO - CaseID:134 - 整体结果: FAILED | 详情: APINAME不匹配：预期[visionqa]，实际[worthbuy]; CATEGORY不匹配：模型[商品推荐] 未完全包含于 标准答案[]; QUERY语义不匹配：预期[]，实际[灰色和深蓝色条纹衣服常见品牌]; TAG语义不匹配：预期[]，实际[灰色&深蓝色条纹衣服&常见品牌]
2026-02-26 14:12:28,264 - INFO - CaseID:135 - 整体结果: FAILED | 详情: APINAME不匹配：预期[visionqa]，实际[worthbuy]; CATEGORY不匹配：模型[商品推荐] 未完全包含于 标准答案[]; QUERY语义不匹配：预期[]，实际[红白格纹外套搭配包包的建议]; TAG语义不匹配：预期[]，实际[红白格纹外套&搭配&包包&建议]
2026-02-26 14:12:28,264 - INFO - CaseID:136 - 整体结果: FAILED | 详情: APINAME不匹配：预期[visionqa]，实际[skill_search]; QUERY语义不匹配：预期[]，实际[这件衣服的材质是什么]
2026-02-26 14:12:29,275 - INFO - CaseID:137 - 整体结果: PASS | 详情: 所有字段校验通过
2026-02-26 14:12:29,883 - INFO - CaseID:138 - 整体结果: PASS | 详情: 所有字段校验通过
2026-02-26 14:12:29,884 - INFO - CaseID:139 - 整体结果: FAILED | 详情: APINAME不匹配：预期[visionqa]，实际[skill_search]; QUERY语义不匹配：预期[]，实际[这件衣服的款式颜色和材质是什么]
2026-02-26 14:12:29,884 - INFO - CaseID:140 - CATEGORY字段：标准答案包含「其他问答」，该字段判定通过
2026-02-26 14:12:31,575 - INFO - CaseID:140 - 整体结果: FAILED | 详情: QUERY语义不匹配：预期[羽绒服的价格]，实际[用户之前提到的羽绒服的具体品牌或型号是什么]; TAG语义不匹配：预期[羽绒服&价格]，实际[用户&之前&提到&羽绒服&具体品牌&型号]
2026-02-26 14:12:31,576 - INFO - CaseID:141 - CATEGORY字段：标准答案包含「其他问答」，该字段判定通过
2026-02-26 14:12:33,293 - INFO - CaseID:141 - 整体结果: FAILED | 详情: APINAME不匹配：预期[QASearch]，实际[worthbuy]; TAG语义不匹配：预期[这件&浅色羽绒服&内搭&版型&好看]，实际[浅色羽绒服&内搭&推荐&版型]
2026-02-26 14:12:33,294 - INFO - CaseID:142 - 整体结果: FAILED | 详情: APINAME不匹配：预期[visionqa]，实际[worthbuy]; CATEGORY不匹配：模型[商品查询-不确定商品] 未完全包含于 标准答案[]; QUERY语义不匹配：预期[]，实际[这件浅色羽绒服是短款还是长款]; TAG语义不匹配：预期[]，实际[浅色羽绒服&短款&长款]
2026-02-26 14:12:34,162 - INFO - CaseID:143 - 整体结果: PASS | 详情: 所有字段校验通过
2026-02-26 14:12:34,163 - INFO - CaseID:144 - 整体结果: FAILED | 详情: APINAME不匹配：预期[visionqa]，实际[worthbuy]; CATEGORY不匹配：模型[商品查询-不确定商品] 未完全包含于 标准答案[]; QUERY语义不匹配：预期[]，实际[条纹衬衫的常见材质类型]; TAG语义不匹配：预期[]，实际[条纹衬衫&常见材质类型]
2026-02-26 14:12:34,163 - INFO - CaseID:145 - 整体结果: FAILED | 详情: APINAME不匹配：预期[visionqa]，实际[skill_search]; QUERY语义不匹配：预期[]，实际[这件衬衫是什么颜色的]
2026-02-26 14:12:34,163 - INFO - CaseID:146 - 整体结果: FAILED | 详情: APINAME不匹配：预期[visionqa]，实际[QASearch]; CATEGORY不匹配：模型[其他问答] 未完全包含于 标准答案[]; QUERY语义不匹配：预期[]，实际[格子衬衫的常见款式特点]; TAG语义不匹配：预期[]，实际[格子衬衫&常见款式&特点]
2026-02-26 14:12:34,163 - INFO - CaseID:147 - 整体结果: FAILED | 详情: APINAME不匹配：预期[visionqa]，实际[worthbuy]; CATEGORY不匹配：模型[商品推荐] 未完全包含于 标准答案[]; QUERY语义不匹配：预期[]，实际[蓝色条纹衬衫适合的年龄段]; TAG语义不匹配：预期[]，实际[蓝色条纹衬衫&适合&年龄段]
2026-02-26 14:12:36,083 - INFO - CaseID:148 - 整体结果: FAILED | 详情: CATEGORY不匹配：模型[影视] 未完全包含于 标准答案[人物]; TAG语义不匹配：预期[Rocky&中文名字]，实际[汪汪队立大功&Rocky&中文名]
2026-02-26 14:12:37,705 - INFO - CaseID:149 - 整体结果: FAILED | 详情: CATEGORY不匹配：模型[影视] 未完全包含于 标准答案[人物]; TAG语义不匹配：预期[小克&动画&人物性格]，实际[小克&动画&汪汪队立大功&性格特点]
2026-02-26 14:12:37,706 - INFO - CaseID: - 整体结果: PASS | 详情: 所有字段校验通过
2026-02-26 14:12:37,706 - INFO - CaseID: - 整体结果: PASS | 详情: 所有字段校验通过
2026-02-26 14:12:37,706 - INFO - CaseID: - 整体结果: PASS | 详情: 所有字段校验通过
2026-02-26 14:12:37,706 - INFO - CaseID: - 整体结果: PASS | 详情: 所有字段校验通过
2026-02-26 14:12:37,706 - INFO - CaseID: - 整体结果: PASS | 详情: 所有字段校验通过
2026-02-26 14:12:37,706 - INFO - CaseID: - 整体结果: PASS | 详情: 所有字段校验通过
2026-02-26 14:12:37,706 - INFO - CaseID: - 整体结果: PASS | 详情: 所有字段校验通过
2026-02-26 14:12:37,706 - INFO - CaseID: - 整体结果: PASS | 详情: 所有字段校验通过
2026-02-26 14:12:37,707 - INFO - CaseID: - 整体结果: PASS | 详情: 所有字段校验通过
2026-02-26 14:12:37,707 - INFO - CaseID: - 整体结果: PASS | 详情: 所有字段校验通过
2026-02-26 14:12:37,707 - INFO - CaseID: - 整体结果: PASS | 详情: 所有字段校验通过
2026-02-26 14:12:37,707 - INFO - CaseID: - 整体结果: PASS | 详情: 所有字段校验通过
2026-02-26 14:12:37,707 - INFO - CaseID: - 整体结果: PASS | 详情: 所有字段校验通过
2026-02-26 14:12:37,707 - INFO - CaseID: - 整体结果: PASS | 详情: 所有字段校验通过
2026-02-26 14:12:37,707 - INFO - CaseID: - 整体结果: PASS | 详情: 所有字段校验通过
2026-02-26 14:12:37,707 - INFO - CaseID: - 整体结果: PASS | 详情: 所有字段校验通过
2026-02-26 14:12:37,708 - INFO - CaseID: - 整体结果: PASS | 详情: 所有字段校验通过
2026-02-26 14:12:37,708 - INFO - CaseID: - 整体结果: PASS | 详情: 所有字段校验通过
2026-02-26 14:12:37,708 - INFO - CaseID: - 整体结果: PASS | 详情: 所有字段校验通过
2026-02-26 14:12:37,708 - INFO - CaseID: - 整体结果: PASS | 详情: 所有字段校验通过
2026-02-26 14:12:37,708 - INFO - CaseID: - 整体结果: PASS | 详情: 所有字段校验通过
2026-02-26 14:12:37,709 - INFO - CaseID: - 整体结果: PASS | 详情: 所有字段校验通过
2026-02-26 14:12:37,709 - INFO - CaseID: - 整体结果: PASS | 详情: 所有字段校验通过
2026-02-26 14:12:37,709 - INFO - CaseID: - 整体结果: PASS | 详情: 所有字段校验通过
2026-02-26 14:12:37,709 - INFO - CaseID: - 整体结果: PASS | 详情: 所有字段校验通过
2026-02-26 14:12:37,709 - INFO - CaseID: - 整体结果: PASS | 详情: 所有字段校验通过
2026-02-26 14:12:37,710 - INFO - CaseID: - 整体结果: PASS | 详情: 所有字段校验通过
2026-02-26 14:12:37,710 - INFO - CaseID: - 整体结果: PASS | 详情: 所有字段校验通过
2026-02-26 14:12:37,710 - INFO - CaseID: - 整体结果: PASS | 详情: 所有字段校验通过
2026-02-26 14:12:37,710 - INFO - CaseID: - 整体结果: PASS | 详情: 所有字段校验通过
2026-02-26 14:12:37,710 - INFO - CaseID: - 整体结果: PASS | 详情: 所有字段校验通过
2026-02-26 14:12:37,710 - INFO - CaseID: - 整体结果: PASS | 详情: 所有字段校验通过
2026-02-26 14:12:37,710 - INFO - CaseID: - 整体结果: PASS | 详情: 所有字段校验通过
2026-02-26 14:12:37,710 - INFO - CaseID: - 整体结果: PASS | 详情: 所有字段校验通过
2026-02-26 14:12:37,711 - INFO - CaseID: - 整体结果: PASS | 详情: 所有字段校验通过
2026-02-26 14:12:37,711 - INFO - CaseID: - 整体结果: PASS | 详情: 所有字段校验通过
2026-02-26 14:12:37,711 - INFO - CaseID: - 整体结果: PASS | 详情: 所有字段校验通过
2026-02-26 14:12:37,711 - INFO - CaseID: - 整体结果: PASS | 详情: 所有字段校验通过
2026-02-26 14:12:37,711 - INFO - CaseID: - 整体结果: PASS | 详情: 所有字段校验通过
2026-02-26 14:12:37,711 - INFO - CaseID: - 整体结果: PASS | 详情: 所有字段校验通过
2026-02-26 14:12:37,711 - INFO - CaseID: - 整体结果: PASS | 详情: 所有字段校验通过
2026-02-26 14:12:37,712 - INFO - CaseID: - 整体结果: PASS | 详情: 所有字段校验通过
2026-02-26 14:12:37,712 - INFO - CaseID: - 整体结果: PASS | 详情: 所有字段校验通过
2026-02-26 14:12:37,712 - INFO - CaseID: - 整体结果: PASS | 详情: 所有字段校验通过
2026-02-26 14:12:37,712 - INFO - CaseID: - 整体结果: PASS | 详情: 所有字段校验通过
2026-02-26 14:12:37,712 - INFO - CaseID: - 整体结果: PASS | 详情: 所有字段校验通过
2026-02-26 14:12:37,712 - INFO - CaseID: - 整体结果: PASS | 详情: 所有字段校验通过
2026-02-26 14:12:37,712 - INFO - CaseID: - 整体结果: PASS | 详情: 所有字段校验通过
2026-02-26 14:12:37,712 - INFO - CaseID: - 整体结果: PASS | 详情: 所有字段校验通过
2026-02-26 14:12:37,712 - INFO - CaseID: - 整体结果: PASS | 详情: 所有字段校验通过
2026-02-26 14:12:41,723 - INFO - 
=== 执行完成（总耗时：217.75秒）===
2026-02-26 14:12:41,724 - INFO - 总用例数：199
2026-02-26 14:12:41,724 - INFO - 通过数：112（56.28%）
2026-02-26 14:12:41,724 - INFO - 失败数：87（43.72%）
