2026-02-26 22:21:55,358 - INFO - === 看世界规划对比工具（新旧用例双轨适配版，优化CATEGORY和TAG）启动 ===
2026-02-26 22:21:55,495 - INFO - 成功加载飞书表格
2026-02-26 22:21:57,822 - INFO - CaseID:ROW_2 - APINAME字段：QASearch↔worthbuy，判定通过
2026-02-26 22:21:57,822 - INFO - CaseID:ROW_2 - CATEGORY字段：标准答案含「其他问答」，模型输出任意值通过
2026-02-26 22:21:59,324 - INFO - CaseID:ROW_2 - QUERY字段：基础语义模糊匹配通过
2026-02-26 22:21:59,324 - INFO - CaseID:ROW_2 - TAG字段：有交集（{'文蛤'}），判定通过
2026-02-26 22:21:59,324 - INFO - CaseID:ROW_2 - 整体结果: PASS | 详情: 所有字段校验通过
2026-02-26 22:21:59,325 - INFO - CaseID:ROW_3 - CATEGORY字段：标准答案含「其他问答」，模型输出任意值通过
2026-02-26 22:22:01,691 - INFO - CaseID:ROW_3 - TAG字段：有交集（{'主要食物'}），判定通过
2026-02-26 22:22:01,691 - INFO - CaseID:ROW_3 - 整体结果: FAILED | 详情: QUERY不匹配：基础语义模糊匹配失败 - 预期[奶牛的主要食物是什么]，实际[荷斯坦牛的主要食物]
2026-02-26 22:22:01,692 - INFO - CaseID:ROW_4 - CATEGORY字段：标准答案含「其他问答」，模型输出任意值通过
2026-02-26 22:22:03,818 - INFO - CaseID:ROW_4 - QUERY字段：基础语义模糊匹配通过
2026-02-26 22:22:03,819 - INFO - CaseID:ROW_4 - TAG字段：有交集（{'黄牛', '最长寿命'}），判定通过
2026-02-26 22:22:03,819 - INFO - CaseID:ROW_4 - 整体结果: PASS | 详情: 所有字段校验通过
2026-02-26 22:22:03,820 - INFO - CaseID:ROW_5 - CATEGORY字段：标准答案含「其他问答」，模型输出任意值通过
2026-02-26 22:22:05,685 - INFO - CaseID:ROW_5 - QUERY字段：基础语义模糊匹配通过
2026-02-26 22:22:05,686 - INFO - CaseID:ROW_5 - TAG字段：有交集（{'奶牛'}），判定通过
2026-02-26 22:22:05,686 - INFO - CaseID:ROW_5 - 整体结果: PASS | 详情: 所有字段校验通过
2026-02-26 22:22:05,686 - INFO - CaseID:ROW_6 - CATEGORY字段：标准答案含「其他问答」，模型输出任意值通过
2026-02-26 22:22:07,441 - INFO - CaseID:ROW_6 - QUERY字段：基础语义模糊匹配通过
2026-02-26 22:22:07,441 - INFO - CaseID:ROW_6 - TAG字段：有交集（{'螳螂虾'}），判定通过
2026-02-26 22:22:07,441 - INFO - CaseID:ROW_6 - 整体结果: PASS | 详情: 所有字段校验通过
2026-02-26 22:22:07,442 - INFO - CaseID:ROW_7 - CATEGORY字段：标准答案含「其他问答」，模型输出任意值通过
2026-02-26 22:22:09,464 - INFO - CaseID:ROW_7 - TAG字段：有交集（{'能够食用'}），判定通过
2026-02-26 22:22:09,465 - INFO - CaseID:ROW_7 - 整体结果: FAILED | 详情: QUERY不匹配：基础语义模糊匹配失败 - 预期[溪蟹和河蟹是否能够食用]，实际[淡水蟹是否能够食用]
2026-02-26 22:22:09,465 - INFO - CaseID:ROW_8 - CATEGORY字段：标准答案含「其他问答」，模型输出任意值通过
2026-02-26 22:22:11,810 - INFO - CaseID:ROW_8 - 整体结果: FAILED | 详情: QUERY不匹配：基础语义模糊匹配失败 - 预期[大闸蟹最简单的烹饪方法]，实际[中华绒螯蟹最简单的烹饪方法]; TAG不匹配：无交集 - 预期[大闸蟹&最简单&烹饪方法]，实际[中华绒螯蟹&最简单的烹饪方法]
2026-02-26 22:22:11,811 - INFO - CaseID:ROW_9 - CATEGORY字段：交集匹配（{'生物'}），判定通过
2026-02-26 22:22:14,512 - INFO - CaseID:ROW_9 - QUERY字段：基础语义模糊匹配通过
2026-02-26 22:22:14,513 - INFO - CaseID:ROW_9 - TAG字段：有交集（{'凤尾鱼', '名字'}），判定通过
2026-02-26 22:22:14,513 - INFO - CaseID:ROW_9 - 整体结果: PASS | 详情: 所有字段校验通过
2026-02-26 22:22:14,513 - INFO - CaseID:ROW_10 - CATEGORY字段：交集匹配（{'生物'}），判定通过
2026-02-26 22:22:16,453 - INFO - CaseID:ROW_10 - QUERY字段：基础语义模糊匹配通过
2026-02-26 22:22:16,453 - INFO - CaseID:ROW_10 - TAG字段：有交集（{'比目鱼'}），判定通过
2026-02-26 22:22:16,454 - INFO - CaseID:ROW_10 - 整体结果: PASS | 详情: 所有字段校验通过
2026-02-26 22:22:18,421 - INFO - CaseID:ROW_11 - QUERY字段：基础语义模糊匹配通过
2026-02-26 22:22:18,421 - INFO - CaseID:ROW_11 - TAG字段：有交集（{'小猪佩奇'}），判定通过
2026-02-26 22:22:18,422 - INFO - CaseID:ROW_11 - 整体结果: FAILED | 详情: CATEGORY不匹配：无交集 - 预期[人物]，实际[影视]
2026-02-26 22:22:18,422 - INFO - CaseID:ROW_12 - CATEGORY字段：交集匹配（{'影视'}），判定通过
2026-02-26 22:22:20,331 - INFO - CaseID:ROW_12 - QUERY字段：基础语义模糊匹配通过
2026-02-26 22:22:20,331 - INFO - CaseID:ROW_12 - TAG字段：有交集（{'小猪佩奇'}），判定通过
2026-02-26 22:22:20,332 - INFO - CaseID:ROW_12 - 整体结果: PASS | 详情: 所有字段校验通过
2026-02-26 22:22:22,180 - INFO - CaseID:ROW_13 - QUERY字段：基础语义模糊匹配通过
2026-02-26 22:22:22,180 - INFO - CaseID:ROW_13 - TAG字段：有交集（{'配音演员', 'skye'}），判定通过
2026-02-26 22:22:22,181 - INFO - CaseID:ROW_13 - 整体结果: FAILED | 详情: CATEGORY不匹配：无交集 - 预期[人物]，实际[影视]
2026-02-26 22:22:22,181 - INFO - CaseID:ROW_14 - CATEGORY字段：标准答案含「其他问答」，模型输出任意值通过
2026-02-26 22:22:24,226 - INFO - CaseID:ROW_14 - TAG字段：有交集（{'别名'}），判定通过
2026-02-26 22:22:24,227 - INFO - CaseID:ROW_14 - 整体结果: FAILED | 详情: QUERY不匹配：基础语义模糊匹配失败 - 预期[毛绒玩具的别名]，实际[穿着粉色衣服的小狗毛绒玩具的别名]
2026-02-26 22:22:24,227 - INFO - CaseID:ROW_15 - CATEGORY字段：交集匹配（{'影视'}），判定通过
2026-02-26 22:22:26,455 - INFO - CaseID:ROW_15 - QUERY字段：基础语义模糊匹配通过
2026-02-26 22:22:26,456 - INFO - CaseID:ROW_15 - TAG字段：有交集（{'时效性', '汪汪队立大功'}），判定通过
2026-02-26 22:22:26,456 - INFO - CaseID:ROW_15 - 整体结果: PASS | 详情: 所有字段校验通过
2026-02-26 22:22:26,456 - INFO - CaseID:ROW_16 - APINAME字段：QASearch↔worthbuy，判定通过
2026-02-26 22:22:26,456 - INFO - CaseID:ROW_16 - CATEGORY字段：标准答案含「其他问答」，模型输出任意值通过
2026-02-26 22:22:28,845 - INFO - CaseID:ROW_16 - TAG字段：有交集（{'购买渠道', '汪汪队立大功'}），判定通过
2026-02-26 22:22:28,846 - INFO - CaseID:ROW_16 - 整体结果: FAILED | 详情: QUERY不匹配：基础语义模糊匹配失败 - 预期[汪汪队立大功的购买渠道有哪些]，实际[汪汪队立大功的毛绒玩具的购买渠道]
2026-02-26 22:22:28,846 - INFO - CaseID:ROW_17 - CATEGORY字段：标准答案含「其他问答」，模型输出任意值通过
2026-02-26 22:22:30,706 - INFO - CaseID:ROW_17 - QUERY字段：基础语义模糊匹配通过
2026-02-26 22:22:30,706 - INFO - CaseID:ROW_17 - TAG字段：有交集（{'灰灰公仔'}），判定通过
2026-02-26 22:22:30,706 - INFO - CaseID:ROW_17 - 整体结果: PASS | 详情: 所有字段校验通过
2026-02-26 22:22:30,707 - INFO - CaseID:ROW_18 - APINAME字段：QASearch↔worthbuy，判定通过
2026-02-26 22:22:30,707 - INFO - CaseID:ROW_18 - CATEGORY字段：标准答案含「其他问答」，模型输出任意值通过
2026-02-26 22:22:32,591 - INFO - CaseID:ROW_18 - TAG字段：有交集（{'分类'}），判定通过
2026-02-26 22:22:32,591 - INFO - CaseID:ROW_18 - 整体结果: FAILED | 详情: QUERY不匹配：基础语义模糊匹配失败 - 预期[拉链袋的分类有哪些]，实际[牛仔布拉链袋的分类]
2026-02-26 22:22:32,592 - INFO - CaseID:ROW_19 - CATEGORY字段：交集匹配（{'生物'}），判定通过
2026-02-26 22:22:34,449 - INFO - CaseID:ROW_19 - TAG字段：有交集（{'生长环境', '腰果'}），判定通过
2026-02-26 22:22:34,449 - INFO - CaseID:ROW_19 - 整体结果: FAILED | 详情: QUERY不匹配：基础语义模糊匹配失败 - 预期[腰果的生长环境]，实际[腰果是长在树上的吗]
2026-02-26 22:22:34,450 - INFO - CaseID:ROW_20 - APINAME字段：QASearch↔worthbuy，判定通过
2026-02-26 22:22:34,450 - INFO - CaseID:ROW_20 - CATEGORY字段：标准答案含「其他问答」，模型输出任意值通过
2026-02-26 22:22:36,317 - INFO - CaseID:ROW_20 - QUERY字段：基础语义模糊匹配通过
2026-02-26 22:22:36,317 - INFO - CaseID:ROW_20 - TAG字段：有交集（{'星巴克'}），判定通过
2026-02-26 22:22:36,318 - INFO - CaseID:ROW_20 - 整体结果: PASS | 详情: 所有字段校验通过
2026-02-26 22:22:36,318 - INFO - CaseID:ROW_21 - CATEGORY字段：标准答案含「其他问答」，模型输出任意值通过
2026-02-26 22:22:38,262 - INFO - CaseID:ROW_21 - QUERY字段：基础语义模糊匹配通过
2026-02-26 22:22:38,262 - INFO - CaseID:ROW_21 - TAG字段：有交集（{'布偶猫'}），判定通过
2026-02-26 22:22:38,262 - INFO - CaseID:ROW_21 - 整体结果: PASS | 详情: 所有字段校验通过
2026-02-26 22:22:38,263 - INFO - CaseID:ROW_22 - APINAME字段：QASearch↔worthbuy，判定通过
2026-02-26 22:22:38,263 - INFO - CaseID:ROW_22 - CATEGORY字段：标准答案含「其他问答」，模型输出任意值通过
2026-02-26 22:22:39,975 - INFO - CaseID:ROW_22 - QUERY字段：基础语义模糊匹配通过
2026-02-26 22:22:39,976 - INFO - CaseID:ROW_22 - TAG字段：有交集（{'价格', '布偶猫'}），判定通过
2026-02-26 22:22:39,976 - INFO - CaseID:ROW_22 - 整体结果: PASS | 详情: 所有字段校验通过
2026-02-26 22:22:39,976 - INFO - CaseID:ROW_23 - CATEGORY字段：交集匹配（{'生物'}），判定通过
2026-02-26 22:22:42,113 - INFO - CaseID:ROW_23 - QUERY字段：基础语义模糊匹配通过
2026-02-26 22:22:42,114 - INFO - CaseID:ROW_23 - TAG字段：有交集（{'土耳其安哥拉猫'}），判定通过
2026-02-26 22:22:42,114 - INFO - CaseID:ROW_23 - 整体结果: PASS | 详情: 所有字段校验通过
2026-02-26 22:22:42,114 - INFO - CaseID:ROW_24 - CATEGORY字段：交集匹配（{'生物'}），判定通过
2026-02-26 22:22:43,975 - INFO - CaseID:ROW_24 - TAG字段：有交集（{'波斯猫'}），判定通过
2026-02-26 22:22:43,975 - INFO - CaseID:ROW_24 - 整体结果: FAILED | 详情: QUERY不匹配：基础语义模糊匹配失败 - 预期[波斯猫是一种什么动物]，实际[波斯猫的简介]
2026-02-26 22:22:43,975 - INFO - CaseID:ROW_25 - CATEGORY字段：标准答案含「其他问答」，模型输出任意值通过
2026-02-26 22:22:46,390 - INFO - CaseID:ROW_25 - QUERY字段：基础语义模糊匹配通过
2026-02-26 22:22:46,391 - INFO - CaseID:ROW_25 - TAG字段：有交集（{'波斯猫'}），判定通过
2026-02-26 22:22:46,391 - INFO - CaseID:ROW_25 - 整体结果: PASS | 详情: 所有字段校验通过
2026-02-26 22:22:46,392 - INFO - CaseID:ROW_26 - CATEGORY字段：标准答案含「其他问答」，模型输出任意值通过
2026-02-26 22:22:48,197 - INFO - CaseID:ROW_26 - QUERY字段：基础语义模糊匹配通过
2026-02-26 22:22:48,197 - INFO - CaseID:ROW_26 - TAG字段：有交集（{'培育'}），判定通过
2026-02-26 22:22:48,197 - INFO - CaseID:ROW_26 - 整体结果: PASS | 详情: 所有字段校验通过
2026-02-26 22:22:48,198 - INFO - CaseID:ROW_27 - CATEGORY字段：交集匹配（{'生物'}），判定通过
2026-02-26 22:22:50,324 - INFO - CaseID:ROW_27 - QUERY字段：基础语义模糊匹配通过
2026-02-26 22:22:50,325 - INFO - CaseID:ROW_27 - TAG字段：有交集（{'科属'}），判定通过
2026-02-26 22:22:50,325 - INFO - CaseID:ROW_27 - 整体结果: PASS | 详情: 所有字段校验通过
2026-02-26 22:22:52,324 - INFO - CaseID:ROW_28 - QUERY字段：基础语义模糊匹配通过
2026-02-26 22:22:52,325 - INFO - CaseID:ROW_28 - TAG字段：有交集（{'有毒', '葡萄藤'}），判定通过
2026-02-26 22:22:52,325 - INFO - CaseID:ROW_28 - 整体结果: FAILED | 详情: CATEGORY不匹配：无交集 - 预期[生物]，实际[健康]
2026-02-26 22:22:52,325 - INFO - CaseID:ROW_29 - CATEGORY字段：交集匹配（{'生物'}），判定通过
2026-02-26 22:22:54,586 - INFO - CaseID:ROW_29 - QUERY字段：基础语义模糊匹配通过
2026-02-26 22:22:54,587 - INFO - CaseID:ROW_29 - TAG字段：有交集（{'木芙蓉'}），判定通过
2026-02-26 22:22:54,587 - INFO - CaseID:ROW_29 - 整体结果: PASS | 详情: 所有字段校验通过
2026-02-26 22:22:54,588 - INFO - CaseID:ROW_30 - CATEGORY字段：交集匹配（{'生物'}），判定通过
2026-02-26 22:22:56,962 - INFO - CaseID:ROW_30 - QUERY字段：基础语义模糊匹配通过
2026-02-26 22:22:56,963 - INFO - CaseID:ROW_30 - TAG字段：有交集（{'柚子树'}），判定通过
2026-02-26 22:22:56,964 - INFO - CaseID:ROW_30 - 整体结果: PASS | 详情: 所有字段校验通过
2026-02-26 22:22:56,964 - INFO - CaseID:ROW_31 - CATEGORY字段：标准答案含「其他问答」，模型输出任意值通过
2026-02-26 22:22:58,861 - INFO - CaseID:ROW_31 - QUERY字段：基础语义模糊匹配通过
2026-02-26 22:22:58,862 - INFO - CaseID:ROW_31 - TAG字段：有交集（{'百合科', '花卉'}），判定通过
2026-02-26 22:22:58,862 - INFO - CaseID:ROW_31 - 整体结果: PASS | 详情: 所有字段校验通过
2026-02-26 22:22:58,863 - INFO - CaseID:ROW_32 - CATEGORY字段：交集匹配（{'生物'}），判定通过
2026-02-26 22:23:00,795 - INFO - CaseID:ROW_32 - QUERY字段：基础语义模糊匹配通过
2026-02-26 22:23:00,796 - INFO - CaseID:ROW_32 - TAG字段：有交集（{'落羽杉', '通常'}），判定通过
2026-02-26 22:23:00,796 - INFO - CaseID:ROW_32 - 整体结果: PASS | 详情: 所有字段校验通过
2026-02-26 22:23:00,796 - INFO - CaseID:ROW_33 - CATEGORY字段：交集匹配（{'生物'}），判定通过
2026-02-26 22:23:03,213 - INFO - CaseID:ROW_33 - QUERY字段：基础语义模糊匹配通过
2026-02-26 22:23:03,213 - INFO - CaseID:ROW_33 - TAG字段：有交集（{'水杉'}），判定通过
2026-02-26 22:23:03,214 - INFO - CaseID:ROW_33 - 整体结果: PASS | 详情: 所有字段校验通过
2026-02-26 22:23:05,221 - INFO - CaseID:ROW_34 - QUERY字段：基础语义模糊匹配通过
2026-02-26 22:23:05,222 - INFO - CaseID:ROW_34 - TAG字段：有交集（{'洋甘菊', '功效'}），判定通过
2026-02-26 22:23:05,222 - INFO - CaseID:ROW_34 - 整体结果: FAILED | 详情: CATEGORY不匹配：无交集 - 预期[生物]，实际[健康]
2026-02-26 22:23:07,130 - INFO - CaseID:ROW_35 - QUERY字段：基础语义模糊匹配通过
2026-02-26 22:23:07,131 - INFO - CaseID:ROW_35 - TAG字段：有交集（{'海棠树', '中药药材', '果实'}），判定通过
2026-02-26 22:23:07,131 - INFO - CaseID:ROW_35 - 整体结果: FAILED | 详情: CATEGORY不匹配：无交集 - 预期[生物]，实际[健康]
2026-02-26 22:23:07,131 - INFO - CaseID:ROW_36 - CATEGORY字段：交集匹配（{'生物'}），判定通过
2026-02-26 22:23:09,593 - INFO - CaseID:ROW_36 - QUERY字段：基础语义模糊匹配通过
2026-02-26 22:23:09,594 - INFO - CaseID:ROW_36 - TAG字段：有交集（{'植物'}），判定通过
2026-02-26 22:23:09,594 - INFO - CaseID:ROW_36 - 整体结果: PASS | 详情: 所有字段校验通过
2026-02-26 22:23:09,595 - INFO - CaseID:ROW_37 - CATEGORY字段：交集匹配（{'生物'}），判定通过
2026-02-26 22:23:11,960 - INFO - CaseID:ROW_37 - QUERY字段：基础语义模糊匹配通过
2026-02-26 22:23:11,960 - INFO - CaseID:ROW_37 - TAG字段：有交集（{'玉兰树', '高度'}），判定通过
2026-02-26 22:23:11,960 - INFO - CaseID:ROW_37 - 整体结果: PASS | 详情: 所有字段校验通过
2026-02-26 22:23:13,902 - INFO - CaseID:ROW_38 - QUERY字段：基础语义模糊匹配通过
2026-02-26 22:23:13,903 - INFO - CaseID:ROW_38 - TAG字段：有交集（{'冬天', '平均温度', '北方'}），判定通过
2026-02-26 22:23:13,903 - INFO - CaseID:ROW_38 - 整体结果: FAILED | 详情: CATEGORY不匹配：无交集 - 预期[地理]，实际[地理通用]
2026-02-26 22:23:13,903 - INFO - CaseID:ROW_39 - APINAME字段：QASearch↔worthbuy，判定通过
2026-02-26 22:23:13,904 - INFO - CaseID:ROW_39 - CATEGORY字段：标准答案含「其他问答」，模型输出任意值通过
2026-02-26 22:23:15,935 - INFO - CaseID:ROW_39 - QUERY字段：基础语义模糊匹配通过
2026-02-26 22:23:15,936 - INFO - CaseID:ROW_39 - TAG字段：有交集（{'牛仔裤'}），判定通过
2026-02-26 22:23:15,936 - INFO - CaseID:ROW_39 - 整体结果: PASS | 详情: 所有字段校验通过
2026-02-26 22:23:15,936 - INFO - CaseID:ROW_40 - APINAME字段：QASearch↔worthbuy，判定通过
2026-02-26 22:23:15,937 - INFO - CaseID:ROW_40 - CATEGORY字段：标准答案含「其他问答」，模型输出任意值通过
2026-02-26 22:23:17,862 - INFO - CaseID:ROW_40 - QUERY字段：基础语义模糊匹配通过
2026-02-26 22:23:17,863 - INFO - CaseID:ROW_40 - TAG字段：有交集（{'灰色休闲服'}），判定通过
2026-02-26 22:23:17,863 - INFO - CaseID:ROW_40 - 整体结果: PASS | 详情: 所有字段校验通过
2026-02-26 22:23:17,864 - INFO - CaseID:ROW_41 - APINAME字段：QASearch↔worthbuy，判定通过
2026-02-26 22:23:17,864 - INFO - CaseID:ROW_41 - CATEGORY字段：标准答案含「其他问答」，模型输出任意值通过
2026-02-26 22:23:19,591 - INFO - CaseID:ROW_41 - QUERY字段：基础语义模糊匹配通过
2026-02-26 22:23:19,592 - INFO - CaseID:ROW_41 - 整体结果: FAILED | 详情: TAG不匹配：无交集 - 预期[选择外套时&版型重要&材质重要]，实际[选择外套&版型&材质&重要]
2026-02-26 22:23:21,491 - INFO - CaseID:ROW_42 - TAG字段：有交集（{'rocky'}），判定通过
2026-02-26 22:23:21,493 - INFO - CaseID:ROW_42 - 整体结果: FAILED | 详情: CATEGORY不匹配：无交集 - 预期[人物]，实际[影视]; QUERY不匹配：基础语义模糊匹配失败 - 预期[Rocky的中文名字]，实际[汪汪队立大功Rocky的中文名字]
2026-02-26 22:23:23,820 - INFO - CaseID:ROW_43 - QUERY字段：基础语义模糊匹配通过
2026-02-26 22:23:23,821 - INFO - CaseID:ROW_43 - TAG字段：有交集（{'小克', '动画'}），判定通过
2026-02-26 22:23:23,821 - INFO - CaseID:ROW_43 - 整体结果: FAILED | 详情: CATEGORY不匹配：无交集 - 预期[人物]，实际[影视]
2026-02-26 22:23:23,822 - INFO - CaseID:ROW_44 - 整体结果: FAILED | 详情: 模型输出核心字段全为空，判定不通过
2026-02-26 22:23:23,822 - INFO - CaseID:ROW_45 - 整体结果: FAILED | 详情: 模型输出核心字段全为空，判定不通过
2026-02-26 22:23:23,822 - INFO - CaseID:ROW_46 - 整体结果: FAILED | 详情: 模型输出核心字段全为空，判定不通过
2026-02-26 22:23:23,822 - INFO - CaseID:ROW_47 - 整体结果: FAILED | 详情: 模型输出核心字段全为空，判定不通过
2026-02-26 22:23:23,823 - INFO - CaseID:ROW_48 - 整体结果: FAILED | 详情: 模型输出核心字段全为空，判定不通过
2026-02-26 22:23:23,823 - INFO - CaseID:ROW_49 - 整体结果: FAILED | 详情: 模型输出核心字段全为空，判定不通过
2026-02-26 22:23:23,823 - INFO - CaseID:ROW_50 - 整体结果: FAILED | 详情: 模型输出核心字段全为空，判定不通过
2026-02-26 22:23:23,823 - INFO - CaseID:ROW_51 - 整体结果: FAILED | 详情: 模型输出核心字段全为空，判定不通过
2026-02-26 22:23:23,824 - INFO - CaseID:ROW_52 - 整体结果: FAILED | 详情: 模型输出核心字段全为空，判定不通过
2026-02-26 22:23:23,824 - INFO - CaseID:ROW_53 - 整体结果: FAILED | 详情: 模型输出核心字段全为空，判定不通过
2026-02-26 22:23:23,824 - INFO - CaseID:ROW_54 - 整体结果: FAILED | 详情: 模型输出核心字段全为空，判定不通过
2026-02-26 22:23:23,824 - INFO - CaseID:ROW_55 - 整体结果: FAILED | 详情: 模型输出核心字段全为空，判定不通过
2026-02-26 22:23:23,824 - INFO - CaseID:ROW_56 - 整体结果: FAILED | 详情: 模型输出核心字段全为空，判定不通过
2026-02-26 22:23:23,825 - INFO - CaseID:ROW_57 - 整体结果: FAILED | 详情: 模型输出核心字段全为空，判定不通过
2026-02-26 22:23:23,825 - INFO - CaseID:ROW_58 - 整体结果: FAILED | 详情: 模型输出核心字段全为空，判定不通过
2026-02-26 22:23:23,825 - INFO - CaseID:ROW_59 - 整体结果: FAILED | 详情: 模型输出核心字段全为空，判定不通过
2026-02-26 22:23:23,825 - INFO - CaseID:ROW_60 - 整体结果: FAILED | 详情: 模型输出核心字段全为空，判定不通过
2026-02-26 22:23:23,825 - INFO - CaseID:ROW_61 - 整体结果: FAILED | 详情: 模型输出核心字段全为空，判定不通过
2026-02-26 22:23:23,826 - INFO - CaseID:ROW_62 - 整体结果: FAILED | 详情: 模型输出核心字段全为空，判定不通过
2026-02-26 22:23:23,826 - INFO - CaseID:ROW_63 - 整体结果: FAILED | 详情: 模型输出核心字段全为空，判定不通过
2026-02-26 22:23:23,826 - INFO - CaseID:ROW_64 - 整体结果: FAILED | 详情: 模型输出核心字段全为空，判定不通过
2026-02-26 22:23:23,826 - INFO - CaseID:ROW_65 - 整体结果: FAILED | 详情: 模型输出核心字段全为空，判定不通过
2026-02-26 22:23:23,826 - INFO - CaseID:ROW_66 - 整体结果: FAILED | 详情: 模型输出核心字段全为空，判定不通过
2026-02-26 22:23:23,826 - INFO - CaseID:ROW_67 - 整体结果: FAILED | 详情: 模型输出核心字段全为空，判定不通过
2026-02-26 22:23:23,827 - INFO - CaseID:ROW_68 - 整体结果: FAILED | 详情: 模型输出核心字段全为空，判定不通过
2026-02-26 22:23:23,827 - INFO - CaseID:ROW_69 - 整体结果: FAILED | 详情: 模型输出核心字段全为空，判定不通过
2026-02-26 22:23:23,827 - INFO - CaseID:ROW_70 - 整体结果: FAILED | 详情: 模型输出核心字段全为空，判定不通过
2026-02-26 22:23:23,827 - INFO - CaseID:ROW_71 - 整体结果: FAILED | 详情: 模型输出核心字段全为空，判定不通过
2026-02-26 22:23:23,827 - INFO - CaseID:ROW_72 - 整体结果: FAILED | 详情: 模型输出核心字段全为空，判定不通过
2026-02-26 22:23:23,827 - INFO - CaseID:ROW_73 - 整体结果: FAILED | 详情: 模型输出核心字段全为空，判定不通过
2026-02-26 22:23:23,828 - INFO - CaseID:ROW_74 - 整体结果: FAILED | 详情: 模型输出核心字段全为空，判定不通过
2026-02-26 22:23:23,828 - INFO - CaseID:ROW_75 - 整体结果: FAILED | 详情: 模型输出核心字段全为空，判定不通过
2026-02-26 22:23:23,828 - INFO - CaseID:ROW_76 - 整体结果: FAILED | 详情: 模型输出核心字段全为空，判定不通过
2026-02-26 22:23:23,828 - INFO - CaseID:ROW_77 - 整体结果: FAILED | 详情: 模型输出核心字段全为空，判定不通过
2026-02-26 22:23:23,829 - INFO - CaseID:ROW_78 - 整体结果: FAILED | 详情: 模型输出核心字段全为空，判定不通过
2026-02-26 22:23:23,829 - INFO - CaseID:ROW_79 - 整体结果: FAILED | 详情: 模型输出核心字段全为空，判定不通过
2026-02-26 22:23:23,829 - INFO - CaseID:ROW_80 - 整体结果: FAILED | 详情: 模型输出核心字段全为空，判定不通过
2026-02-26 22:23:23,829 - INFO - CaseID:ROW_81 - 整体结果: FAILED | 详情: 模型输出核心字段全为空，判定不通过
2026-02-26 22:23:23,829 - INFO - CaseID:ROW_82 - 整体结果: FAILED | 详情: 模型输出核心字段全为空，判定不通过
2026-02-26 22:23:23,829 - INFO - CaseID:ROW_83 - 整体结果: FAILED | 详情: 模型输出核心字段全为空，判定不通过
2026-02-26 22:23:23,830 - INFO - CaseID:ROW_84 - 整体结果: FAILED | 详情: 模型输出核心字段全为空，判定不通过
2026-02-26 22:23:23,830 - INFO - CaseID:ROW_85 - 整体结果: FAILED | 详情: 模型输出核心字段全为空，判定不通过
2026-02-26 22:23:23,830 - INFO - CaseID:ROW_86 - 整体结果: FAILED | 详情: 模型输出核心字段全为空，判定不通过
2026-02-26 22:23:23,830 - INFO - CaseID:ROW_87 - 整体结果: FAILED | 详情: 模型输出核心字段全为空，判定不通过
2026-02-26 22:23:23,830 - INFO - CaseID:ROW_88 - 整体结果: FAILED | 详情: 模型输出核心字段全为空，判定不通过
2026-02-26 22:23:23,830 - INFO - CaseID:ROW_89 - 整体结果: FAILED | 详情: 模型输出核心字段全为空，判定不通过
2026-02-26 22:23:23,830 - INFO - CaseID:ROW_90 - 整体结果: FAILED | 详情: 模型输出核心字段全为空，判定不通过
2026-02-26 22:23:23,830 - INFO - CaseID:ROW_91 - 整体结果: FAILED | 详情: 模型输出核心字段全为空，判定不通过
2026-02-26 22:23:23,830 - INFO - CaseID:ROW_92 - 整体结果: FAILED | 详情: 模型输出核心字段全为空，判定不通过
2026-02-26 22:23:23,831 - INFO - CaseID:ROW_93 - 整体结果: FAILED | 详情: 模型输出核心字段全为空，判定不通过
2026-02-26 22:23:23,831 - INFO - CaseID:ROW_94 - 整体结果: FAILED | 详情: 模型输出核心字段全为空，判定不通过
2026-02-26 22:23:23,831 - INFO - CaseID:ROW_95 - 整体结果: FAILED | 详情: 模型输出核心字段全为空，判定不通过
2026-02-26 22:23:23,831 - INFO - CaseID:ROW_96 - 整体结果: FAILED | 详情: 模型输出核心字段全为空，判定不通过
2026-02-26 22:23:23,831 - INFO - CaseID:ROW_97 - 整体结果: FAILED | 详情: 模型输出核心字段全为空，判定不通过
2026-02-26 22:23:23,831 - INFO - CaseID:ROW_98 - 整体结果: FAILED | 详情: 模型输出核心字段全为空，判定不通过
2026-02-26 22:23:23,831 - INFO - CaseID:ROW_99 - 整体结果: FAILED | 详情: 模型输出核心字段全为空，判定不通过
2026-02-26 22:23:23,831 - INFO - CaseID:ROW_100 - 整体结果: FAILED | 详情: 模型输出核心字段全为空，判定不通过
2026-02-26 22:23:23,831 - INFO - 已处理100行，休眠5秒降低压力...
2026-02-26 22:23:28,837 - INFO - CaseID:ROW_101 - 整体结果: FAILED | 详情: 模型输出核心字段全为空，判定不通过
2026-02-26 22:23:28,838 - INFO - CaseID:ROW_102 - 整体结果: FAILED | 详情: 模型输出核心字段全为空，判定不通过
2026-02-26 22:23:28,838 - INFO - CaseID:ROW_103 - 整体结果: FAILED | 详情: 模型输出核心字段全为空，判定不通过
2026-02-26 22:23:28,838 - INFO - CaseID:ROW_104 - 整体结果: FAILED | 详情: 模型输出核心字段全为空，判定不通过
2026-02-26 22:23:28,839 - INFO - CaseID:ROW_105 - 整体结果: FAILED | 详情: 模型输出核心字段全为空，判定不通过
2026-02-26 22:23:28,839 - INFO - CaseID:ROW_106 - 整体结果: FAILED | 详情: 模型输出核心字段全为空，判定不通过
2026-02-26 22:23:28,839 - INFO - CaseID:ROW_107 - 整体结果: FAILED | 详情: 模型输出核心字段全为空，判定不通过
2026-02-26 22:23:28,839 - INFO - CaseID:ROW_108 - 整体结果: FAILED | 详情: 模型输出核心字段全为空，判定不通过
2026-02-26 22:23:28,840 - INFO - CaseID:ROW_109 - 整体结果: FAILED | 详情: 模型输出核心字段全为空，判定不通过
2026-02-26 22:23:28,840 - INFO - CaseID:ROW_110 - 整体结果: FAILED | 详情: 模型输出核心字段全为空，判定不通过
2026-02-26 22:23:28,840 - INFO - CaseID:ROW_111 - 整体结果: FAILED | 详情: 模型输出核心字段全为空，判定不通过
2026-02-26 22:23:28,840 - INFO - CaseID:ROW_112 - 整体结果: FAILED | 详情: 模型输出核心字段全为空，判定不通过
2026-02-26 22:23:28,841 - INFO - CaseID:ROW_113 - 整体结果: FAILED | 详情: 模型输出核心字段全为空，判定不通过
2026-02-26 22:23:28,841 - INFO - CaseID:ROW_114 - 整体结果: FAILED | 详情: 模型输出核心字段全为空，判定不通过
2026-02-26 22:23:28,841 - INFO - CaseID:ROW_115 - 整体结果: FAILED | 详情: 模型输出核心字段全为空，判定不通过
2026-02-26 22:23:28,841 - INFO - CaseID:ROW_116 - 整体结果: FAILED | 详情: 模型输出核心字段全为空，判定不通过
2026-02-26 22:23:28,842 - INFO - CaseID:ROW_117 - 整体结果: FAILED | 详情: 模型输出核心字段全为空，判定不通过
2026-02-26 22:23:28,842 - INFO - CaseID:ROW_118 - 整体结果: FAILED | 详情: 模型输出核心字段全为空，判定不通过
2026-02-26 22:23:28,842 - INFO - CaseID:ROW_119 - 整体结果: FAILED | 详情: 模型输出核心字段全为空，判定不通过
2026-02-26 22:23:28,842 - INFO - CaseID:ROW_120 - 整体结果: FAILED | 详情: 模型输出核心字段全为空，判定不通过
2026-02-26 22:23:28,842 - INFO - CaseID:ROW_121 - 整体结果: FAILED | 详情: 模型输出核心字段全为空，判定不通过
2026-02-26 22:23:28,842 - INFO - CaseID:ROW_122 - 整体结果: FAILED | 详情: 模型输出核心字段全为空，判定不通过
2026-02-26 22:23:28,843 - INFO - CaseID:ROW_123 - 整体结果: FAILED | 详情: 模型输出核心字段全为空，判定不通过
2026-02-26 22:23:28,843 - INFO - CaseID:ROW_124 - 整体结果: FAILED | 详情: 模型输出核心字段全为空，判定不通过
2026-02-26 22:23:28,843 - INFO - CaseID:ROW_125 - 整体结果: FAILED | 详情: 模型输出核心字段全为空，判定不通过
2026-02-26 22:23:28,843 - INFO - CaseID:ROW_126 - 整体结果: FAILED | 详情: 模型输出核心字段全为空，判定不通过
2026-02-26 22:23:28,843 - INFO - CaseID:ROW_127 - 整体结果: FAILED | 详情: 模型输出核心字段全为空，判定不通过
2026-02-26 22:23:28,843 - INFO - CaseID:ROW_128 - 整体结果: FAILED | 详情: 模型输出核心字段全为空，判定不通过
2026-02-26 22:23:28,844 - INFO - CaseID:ROW_129 - 整体结果: FAILED | 详情: 模型输出核心字段全为空，判定不通过
2026-02-26 22:23:28,844 - INFO - CaseID:ROW_130 - 整体结果: FAILED | 详情: 模型输出核心字段全为空，判定不通过
2026-02-26 22:23:28,844 - INFO - CaseID:ROW_131 - 整体结果: FAILED | 详情: 模型输出核心字段全为空，判定不通过
2026-02-26 22:23:28,844 - INFO - CaseID:ROW_132 - 整体结果: FAILED | 详情: 模型输出核心字段全为空，判定不通过
2026-02-26 22:23:28,845 - INFO - CaseID:ROW_133 - 整体结果: FAILED | 详情: 模型输出核心字段全为空，判定不通过
2026-02-26 22:23:28,845 - INFO - CaseID:ROW_134 - 整体结果: FAILED | 详情: 模型输出核心字段全为空，判定不通过
2026-02-26 22:23:28,845 - INFO - CaseID:ROW_135 - 整体结果: FAILED | 详情: 模型输出核心字段全为空，判定不通过
2026-02-26 22:23:28,845 - INFO - CaseID:ROW_136 - 整体结果: FAILED | 详情: 模型输出核心字段全为空，判定不通过
2026-02-26 22:23:28,845 - INFO - CaseID:ROW_137 - 整体结果: FAILED | 详情: 模型输出核心字段全为空，判定不通过
2026-02-26 22:23:28,846 - INFO - CaseID:ROW_138 - 整体结果: FAILED | 详情: 模型输出核心字段全为空，判定不通过
2026-02-26 22:23:28,846 - INFO - CaseID:ROW_139 - 整体结果: FAILED | 详情: 模型输出核心字段全为空，判定不通过
2026-02-26 22:23:28,846 - INFO - CaseID:ROW_140 - 整体结果: FAILED | 详情: 模型输出核心字段全为空，判定不通过
2026-02-26 22:23:28,846 - INFO - CaseID:ROW_141 - 整体结果: FAILED | 详情: 模型输出核心字段全为空，判定不通过
2026-02-26 22:23:28,846 - INFO - CaseID:ROW_142 - 整体结果: FAILED | 详情: 模型输出核心字段全为空，判定不通过
2026-02-26 22:23:28,846 - INFO - CaseID:ROW_143 - 整体结果: FAILED | 详情: 模型输出核心字段全为空，判定不通过
2026-02-26 22:23:28,846 - INFO - CaseID:ROW_144 - 整体结果: FAILED | 详情: 模型输出核心字段全为空，判定不通过
2026-02-26 22:23:28,846 - INFO - CaseID:ROW_145 - 整体结果: FAILED | 详情: 模型输出核心字段全为空，判定不通过
2026-02-26 22:23:28,846 - INFO - CaseID:ROW_146 - 整体结果: FAILED | 详情: 模型输出核心字段全为空，判定不通过
2026-02-26 22:23:28,847 - INFO - CaseID:ROW_147 - 整体结果: FAILED | 详情: 模型输出核心字段全为空，判定不通过
2026-02-26 22:23:28,847 - INFO - CaseID:ROW_148 - 整体结果: FAILED | 详情: 模型输出核心字段全为空，判定不通过
2026-02-26 22:23:28,847 - INFO - CaseID:ROW_149 - 整体结果: FAILED | 详情: 模型输出核心字段全为空，判定不通过
2026-02-26 22:23:28,847 - INFO - CaseID:ROW_150 - 整体结果: FAILED | 详情: 模型输出核心字段全为空，判定不通过
2026-02-26 22:23:28,847 - INFO - CaseID:ROW_151 - 整体结果: FAILED | 详情: 模型输出核心字段全为空，判定不通过
2026-02-26 22:23:28,847 - INFO - CaseID:ROW_152 - 整体结果: FAILED | 详情: 模型输出核心字段全为空，判定不通过
2026-02-26 22:23:28,847 - INFO - CaseID:ROW_153 - 整体结果: FAILED | 详情: 模型输出核心字段全为空，判定不通过
2026-02-26 22:23:28,847 - INFO - CaseID:ROW_154 - 整体结果: FAILED | 详情: 模型输出核心字段全为空，判定不通过
2026-02-26 22:23:28,847 - INFO - CaseID:ROW_155 - 整体结果: FAILED | 详情: 模型输出核心字段全为空，判定不通过
2026-02-26 22:23:28,848 - INFO - CaseID:ROW_156 - 整体结果: FAILED | 详情: 模型输出核心字段全为空，判定不通过
2026-02-26 22:23:28,848 - INFO - CaseID:ROW_157 - 整体结果: FAILED | 详情: 模型输出核心字段全为空，判定不通过
2026-02-26 22:23:28,848 - INFO - CaseID:ROW_158 - 整体结果: FAILED | 详情: 模型输出核心字段全为空，判定不通过
2026-02-26 22:23:28,848 - INFO - CaseID:ROW_159 - 整体结果: FAILED | 详情: 模型输出核心字段全为空，判定不通过
2026-02-26 22:23:28,848 - INFO - CaseID:ROW_160 - 整体结果: FAILED | 详情: 模型输出核心字段全为空，判定不通过
2026-02-26 22:23:28,848 - INFO - CaseID:ROW_161 - 整体结果: FAILED | 详情: 模型输出核心字段全为空，判定不通过
2026-02-26 22:23:28,848 - INFO - CaseID:ROW_162 - 整体结果: FAILED | 详情: 模型输出核心字段全为空，判定不通过
2026-02-26 22:23:28,848 - INFO - CaseID:ROW_163 - 整体结果: FAILED | 详情: 模型输出核心字段全为空，判定不通过
2026-02-26 22:23:28,848 - INFO - CaseID:ROW_164 - 整体结果: FAILED | 详情: 模型输出核心字段全为空，判定不通过
2026-02-26 22:23:28,848 - INFO - CaseID:ROW_165 - 整体结果: FAILED | 详情: 模型输出核心字段全为空，判定不通过
2026-02-26 22:23:28,849 - INFO - CaseID:ROW_166 - 整体结果: FAILED | 详情: 模型输出核心字段全为空，判定不通过
2026-02-26 22:23:28,849 - INFO - CaseID:ROW_167 - 整体结果: FAILED | 详情: 模型输出核心字段全为空，判定不通过
2026-02-26 22:23:28,849 - INFO - CaseID:ROW_168 - 整体结果: FAILED | 详情: 模型输出核心字段全为空，判定不通过
2026-02-26 22:23:28,849 - INFO - CaseID:ROW_169 - 整体结果: FAILED | 详情: 模型输出核心字段全为空，判定不通过
2026-02-26 22:23:28,849 - INFO - CaseID:ROW_170 - 整体结果: FAILED | 详情: 模型输出核心字段全为空，判定不通过
2026-02-26 22:23:28,849 - INFO - CaseID:ROW_171 - 整体结果: FAILED | 详情: 模型输出核心字段全为空，判定不通过
2026-02-26 22:23:28,849 - INFO - CaseID:ROW_172 - 整体结果: FAILED | 详情: 模型输出核心字段全为空，判定不通过
2026-02-26 22:23:28,849 - INFO - CaseID:ROW_173 - 整体结果: FAILED | 详情: 模型输出核心字段全为空，判定不通过
2026-02-26 22:23:28,849 - INFO - CaseID:ROW_174 - 整体结果: FAILED | 详情: 模型输出核心字段全为空，判定不通过
2026-02-26 22:23:28,849 - INFO - CaseID:ROW_175 - 整体结果: FAILED | 详情: 模型输出核心字段全为空，判定不通过
2026-02-26 22:23:28,850 - INFO - CaseID:ROW_176 - 整体结果: FAILED | 详情: 模型输出核心字段全为空，判定不通过
2026-02-26 22:23:28,850 - INFO - CaseID:ROW_177 - 整体结果: FAILED | 详情: 模型输出核心字段全为空，判定不通过
2026-02-26 22:23:28,850 - INFO - CaseID:ROW_178 - 整体结果: FAILED | 详情: 模型输出核心字段全为空，判定不通过
2026-02-26 22:23:28,850 - INFO - CaseID:ROW_179 - 整体结果: FAILED | 详情: 模型输出核心字段全为空，判定不通过
2026-02-26 22:23:28,850 - INFO - CaseID:ROW_180 - 整体结果: FAILED | 详情: 模型输出核心字段全为空，判定不通过
2026-02-26 22:23:28,850 - INFO - CaseID:ROW_181 - 整体结果: FAILED | 详情: 模型输出核心字段全为空，判定不通过
2026-02-26 22:23:28,850 - INFO - CaseID:ROW_182 - 整体结果: FAILED | 详情: 模型输出核心字段全为空，判定不通过
2026-02-26 22:23:28,850 - INFO - CaseID:ROW_183 - 整体结果: FAILED | 详情: 模型输出核心字段全为空，判定不通过
2026-02-26 22:23:28,850 - INFO - CaseID:ROW_184 - 整体结果: FAILED | 详情: 模型输出核心字段全为空，判定不通过
2026-02-26 22:23:28,851 - INFO - CaseID:ROW_185 - 整体结果: FAILED | 详情: 模型输出核心字段全为空，判定不通过
2026-02-26 22:23:28,851 - INFO - CaseID:ROW_186 - 整体结果: FAILED | 详情: 模型输出核心字段全为空，判定不通过
2026-02-26 22:23:28,851 - INFO - CaseID:ROW_187 - 整体结果: FAILED | 详情: 模型输出核心字段全为空，判定不通过
2026-02-26 22:23:28,851 - INFO - CaseID:ROW_188 - 整体结果: FAILED | 详情: 模型输出核心字段全为空，判定不通过
2026-02-26 22:23:28,851 - INFO - CaseID:ROW_189 - 整体结果: FAILED | 详情: 模型输出核心字段全为空，判定不通过
2026-02-26 22:23:28,851 - INFO - CaseID:ROW_190 - 整体结果: FAILED | 详情: 模型输出核心字段全为空，判定不通过
2026-02-26 22:23:28,851 - INFO - CaseID:ROW_191 - 整体结果: FAILED | 详情: 模型输出核心字段全为空，判定不通过
2026-02-26 22:23:28,851 - INFO - CaseID:ROW_192 - 整体结果: FAILED | 详情: 模型输出核心字段全为空，判定不通过
2026-02-26 22:23:28,851 - INFO - CaseID:ROW_193 - 整体结果: FAILED | 详情: 模型输出核心字段全为空，判定不通过
2026-02-26 22:23:28,851 - INFO - CaseID:ROW_194 - 整体结果: FAILED | 详情: 模型输出核心字段全为空，判定不通过
2026-02-26 22:23:28,852 - INFO - CaseID:ROW_195 - 整体结果: FAILED | 详情: 模型输出核心字段全为空，判定不通过
2026-02-26 22:23:28,852 - INFO - CaseID:ROW_196 - 整体结果: FAILED | 详情: 模型输出核心字段全为空，判定不通过
2026-02-26 22:23:28,852 - INFO - CaseID:ROW_197 - 整体结果: FAILED | 详情: 模型输出核心字段全为空，判定不通过
2026-02-26 22:23:28,852 - INFO - CaseID:ROW_198 - 整体结果: FAILED | 详情: 模型输出核心字段全为空，判定不通过
2026-02-26 22:23:28,852 - INFO - CaseID:ROW_199 - 整体结果: FAILED | 详情: 模型输出核心字段全为空，判定不通过
2026-02-26 22:23:28,852 - INFO - CaseID:ROW_200 - 整体结果: FAILED | 详情: 模型输出核心字段全为空，判定不通过
2026-02-26 22:23:28,852 - INFO - 已处理200行，休眠5秒降低压力...
2026-02-26 22:23:33,858 - INFO - CaseID:ROW_201 - 整体结果: FAILED | 详情: 模型输出核心字段全为空，判定不通过
2026-02-26 22:23:33,858 - INFO - 已处理200条用例，当前通过数：25
2026-02-26 22:23:33,859 - INFO - CaseID:ROW_202 - 整体结果: FAILED | 详情: 模型输出核心字段全为空，判定不通过
2026-02-26 22:23:33,859 - INFO - CaseID:ROW_203 - 整体结果: FAILED | 详情: 模型输出核心字段全为空，判定不通过
2026-02-26 22:23:33,860 - INFO - CaseID:ROW_204 - 整体结果: FAILED | 详情: 模型输出核心字段全为空，判定不通过
2026-02-26 22:23:33,860 - INFO - CaseID:ROW_205 - 整体结果: FAILED | 详情: 模型输出核心字段全为空，判定不通过
2026-02-26 22:23:33,860 - INFO - CaseID:ROW_206 - 整体结果: FAILED | 详情: 模型输出核心字段全为空，判定不通过
2026-02-26 22:23:33,860 - INFO - CaseID:ROW_207 - 整体结果: FAILED | 详情: 模型输出核心字段全为空，判定不通过
2026-02-26 22:23:33,860 - INFO - CaseID:ROW_208 - 整体结果: FAILED | 详情: 模型输出核心字段全为空，判定不通过
2026-02-26 22:23:33,861 - INFO - CaseID:ROW_209 - 整体结果: FAILED | 详情: 模型输出核心字段全为空，判定不通过
2026-02-26 22:23:33,861 - INFO - CaseID:ROW_210 - 整体结果: FAILED | 详情: 模型输出核心字段全为空，判定不通过
2026-02-26 22:23:33,861 - INFO - CaseID:ROW_211 - 整体结果: FAILED | 详情: 模型输出核心字段全为空，判定不通过
2026-02-26 22:23:33,861 - INFO - CaseID:ROW_212 - 整体结果: FAILED | 详情: 模型输出核心字段全为空，判定不通过
2026-02-26 22:23:33,861 - INFO - CaseID:ROW_213 - 整体结果: FAILED | 详情: 模型输出核心字段全为空，判定不通过
2026-02-26 22:23:33,862 - INFO - CaseID:ROW_214 - 整体结果: FAILED | 详情: 模型输出核心字段全为空，判定不通过
2026-02-26 22:23:33,862 - INFO - CaseID:ROW_215 - 整体结果: FAILED | 详情: 模型输出核心字段全为空，判定不通过
2026-02-26 22:23:33,862 - INFO - CaseID:ROW_216 - 整体结果: FAILED | 详情: 模型输出核心字段全为空，判定不通过
2026-02-26 22:23:33,862 - INFO - CaseID:ROW_217 - 整体结果: FAILED | 详情: 模型输出核心字段全为空，判定不通过
2026-02-26 22:23:33,863 - INFO - CaseID:ROW_218 - 整体结果: FAILED | 详情: 模型输出核心字段全为空，判定不通过
2026-02-26 22:23:33,863 - INFO - CaseID:ROW_219 - 整体结果: FAILED | 详情: 模型输出核心字段全为空，判定不通过
2026-02-26 22:23:33,863 - INFO - CaseID:ROW_220 - 整体结果: FAILED | 详情: 模型输出核心字段全为空，判定不通过
2026-02-26 22:23:33,863 - INFO - CaseID:ROW_221 - 整体结果: FAILED | 详情: 模型输出核心字段全为空，判定不通过
2026-02-26 22:23:33,863 - INFO - CaseID:ROW_222 - 整体结果: FAILED | 详情: 模型输出核心字段全为空，判定不通过
2026-02-26 22:23:33,864 - INFO - CaseID:ROW_223 - 整体结果: FAILED | 详情: 模型输出核心字段全为空，判定不通过
2026-02-26 22:23:33,864 - INFO - CaseID:ROW_224 - 整体结果: FAILED | 详情: 模型输出核心字段全为空，判定不通过
2026-02-26 22:23:33,864 - INFO - CaseID:ROW_225 - 整体结果: FAILED | 详情: 模型输出核心字段全为空，判定不通过
2026-02-26 22:23:33,864 - INFO - CaseID:ROW_226 - 整体结果: FAILED | 详情: 模型输出核心字段全为空，判定不通过
2026-02-26 22:23:33,865 - INFO - CaseID:ROW_227 - 整体结果: FAILED | 详情: 模型输出核心字段全为空，判定不通过
2026-02-26 22:23:33,865 - INFO - CaseID:ROW_228 - 整体结果: FAILED | 详情: 模型输出核心字段全为空，判定不通过
2026-02-26 22:23:33,865 - INFO - CaseID:ROW_229 - 整体结果: FAILED | 详情: 模型输出核心字段全为空，判定不通过
2026-02-26 22:23:33,865 - INFO - CaseID:ROW_230 - 整体结果: FAILED | 详情: 模型输出核心字段全为空，判定不通过
2026-02-26 22:23:33,865 - INFO - CaseID:ROW_231 - 整体结果: FAILED | 详情: 模型输出核心字段全为空，判定不通过
2026-02-26 22:23:33,865 - INFO - CaseID:ROW_232 - 整体结果: FAILED | 详情: 模型输出核心字段全为空，判定不通过
2026-02-26 22:23:33,865 - INFO - CaseID:ROW_233 - 整体结果: FAILED | 详情: 模型输出核心字段全为空，判定不通过
2026-02-26 22:23:33,866 - INFO - CaseID:ROW_234 - 整体结果: FAILED | 详情: 模型输出核心字段全为空，判定不通过
2026-02-26 22:23:33,866 - INFO - CaseID:ROW_235 - 整体结果: FAILED | 详情: 模型输出核心字段全为空，判定不通过
2026-02-26 22:23:33,866 - INFO - CaseID:ROW_236 - 整体结果: FAILED | 详情: 模型输出核心字段全为空，判定不通过
2026-02-26 22:23:33,866 - INFO - CaseID:ROW_237 - 整体结果: FAILED | 详情: 模型输出核心字段全为空，判定不通过
2026-02-26 22:23:33,866 - INFO - CaseID:ROW_238 - 整体结果: FAILED | 详情: 模型输出核心字段全为空，判定不通过
2026-02-26 22:23:33,866 - INFO - CaseID:ROW_239 - 整体结果: FAILED | 详情: 模型输出核心字段全为空，判定不通过
2026-02-26 22:23:33,866 - INFO - CaseID:ROW_240 - 整体结果: FAILED | 详情: 模型输出核心字段全为空，判定不通过
2026-02-26 22:23:33,867 - INFO - CaseID:ROW_241 - 整体结果: FAILED | 详情: 模型输出核心字段全为空，判定不通过
2026-02-26 22:23:33,867 - INFO - CaseID:ROW_242 - 整体结果: FAILED | 详情: 模型输出核心字段全为空，判定不通过
2026-02-26 22:23:33,867 - INFO - CaseID:ROW_243 - 整体结果: FAILED | 详情: 模型输出核心字段全为空，判定不通过
2026-02-26 22:23:33,867 - INFO - CaseID:ROW_244 - 整体结果: FAILED | 详情: 模型输出核心字段全为空，判定不通过
2026-02-26 22:23:33,867 - INFO - CaseID:ROW_245 - 整体结果: FAILED | 详情: 模型输出核心字段全为空，判定不通过
2026-02-26 22:23:33,867 - INFO - CaseID:ROW_246 - 整体结果: FAILED | 详情: 模型输出核心字段全为空，判定不通过
2026-02-26 22:23:33,867 - INFO - CaseID:ROW_247 - 整体结果: FAILED | 详情: 模型输出核心字段全为空，判定不通过
2026-02-26 22:23:33,868 - INFO - CaseID:ROW_248 - 整体结果: FAILED | 详情: 模型输出核心字段全为空，判定不通过
2026-02-26 22:23:33,868 - INFO - CaseID:ROW_249 - 整体结果: FAILED | 详情: 模型输出核心字段全为空，判定不通过
2026-02-26 22:23:33,868 - INFO - CaseID:ROW_250 - 整体结果: FAILED | 详情: 模型输出核心字段全为空，判定不通过
2026-02-26 22:23:33,868 - INFO - CaseID:ROW_251 - 整体结果: FAILED | 详情: 模型输出核心字段全为空，判定不通过
2026-02-26 22:23:33,868 - INFO - CaseID:ROW_252 - 整体结果: FAILED | 详情: 模型输出核心字段全为空，判定不通过
2026-02-26 22:23:33,868 - INFO - CaseID:ROW_253 - 整体结果: FAILED | 详情: 模型输出核心字段全为空，判定不通过
2026-02-26 22:23:33,868 - INFO - CaseID:ROW_254 - 整体结果: FAILED | 详情: 模型输出核心字段全为空，判定不通过
2026-02-26 22:23:33,868 - INFO - CaseID:ROW_255 - 整体结果: FAILED | 详情: 模型输出核心字段全为空，判定不通过
2026-02-26 22:23:33,869 - INFO - CaseID:ROW_256 - 整体结果: FAILED | 详情: 模型输出核心字段全为空，判定不通过
2026-02-26 22:23:33,869 - INFO - CaseID:ROW_257 - 整体结果: FAILED | 详情: 模型输出核心字段全为空，判定不通过
2026-02-26 22:23:33,869 - INFO - CaseID:ROW_258 - 整体结果: FAILED | 详情: 模型输出核心字段全为空，判定不通过
2026-02-26 22:23:33,869 - INFO - CaseID:ROW_259 - 整体结果: FAILED | 详情: 模型输出核心字段全为空，判定不通过
2026-02-26 22:23:33,869 - INFO - CaseID:ROW_260 - 整体结果: FAILED | 详情: 模型输出核心字段全为空，判定不通过
2026-02-26 22:23:33,869 - INFO - CaseID:ROW_261 - 整体结果: FAILED | 详情: 模型输出核心字段全为空，判定不通过
2026-02-26 22:23:33,869 - INFO - CaseID:ROW_262 - 整体结果: FAILED | 详情: 模型输出核心字段全为空，判定不通过
2026-02-26 22:23:33,869 - INFO - CaseID:ROW_263 - 整体结果: FAILED | 详情: 模型输出核心字段全为空，判定不通过
2026-02-26 22:23:33,869 - INFO - CaseID:ROW_264 - 整体结果: FAILED | 详情: 模型输出核心字段全为空，判定不通过
2026-02-26 22:23:33,870 - INFO - CaseID:ROW_265 - 整体结果: FAILED | 详情: 模型输出核心字段全为空，判定不通过
2026-02-26 22:23:33,870 - INFO - CaseID:ROW_266 - 整体结果: FAILED | 详情: 模型输出核心字段全为空，判定不通过
2026-02-26 22:23:33,870 - INFO - CaseID:ROW_267 - 整体结果: FAILED | 详情: 模型输出核心字段全为空，判定不通过
2026-02-26 22:23:33,870 - INFO - CaseID:ROW_268 - 整体结果: FAILED | 详情: 模型输出核心字段全为空，判定不通过
2026-02-26 22:23:33,870 - INFO - CaseID:ROW_269 - 整体结果: FAILED | 详情: 模型输出核心字段全为空，判定不通过
2026-02-26 22:23:33,870 - INFO - CaseID:ROW_270 - 整体结果: FAILED | 详情: 模型输出核心字段全为空，判定不通过
2026-02-26 22:23:33,870 - INFO - CaseID:ROW_271 - 整体结果: FAILED | 详情: 模型输出核心字段全为空，判定不通过
2026-02-26 22:23:33,870 - INFO - CaseID:ROW_272 - 整体结果: FAILED | 详情: 模型输出核心字段全为空，判定不通过
2026-02-26 22:23:33,870 - INFO - CaseID:ROW_273 - 整体结果: FAILED | 详情: 模型输出核心字段全为空，判定不通过
2026-02-26 22:23:33,870 - INFO - CaseID:ROW_274 - 整体结果: FAILED | 详情: 模型输出核心字段全为空，判定不通过
2026-02-26 22:23:33,871 - INFO - CaseID:ROW_275 - 整体结果: FAILED | 详情: 模型输出核心字段全为空，判定不通过
2026-02-26 22:23:33,871 - INFO - CaseID:ROW_276 - 整体结果: FAILED | 详情: 模型输出核心字段全为空，判定不通过
2026-02-26 22:23:33,871 - INFO - CaseID:ROW_277 - 整体结果: FAILED | 详情: 模型输出核心字段全为空，判定不通过
2026-02-26 22:23:33,871 - INFO - CaseID:ROW_278 - 整体结果: FAILED | 详情: 模型输出核心字段全为空，判定不通过
2026-02-26 22:23:33,871 - INFO - CaseID:ROW_279 - 整体结果: FAILED | 详情: 模型输出核心字段全为空，判定不通过
2026-02-26 22:23:33,871 - INFO - CaseID:ROW_280 - 整体结果: FAILED | 详情: 模型输出核心字段全为空，判定不通过
2026-02-26 22:23:33,871 - INFO - CaseID:ROW_281 - 整体结果: FAILED | 详情: 模型输出核心字段全为空，判定不通过
2026-02-26 22:23:33,871 - INFO - CaseID:ROW_282 - 整体结果: FAILED | 详情: 模型输出核心字段全为空，判定不通过
2026-02-26 22:23:33,871 - INFO - CaseID:ROW_283 - 整体结果: FAILED | 详情: 模型输出核心字段全为空，判定不通过
2026-02-26 22:23:33,872 - INFO - CaseID:ROW_284 - 整体结果: FAILED | 详情: 模型输出核心字段全为空，判定不通过
2026-02-26 22:23:33,872 - INFO - CaseID:ROW_285 - 整体结果: FAILED | 详情: 模型输出核心字段全为空，判定不通过
2026-02-26 22:23:33,872 - INFO - CaseID:ROW_286 - 整体结果: FAILED | 详情: 模型输出核心字段全为空，判定不通过
2026-02-26 22:23:33,872 - INFO - CaseID:ROW_287 - 整体结果: FAILED | 详情: 模型输出核心字段全为空，判定不通过
2026-02-26 22:23:33,872 - INFO - CaseID:ROW_288 - 整体结果: FAILED | 详情: 模型输出核心字段全为空，判定不通过
2026-02-26 22:23:33,872 - INFO - CaseID:ROW_289 - 整体结果: FAILED | 详情: 模型输出核心字段全为空，判定不通过
2026-02-26 22:23:33,872 - INFO - CaseID:ROW_290 - 整体结果: FAILED | 详情: 模型输出核心字段全为空，判定不通过
2026-02-26 22:23:33,872 - INFO - CaseID:ROW_291 - 整体结果: FAILED | 详情: 模型输出核心字段全为空，判定不通过
2026-02-26 22:23:33,872 - INFO - CaseID:ROW_292 - 整体结果: FAILED | 详情: 模型输出核心字段全为空，判定不通过
2026-02-26 22:23:33,872 - INFO - CaseID:ROW_293 - 整体结果: FAILED | 详情: 模型输出核心字段全为空，判定不通过
2026-02-26 22:23:33,873 - INFO - CaseID:ROW_294 - 整体结果: FAILED | 详情: 模型输出核心字段全为空，判定不通过
2026-02-26 22:23:33,873 - INFO - CaseID:ROW_295 - 整体结果: FAILED | 详情: 模型输出核心字段全为空，判定不通过
2026-02-26 22:23:33,873 - INFO - CaseID:ROW_296 - 整体结果: FAILED | 详情: 模型输出核心字段全为空，判定不通过
2026-02-26 22:23:33,873 - INFO - CaseID:ROW_297 - 整体结果: FAILED | 详情: 模型输出核心字段全为空，判定不通过
2026-02-26 22:23:33,873 - INFO - CaseID:ROW_298 - 整体结果: FAILED | 详情: 模型输出核心字段全为空，判定不通过
2026-02-26 22:23:33,873 - INFO - CaseID:ROW_299 - 整体结果: FAILED | 详情: 模型输出核心字段全为空，判定不通过
2026-02-26 22:23:33,873 - INFO - CaseID:ROW_300 - 整体结果: FAILED | 详情: 模型输出核心字段全为空，判定不通过
2026-02-26 22:23:33,873 - INFO - 已处理300行，休眠5秒降低压力...
2026-02-26 22:23:38,879 - INFO - CaseID:ROW_301 - 整体结果: FAILED | 详情: 模型输出核心字段全为空，判定不通过
2026-02-26 22:23:38,879 - INFO - CaseID:ROW_302 - 整体结果: FAILED | 详情: 模型输出核心字段全为空，判定不通过
2026-02-26 22:23:38,880 - INFO - CaseID:ROW_303 - 整体结果: FAILED | 详情: 模型输出核心字段全为空，判定不通过
2026-02-26 22:23:38,880 - INFO - CaseID:ROW_304 - 整体结果: FAILED | 详情: 模型输出核心字段全为空，判定不通过
2026-02-26 22:23:38,880 - INFO - CaseID:ROW_305 - 整体结果: FAILED | 详情: 模型输出核心字段全为空，判定不通过
2026-02-26 22:23:38,881 - INFO - CaseID:ROW_306 - 整体结果: FAILED | 详情: 模型输出核心字段全为空，判定不通过
2026-02-26 22:23:38,881 - INFO - CaseID:ROW_307 - 整体结果: FAILED | 详情: 模型输出核心字段全为空，判定不通过
2026-02-26 22:23:38,881 - INFO - CaseID:ROW_308 - 整体结果: FAILED | 详情: 模型输出核心字段全为空，判定不通过
2026-02-26 22:23:38,882 - INFO - CaseID:ROW_309 - 整体结果: FAILED | 详情: 模型输出核心字段全为空，判定不通过
2026-02-26 22:23:38,882 - INFO - CaseID:ROW_310 - 整体结果: FAILED | 详情: 模型输出核心字段全为空，判定不通过
2026-02-26 22:23:38,882 - INFO - CaseID:ROW_311 - 整体结果: FAILED | 详情: 模型输出核心字段全为空，判定不通过
2026-02-26 22:23:38,883 - INFO - CaseID:ROW_312 - 整体结果: FAILED | 详情: 模型输出核心字段全为空，判定不通过
2026-02-26 22:23:38,883 - INFO - CaseID:ROW_313 - 整体结果: FAILED | 详情: 模型输出核心字段全为空，判定不通过
2026-02-26 22:23:38,883 - INFO - CaseID:ROW_314 - 整体结果: FAILED | 详情: 模型输出核心字段全为空，判定不通过
2026-02-26 22:23:38,883 - INFO - CaseID:ROW_315 - 整体结果: FAILED | 详情: 模型输出核心字段全为空，判定不通过
2026-02-26 22:23:38,884 - INFO - CaseID:ROW_316 - 整体结果: FAILED | 详情: 模型输出核心字段全为空，判定不通过
2026-02-26 22:23:38,884 - INFO - CaseID:ROW_317 - 整体结果: FAILED | 详情: 模型输出核心字段全为空，判定不通过
2026-02-26 22:23:38,884 - INFO - CaseID:ROW_318 - 整体结果: FAILED | 详情: 模型输出核心字段全为空，判定不通过
2026-02-26 22:23:38,884 - INFO - CaseID:ROW_319 - 整体结果: FAILED | 详情: 模型输出核心字段全为空，判定不通过
2026-02-26 22:23:38,885 - INFO - CaseID:ROW_320 - 整体结果: FAILED | 详情: 模型输出核心字段全为空，判定不通过
2026-02-26 22:23:38,885 - INFO - CaseID:ROW_321 - 整体结果: FAILED | 详情: 模型输出核心字段全为空，判定不通过
2026-02-26 22:23:38,885 - INFO - CaseID:ROW_322 - 整体结果: FAILED | 详情: 模型输出核心字段全为空，判定不通过
2026-02-26 22:23:38,885 - INFO - CaseID:ROW_323 - 整体结果: FAILED | 详情: 模型输出核心字段全为空，判定不通过
2026-02-26 22:23:38,886 - INFO - CaseID:ROW_324 - 整体结果: FAILED | 详情: 模型输出核心字段全为空，判定不通过
2026-02-26 22:23:38,886 - INFO - CaseID:ROW_325 - 整体结果: FAILED | 详情: 模型输出核心字段全为空，判定不通过
2026-02-26 22:23:38,886 - INFO - CaseID:ROW_326 - 整体结果: FAILED | 详情: 模型输出核心字段全为空，判定不通过
2026-02-26 22:23:38,886 - INFO - CaseID:ROW_327 - 整体结果: FAILED | 详情: 模型输出核心字段全为空，判定不通过
2026-02-26 22:23:38,886 - INFO - CaseID:ROW_328 - 整体结果: FAILED | 详情: 模型输出核心字段全为空，判定不通过
2026-02-26 22:23:38,887 - INFO - CaseID:ROW_329 - 整体结果: FAILED | 详情: 模型输出核心字段全为空，判定不通过
2026-02-26 22:23:38,887 - INFO - CaseID:ROW_330 - 整体结果: FAILED | 详情: 模型输出核心字段全为空，判定不通过
2026-02-26 22:23:38,887 - INFO - CaseID:ROW_331 - 整体结果: FAILED | 详情: 模型输出核心字段全为空，判定不通过
2026-02-26 22:23:38,887 - INFO - CaseID:ROW_332 - 整体结果: FAILED | 详情: 模型输出核心字段全为空，判定不通过
2026-02-26 22:23:38,887 - INFO - CaseID:ROW_333 - 整体结果: FAILED | 详情: 模型输出核心字段全为空，判定不通过
2026-02-26 22:23:38,888 - INFO - CaseID:ROW_334 - 整体结果: FAILED | 详情: 模型输出核心字段全为空，判定不通过
2026-02-26 22:23:38,888 - INFO - CaseID:ROW_335 - 整体结果: FAILED | 详情: 模型输出核心字段全为空，判定不通过
2026-02-26 22:23:38,888 - INFO - CaseID:ROW_336 - 整体结果: FAILED | 详情: 模型输出核心字段全为空，判定不通过
2026-02-26 22:23:38,888 - INFO - CaseID:ROW_337 - 整体结果: FAILED | 详情: 模型输出核心字段全为空，判定不通过
2026-02-26 22:23:38,888 - INFO - CaseID:ROW_338 - 整体结果: FAILED | 详情: 模型输出核心字段全为空，判定不通过
2026-02-26 22:23:38,889 - INFO - CaseID:ROW_339 - 整体结果: FAILED | 详情: 模型输出核心字段全为空，判定不通过
2026-02-26 22:23:38,889 - INFO - CaseID:ROW_340 - 整体结果: FAILED | 详情: 模型输出核心字段全为空，判定不通过
2026-02-26 22:23:38,889 - INFO - CaseID:ROW_341 - 整体结果: FAILED | 详情: 模型输出核心字段全为空，判定不通过
2026-02-26 22:23:38,889 - INFO - CaseID:ROW_342 - 整体结果: FAILED | 详情: 模型输出核心字段全为空，判定不通过
2026-02-26 22:23:38,889 - INFO - CaseID:ROW_343 - 整体结果: FAILED | 详情: 模型输出核心字段全为空，判定不通过
2026-02-26 22:23:38,890 - INFO - CaseID:ROW_344 - 整体结果: FAILED | 详情: 模型输出核心字段全为空，判定不通过
2026-02-26 22:23:38,890 - INFO - CaseID:ROW_345 - 整体结果: FAILED | 详情: 模型输出核心字段全为空，判定不通过
2026-02-26 22:23:38,890 - INFO - CaseID:ROW_346 - 整体结果: FAILED | 详情: 模型输出核心字段全为空，判定不通过
2026-02-26 22:23:38,890 - INFO - CaseID:ROW_347 - 整体结果: FAILED | 详情: 模型输出核心字段全为空，判定不通过
2026-02-26 22:23:38,890 - INFO - CaseID:ROW_348 - 整体结果: FAILED | 详情: 模型输出核心字段全为空，判定不通过
2026-02-26 22:23:38,890 - INFO - CaseID:ROW_349 - 整体结果: FAILED | 详情: 模型输出核心字段全为空，判定不通过
2026-02-26 22:23:38,890 - INFO - CaseID:ROW_350 - 整体结果: FAILED | 详情: 模型输出核心字段全为空，判定不通过
2026-02-26 22:23:38,890 - INFO - CaseID:ROW_351 - 整体结果: FAILED | 详情: 模型输出核心字段全为空，判定不通过
2026-02-26 22:23:38,891 - INFO - CaseID:ROW_352 - 整体结果: FAILED | 详情: 模型输出核心字段全为空，判定不通过
2026-02-26 22:23:38,891 - INFO - CaseID:ROW_353 - 整体结果: FAILED | 详情: 模型输出核心字段全为空，判定不通过
2026-02-26 22:23:38,891 - INFO - CaseID:ROW_354 - 整体结果: FAILED | 详情: 模型输出核心字段全为空，判定不通过
2026-02-26 22:23:38,891 - INFO - CaseID:ROW_355 - 整体结果: FAILED | 详情: 模型输出核心字段全为空，判定不通过
2026-02-26 22:23:38,891 - INFO - CaseID:ROW_356 - 整体结果: FAILED | 详情: 模型输出核心字段全为空，判定不通过
2026-02-26 22:23:38,891 - INFO - CaseID:ROW_357 - 整体结果: FAILED | 详情: 模型输出核心字段全为空，判定不通过
2026-02-26 22:23:38,891 - INFO - CaseID:ROW_358 - 整体结果: FAILED | 详情: 模型输出核心字段全为空，判定不通过
2026-02-26 22:23:38,891 - INFO - CaseID:ROW_359 - 整体结果: FAILED | 详情: 模型输出核心字段全为空，判定不通过
2026-02-26 22:23:38,891 - INFO - CaseID:ROW_360 - 整体结果: FAILED | 详情: 模型输出核心字段全为空，判定不通过
2026-02-26 22:23:38,892 - INFO - CaseID:ROW_361 - 整体结果: FAILED | 详情: 模型输出核心字段全为空，判定不通过
2026-02-26 22:23:38,892 - INFO - CaseID:ROW_362 - 整体结果: FAILED | 详情: 模型输出核心字段全为空，判定不通过
2026-02-26 22:23:38,892 - INFO - CaseID:ROW_363 - 整体结果: FAILED | 详情: 模型输出核心字段全为空，判定不通过
2026-02-26 22:23:38,892 - INFO - CaseID:ROW_364 - 整体结果: FAILED | 详情: 模型输出核心字段全为空，判定不通过
2026-02-26 22:23:38,892 - INFO - CaseID:ROW_365 - 整体结果: FAILED | 详情: 模型输出核心字段全为空，判定不通过
2026-02-26 22:23:38,892 - INFO - CaseID:ROW_366 - 整体结果: FAILED | 详情: 模型输出核心字段全为空，判定不通过
2026-02-26 22:23:38,892 - INFO - CaseID:ROW_367 - 整体结果: FAILED | 详情: 模型输出核心字段全为空，判定不通过
2026-02-26 22:23:38,892 - INFO - CaseID:ROW_368 - 整体结果: FAILED | 详情: 模型输出核心字段全为空，判定不通过
2026-02-26 22:23:38,892 - INFO - CaseID:ROW_369 - 整体结果: FAILED | 详情: 模型输出核心字段全为空，判定不通过
2026-02-26 22:23:38,892 - INFO - CaseID:ROW_370 - 整体结果: FAILED | 详情: 模型输出核心字段全为空，判定不通过
2026-02-26 22:23:38,893 - INFO - CaseID:ROW_371 - 整体结果: FAILED | 详情: 模型输出核心字段全为空，判定不通过
2026-02-26 22:23:38,893 - INFO - CaseID:ROW_372 - 整体结果: FAILED | 详情: 模型输出核心字段全为空，判定不通过
2026-02-26 22:23:38,893 - INFO - CaseID:ROW_373 - 整体结果: FAILED | 详情: 模型输出核心字段全为空，判定不通过
2026-02-26 22:23:38,893 - INFO - CaseID:ROW_374 - 整体结果: FAILED | 详情: 模型输出核心字段全为空，判定不通过
2026-02-26 22:23:38,893 - INFO - CaseID:ROW_375 - 整体结果: FAILED | 详情: 模型输出核心字段全为空，判定不通过
2026-02-26 22:23:38,893 - INFO - CaseID:ROW_376 - 整体结果: FAILED | 详情: 模型输出核心字段全为空，判定不通过
2026-02-26 22:23:38,893 - INFO - CaseID:ROW_377 - 整体结果: FAILED | 详情: 模型输出核心字段全为空，判定不通过
2026-02-26 22:23:38,893 - INFO - CaseID:ROW_378 - 整体结果: FAILED | 详情: 模型输出核心字段全为空，判定不通过
2026-02-26 22:23:38,893 - INFO - CaseID:ROW_379 - 整体结果: FAILED | 详情: 模型输出核心字段全为空，判定不通过
2026-02-26 22:23:38,894 - INFO - CaseID:ROW_380 - 整体结果: FAILED | 详情: 模型输出核心字段全为空，判定不通过
2026-02-26 22:23:38,894 - INFO - CaseID:ROW_381 - 整体结果: FAILED | 详情: 模型输出核心字段全为空，判定不通过
2026-02-26 22:23:38,894 - INFO - CaseID:ROW_382 - 整体结果: FAILED | 详情: 模型输出核心字段全为空，判定不通过
2026-02-26 22:23:38,894 - INFO - CaseID:ROW_383 - 整体结果: FAILED | 详情: 模型输出核心字段全为空，判定不通过
2026-02-26 22:23:38,894 - INFO - CaseID:ROW_384 - 整体结果: FAILED | 详情: 模型输出核心字段全为空，判定不通过
2026-02-26 22:23:38,894 - INFO - CaseID:ROW_385 - 整体结果: FAILED | 详情: 模型输出核心字段全为空，判定不通过
2026-02-26 22:23:38,894 - INFO - CaseID:ROW_386 - 整体结果: FAILED | 详情: 模型输出核心字段全为空，判定不通过
2026-02-26 22:23:38,894 - INFO - CaseID:ROW_387 - 整体结果: FAILED | 详情: 模型输出核心字段全为空，判定不通过
2026-02-26 22:23:38,894 - INFO - CaseID:ROW_388 - 整体结果: FAILED | 详情: 模型输出核心字段全为空，判定不通过
2026-02-26 22:23:38,895 - INFO - CaseID:ROW_389 - 整体结果: FAILED | 详情: 模型输出核心字段全为空，判定不通过
2026-02-26 22:23:38,895 - INFO - CaseID:ROW_390 - 整体结果: FAILED | 详情: 模型输出核心字段全为空，判定不通过
2026-02-26 22:23:38,895 - INFO - CaseID:ROW_391 - 整体结果: FAILED | 详情: 模型输出核心字段全为空，判定不通过
2026-02-26 22:23:38,895 - INFO - CaseID:ROW_392 - 整体结果: FAILED | 详情: 模型输出核心字段全为空，判定不通过
2026-02-26 22:23:38,895 - INFO - CaseID:ROW_393 - 整体结果: FAILED | 详情: 模型输出核心字段全为空，判定不通过
2026-02-26 22:23:38,895 - INFO - CaseID:ROW_394 - 整体结果: FAILED | 详情: 模型输出核心字段全为空，判定不通过
2026-02-26 22:23:38,895 - INFO - CaseID:ROW_395 - 整体结果: FAILED | 详情: 模型输出核心字段全为空，判定不通过
2026-02-26 22:23:38,895 - INFO - CaseID:ROW_396 - 整体结果: FAILED | 详情: 模型输出核心字段全为空，判定不通过
2026-02-26 22:23:38,895 - INFO - CaseID:ROW_397 - 整体结果: FAILED | 详情: 模型输出核心字段全为空，判定不通过
2026-02-26 22:23:38,896 - INFO - CaseID:ROW_398 - 整体结果: FAILED | 详情: 模型输出核心字段全为空，判定不通过
2026-02-26 22:23:38,896 - INFO - CaseID:ROW_399 - 整体结果: FAILED | 详情: 模型输出核心字段全为空，判定不通过
2026-02-26 22:23:38,896 - INFO - CaseID:ROW_400 - 整体结果: FAILED | 详情: 模型输出核心字段全为空，判定不通过
2026-02-26 22:23:38,896 - INFO - 已处理400行，休眠5秒降低压力...
2026-02-26 22:23:43,901 - INFO - CaseID:ROW_401 - 整体结果: FAILED | 详情: 模型输出核心字段全为空，判定不通过
2026-02-26 22:23:43,902 - INFO - 已处理400条用例，当前通过数：25
2026-02-26 22:23:43,903 - INFO - CaseID:ROW_402 - 整体结果: FAILED | 详情: 模型输出核心字段全为空，判定不通过
2026-02-26 22:23:43,903 - INFO - CaseID:ROW_403 - 整体结果: FAILED | 详情: 模型输出核心字段全为空，判定不通过
2026-02-26 22:23:43,904 - INFO - CaseID:ROW_404 - 整体结果: FAILED | 详情: 模型输出核心字段全为空，判定不通过
2026-02-26 22:23:43,904 - INFO - CaseID:ROW_405 - 整体结果: FAILED | 详情: 模型输出核心字段全为空，判定不通过
2026-02-26 22:23:43,904 - INFO - CaseID:ROW_406 - 整体结果: FAILED | 详情: 模型输出核心字段全为空，判定不通过
2026-02-26 22:23:43,904 - INFO - CaseID:ROW_407 - 整体结果: FAILED | 详情: 模型输出核心字段全为空，判定不通过
2026-02-26 22:23:43,904 - INFO - CaseID:ROW_408 - 整体结果: FAILED | 详情: 模型输出核心字段全为空，判定不通过
2026-02-26 22:23:43,905 - INFO - CaseID:ROW_409 - 整体结果: FAILED | 详情: 模型输出核心字段全为空，判定不通过
2026-02-26 22:23:43,905 - INFO - CaseID:ROW_410 - 整体结果: FAILED | 详情: 模型输出核心字段全为空，判定不通过
2026-02-26 22:23:43,905 - INFO - CaseID:ROW_411 - 整体结果: FAILED | 详情: 模型输出核心字段全为空，判定不通过
2026-02-26 22:23:43,905 - INFO - CaseID:ROW_412 - 整体结果: FAILED | 详情: 模型输出核心字段全为空，判定不通过
2026-02-26 22:23:43,905 - INFO - CaseID:ROW_413 - 整体结果: FAILED | 详情: 模型输出核心字段全为空，判定不通过
2026-02-26 22:23:43,906 - INFO - CaseID:ROW_414 - 整体结果: FAILED | 详情: 模型输出核心字段全为空，判定不通过
2026-02-26 22:23:43,906 - INFO - CaseID:ROW_415 - 整体结果: FAILED | 详情: 模型输出核心字段全为空，判定不通过
2026-02-26 22:23:43,906 - INFO - CaseID:ROW_416 - 整体结果: FAILED | 详情: 模型输出核心字段全为空，判定不通过
2026-02-26 22:23:43,906 - INFO - CaseID:ROW_417 - 整体结果: FAILED | 详情: 模型输出核心字段全为空，判定不通过
2026-02-26 22:23:43,906 - INFO - CaseID:ROW_418 - 整体结果: FAILED | 详情: 模型输出核心字段全为空，判定不通过
2026-02-26 22:23:43,906 - INFO - CaseID:ROW_419 - 整体结果: FAILED | 详情: 模型输出核心字段全为空，判定不通过
2026-02-26 22:23:43,906 - INFO - CaseID:ROW_420 - 整体结果: FAILED | 详情: 模型输出核心字段全为空，判定不通过
2026-02-26 22:23:43,907 - INFO - CaseID:ROW_421 - 整体结果: FAILED | 详情: 模型输出核心字段全为空，判定不通过
2026-02-26 22:23:43,907 - INFO - CaseID:ROW_422 - 整体结果: FAILED | 详情: 模型输出核心字段全为空，判定不通过
2026-02-26 22:23:43,907 - INFO - CaseID:ROW_423 - 整体结果: FAILED | 详情: 模型输出核心字段全为空，判定不通过
2026-02-26 22:23:43,907 - INFO - CaseID:ROW_424 - 整体结果: FAILED | 详情: 模型输出核心字段全为空，判定不通过
2026-02-26 22:23:43,907 - INFO - CaseID:ROW_425 - 整体结果: FAILED | 详情: 模型输出核心字段全为空，判定不通过
2026-02-26 22:23:43,907 - INFO - CaseID:ROW_426 - 整体结果: FAILED | 详情: 模型输出核心字段全为空，判定不通过
2026-02-26 22:23:43,907 - INFO - CaseID:ROW_427 - 整体结果: FAILED | 详情: 模型输出核心字段全为空，判定不通过
2026-02-26 22:23:43,908 - INFO - CaseID:ROW_428 - 整体结果: FAILED | 详情: 模型输出核心字段全为空，判定不通过
2026-02-26 22:23:43,908 - INFO - CaseID:ROW_429 - 整体结果: FAILED | 详情: 模型输出核心字段全为空，判定不通过
2026-02-26 22:23:43,908 - INFO - CaseID:ROW_430 - 整体结果: FAILED | 详情: 模型输出核心字段全为空，判定不通过
2026-02-26 22:23:43,908 - INFO - CaseID:ROW_431 - 整体结果: FAILED | 详情: 模型输出核心字段全为空，判定不通过
2026-02-26 22:23:43,908 - INFO - CaseID:ROW_432 - 整体结果: FAILED | 详情: 模型输出核心字段全为空，判定不通过
2026-02-26 22:23:43,908 - INFO - CaseID:ROW_433 - 整体结果: FAILED | 详情: 模型输出核心字段全为空，判定不通过
2026-02-26 22:23:43,908 - INFO - CaseID:ROW_434 - 整体结果: FAILED | 详情: 模型输出核心字段全为空，判定不通过
2026-02-26 22:23:43,909 - INFO - CaseID:ROW_435 - 整体结果: FAILED | 详情: 模型输出核心字段全为空，判定不通过
2026-02-26 22:23:43,909 - INFO - CaseID:ROW_436 - 整体结果: FAILED | 详情: 模型输出核心字段全为空，判定不通过
2026-02-26 22:23:43,909 - INFO - CaseID:ROW_437 - 整体结果: FAILED | 详情: 模型输出核心字段全为空，判定不通过
2026-02-26 22:23:43,909 - INFO - CaseID:ROW_438 - 整体结果: FAILED | 详情: 模型输出核心字段全为空，判定不通过
2026-02-26 22:23:43,909 - INFO - CaseID:ROW_439 - 整体结果: FAILED | 详情: 模型输出核心字段全为空，判定不通过
2026-02-26 22:23:43,909 - INFO - CaseID:ROW_440 - 整体结果: FAILED | 详情: 模型输出核心字段全为空，判定不通过
2026-02-26 22:23:43,909 - INFO - CaseID:ROW_441 - 整体结果: FAILED | 详情: 模型输出核心字段全为空，判定不通过
2026-02-26 22:23:43,909 - INFO - CaseID:ROW_442 - 整体结果: FAILED | 详情: 模型输出核心字段全为空，判定不通过
2026-02-26 22:23:43,909 - INFO - CaseID:ROW_443 - 整体结果: FAILED | 详情: 模型输出核心字段全为空，判定不通过
2026-02-26 22:23:43,909 - INFO - CaseID:ROW_444 - 整体结果: FAILED | 详情: 模型输出核心字段全为空，判定不通过
2026-02-26 22:23:43,909 - INFO - CaseID:ROW_445 - 整体结果: FAILED | 详情: 模型输出核心字段全为空，判定不通过
2026-02-26 22:23:43,909 - INFO - CaseID:ROW_446 - 整体结果: FAILED | 详情: 模型输出核心字段全为空，判定不通过
2026-02-26 22:23:43,909 - INFO - CaseID:ROW_447 - 整体结果: FAILED | 详情: 模型输出核心字段全为空，判定不通过
2026-02-26 22:23:43,909 - INFO - CaseID:ROW_448 - 整体结果: FAILED | 详情: 模型输出核心字段全为空，判定不通过
2026-02-26 22:23:43,909 - INFO - CaseID:ROW_449 - 整体结果: FAILED | 详情: 模型输出核心字段全为空，判定不通过
2026-02-26 22:23:43,909 - INFO - CaseID:ROW_450 - 整体结果: FAILED | 详情: 模型输出核心字段全为空，判定不通过
2026-02-26 22:23:43,909 - INFO - CaseID:ROW_451 - 整体结果: FAILED | 详情: 模型输出核心字段全为空，判定不通过
2026-02-26 22:23:43,909 - INFO - CaseID:ROW_452 - 整体结果: FAILED | 详情: 模型输出核心字段全为空，判定不通过
2026-02-26 22:23:43,909 - INFO - CaseID:ROW_453 - 整体结果: FAILED | 详情: 模型输出核心字段全为空，判定不通过
2026-02-26 22:23:43,910 - INFO - CaseID:ROW_454 - 整体结果: FAILED | 详情: 模型输出核心字段全为空，判定不通过
2026-02-26 22:23:43,910 - INFO - CaseID:ROW_455 - 整体结果: FAILED | 详情: 模型输出核心字段全为空，判定不通过
2026-02-26 22:23:43,910 - INFO - CaseID:ROW_456 - 整体结果: FAILED | 详情: 模型输出核心字段全为空，判定不通过
2026-02-26 22:23:43,910 - INFO - CaseID:ROW_457 - 整体结果: FAILED | 详情: 模型输出核心字段全为空，判定不通过
2026-02-26 22:23:43,910 - INFO - CaseID:ROW_458 - 整体结果: FAILED | 详情: 模型输出核心字段全为空，判定不通过
2026-02-26 22:23:43,910 - INFO - CaseID:ROW_459 - 整体结果: FAILED | 详情: 模型输出核心字段全为空，判定不通过
2026-02-26 22:23:43,910 - INFO - CaseID:ROW_460 - 整体结果: FAILED | 详情: 模型输出核心字段全为空，判定不通过
2026-02-26 22:23:43,910 - INFO - CaseID:ROW_461 - 整体结果: FAILED | 详情: 模型输出核心字段全为空，判定不通过
2026-02-26 22:23:43,910 - INFO - CaseID:ROW_462 - 整体结果: FAILED | 详情: 模型输出核心字段全为空，判定不通过
2026-02-26 22:23:43,910 - INFO - CaseID:ROW_463 - 整体结果: FAILED | 详情: 模型输出核心字段全为空，判定不通过
2026-02-26 22:23:43,910 - INFO - CaseID:ROW_464 - 整体结果: FAILED | 详情: 模型输出核心字段全为空，判定不通过
2026-02-26 22:23:43,910 - INFO - CaseID:ROW_465 - 整体结果: FAILED | 详情: 模型输出核心字段全为空，判定不通过
2026-02-26 22:23:43,910 - INFO - CaseID:ROW_466 - 整体结果: FAILED | 详情: 模型输出核心字段全为空，判定不通过
2026-02-26 22:23:43,910 - INFO - CaseID:ROW_467 - 整体结果: FAILED | 详情: 模型输出核心字段全为空，判定不通过
2026-02-26 22:23:43,910 - INFO - CaseID:ROW_468 - 整体结果: FAILED | 详情: 模型输出核心字段全为空，判定不通过
2026-02-26 22:23:43,910 - INFO - CaseID:ROW_469 - 整体结果: FAILED | 详情: 模型输出核心字段全为空，判定不通过
2026-02-26 22:23:43,910 - INFO - CaseID:ROW_470 - 整体结果: FAILED | 详情: 模型输出核心字段全为空，判定不通过
2026-02-26 22:23:43,910 - INFO - CaseID:ROW_471 - 整体结果: FAILED | 详情: 模型输出核心字段全为空，判定不通过
2026-02-26 22:23:43,910 - INFO - CaseID:ROW_472 - 整体结果: FAILED | 详情: 模型输出核心字段全为空，判定不通过
2026-02-26 22:23:43,910 - INFO - CaseID:ROW_473 - 整体结果: FAILED | 详情: 模型输出核心字段全为空，判定不通过
2026-02-26 22:23:43,910 - INFO - CaseID:ROW_474 - 整体结果: FAILED | 详情: 模型输出核心字段全为空，判定不通过
2026-02-26 22:23:43,910 - INFO - CaseID:ROW_475 - 整体结果: FAILED | 详情: 模型输出核心字段全为空，判定不通过
2026-02-26 22:23:43,910 - INFO - CaseID:ROW_476 - 整体结果: FAILED | 详情: 模型输出核心字段全为空，判定不通过
2026-02-26 22:23:43,910 - INFO - CaseID:ROW_477 - 整体结果: FAILED | 详情: 模型输出核心字段全为空，判定不通过
2026-02-26 22:23:43,910 - INFO - CaseID:ROW_478 - 整体结果: FAILED | 详情: 模型输出核心字段全为空，判定不通过
2026-02-26 22:23:43,910 - INFO - CaseID:ROW_479 - 整体结果: FAILED | 详情: 模型输出核心字段全为空，判定不通过
2026-02-26 22:23:43,910 - INFO - CaseID:ROW_480 - 整体结果: FAILED | 详情: 模型输出核心字段全为空，判定不通过
2026-02-26 22:23:43,911 - INFO - CaseID:ROW_481 - 整体结果: FAILED | 详情: 模型输出核心字段全为空，判定不通过
2026-02-26 22:23:43,911 - INFO - CaseID:ROW_482 - 整体结果: FAILED | 详情: 模型输出核心字段全为空，判定不通过
2026-02-26 22:23:43,911 - INFO - CaseID:ROW_483 - 整体结果: FAILED | 详情: 模型输出核心字段全为空，判定不通过
2026-02-26 22:23:43,911 - INFO - CaseID:ROW_484 - 整体结果: FAILED | 详情: 模型输出核心字段全为空，判定不通过
2026-02-26 22:23:43,911 - INFO - CaseID:ROW_485 - 整体结果: FAILED | 详情: 模型输出核心字段全为空，判定不通过
2026-02-26 22:23:43,911 - INFO - CaseID:ROW_486 - 整体结果: FAILED | 详情: 模型输出核心字段全为空，判定不通过
2026-02-26 22:23:43,911 - INFO - CaseID:ROW_487 - 整体结果: FAILED | 详情: 模型输出核心字段全为空，判定不通过
2026-02-26 22:23:43,911 - INFO - CaseID:ROW_488 - 整体结果: FAILED | 详情: 模型输出核心字段全为空，判定不通过
2026-02-26 22:23:43,911 - INFO - CaseID:ROW_489 - 整体结果: FAILED | 详情: 模型输出核心字段全为空，判定不通过
2026-02-26 22:23:43,911 - INFO - CaseID:ROW_490 - 整体结果: FAILED | 详情: 模型输出核心字段全为空，判定不通过
2026-02-26 22:23:43,911 - INFO - CaseID:ROW_491 - 整体结果: FAILED | 详情: 模型输出核心字段全为空，判定不通过
2026-02-26 22:23:43,911 - INFO - CaseID:ROW_492 - 整体结果: FAILED | 详情: 模型输出核心字段全为空，判定不通过
2026-02-26 22:23:43,911 - INFO - CaseID:ROW_493 - 整体结果: FAILED | 详情: 模型输出核心字段全为空，判定不通过
2026-02-26 22:23:43,911 - INFO - CaseID:ROW_494 - 整体结果: FAILED | 详情: 模型输出核心字段全为空，判定不通过
2026-02-26 22:23:43,911 - INFO - CaseID:ROW_495 - 整体结果: FAILED | 详情: 模型输出核心字段全为空，判定不通过
2026-02-26 22:23:43,911 - INFO - CaseID:ROW_496 - 整体结果: FAILED | 详情: 模型输出核心字段全为空，判定不通过
2026-02-26 22:23:43,911 - INFO - CaseID:ROW_497 - 整体结果: FAILED | 详情: 模型输出核心字段全为空，判定不通过
2026-02-26 22:23:43,911 - INFO - CaseID:ROW_498 - 整体结果: FAILED | 详情: 模型输出核心字段全为空，判定不通过
2026-02-26 22:23:43,911 - INFO - CaseID:ROW_499 - 整体结果: FAILED | 详情: 模型输出核心字段全为空，判定不通过
2026-02-26 22:23:43,911 - INFO - CaseID:ROW_500 - 整体结果: FAILED | 详情: 模型输出核心字段全为空，判定不通过
2026-02-26 22:23:43,911 - INFO - 已处理500行，休眠5秒降低压力...
2026-02-26 22:23:48,917 - INFO - CaseID:ROW_501 - 整体结果: FAILED | 详情: 模型输出核心字段全为空，判定不通过
2026-02-26 22:23:49,249 - INFO - CaseID:ROW_502 - 整体结果: FAILED | 详情: 模型输出核心字段全为空，判定不通过
2026-02-26 22:23:49,250 - INFO - CaseID:ROW_503 - 整体结果: FAILED | 详情: 模型输出核心字段全为空，判定不通过
2026-02-26 22:23:49,250 - INFO - CaseID:ROW_504 - 整体结果: FAILED | 详情: 模型输出核心字段全为空，判定不通过
2026-02-26 22:23:49,250 - INFO - CaseID:ROW_505 - 整体结果: FAILED | 详情: 模型输出核心字段全为空，判定不通过
2026-02-26 22:23:49,250 - INFO - CaseID:ROW_506 - 整体结果: FAILED | 详情: 模型输出核心字段全为空，判定不通过
2026-02-26 22:23:49,250 - INFO - CaseID:ROW_507 - 整体结果: FAILED | 详情: 模型输出核心字段全为空，判定不通过
2026-02-26 22:23:49,251 - INFO - CaseID:ROW_508 - 整体结果: FAILED | 详情: 模型输出核心字段全为空，判定不通过
2026-02-26 22:23:49,251 - INFO - CaseID:ROW_509 - 整体结果: FAILED | 详情: 模型输出核心字段全为空，判定不通过
2026-02-26 22:23:49,251 - INFO - CaseID:ROW_510 - 整体结果: FAILED | 详情: 模型输出核心字段全为空，判定不通过
2026-02-26 22:23:49,251 - INFO - CaseID:ROW_511 - 整体结果: FAILED | 详情: 模型输出核心字段全为空，判定不通过
2026-02-26 22:23:49,251 - INFO - CaseID:ROW_512 - 整体结果: FAILED | 详情: 模型输出核心字段全为空，判定不通过
2026-02-26 22:23:49,251 - INFO - CaseID:ROW_513 - 整体结果: FAILED | 详情: 模型输出核心字段全为空，判定不通过
2026-02-26 22:23:49,251 - INFO - CaseID:ROW_514 - 整体结果: FAILED | 详情: 模型输出核心字段全为空，判定不通过
2026-02-26 22:23:49,251 - INFO - CaseID:ROW_515 - 整体结果: FAILED | 详情: 模型输出核心字段全为空，判定不通过
2026-02-26 22:23:49,252 - INFO - CaseID:ROW_516 - 整体结果: FAILED | 详情: 模型输出核心字段全为空，判定不通过
2026-02-26 22:23:49,252 - INFO - CaseID:ROW_517 - 整体结果: FAILED | 详情: 模型输出核心字段全为空，判定不通过
2026-02-26 22:23:49,252 - INFO - CaseID:ROW_518 - 整体结果: FAILED | 详情: 模型输出核心字段全为空，判定不通过
2026-02-26 22:23:49,252 - INFO - CaseID:ROW_519 - 整体结果: FAILED | 详情: 模型输出核心字段全为空，判定不通过
2026-02-26 22:23:49,252 - INFO - CaseID:ROW_520 - 整体结果: FAILED | 详情: 模型输出核心字段全为空，判定不通过
2026-02-26 22:23:49,252 - INFO - CaseID:ROW_521 - 整体结果: FAILED | 详情: 模型输出核心字段全为空，判定不通过
2026-02-26 22:23:49,252 - INFO - CaseID:ROW_522 - 整体结果: FAILED | 详情: 模型输出核心字段全为空，判定不通过
2026-02-26 22:23:49,252 - INFO - CaseID:ROW_523 - 整体结果: FAILED | 详情: 模型输出核心字段全为空，判定不通过
2026-02-26 22:23:49,252 - INFO - CaseID:ROW_524 - 整体结果: FAILED | 详情: 模型输出核心字段全为空，判定不通过
2026-02-26 22:23:49,253 - INFO - CaseID:ROW_525 - 整体结果: FAILED | 详情: 模型输出核心字段全为空，判定不通过
2026-02-26 22:23:49,253 - INFO - CaseID:ROW_526 - 整体结果: FAILED | 详情: 模型输出核心字段全为空，判定不通过
2026-02-26 22:23:49,253 - INFO - CaseID:ROW_527 - 整体结果: FAILED | 详情: 模型输出核心字段全为空，判定不通过
2026-02-26 22:23:49,253 - INFO - CaseID:ROW_528 - 整体结果: FAILED | 详情: 模型输出核心字段全为空，判定不通过
2026-02-26 22:23:49,253 - INFO - CaseID:ROW_529 - 整体结果: FAILED | 详情: 模型输出核心字段全为空，判定不通过
2026-02-26 22:23:49,253 - INFO - CaseID:ROW_530 - 整体结果: FAILED | 详情: 模型输出核心字段全为空，判定不通过
2026-02-26 22:23:49,253 - INFO - CaseID:ROW_531 - 整体结果: FAILED | 详情: 模型输出核心字段全为空，判定不通过
2026-02-26 22:23:49,253 - INFO - CaseID:ROW_532 - 整体结果: FAILED | 详情: 模型输出核心字段全为空，判定不通过
2026-02-26 22:23:49,253 - INFO - CaseID:ROW_533 - 整体结果: FAILED | 详情: 模型输出核心字段全为空，判定不通过
2026-02-26 22:23:49,254 - INFO - CaseID:ROW_534 - 整体结果: FAILED | 详情: 模型输出核心字段全为空，判定不通过
2026-02-26 22:23:49,254 - INFO - CaseID:ROW_535 - 整体结果: FAILED | 详情: 模型输出核心字段全为空，判定不通过
2026-02-26 22:23:49,254 - INFO - CaseID:ROW_536 - 整体结果: FAILED | 详情: 模型输出核心字段全为空，判定不通过
2026-02-26 22:23:49,254 - INFO - CaseID:ROW_537 - 整体结果: FAILED | 详情: 模型输出核心字段全为空，判定不通过
2026-02-26 22:23:49,254 - INFO - CaseID:ROW_538 - 整体结果: FAILED | 详情: 模型输出核心字段全为空，判定不通过
2026-02-26 22:23:49,254 - INFO - CaseID:ROW_539 - 整体结果: FAILED | 详情: 模型输出核心字段全为空，判定不通过
2026-02-26 22:23:49,254 - INFO - CaseID:ROW_540 - 整体结果: FAILED | 详情: 模型输出核心字段全为空，判定不通过
2026-02-26 22:23:49,254 - INFO - CaseID:ROW_541 - 整体结果: FAILED | 详情: 模型输出核心字段全为空，判定不通过
2026-02-26 22:23:49,254 - INFO - CaseID:ROW_542 - 整体结果: FAILED | 详情: 模型输出核心字段全为空，判定不通过
2026-02-26 22:23:49,254 - INFO - CaseID:ROW_543 - 整体结果: FAILED | 详情: 模型输出核心字段全为空，判定不通过
2026-02-26 22:23:49,255 - INFO - CaseID:ROW_544 - 整体结果: FAILED | 详情: 模型输出核心字段全为空，判定不通过
2026-02-26 22:23:49,255 - INFO - CaseID:ROW_545 - 整体结果: FAILED | 详情: 模型输出核心字段全为空，判定不通过
2026-02-26 22:23:49,255 - INFO - CaseID:ROW_546 - 整体结果: FAILED | 详情: 模型输出核心字段全为空，判定不通过
2026-02-26 22:23:49,255 - INFO - CaseID:ROW_547 - 整体结果: FAILED | 详情: 模型输出核心字段全为空，判定不通过
2026-02-26 22:23:49,255 - INFO - CaseID:ROW_548 - 整体结果: FAILED | 详情: 模型输出核心字段全为空，判定不通过
2026-02-26 22:23:49,255 - INFO - CaseID:ROW_549 - 整体结果: FAILED | 详情: 模型输出核心字段全为空，判定不通过
2026-02-26 22:23:49,255 - INFO - CaseID:ROW_550 - 整体结果: FAILED | 详情: 模型输出核心字段全为空，判定不通过
2026-02-26 22:23:49,255 - INFO - CaseID:ROW_551 - 整体结果: FAILED | 详情: 模型输出核心字段全为空，判定不通过
2026-02-26 22:23:49,255 - INFO - CaseID:ROW_552 - 整体结果: FAILED | 详情: 模型输出核心字段全为空，判定不通过
2026-02-26 22:23:49,255 - INFO - CaseID:ROW_553 - 整体结果: FAILED | 详情: 模型输出核心字段全为空，判定不通过
2026-02-26 22:23:49,256 - INFO - CaseID:ROW_554 - 整体结果: FAILED | 详情: 模型输出核心字段全为空，判定不通过
2026-02-26 22:23:49,256 - INFO - CaseID:ROW_555 - 整体结果: FAILED | 详情: 模型输出核心字段全为空，判定不通过
2026-02-26 22:23:49,256 - INFO - CaseID:ROW_556 - 整体结果: FAILED | 详情: 模型输出核心字段全为空，判定不通过
2026-02-26 22:23:49,256 - INFO - CaseID:ROW_557 - 整体结果: FAILED | 详情: 模型输出核心字段全为空，判定不通过
2026-02-26 22:23:49,256 - INFO - CaseID:ROW_558 - 整体结果: FAILED | 详情: 模型输出核心字段全为空，判定不通过
2026-02-26 22:23:49,256 - INFO - CaseID:ROW_559 - 整体结果: FAILED | 详情: 模型输出核心字段全为空，判定不通过
2026-02-26 22:23:49,256 - INFO - CaseID:ROW_560 - 整体结果: FAILED | 详情: 模型输出核心字段全为空，判定不通过
2026-02-26 22:23:49,256 - INFO - CaseID:ROW_561 - 整体结果: FAILED | 详情: 模型输出核心字段全为空，判定不通过
2026-02-26 22:23:49,256 - INFO - CaseID:ROW_562 - 整体结果: FAILED | 详情: 模型输出核心字段全为空，判定不通过
2026-02-26 22:23:49,257 - INFO - CaseID:ROW_563 - 整体结果: FAILED | 详情: 模型输出核心字段全为空，判定不通过
2026-02-26 22:23:49,257 - INFO - CaseID:ROW_564 - 整体结果: FAILED | 详情: 模型输出核心字段全为空，判定不通过
2026-02-26 22:23:49,257 - INFO - CaseID:ROW_565 - 整体结果: FAILED | 详情: 模型输出核心字段全为空，判定不通过
2026-02-26 22:23:49,257 - INFO - CaseID:ROW_566 - 整体结果: FAILED | 详情: 模型输出核心字段全为空，判定不通过
2026-02-26 22:23:49,257 - INFO - CaseID:ROW_567 - 整体结果: FAILED | 详情: 模型输出核心字段全为空，判定不通过
2026-02-26 22:23:49,257 - INFO - CaseID:ROW_568 - 整体结果: FAILED | 详情: 模型输出核心字段全为空，判定不通过
2026-02-26 22:23:49,257 - INFO - CaseID:ROW_569 - 整体结果: FAILED | 详情: 模型输出核心字段全为空，判定不通过
2026-02-26 22:23:49,257 - INFO - CaseID:ROW_570 - 整体结果: FAILED | 详情: 模型输出核心字段全为空，判定不通过
2026-02-26 22:23:49,257 - INFO - CaseID:ROW_571 - 整体结果: FAILED | 详情: 模型输出核心字段全为空，判定不通过
2026-02-26 22:23:49,257 - INFO - CaseID:ROW_572 - 整体结果: FAILED | 详情: 模型输出核心字段全为空，判定不通过
2026-02-26 22:23:49,258 - INFO - CaseID:ROW_573 - 整体结果: FAILED | 详情: 模型输出核心字段全为空，判定不通过
2026-02-26 22:23:49,258 - INFO - CaseID:ROW_574 - 整体结果: FAILED | 详情: 模型输出核心字段全为空，判定不通过
2026-02-26 22:23:49,258 - INFO - CaseID:ROW_575 - 整体结果: FAILED | 详情: 模型输出核心字段全为空，判定不通过
2026-02-26 22:23:49,258 - INFO - CaseID:ROW_576 - 整体结果: FAILED | 详情: 模型输出核心字段全为空，判定不通过
2026-02-26 22:23:49,258 - INFO - CaseID:ROW_577 - 整体结果: FAILED | 详情: 模型输出核心字段全为空，判定不通过
2026-02-26 22:23:49,258 - INFO - CaseID:ROW_578 - 整体结果: FAILED | 详情: 模型输出核心字段全为空，判定不通过
2026-02-26 22:23:49,258 - INFO - CaseID:ROW_579 - 整体结果: FAILED | 详情: 模型输出核心字段全为空，判定不通过
2026-02-26 22:23:49,258 - INFO - CaseID:ROW_580 - 整体结果: FAILED | 详情: 模型输出核心字段全为空，判定不通过
2026-02-26 22:23:49,258 - INFO - CaseID:ROW_581 - 整体结果: FAILED | 详情: 模型输出核心字段全为空，判定不通过
2026-02-26 22:23:49,259 - INFO - CaseID:ROW_582 - 整体结果: FAILED | 详情: 模型输出核心字段全为空，判定不通过
2026-02-26 22:23:49,259 - INFO - CaseID:ROW_583 - 整体结果: FAILED | 详情: 模型输出核心字段全为空，判定不通过
2026-02-26 22:23:49,259 - INFO - CaseID:ROW_584 - 整体结果: FAILED | 详情: 模型输出核心字段全为空，判定不通过
2026-02-26 22:23:49,259 - INFO - CaseID:ROW_585 - 整体结果: FAILED | 详情: 模型输出核心字段全为空，判定不通过
2026-02-26 22:23:49,259 - INFO - CaseID:ROW_586 - 整体结果: FAILED | 详情: 模型输出核心字段全为空，判定不通过
2026-02-26 22:23:49,259 - INFO - CaseID:ROW_587 - 整体结果: FAILED | 详情: 模型输出核心字段全为空，判定不通过
2026-02-26 22:23:49,259 - INFO - CaseID:ROW_588 - 整体结果: FAILED | 详情: 模型输出核心字段全为空，判定不通过
2026-02-26 22:23:49,259 - INFO - CaseID:ROW_589 - 整体结果: FAILED | 详情: 模型输出核心字段全为空，判定不通过
2026-02-26 22:23:49,259 - INFO - CaseID:ROW_590 - 整体结果: FAILED | 详情: 模型输出核心字段全为空，判定不通过
2026-02-26 22:23:49,259 - INFO - CaseID:ROW_591 - 整体结果: FAILED | 详情: 模型输出核心字段全为空，判定不通过
2026-02-26 22:23:49,260 - INFO - CaseID:ROW_592 - 整体结果: FAILED | 详情: 模型输出核心字段全为空，判定不通过
2026-02-26 22:23:49,260 - INFO - CaseID:ROW_593 - 整体结果: FAILED | 详情: 模型输出核心字段全为空，判定不通过
2026-02-26 22:23:49,260 - INFO - CaseID:ROW_594 - 整体结果: FAILED | 详情: 模型输出核心字段全为空，判定不通过
2026-02-26 22:23:49,260 - INFO - CaseID:ROW_595 - 整体结果: FAILED | 详情: 模型输出核心字段全为空，判定不通过
2026-02-26 22:23:49,260 - INFO - CaseID:ROW_596 - 整体结果: FAILED | 详情: 模型输出核心字段全为空，判定不通过
2026-02-26 22:23:49,260 - INFO - CaseID:ROW_597 - 整体结果: FAILED | 详情: 模型输出核心字段全为空，判定不通过
2026-02-26 22:23:49,260 - INFO - CaseID:ROW_598 - 整体结果: FAILED | 详情: 模型输出核心字段全为空，判定不通过
2026-02-26 22:23:49,260 - INFO - CaseID:ROW_599 - 整体结果: FAILED | 详情: 模型输出核心字段全为空，判定不通过
2026-02-26 22:23:49,260 - INFO - CaseID:ROW_600 - 整体结果: FAILED | 详情: 模型输出核心字段全为空，判定不通过
2026-02-26 22:23:57,662 - INFO - 
=== 执行完成（总耗时：122.30秒）===
2026-02-26 22:23:57,664 - INFO - 总用例数：599 | 通过：25（4.17%） | 失败：574
