2026-02-26 15:25:14,289 - INFO - === 绘画大师规划对比工具（最终稳定版）启动 ===
2026-02-26 15:25:14,436 - INFO - 成功加载飞书表格
2026-02-26 15:25:16,123 - INFO - CaseID:1 - CATEGORY字段：模型输出包含「其他」，该字段判定通过
2026-02-26 15:25:16,123 - INFO - CaseID:1 - 整体结果: PASS | 详情: 所有字段校验通过
2026-02-26 15:25:16,831 - INFO - CaseID:2 - 整体结果: PASS | 详情: 所有字段校验通过
2026-02-26 15:25:16,831 - INFO - CaseID:3 - CATEGORY字段：模型输出包含「其他」，该字段判定通过
2026-02-26 15:25:16,831 - INFO - CaseID:3 - 整体结果: PASS | 详情: 所有字段校验通过
2026-02-26 15:25:19,196 - INFO - CaseID:4 - 整体结果: PASS | 详情: 所有字段校验通过
2026-02-26 15:25:19,197 - INFO - CaseID:5 - CATEGORY字段：模型输出包含「其他」，该字段判定通过
2026-02-26 15:25:19,197 - INFO - CaseID:5 - 整体结果: PASS | 详情: 所有字段校验通过
2026-02-26 15:25:21,655 - INFO - CaseID:6 - 整体结果: PASS | 详情: 所有字段校验通过
2026-02-26 15:25:21,656 - INFO - CaseID:7 - CATEGORY字段：模型输出包含「其他」，该字段判定通过
2026-02-26 15:25:21,656 - INFO - CaseID:7 - 整体结果: PASS | 详情: 所有字段校验通过
2026-02-26 15:25:23,906 - INFO - CaseID:8 - 整体结果: PASS | 详情: 所有字段校验通过
2026-02-26 15:25:23,906 - INFO - CaseID:9 - CATEGORY字段：模型输出包含「其他」，该字段判定通过
2026-02-26 15:25:23,906 - INFO - CaseID:9 - 整体结果: PASS | 详情: 所有字段校验通过
2026-02-26 15:25:26,126 - INFO - CaseID:10 - 整体结果: PASS | 详情: 所有字段校验通过
2026-02-26 15:25:26,127 - INFO - CaseID:11 - CATEGORY字段：模型输出包含「其他」，该字段判定通过
2026-02-26 15:25:26,127 - INFO - CaseID:11 - 整体结果: PASS | 详情: 所有字段校验通过
2026-02-26 15:25:27,779 - INFO - CaseID:12 - 整体结果: PASS | 详情: 所有字段校验通过
2026-02-26 15:25:27,779 - INFO - CaseID:13 - CATEGORY字段：模型输出包含「其他」，该字段判定通过
2026-02-26 15:25:27,779 - INFO - CaseID:13 - 整体结果: PASS | 详情: 所有字段校验通过
2026-02-26 15:25:27,780 - INFO - CaseID:14 - 整体结果: FAILED | 详情: keyphrase语义不匹配：预期[]，实际[一片郁郁葱葱的大草原草原上还有马儿在奔跑]
2026-02-26 15:25:27,780 - INFO - CaseID:15 - CATEGORY字段：模型输出包含「其他」，该字段判定通过
2026-02-26 15:25:27,780 - INFO - CaseID:15 - 整体结果: PASS | 详情: 所有字段校验通过
2026-02-26 15:25:29,762 - INFO - CaseID:16 - 整体结果: PASS | 详情: 所有字段校验通过
2026-02-26 15:25:29,763 - INFO - CaseID:17 - CATEGORY字段：模型输出包含「其他」，该字段判定通过
2026-02-26 15:25:29,764 - INFO - CaseID:17 - 整体结果: PASS | 详情: 所有字段校验通过
2026-02-26 15:25:29,764 - INFO - CaseID:18 - CATEGORY字段：模型输出包含「其他」，该字段判定通过
2026-02-26 15:25:31,688 - INFO - CaseID:18 - 整体结果: PASS | 详情: 所有字段校验通过
2026-02-26 15:25:31,688 - INFO - CaseID:19 - CATEGORY字段：模型输出包含「其他」，该字段判定通过
2026-02-26 15:25:31,689 - INFO - CaseID:19 - 整体结果: PASS | 详情: 所有字段校验通过
2026-02-26 15:25:33,948 - INFO - CaseID:20 - 整体结果: PASS | 详情: 所有字段校验通过
2026-02-26 15:25:33,949 - INFO - CaseID:21 - CATEGORY字段：模型输出包含「其他」，该字段判定通过
2026-02-26 15:25:33,949 - INFO - CaseID:21 - 整体结果: PASS | 详情: 所有字段校验通过
2026-02-26 15:25:33,949 - INFO - CaseID:22 - 整体结果: FAILED | 详情: keyphrase语义不匹配：预期[]，实际[充满欢声笑语的教堂有一对新人在结婚的场景]
2026-02-26 15:25:33,950 - INFO - CaseID:23 - CATEGORY字段：模型输出包含「其他」，该字段判定通过
2026-02-26 15:25:33,950 - INFO - CaseID:23 - 整体结果: PASS | 详情: 所有字段校验通过
2026-02-26 15:25:35,865 - INFO - CaseID:24 - 整体结果: PASS | 详情: 所有字段校验通过
2026-02-26 15:25:35,865 - INFO - CaseID:25 - CATEGORY字段：模型输出包含「其他」，该字段判定通过
2026-02-26 15:25:35,865 - INFO - CaseID:25 - 整体结果: PASS | 详情: 所有字段校验通过
2026-02-26 15:25:38,006 - INFO - CaseID:26 - 整体结果: PASS | 详情: 所有字段校验通过
2026-02-26 15:25:38,007 - INFO - CaseID:27 - CATEGORY字段：模型输出包含「其他」，该字段判定通过
2026-02-26 15:25:38,007 - INFO - CaseID:27 - 整体结果: PASS | 详情: 所有字段校验通过
2026-02-26 15:25:39,878 - INFO - CaseID:28 - 整体结果: PASS | 详情: 所有字段校验通过
2026-02-26 15:25:39,879 - INFO - CaseID:29 - CATEGORY字段：模型输出包含「其他」，该字段判定通过
2026-02-26 15:25:39,879 - INFO - CaseID:29 - 整体结果: PASS | 详情: 所有字段校验通过
2026-02-26 15:25:41,567 - INFO - CaseID:30 - 整体结果: PASS | 详情: 所有字段校验通过
2026-02-26 15:25:41,567 - INFO - CaseID:31 - CATEGORY字段：模型输出包含「其他」，该字段判定通过
2026-02-26 15:25:41,567 - INFO - CaseID:31 - 整体结果: PASS | 详情: 所有字段校验通过
2026-02-26 15:25:43,662 - INFO - CaseID:32 - 整体结果: PASS | 详情: 所有字段校验通过
2026-02-26 15:25:43,663 - INFO - CaseID:33 - CATEGORY字段：模型输出包含「其他」，该字段判定通过
2026-02-26 15:25:43,663 - INFO - CaseID:33 - 整体结果: PASS | 详情: 所有字段校验通过
2026-02-26 15:25:45,893 - INFO - CaseID:34 - 整体结果: PASS | 详情: 所有字段校验通过
2026-02-26 15:25:45,893 - INFO - CaseID:35 - CATEGORY字段：模型输出包含「其他」，该字段判定通过
2026-02-26 15:25:45,893 - INFO - CaseID:35 - 整体结果: PASS | 详情: 所有字段校验通过
2026-02-26 15:25:45,894 - INFO - CaseID:36 - CATEGORY字段：模型输出包含「其他」，该字段判定通过
2026-02-26 15:25:48,893 - INFO - CaseID:36 - 整体结果: PASS | 详情: 所有字段校验通过
2026-02-26 15:25:48,894 - INFO - CaseID:37 - CATEGORY字段：模型输出包含「其他」，该字段判定通过
2026-02-26 15:25:48,894 - INFO - CaseID:37 - 整体结果: PASS | 详情: 所有字段校验通过
2026-02-26 15:25:50,941 - INFO - CaseID:38 - 整体结果: PASS | 详情: 所有字段校验通过
2026-02-26 15:25:50,942 - INFO - CaseID:39 - CATEGORY字段：模型输出包含「其他」，该字段判定通过
2026-02-26 15:25:50,942 - INFO - CaseID:39 - 整体结果: PASS | 详情: 所有字段校验通过
2026-02-26 15:25:52,958 - INFO - CaseID:40 - 整体结果: PASS | 详情: 所有字段校验通过
2026-02-26 15:25:52,959 - INFO - CaseID:41 - CATEGORY字段：模型输出包含「其他」，该字段判定通过
2026-02-26 15:25:52,959 - INFO - CaseID:41 - 整体结果: PASS | 详情: 所有字段校验通过
2026-02-26 15:25:54,897 - INFO - CaseID:42 - 整体结果: PASS | 详情: 所有字段校验通过
2026-02-26 15:25:54,898 - INFO - CaseID:43 - CATEGORY字段：模型输出包含「其他」，该字段判定通过
2026-02-26 15:25:54,898 - INFO - CaseID:43 - 整体结果: PASS | 详情: 所有字段校验通过
2026-02-26 15:25:56,775 - INFO - CaseID:44 - 整体结果: PASS | 详情: 所有字段校验通过
2026-02-26 15:25:56,775 - INFO - CaseID:45 - CATEGORY字段：模型输出包含「其他」，该字段判定通过
2026-02-26 15:25:56,776 - INFO - CaseID:45 - 整体结果: PASS | 详情: 所有字段校验通过
2026-02-26 15:25:58,931 - INFO - CaseID:46 - 整体结果: PASS | 详情: 所有字段校验通过
2026-02-26 15:25:58,932 - INFO - CaseID:47 - 整体结果: FAILED | 详情: name不匹配：预期[aipainting]，实际[]; category不匹配：一方为空 - 预期[其他]，实际[]
2026-02-26 15:26:00,759 - INFO - CaseID:48 - 整体结果: PASS | 详情: 所有字段校验通过
2026-02-26 15:26:00,760 - INFO - CaseID:49 - CATEGORY字段：模型输出包含「其他」，该字段判定通过
2026-02-26 15:26:00,760 - INFO - CaseID:49 - 整体结果: PASS | 详情: 所有字段校验通过
2026-02-26 15:26:03,074 - INFO - CaseID:50 - 整体结果: PASS | 详情: 所有字段校验通过
2026-02-26 15:26:03,075 - INFO - CaseID:51 - CATEGORY字段：模型输出包含「其他」，该字段判定通过
2026-02-26 15:26:03,075 - INFO - CaseID:51 - 整体结果: PASS | 详情: 所有字段校验通过
2026-02-26 15:26:05,212 - INFO - CaseID:52 - 整体结果: PASS | 详情: 所有字段校验通过
2026-02-26 15:26:05,212 - INFO - CaseID:53 - CATEGORY字段：模型输出包含「其他」，该字段判定通过
2026-02-26 15:26:05,212 - INFO - CaseID:53 - 整体结果: PASS | 详情: 所有字段校验通过
2026-02-26 15:26:07,901 - INFO - CaseID:54 - 整体结果: PASS | 详情: 所有字段校验通过
2026-02-26 15:26:07,901 - INFO - CaseID:55 - CATEGORY字段：模型输出包含「其他」，该字段判定通过
2026-02-26 15:26:07,901 - INFO - CaseID:55 - 整体结果: PASS | 详情: 所有字段校验通过
2026-02-26 15:26:09,926 - INFO - CaseID:56 - 整体结果: PASS | 详情: 所有字段校验通过
2026-02-26 15:26:09,929 - INFO - CaseID:57 - 整体结果: FAILED | 详情: name不匹配：预期[aipainting]，实际[]; category不匹配：一方为空 - 预期[其他]，实际[]
2026-02-26 15:26:12,018 - INFO - CaseID:58 - 整体结果: PASS | 详情: 所有字段校验通过
2026-02-26 15:26:12,018 - INFO - CaseID:59 - CATEGORY字段：模型输出包含「其他」，该字段判定通过
2026-02-26 15:26:12,018 - INFO - CaseID:59 - 整体结果: PASS | 详情: 所有字段校验通过
2026-02-26 15:26:14,044 - INFO - CaseID:60 - 整体结果: PASS | 详情: 所有字段校验通过
2026-02-26 15:26:14,045 - INFO - CaseID:61 - CATEGORY字段：模型输出包含「其他」，该字段判定通过
2026-02-26 15:26:14,045 - INFO - CaseID:61 - 整体结果: PASS | 详情: 所有字段校验通过
2026-02-26 15:26:15,885 - INFO - CaseID:62 - 整体结果: PASS | 详情: 所有字段校验通过
2026-02-26 15:26:15,886 - INFO - CaseID:63 - CATEGORY字段：模型输出包含「其他」，该字段判定通过
2026-02-26 15:26:15,886 - INFO - CaseID:63 - 整体结果: PASS | 详情: 所有字段校验通过
2026-02-26 15:26:15,886 - INFO - CaseID:64 - 整体结果: FAILED | 详情: category不匹配：无交集 - 预期[其他]，实际[科幻]; style不匹配：预期[]，实际[赛博朋克]; keyphrase语义不匹配：预期[]，实际[赛博朋克银色的机械装置与荧光的霓虹灯交相辉映]
2026-02-26 15:26:15,887 - INFO - CaseID:65 - CATEGORY字段：模型输出包含「其他」，该字段判定通过
2026-02-26 15:26:15,887 - INFO - CaseID:65 - 整体结果: PASS | 详情: 所有字段校验通过
2026-02-26 15:26:17,856 - INFO - CaseID:66 - 整体结果: PASS | 详情: 所有字段校验通过
2026-02-26 15:26:17,856 - INFO - CaseID:67 - CATEGORY字段：模型输出包含「其他」，该字段判定通过
2026-02-26 15:26:17,856 - INFO - CaseID:67 - 整体结果: PASS | 详情: 所有字段校验通过
2026-02-26 15:26:20,304 - INFO - CaseID:68 - 整体结果: PASS | 详情: 所有字段校验通过
2026-02-26 15:26:20,305 - INFO - CaseID:69 - 整体结果: FAILED | 详情: name不匹配：预期[aipainting]，实际[]; category不匹配：一方为空 - 预期[其他]，实际[]
2026-02-26 15:26:22,367 - INFO - CaseID:70 - 整体结果: PASS | 详情: 所有字段校验通过
2026-02-26 15:26:22,367 - INFO - CaseID:71 - CATEGORY字段：模型输出包含「其他」，该字段判定通过
2026-02-26 15:26:22,368 - INFO - CaseID:71 - 整体结果: PASS | 详情: 所有字段校验通过
2026-02-26 15:26:24,527 - INFO - CaseID:72 - 整体结果: PASS | 详情: 所有字段校验通过
2026-02-26 15:26:24,528 - INFO - CaseID:73 - CATEGORY字段：模型输出包含「其他」，该字段判定通过
2026-02-26 15:26:24,528 - INFO - CaseID:73 - 整体结果: PASS | 详情: 所有字段校验通过
2026-02-26 15:26:26,251 - INFO - CaseID:74 - 整体结果: PASS | 详情: 所有字段校验通过
2026-02-26 15:26:26,252 - INFO - CaseID:75 - CATEGORY字段：模型输出包含「其他」，该字段判定通过
2026-02-26 15:26:26,252 - INFO - CaseID:75 - 整体结果: PASS | 详情: 所有字段校验通过
2026-02-26 15:26:28,720 - INFO - CaseID:76 - 整体结果: PASS | 详情: 所有字段校验通过
2026-02-26 15:26:28,721 - INFO - CaseID:77 - CATEGORY字段：模型输出包含「其他」，该字段判定通过
2026-02-26 15:26:28,721 - INFO - CaseID:77 - 整体结果: PASS | 详情: 所有字段校验通过
2026-02-26 15:26:30,749 - INFO - CaseID:78 - 整体结果: PASS | 详情: 所有字段校验通过
2026-02-26 15:26:30,749 - INFO - CaseID:79 - CATEGORY字段：模型输出包含「其他」，该字段判定通过
2026-02-26 15:26:30,749 - INFO - CaseID:79 - 整体结果: PASS | 详情: 所有字段校验通过
2026-02-26 15:26:30,750 - INFO - CaseID:80 - CATEGORY字段：模型输出包含「其他」，该字段判定通过
2026-02-26 15:26:32,691 - INFO - CaseID:80 - 整体结果: PASS | 详情: 所有字段校验通过
2026-02-26 15:26:32,692 - INFO - CaseID:81 - CATEGORY字段：模型输出包含「其他」，该字段判定通过
2026-02-26 15:26:32,692 - INFO - CaseID:81 - 整体结果: PASS | 详情: 所有字段校验通过
2026-02-26 15:26:34,807 - INFO - CaseID:82 - 整体结果: PASS | 详情: 所有字段校验通过
2026-02-26 15:26:34,808 - INFO - CaseID:83 - CATEGORY字段：模型输出包含「其他」，该字段判定通过
2026-02-26 15:26:34,808 - INFO - CaseID:83 - 整体结果: PASS | 详情: 所有字段校验通过
2026-02-26 15:26:36,806 - INFO - CaseID:84 - 整体结果: PASS | 详情: 所有字段校验通过
2026-02-26 15:26:36,807 - INFO - CaseID:85 - CATEGORY字段：模型输出包含「其他」，该字段判定通过
2026-02-26 15:26:36,807 - INFO - CaseID:85 - 整体结果: PASS | 详情: 所有字段校验通过
2026-02-26 15:26:39,687 - INFO - CaseID:86 - 整体结果: PASS | 详情: 所有字段校验通过
2026-02-26 15:26:39,688 - INFO - CaseID:87 - CATEGORY字段：模型输出包含「其他」，该字段判定通过
2026-02-26 15:26:39,688 - INFO - CaseID:87 - 整体结果: PASS | 详情: 所有字段校验通过
2026-02-26 15:26:41,400 - INFO - CaseID:88 - 整体结果: PASS | 详情: 所有字段校验通过
2026-02-26 15:26:41,401 - INFO - CaseID:89 - CATEGORY字段：模型输出包含「其他」，该字段判定通过
2026-02-26 15:26:41,401 - INFO - CaseID:89 - 整体结果: PASS | 详情: 所有字段校验通过
2026-02-26 15:26:43,457 - INFO - CaseID:90 - 整体结果: PASS | 详情: 所有字段校验通过
2026-02-26 15:26:43,457 - INFO - CaseID:91 - CATEGORY字段：模型输出包含「其他」，该字段判定通过
2026-02-26 15:26:43,457 - INFO - CaseID:91 - 整体结果: PASS | 详情: 所有字段校验通过
2026-02-26 15:26:43,458 - INFO - CaseID:92 - 整体结果: FAILED | 详情: keyphrase语义不匹配：预期[]，实际[冰川下一片片杜鹃花开满了山坡写实风]
2026-02-26 15:26:43,458 - INFO - CaseID:93 - CATEGORY字段：模型输出包含「其他」，该字段判定通过
2026-02-26 15:26:43,458 - INFO - CaseID:93 - 整体结果: PASS | 详情: 所有字段校验通过
2026-02-26 15:26:43,459 - INFO - CaseID:94 - 整体结果: FAILED | 详情: name不匹配：预期[aipainting]，实际[qasearch]; category不匹配：无交集 - 预期[人物]，实际[文学]; style不匹配：预期[油画]，实际[]
2026-02-26 15:26:43,459 - INFO - CaseID:95 - CATEGORY字段：模型输出包含「其他」，该字段判定通过
2026-02-26 15:26:43,459 - INFO - CaseID:95 - 整体结果: PASS | 详情: 所有字段校验通过
2026-02-26 15:26:45,831 - INFO - CaseID:96 - 整体结果: PASS | 详情: 所有字段校验通过
2026-02-26 15:26:45,831 - INFO - CaseID:97 - CATEGORY字段：模型输出包含「其他」，该字段判定通过
2026-02-26 15:26:45,832 - INFO - CaseID:97 - 整体结果: PASS | 详情: 所有字段校验通过
2026-02-26 15:26:47,876 - INFO - CaseID:98 - 整体结果: PASS | 详情: 所有字段校验通过
2026-02-26 15:26:47,877 - INFO - CaseID:99 - CATEGORY字段：模型输出包含「其他」，该字段判定通过
2026-02-26 15:26:47,877 - INFO - CaseID:99 - 整体结果: PASS | 详情: 所有字段校验通过
2026-02-26 15:26:47,877 - INFO - 已处理100行，休眠5秒降低压力...
2026-02-26 15:26:53,826 - INFO - CaseID:100 - 整体结果: PASS | 详情: 所有字段校验通过
2026-02-26 15:26:53,827 - INFO - CaseID:101 - CATEGORY字段：模型输出包含「其他」，该字段判定通过
2026-02-26 15:26:53,827 - INFO - CaseID:101 - 整体结果: PASS | 详情: 所有字段校验通过
2026-02-26 15:26:55,743 - INFO - CaseID:102 - 整体结果: PASS | 详情: 所有字段校验通过
2026-02-26 15:26:55,744 - INFO - CaseID:103 - CATEGORY字段：模型输出包含「其他」，该字段判定通过
2026-02-26 15:26:55,744 - INFO - CaseID:103 - 整体结果: PASS | 详情: 所有字段校验通过
2026-02-26 15:26:57,963 - INFO - CaseID:104 - 整体结果: PASS | 详情: 所有字段校验通过
2026-02-26 15:26:59,656 - INFO - CaseID:105 - 整体结果: PASS | 详情: 所有字段校验通过
2026-02-26 15:26:59,656 - INFO - CaseID:106 - CATEGORY字段：模型输出包含「其他」，该字段判定通过
2026-02-26 15:26:59,657 - INFO - CaseID:106 - 整体结果: PASS | 详情: 所有字段校验通过
2026-02-26 15:27:02,269 - INFO - CaseID:107 - 整体结果: PASS | 详情: 所有字段校验通过
2026-02-26 15:27:04,160 - INFO - CaseID:108 - 整体结果: PASS | 详情: 所有字段校验通过
2026-02-26 15:27:04,161 - INFO - CaseID:109 - CATEGORY字段：模型输出包含「其他」，该字段判定通过
2026-02-26 15:27:04,161 - INFO - CaseID:109 - 整体结果: PASS | 详情: 所有字段校验通过
2026-02-26 15:27:07,016 - INFO - CaseID:110 - 整体结果: PASS | 详情: 所有字段校验通过
2026-02-26 15:27:08,849 - INFO - CaseID:111 - 整体结果: PASS | 详情: 所有字段校验通过
2026-02-26 15:27:08,850 - INFO - CaseID:112 - CATEGORY字段：模型输出包含「其他」，该字段判定通过
2026-02-26 15:27:08,851 - INFO - CaseID:112 - 整体结果: PASS | 详情: 所有字段校验通过
2026-02-26 15:27:10,795 - INFO - CaseID:113 - 整体结果: PASS | 详情: 所有字段校验通过
2026-02-26 15:27:12,930 - INFO - CaseID:114 - 整体结果: PASS | 详情: 所有字段校验通过
2026-02-26 15:27:12,930 - INFO - CaseID:115 - CATEGORY字段：模型输出包含「其他」，该字段判定通过
2026-02-26 15:27:12,930 - INFO - CaseID:115 - 整体结果: PASS | 详情: 所有字段校验通过
2026-02-26 15:27:14,718 - INFO - CaseID:116 - 整体结果: PASS | 详情: 所有字段校验通过
2026-02-26 15:27:16,658 - INFO - CaseID:117 - 整体结果: PASS | 详情: 所有字段校验通过
2026-02-26 15:27:16,659 - INFO - CaseID:118 - CATEGORY字段：模型输出包含「其他」，该字段判定通过
2026-02-26 15:27:16,659 - INFO - CaseID:118 - 整体结果: PASS | 详情: 所有字段校验通过
2026-02-26 15:27:16,660 - INFO - CaseID:119 - CATEGORY字段：模型输出包含「其他」，该字段判定通过
2026-02-26 15:27:19,068 - INFO - CaseID:119 - 整体结果: PASS | 详情: 所有字段校验通过
2026-02-26 15:27:21,095 - INFO - CaseID:120 - 整体结果: PASS | 详情: 所有字段校验通过
2026-02-26 15:27:21,096 - INFO - CaseID:121 - CATEGORY字段：模型输出包含「其他」，该字段判定通过
2026-02-26 15:27:21,096 - INFO - CaseID:121 - 整体结果: PASS | 详情: 所有字段校验通过
2026-02-26 15:27:22,987 - INFO - CaseID:122 - 整体结果: PASS | 详情: 所有字段校验通过
2026-02-26 15:27:24,915 - INFO - CaseID:123 - 整体结果: PASS | 详情: 所有字段校验通过
2026-02-26 15:27:24,915 - INFO - CaseID:124 - CATEGORY字段：模型输出包含「其他」，该字段判定通过
2026-02-26 15:27:24,916 - INFO - CaseID:124 - 整体结果: PASS | 详情: 所有字段校验通过
2026-02-26 15:27:24,916 - INFO - CaseID:125 - CATEGORY字段：模型输出包含「其他」，该字段判定通过
2026-02-26 15:27:26,836 - INFO - CaseID:125 - 整体结果: PASS | 详情: 所有字段校验通过
2026-02-26 15:27:26,836 - INFO - CaseID:126 - CATEGORY字段：模型输出包含「其他」，该字段判定通过
2026-02-26 15:27:28,521 - INFO - CaseID:126 - 整体结果: FAILED | 详情: style不匹配：预期[漫画]，实际[]
2026-02-26 15:27:28,522 - INFO - CaseID:127 - CATEGORY字段：模型输出包含「其他」，该字段判定通过
2026-02-26 15:27:28,522 - INFO - CaseID:127 - 整体结果: PASS | 详情: 所有字段校验通过
2026-02-26 15:27:30,470 - INFO - CaseID:128 - 整体结果: PASS | 详情: 所有字段校验通过
2026-02-26 15:27:32,298 - INFO - CaseID:129 - 整体结果: PASS | 详情: 所有字段校验通过
2026-02-26 15:27:32,298 - INFO - CaseID:130 - CATEGORY字段：模型输出包含「其他」，该字段判定通过
2026-02-26 15:27:32,298 - INFO - CaseID:130 - 整体结果: PASS | 详情: 所有字段校验通过
2026-02-26 15:27:34,183 - INFO - CaseID:131 - 整体结果: PASS | 详情: 所有字段校验通过
2026-02-26 15:27:36,154 - INFO - CaseID:132 - 整体结果: PASS | 详情: 所有字段校验通过
2026-02-26 15:27:36,155 - INFO - CaseID:133 - CATEGORY字段：模型输出包含「其他」，该字段判定通过
2026-02-26 15:27:36,155 - INFO - CaseID:133 - 整体结果: PASS | 详情: 所有字段校验通过
2026-02-26 15:27:38,125 - INFO - CaseID:134 - 整体结果: PASS | 详情: 所有字段校验通过
2026-02-26 15:27:40,412 - INFO - CaseID:135 - 整体结果: PASS | 详情: 所有字段校验通过
2026-02-26 15:27:40,413 - INFO - CaseID:136 - CATEGORY字段：模型输出包含「其他」，该字段判定通过
2026-02-26 15:27:40,413 - INFO - CaseID:136 - 整体结果: PASS | 详情: 所有字段校验通过
2026-02-26 15:27:42,152 - INFO - CaseID:137 - 整体结果: PASS | 详情: 所有字段校验通过
2026-02-26 15:27:42,152 - INFO - CaseID:138 - CATEGORY字段：模型输出包含「其他」，该字段判定通过
2026-02-26 15:27:42,153 - INFO - CaseID:138 - 整体结果: PASS | 详情: 所有字段校验通过
2026-02-26 15:27:44,194 - INFO - CaseID:139 - 整体结果: PASS | 详情: 所有字段校验通过
2026-02-26 15:27:46,875 - INFO - CaseID:140 - 整体结果: PASS | 详情: 所有字段校验通过
2026-02-26 15:27:46,876 - INFO - CaseID:141 - CATEGORY字段：模型输出包含「其他」，该字段判定通过
2026-02-26 15:27:46,876 - INFO - CaseID:141 - 整体结果: PASS | 详情: 所有字段校验通过
2026-02-26 15:27:48,903 - INFO - CaseID:142 - 整体结果: PASS | 详情: 所有字段校验通过
2026-02-26 15:27:51,156 - INFO - CaseID:143 - 整体结果: PASS | 详情: 所有字段校验通过
2026-02-26 15:27:51,156 - INFO - CaseID:144 - 整体结果: FAILED | 详情: name不匹配：预期[aipainting]，实际[qasearch]; category不匹配：无交集 - 预期[其他]，实际[其他问答]
2026-02-26 15:27:53,207 - INFO - CaseID:145 - 整体结果: FAILED | 详情: style不匹配：预期[漫画]，实际[]
2026-02-26 15:27:55,048 - INFO - CaseID:146 - 整体结果: PASS | 详情: 所有字段校验通过
2026-02-26 15:27:55,049 - INFO - CaseID:147 - CATEGORY字段：模型输出包含「其他」，该字段判定通过
2026-02-26 15:27:55,049 - INFO - CaseID:147 - 整体结果: PASS | 详情: 所有字段校验通过
2026-02-26 15:27:56,761 - INFO - CaseID:148 - 整体结果: PASS | 详情: 所有字段校验通过
2026-02-26 15:27:56,762 - INFO - CaseID:149 - CATEGORY字段：模型输出包含「其他」，该字段判定通过
2026-02-26 15:27:56,762 - INFO - CaseID:149 - 整体结果: PASS | 详情: 所有字段校验通过
2026-02-26 15:27:58,674 - INFO - CaseID:150 - 整体结果: PASS | 详情: 所有字段校验通过
2026-02-26 15:28:00,344 - INFO - CaseID:151 - 整体结果: PASS | 详情: 所有字段校验通过
2026-02-26 15:28:00,344 - INFO - CaseID:152 - CATEGORY字段：模型输出包含「其他」，该字段判定通过
2026-02-26 15:28:00,344 - INFO - CaseID:152 - 整体结果: PASS | 详情: 所有字段校验通过
2026-02-26 15:28:02,543 - INFO - CaseID:153 - 整体结果: PASS | 详情: 所有字段校验通过
2026-02-26 15:28:04,507 - INFO - CaseID:154 - 整体结果: PASS | 详情: 所有字段校验通过
2026-02-26 15:28:04,508 - INFO - CaseID:155 - CATEGORY字段：模型输出包含「其他」，该字段判定通过
2026-02-26 15:28:04,509 - INFO - CaseID:155 - 整体结果: PASS | 详情: 所有字段校验通过
2026-02-26 15:28:06,623 - INFO - CaseID:156 - 整体结果: PASS | 详情: 所有字段校验通过
2026-02-26 15:28:08,548 - INFO - CaseID:157 - 整体结果: PASS | 详情: 所有字段校验通过
2026-02-26 15:28:08,548 - INFO - CaseID:158 - CATEGORY字段：模型输出包含「其他」，该字段判定通过
2026-02-26 15:28:08,549 - INFO - CaseID:158 - 整体结果: PASS | 详情: 所有字段校验通过
2026-02-26 15:28:10,239 - INFO - CaseID:159 - 整体结果: PASS | 详情: 所有字段校验通过
2026-02-26 15:28:12,154 - INFO - CaseID:160 - 整体结果: PASS | 详情: 所有字段校验通过
2026-02-26 15:28:12,155 - INFO - CaseID:161 - CATEGORY字段：模型输出包含「其他」，该字段判定通过
2026-02-26 15:28:12,155 - INFO - CaseID:161 - 整体结果: PASS | 详情: 所有字段校验通过
2026-02-26 15:28:14,096 - INFO - CaseID:162 - 整体结果: PASS | 详情: 所有字段校验通过
2026-02-26 15:28:16,119 - INFO - CaseID:163 - 整体结果: PASS | 详情: 所有字段校验通过
2026-02-26 15:28:16,120 - INFO - CaseID:164 - CATEGORY字段：模型输出包含「其他」，该字段判定通过
2026-02-26 15:28:16,120 - INFO - CaseID:164 - 整体结果: PASS | 详情: 所有字段校验通过
2026-02-26 15:28:18,023 - INFO - CaseID:165 - 整体结果: PASS | 详情: 所有字段校验通过
2026-02-26 15:28:19,965 - INFO - CaseID:166 - 整体结果: PASS | 详情: 所有字段校验通过
2026-02-26 15:28:19,965 - INFO - CaseID:167 - CATEGORY字段：模型输出包含「其他」，该字段判定通过
2026-02-26 15:28:19,965 - INFO - CaseID:167 - 整体结果: PASS | 详情: 所有字段校验通过
2026-02-26 15:28:21,861 - INFO - CaseID:168 - 整体结果: PASS | 详情: 所有字段校验通过
2026-02-26 15:28:23,568 - INFO - CaseID:169 - 整体结果: PASS | 详情: 所有字段校验通过
2026-02-26 15:28:23,569 - INFO - CaseID:170 - CATEGORY字段：模型输出包含「其他」，该字段判定通过
2026-02-26 15:28:23,569 - INFO - CaseID:170 - 整体结果: PASS | 详情: 所有字段校验通过
2026-02-26 15:28:25,591 - INFO - CaseID:171 - 整体结果: PASS | 详情: 所有字段校验通过
2026-02-26 15:28:27,407 - INFO - CaseID:172 - 整体结果: PASS | 详情: 所有字段校验通过
2026-02-26 15:28:27,407 - INFO - CaseID:173 - CATEGORY字段：模型输出包含「其他」，该字段判定通过
2026-02-26 15:28:27,408 - INFO - CaseID:173 - 整体结果: PASS | 详情: 所有字段校验通过
2026-02-26 15:28:29,486 - INFO - CaseID:174 - 整体结果: PASS | 详情: 所有字段校验通过
2026-02-26 15:28:31,478 - INFO - CaseID:175 - 整体结果: PASS | 详情: 所有字段校验通过
2026-02-26 15:28:31,478 - INFO - CaseID:176 - CATEGORY字段：模型输出包含「其他」，该字段判定通过
2026-02-26 15:28:31,478 - INFO - CaseID:176 - 整体结果: PASS | 详情: 所有字段校验通过
2026-02-26 15:28:33,422 - INFO - CaseID:177 - 整体结果: PASS | 详情: 所有字段校验通过
2026-02-26 15:28:35,319 - INFO - CaseID:178 - 整体结果: PASS | 详情: 所有字段校验通过
2026-02-26 15:28:35,320 - INFO - CaseID:179 - CATEGORY字段：模型输出包含「其他」，该字段判定通过
2026-02-26 15:28:35,320 - INFO - CaseID:179 - 整体结果: PASS | 详情: 所有字段校验通过
2026-02-26 15:28:37,560 - INFO - CaseID:180 - 整体结果: PASS | 详情: 所有字段校验通过
2026-02-26 15:28:40,146 - INFO - CaseID:181 - 整体结果: PASS | 详情: 所有字段校验通过
2026-02-26 15:28:40,147 - INFO - CaseID:182 - CATEGORY字段：模型输出包含「其他」，该字段判定通过
2026-02-26 15:28:40,147 - INFO - CaseID:182 - 整体结果: PASS | 详情: 所有字段校验通过
2026-02-26 15:28:40,147 - INFO - CaseID:183 - CATEGORY字段：模型输出包含「其他」，该字段判定通过
2026-02-26 15:28:41,953 - INFO - CaseID:183 - 整体结果: PASS | 详情: 所有字段校验通过
2026-02-26 15:28:43,852 - INFO - CaseID:184 - 整体结果: PASS | 详情: 所有字段校验通过
2026-02-26 15:28:43,852 - INFO - CaseID:185 - 整体结果: FAILED | 详情: name不匹配：预期[aipainting]，实际[]; category不匹配：一方为空 - 预期[其他]，实际[]
2026-02-26 15:28:45,839 - INFO - CaseID:186 - 整体结果: PASS | 详情: 所有字段校验通过
2026-02-26 15:28:47,910 - INFO - CaseID:187 - 整体结果: PASS | 详情: 所有字段校验通过
2026-02-26 15:28:47,911 - INFO - CaseID:188 - CATEGORY字段：模型输出包含「其他」，该字段判定通过
2026-02-26 15:28:47,911 - INFO - CaseID:188 - 整体结果: PASS | 详情: 所有字段校验通过
2026-02-26 15:28:50,351 - INFO - CaseID:189 - 整体结果: FAILED | 详情: category不匹配：无交集 - 预期[其他]，实际[科幻]
2026-02-26 15:28:52,441 - INFO - CaseID:190 - 整体结果: PASS | 详情: 所有字段校验通过
2026-02-26 15:28:52,442 - INFO - CaseID:191 - CATEGORY字段：模型输出包含「其他」，该字段判定通过
2026-02-26 15:28:52,442 - INFO - CaseID:191 - 整体结果: PASS | 详情: 所有字段校验通过
2026-02-26 15:28:54,428 - INFO - CaseID:192 - 整体结果: PASS | 详情: 所有字段校验通过
2026-02-26 15:28:56,692 - INFO - CaseID:193 - 整体结果: PASS | 详情: 所有字段校验通过
2026-02-26 15:28:56,692 - INFO - CaseID:194 - CATEGORY字段：模型输出包含「其他」，该字段判定通过
2026-02-26 15:28:56,693 - INFO - CaseID:194 - 整体结果: PASS | 详情: 所有字段校验通过
2026-02-26 15:28:56,693 - INFO - CaseID:195 - CATEGORY字段：模型输出包含「其他」，该字段判定通过
2026-02-26 15:28:59,849 - INFO - CaseID:195 - 整体结果: PASS | 详情: 所有字段校验通过
2026-02-26 15:29:01,691 - INFO - CaseID:196 - 整体结果: PASS | 详情: 所有字段校验通过
2026-02-26 15:29:01,692 - INFO - CaseID:197 - CATEGORY字段：模型输出包含「其他」，该字段判定通过
2026-02-26 15:29:01,692 - INFO - CaseID:197 - 整体结果: PASS | 详情: 所有字段校验通过
2026-02-26 15:29:03,864 - INFO - CaseID:198 - 整体结果: PASS | 详情: 所有字段校验通过
2026-02-26 15:29:05,982 - INFO - CaseID:199 - 整体结果: PASS | 详情: 所有字段校验通过
2026-02-26 15:29:05,983 - INFO - 已处理200行，休眠5秒降低压力...
2026-02-26 15:29:10,989 - INFO - CaseID:200 - CATEGORY字段：模型输出包含「其他」，该字段判定通过
2026-02-26 15:29:10,991 - INFO - CaseID:200 - 整体结果: PASS | 详情: 所有字段校验通过
2026-02-26 15:29:10,991 - INFO - 已处理200条用例，当前通过数：187
2026-02-26 15:29:11,848 - INFO - CaseID:201 - 整体结果: PASS | 详情: 所有字段校验通过
2026-02-26 15:29:14,101 - INFO - CaseID:202 - 整体结果: PASS | 详情: 所有字段校验通过
2026-02-26 15:29:14,101 - INFO - CaseID:203 - CATEGORY字段：模型输出包含「其他」，该字段判定通过
2026-02-26 15:29:14,101 - INFO - CaseID:203 - 整体结果: PASS | 详情: 所有字段校验通过
2026-02-26 15:29:15,946 - INFO - CaseID:204 - 整体结果: PASS | 详情: 所有字段校验通过
2026-02-26 15:29:18,164 - INFO - CaseID:205 - 整体结果: PASS | 详情: 所有字段校验通过
2026-02-26 15:29:18,165 - INFO - CaseID:206 - CATEGORY字段：模型输出包含「其他」，该字段判定通过
2026-02-26 15:29:18,165 - INFO - CaseID:206 - 整体结果: PASS | 详情: 所有字段校验通过
2026-02-26 15:29:20,166 - INFO - CaseID:207 - 整体结果: PASS | 详情: 所有字段校验通过
2026-02-26 15:29:22,362 - INFO - CaseID:208 - 整体结果: PASS | 详情: 所有字段校验通过
2026-02-26 15:29:22,363 - INFO - CaseID:209 - CATEGORY字段：模型输出包含「其他」，该字段判定通过
2026-02-26 15:29:22,363 - INFO - CaseID:209 - 整体结果: PASS | 详情: 所有字段校验通过
2026-02-26 15:29:24,586 - INFO - CaseID:210 - 整体结果: FAILED | 详情: keyphrase语义不匹配：预期[一个机器人]，实际[一个机器人的图片]
2026-02-26 15:29:26,595 - INFO - CaseID:211 - 整体结果: PASS | 详情: 所有字段校验通过
2026-02-26 15:29:26,596 - INFO - CaseID:212 - CATEGORY字段：模型输出包含「其他」，该字段判定通过
2026-02-26 15:29:26,596 - INFO - CaseID:212 - 整体结果: PASS | 详情: 所有字段校验通过
2026-02-26 15:29:29,034 - INFO - CaseID:213 - 整体结果: PASS | 详情: 所有字段校验通过
2026-02-26 15:29:30,899 - INFO - CaseID:214 - 整体结果: PASS | 详情: 所有字段校验通过
2026-02-26 15:29:30,899 - INFO - CaseID:215 - CATEGORY字段：模型输出包含「其他」，该字段判定通过
2026-02-26 15:29:30,899 - INFO - CaseID:215 - 整体结果: PASS | 详情: 所有字段校验通过
2026-02-26 15:29:32,818 - INFO - CaseID:216 - 整体结果: PASS | 详情: 所有字段校验通过
2026-02-26 15:29:34,690 - INFO - CaseID:217 - 整体结果: PASS | 详情: 所有字段校验通过
2026-02-26 15:29:34,691 - INFO - CaseID:218 - CATEGORY字段：模型输出包含「其他」，该字段判定通过
2026-02-26 15:29:34,691 - INFO - CaseID:218 - 整体结果: PASS | 详情: 所有字段校验通过
2026-02-26 15:29:38,224 - INFO - CaseID:219 - 整体结果: PASS | 详情: 所有字段校验通过
2026-02-26 15:29:40,090 - INFO - CaseID:220 - 整体结果: PASS | 详情: 所有字段校验通过
2026-02-26 15:29:40,090 - INFO - CaseID:221 - CATEGORY字段：模型输出包含「其他」，该字段判定通过
2026-02-26 15:29:40,091 - INFO - CaseID:221 - 整体结果: FAILED | 详情: keyphrase语义不匹配：预期[]，实际[长图片的工具或方法推荐]
2026-02-26 15:29:41,838 - INFO - CaseID:222 - 整体结果: PASS | 详情: 所有字段校验通过
2026-02-26 15:29:43,950 - INFO - CaseID:223 - 整体结果: PASS | 详情: 所有字段校验通过
2026-02-26 15:29:43,950 - INFO - CaseID:224 - CATEGORY字段：模型输出包含「其他」，该字段判定通过
2026-02-26 15:29:43,950 - INFO - CaseID:224 - 整体结果: PASS | 详情: 所有字段校验通过
2026-02-26 15:29:45,715 - INFO - CaseID:225 - 整体结果: PASS | 详情: 所有字段校验通过
2026-02-26 15:29:47,894 - INFO - CaseID:226 - 整体结果: PASS | 详情: 所有字段校验通过
2026-02-26 15:29:47,894 - INFO - CaseID:227 - CATEGORY字段：模型输出包含「其他」，该字段判定通过
2026-02-26 15:29:47,895 - INFO - CaseID:227 - 整体结果: PASS | 详情: 所有字段校验通过
2026-02-26 15:29:49,941 - INFO - CaseID:228 - 整体结果: PASS | 详情: 所有字段校验通过
2026-02-26 15:29:51,990 - INFO - CaseID:229 - 整体结果: FAILED | 详情: keyphrase语义不匹配：预期[许多的白色机器人在澡堂中工作]，实际[一个机器人在澡堂中工作]
2026-02-26 15:29:51,991 - INFO - CaseID:230 - 整体结果: FAILED | 详情: name不匹配：预期[aipainting]，实际[]; category不匹配：一方为空 - 预期[其他]，实际[]
2026-02-26 15:29:54,037 - INFO - CaseID:231 - 整体结果: PASS | 详情: 所有字段校验通过
2026-02-26 15:29:54,038 - INFO - CaseID:232 - 整体结果: FAILED | 详情: keyphrase语义不匹配：预期[]，实际[穿着粉色衣服的财神爷]
2026-02-26 15:29:54,038 - INFO - CaseID:233 - CATEGORY字段：模型输出包含「其他」，该字段判定通过
2026-02-26 15:29:54,038 - INFO - CaseID:233 - 整体结果: PASS | 详情: 所有字段校验通过
2026-02-26 15:29:55,736 - INFO - CaseID:234 - 整体结果: PASS | 详情: 所有字段校验通过
2026-02-26 15:29:57,738 - INFO - CaseID:235 - 整体结果: PASS | 详情: 所有字段校验通过
2026-02-26 15:29:57,738 - INFO - CaseID:236 - CATEGORY字段：模型输出包含「其他」，该字段判定通过
2026-02-26 15:29:57,739 - INFO - CaseID:236 - 整体结果: PASS | 详情: 所有字段校验通过
2026-02-26 15:29:59,775 - INFO - CaseID:237 - 整体结果: PASS | 详情: 所有字段校验通过
2026-02-26 15:30:02,280 - INFO - CaseID:238 - 整体结果: PASS | 详情: 所有字段校验通过
2026-02-26 15:30:02,280 - INFO - CaseID:239 - CATEGORY字段：模型输出包含「其他」，该字段判定通过
2026-02-26 15:30:02,280 - INFO - CaseID:239 - 整体结果: PASS | 详情: 所有字段校验通过
2026-02-26 15:30:04,280 - INFO - CaseID:240 - 整体结果: PASS | 详情: 所有字段校验通过
2026-02-26 15:30:06,237 - INFO - CaseID:241 - 整体结果: PASS | 详情: 所有字段校验通过
2026-02-26 15:30:06,237 - INFO - CaseID:242 - CATEGORY字段：模型输出包含「其他」，该字段判定通过
2026-02-26 15:30:06,237 - INFO - CaseID:242 - 整体结果: PASS | 详情: 所有字段校验通过
2026-02-26 15:30:08,236 - INFO - CaseID:243 - 整体结果: PASS | 详情: 所有字段校验通过
2026-02-26 15:30:09,991 - INFO - CaseID:244 - 整体结果: PASS | 详情: 所有字段校验通过
2026-02-26 15:30:09,991 - INFO - CaseID:245 - CATEGORY字段：模型输出包含「其他」，该字段判定通过
2026-02-26 15:30:09,992 - INFO - CaseID:245 - 整体结果: PASS | 详情: 所有字段校验通过
2026-02-26 15:30:12,932 - INFO - CaseID:246 - 整体结果: PASS | 详情: 所有字段校验通过
2026-02-26 15:30:14,621 - INFO - CaseID:247 - 整体结果: PASS | 详情: 所有字段校验通过
2026-02-26 15:30:14,623 - INFO - CaseID:248 - CATEGORY字段：模型输出包含「其他」，该字段判定通过
2026-02-26 15:30:17,091 - INFO - CaseID:248 - 整体结果: PASS | 详情: 所有字段校验通过
2026-02-26 15:30:19,230 - INFO - CaseID:249 - 整体结果: PASS | 详情: 所有字段校验通过
2026-02-26 15:30:21,379 - INFO - CaseID:250 - 整体结果: PASS | 详情: 所有字段校验通过
2026-02-26 15:30:21,380 - INFO - CaseID:251 - 整体结果: FAILED | 详情: name不匹配：预期[aipainting]，实际[]; category不匹配：一方为空 - 预期[人物]，实际[]
2026-02-26 15:30:23,309 - INFO - CaseID:252 - 整体结果: PASS | 详情: 所有字段校验通过
2026-02-26 15:30:25,844 - INFO - CaseID:253 - 整体结果: PASS | 详情: 所有字段校验通过
2026-02-26 15:30:27,845 - INFO - CaseID:254 - 整体结果: PASS | 详情: 所有字段校验通过
2026-02-26 15:30:30,003 - INFO - CaseID:255 - 整体结果: PASS | 详情: 所有字段校验通过
2026-02-26 15:30:32,461 - INFO - CaseID:256 - 整体结果: PASS | 详情: 所有字段校验通过
2026-02-26 15:30:34,538 - INFO - CaseID:257 - 整体结果: PASS | 详情: 所有字段校验通过
2026-02-26 15:30:34,540 - INFO - CaseID:258 - CATEGORY字段：模型输出包含「其他」，该字段判定通过
2026-02-26 15:30:36,548 - INFO - CaseID:258 - 整体结果: PASS | 详情: 所有字段校验通过
2026-02-26 15:30:36,549 - INFO - CaseID:259 - CATEGORY字段：模型输出包含「其他」，该字段判定通过
2026-02-26 15:30:36,550 - INFO - CaseID:259 - 整体结果: FAILED | 详情: keyphrase语义不匹配：预期[]，实际[钱堆满一屋子]
2026-02-26 15:30:38,503 - INFO - CaseID:260 - 整体结果: PASS | 详情: 所有字段校验通过
2026-02-26 15:30:40,985 - INFO - CaseID:261 - 整体结果: PASS | 详情: 所有字段校验通过
2026-02-26 15:30:42,986 - INFO - CaseID:262 - 整体结果: PASS | 详情: 所有字段校验通过
2026-02-26 15:30:44,874 - INFO - CaseID:263 - 整体结果: PASS | 详情: 所有字段校验通过
2026-02-26 15:30:46,784 - INFO - CaseID:264 - 整体结果: PASS | 详情: 所有字段校验通过
2026-02-26 15:30:48,927 - INFO - CaseID:265 - 整体结果: PASS | 详情: 所有字段校验通过
2026-02-26 15:30:51,797 - INFO - CaseID:266 - 整体结果: PASS | 详情: 所有字段校验通过
2026-02-26 15:30:53,651 - INFO - CaseID:267 - 整体结果: PASS | 详情: 所有字段校验通过
2026-02-26 15:30:55,335 - INFO - CaseID:268 - 整体结果: PASS | 详情: 所有字段校验通过
2026-02-26 15:30:57,501 - INFO - CaseID:269 - 整体结果: PASS | 详情: 所有字段校验通过
2026-02-26 15:30:57,502 - INFO - CaseID:270 - CATEGORY字段：模型输出包含「其他」，该字段判定通过
2026-02-26 15:30:59,572 - INFO - CaseID:270 - 整体结果: PASS | 详情: 所有字段校验通过
2026-02-26 15:30:59,573 - INFO - CaseID:271 - CATEGORY字段：模型输出包含「其他」，该字段判定通过
2026-02-26 15:31:01,609 - INFO - CaseID:271 - 整体结果: PASS | 详情: 所有字段校验通过
2026-02-26 15:31:04,759 - INFO - CaseID:272 - 整体结果: FAILED | 详情: category不匹配：无交集 - 预期[餐饮食物]，实际[植物]
2026-02-26 15:31:06,692 - INFO - CaseID:273 - 整体结果: PASS | 详情: 所有字段校验通过
2026-02-26 15:31:08,577 - INFO - CaseID:274 - 整体结果: PASS | 详情: 所有字段校验通过
2026-02-26 15:31:10,279 - INFO - CaseID:275 - 整体结果: PASS | 详情: 所有字段校验通过
2026-02-26 15:31:12,412 - INFO - CaseID:276 - 整体结果: PASS | 详情: 所有字段校验通过
2026-02-26 15:31:14,221 - INFO - CaseID:277 - 整体结果: PASS | 详情: 所有字段校验通过
2026-02-26 15:31:16,233 - INFO - CaseID:278 - 整体结果: PASS | 详情: 所有字段校验通过
2026-02-26 15:31:19,032 - INFO - CaseID:279 - 整体结果: PASS | 详情: 所有字段校验通过
2026-02-26 15:31:21,079 - INFO - CaseID:280 - 整体结果: PASS | 详情: 所有字段校验通过
2026-02-26 15:31:21,079 - INFO - CaseID:281 - 整体结果: FAILED | 详情: name不匹配：预期[aipainting]，实际[]; category不匹配：一方为空 - 预期[人物]，实际[]; keyphrase语义不匹配：预期[一个将军哥哥]，实际[]
2026-02-26 15:31:23,386 - INFO - CaseID:282 - 整体结果: PASS | 详情: 所有字段校验通过
2026-02-26 15:31:26,197 - INFO - CaseID:283 - 整体结果: PASS | 详情: 所有字段校验通过
2026-02-26 15:31:28,282 - INFO - CaseID:284 - 整体结果: PASS | 详情: 所有字段校验通过
2026-02-26 15:31:30,091 - INFO - CaseID:285 - 整体结果: PASS | 详情: 所有字段校验通过
2026-02-26 15:31:32,240 - INFO - CaseID:286 - 整体结果: PASS | 详情: 所有字段校验通过
2026-02-26 15:31:34,625 - INFO - CaseID:287 - 整体结果: PASS | 详情: 所有字段校验通过
2026-02-26 15:31:36,743 - INFO - CaseID:288 - 整体结果: PASS | 详情: 所有字段校验通过
2026-02-26 15:31:38,728 - INFO - CaseID:289 - 整体结果: PASS | 详情: 所有字段校验通过
2026-02-26 15:31:40,402 - INFO - CaseID:290 - 整体结果: PASS | 详情: 所有字段校验通过
2026-02-26 15:31:42,452 - INFO - CaseID:291 - 整体结果: PASS | 详情: 所有字段校验通过
2026-02-26 15:31:44,303 - INFO - CaseID:292 - 整体结果: PASS | 详情: 所有字段校验通过
2026-02-26 15:31:46,242 - INFO - CaseID:293 - 整体结果: PASS | 详情: 所有字段校验通过
2026-02-26 15:31:48,120 - INFO - CaseID:294 - 整体结果: PASS | 详情: 所有字段校验通过
2026-02-26 15:31:50,165 - INFO - CaseID:295 - 整体结果: PASS | 详情: 所有字段校验通过
2026-02-26 15:31:52,358 - INFO - CaseID:296 - 整体结果: PASS | 详情: 所有字段校验通过
2026-02-26 15:31:54,447 - INFO - CaseID:297 - 整体结果: PASS | 详情: 所有字段校验通过
2026-02-26 15:31:56,715 - INFO - CaseID:298 - 整体结果: PASS | 详情: 所有字段校验通过
2026-02-26 15:31:59,922 - INFO - CaseID:299 - 整体结果: PASS | 详情: 所有字段校验通过
2026-02-26 15:31:59,922 - INFO - 已处理300行，休眠5秒降低压力...
2026-02-26 15:32:05,888 - INFO - CaseID:300 - 整体结果: PASS | 详情: 所有字段校验通过
2026-02-26 15:32:07,741 - INFO - CaseID:301 - 整体结果: PASS | 详情: 所有字段校验通过
2026-02-26 15:32:09,659 - INFO - CaseID:302 - 整体结果: PASS | 详情: 所有字段校验通过
2026-02-26 15:32:11,666 - INFO - CaseID:303 - 整体结果: PASS | 详情: 所有字段校验通过
2026-02-26 15:32:13,486 - INFO - CaseID:304 - 整体结果: PASS | 详情: 所有字段校验通过
2026-02-26 15:32:15,555 - INFO - CaseID:305 - 整体结果: PASS | 详情: 所有字段校验通过
2026-02-26 15:32:17,208 - INFO - CaseID:306 - 整体结果: PASS | 详情: 所有字段校验通过
2026-02-26 15:32:19,154 - INFO - CaseID:307 - 整体结果: PASS | 详情: 所有字段校验通过
2026-02-26 15:32:21,289 - INFO - CaseID:308 - 整体结果: PASS | 详情: 所有字段校验通过
2026-02-26 15:32:23,335 - INFO - CaseID:309 - 整体结果: PASS | 详情: 所有字段校验通过
2026-02-26 15:32:25,540 - INFO - CaseID:310 - 整体结果: PASS | 详情: 所有字段校验通过
2026-02-26 15:32:27,257 - INFO - CaseID:311 - 整体结果: FAILED | 详情: style不匹配：预期[]，实际[线稿]
2026-02-26 15:32:29,687 - INFO - CaseID:312 - 整体结果: FAILED | 详情: category不匹配：无交集 - 预期[其他]，实际[动物]
2026-02-26 15:32:31,529 - INFO - CaseID:313 - 整体结果: PASS | 详情: 所有字段校验通过
2026-02-26 15:32:33,781 - INFO - CaseID:314 - 整体结果: PASS | 详情: 所有字段校验通过
2026-02-26 15:32:36,017 - INFO - CaseID:315 - 整体结果: PASS | 详情: 所有字段校验通过
2026-02-26 15:32:38,701 - INFO - CaseID:316 - 整体结果: PASS | 详情: 所有字段校验通过
2026-02-26 15:32:40,733 - INFO - CaseID:317 - 整体结果: PASS | 详情: 所有字段校验通过
2026-02-26 15:32:42,523 - INFO - CaseID:318 - 整体结果: PASS | 详情: 所有字段校验通过
2026-02-26 15:32:45,002 - INFO - CaseID:319 - 整体结果: PASS | 详情: 所有字段校验通过
2026-02-26 15:32:47,336 - INFO - CaseID:320 - 整体结果: PASS | 详情: 所有字段校验通过
2026-02-26 15:32:49,243 - INFO - CaseID:321 - 整体结果: PASS | 详情: 所有字段校验通过
2026-02-26 15:32:51,363 - INFO - CaseID:322 - 整体结果: PASS | 详情: 所有字段校验通过
2026-02-26 15:32:53,325 - INFO - CaseID:323 - 整体结果: PASS | 详情: 所有字段校验通过
2026-02-26 15:32:55,307 - INFO - CaseID:324 - 整体结果: PASS | 详情: 所有字段校验通过
2026-02-26 15:32:57,744 - INFO - CaseID:325 - 整体结果: PASS | 详情: 所有字段校验通过
2026-02-26 15:32:59,773 - INFO - CaseID:326 - 整体结果: PASS | 详情: 所有字段校验通过
2026-02-26 15:33:01,603 - INFO - CaseID:327 - 整体结果: PASS | 详情: 所有字段校验通过
2026-02-26 15:33:01,603 - INFO - CaseID:328 - CATEGORY字段：模型输出包含「其他」，该字段判定通过
2026-02-26 15:33:03,683 - INFO - CaseID:328 - 整体结果: PASS | 详情: 所有字段校验通过
2026-02-26 15:33:05,684 - INFO - CaseID:329 - 整体结果: PASS | 详情: 所有字段校验通过
2026-02-26 15:33:07,619 - INFO - CaseID:330 - 整体结果: PASS | 详情: 所有字段校验通过
2026-02-26 15:33:09,552 - INFO - CaseID:331 - 整体结果: PASS | 详情: 所有字段校验通过
2026-02-26 15:33:11,463 - INFO - CaseID:332 - 整体结果: PASS | 详情: 所有字段校验通过
2026-02-26 15:33:14,127 - INFO - CaseID:333 - 整体结果: PASS | 详情: 所有字段校验通过
2026-02-26 15:33:15,971 - INFO - CaseID:334 - 整体结果: FAILED | 详情: style不匹配：预期[漫画]，实际[]
2026-02-26 15:33:18,208 - INFO - CaseID:335 - 整体结果: PASS | 详情: 所有字段校验通过
2026-02-26 15:33:20,079 - INFO - CaseID:336 - 整体结果: PASS | 详情: 所有字段校验通过
2026-02-26 15:33:22,043 - INFO - CaseID:337 - 整体结果: PASS | 详情: 所有字段校验通过
2026-02-26 15:33:23,983 - INFO - CaseID:338 - 整体结果: PASS | 详情: 所有字段校验通过
2026-02-26 15:33:25,812 - INFO - CaseID:339 - 整体结果: PASS | 详情: 所有字段校验通过
2026-02-26 15:33:28,271 - INFO - CaseID:340 - 整体结果: PASS | 详情: 所有字段校验通过
2026-02-26 15:33:30,015 - INFO - CaseID:341 - 整体结果: PASS | 详情: 所有字段校验通过
2026-02-26 15:33:32,037 - INFO - CaseID:342 - 整体结果: PASS | 详情: 所有字段校验通过
2026-02-26 15:33:33,991 - INFO - CaseID:343 - 整体结果: PASS | 详情: 所有字段校验通过
2026-02-26 15:33:36,041 - INFO - CaseID:344 - 整体结果: FAILED | 详情: keyphrase语义不匹配：预期[一个穿着白色衣服闭着眼睛的神]，实际[一个穿着白色衣服闭着眼睛]
2026-02-26 15:33:37,968 - INFO - CaseID:345 - 整体结果: PASS | 详情: 所有字段校验通过
2026-02-26 15:33:40,276 - INFO - CaseID:346 - 整体结果: PASS | 详情: 所有字段校验通过
2026-02-26 15:33:42,800 - INFO - CaseID:347 - 整体结果: PASS | 详情: 所有字段校验通过
2026-02-26 15:33:44,644 - INFO - CaseID:348 - 整体结果: PASS | 详情: 所有字段校验通过
2026-02-26 15:33:46,617 - INFO - CaseID:349 - 整体结果: PASS | 详情: 所有字段校验通过
2026-02-26 15:33:48,999 - INFO - CaseID:350 - 整体结果: PASS | 详情: 所有字段校验通过
2026-02-26 15:33:51,042 - INFO - CaseID:351 - 整体结果: PASS | 详情: 所有字段校验通过
2026-02-26 15:33:53,284 - INFO - CaseID:352 - 整体结果: FAILED | 详情: category不匹配：无交集 - 预期[城市建筑]，实际[城市]
2026-02-26 15:33:55,009 - INFO - CaseID:353 - 整体结果: PASS | 详情: 所有字段校验通过
2026-02-26 15:33:57,135 - INFO - CaseID:354 - 整体结果: PASS | 详情: 所有字段校验通过
2026-02-26 15:34:03,468 - INFO - 
=== 执行完成（总耗时：529.18秒）===
2026-02-26 15:34:03,468 - INFO - 总用例数：354
2026-02-26 15:34:03,469 - INFO - 通过数：327（92.37%）
2026-02-26 15:34:03,469 - INFO - 失败数：27（7.63%）
