2026-02-26 15:52:44,503 - INFO - === 绘画大师规划对比工具（最终稳定版）启动 ===
2026-02-26 15:52:44,639 - INFO - 成功加载飞书表格
2026-02-26 15:52:47,421 - INFO - CaseID:1 - CATEGORY字段：模型输出包含「其他」，该字段判定通过
2026-02-26 15:52:47,421 - INFO - CaseID:1 - 整体结果: PASS | 详情: 所有字段校验通过
2026-02-26 15:52:48,324 - INFO - CaseID:2 - 整体结果: PASS | 详情: 所有字段校验通过
2026-02-26 15:52:48,325 - INFO - CaseID:3 - CATEGORY字段：模型输出包含「其他」，该字段判定通过
2026-02-26 15:52:48,326 - INFO - CaseID:3 - 整体结果: PASS | 详情: 所有字段校验通过
2026-02-26 15:52:50,714 - INFO - CaseID:4 - 整体结果: PASS | 详情: 所有字段校验通过
2026-02-26 15:52:50,714 - INFO - CaseID:5 - CATEGORY字段：模型输出包含「其他」，该字段判定通过
2026-02-26 15:52:50,715 - INFO - CaseID:5 - 整体结果: PASS | 详情: 所有字段校验通过
2026-02-26 15:52:52,627 - INFO - CaseID:6 - 整体结果: PASS | 详情: 所有字段校验通过
2026-02-26 15:52:52,627 - INFO - CaseID:7 - CATEGORY字段：模型输出包含「其他」，该字段判定通过
2026-02-26 15:52:52,627 - INFO - CaseID:7 - 整体结果: PASS | 详情: 所有字段校验通过
2026-02-26 15:52:55,012 - INFO - CaseID:8 - 整体结果: PASS | 详情: 所有字段校验通过
2026-02-26 15:52:55,013 - INFO - CaseID:9 - CATEGORY字段：模型输出包含「其他」，该字段判定通过
2026-02-26 15:52:55,013 - INFO - CaseID:9 - 整体结果: PASS | 详情: 所有字段校验通过
2026-02-26 15:52:56,857 - INFO - CaseID:10 - 整体结果: PASS | 详情: 所有字段校验通过
2026-02-26 15:52:56,858 - INFO - CaseID:11 - CATEGORY字段：模型输出包含「其他」，该字段判定通过
2026-02-26 15:52:56,858 - INFO - CaseID:11 - 整体结果: PASS | 详情: 所有字段校验通过
2026-02-26 15:52:59,009 - INFO - CaseID:12 - 整体结果: PASS | 详情: 所有字段校验通过
2026-02-26 15:52:59,009 - INFO - CaseID:13 - CATEGORY字段：模型输出包含「其他」，该字段判定通过
2026-02-26 15:52:59,009 - INFO - CaseID:13 - 整体结果: PASS | 详情: 所有字段校验通过
2026-02-26 15:53:00,954 - INFO - CaseID:14 - 整体结果: PASS | 详情: 所有字段校验通过
2026-02-26 15:53:00,955 - INFO - CaseID:15 - CATEGORY字段：模型输出包含「其他」，该字段判定通过
2026-02-26 15:53:00,956 - INFO - CaseID:15 - 整体结果: PASS | 详情: 所有字段校验通过
2026-02-26 15:53:02,879 - INFO - CaseID:16 - 整体结果: PASS | 详情: 所有字段校验通过
2026-02-26 15:53:02,880 - INFO - CaseID:17 - CATEGORY字段：模型输出包含「其他」，该字段判定通过
2026-02-26 15:53:02,880 - INFO - CaseID:17 - 整体结果: PASS | 详情: 所有字段校验通过
2026-02-26 15:53:02,880 - INFO - CaseID:18 - CATEGORY字段：模型输出包含「其他」，该字段判定通过
2026-02-26 15:53:04,894 - INFO - CaseID:18 - 整体结果: PASS | 详情: 所有字段校验通过
2026-02-26 15:53:04,894 - INFO - CaseID:19 - CATEGORY字段：模型输出包含「其他」，该字段判定通过
2026-02-26 15:53:04,894 - INFO - CaseID:19 - 整体结果: PASS | 详情: 所有字段校验通过
2026-02-26 15:53:06,892 - INFO - CaseID:20 - 整体结果: PASS | 详情: 所有字段校验通过
2026-02-26 15:53:06,892 - INFO - CaseID:21 - CATEGORY字段：模型输出包含「其他」，该字段判定通过
2026-02-26 15:53:06,893 - INFO - CaseID:21 - 整体结果: PASS | 详情: 所有字段校验通过
2026-02-26 15:53:08,774 - INFO - CaseID:22 - 整体结果: PASS | 详情: 所有字段校验通过
2026-02-26 15:53:08,775 - INFO - CaseID:23 - CATEGORY字段：模型输出包含「其他」，该字段判定通过
2026-02-26 15:53:08,775 - INFO - CaseID:23 - 整体结果: PASS | 详情: 所有字段校验通过
2026-02-26 15:53:10,606 - INFO - CaseID:24 - 整体结果: PASS | 详情: 所有字段校验通过
2026-02-26 15:53:10,607 - INFO - CaseID:25 - CATEGORY字段：模型输出包含「其他」，该字段判定通过
2026-02-26 15:53:10,607 - INFO - CaseID:25 - 整体结果: PASS | 详情: 所有字段校验通过
2026-02-26 15:53:13,210 - INFO - CaseID:26 - 整体结果: PASS | 详情: 所有字段校验通过
2026-02-26 15:53:13,210 - INFO - CaseID:27 - CATEGORY字段：模型输出包含「其他」，该字段判定通过
2026-02-26 15:53:13,210 - INFO - CaseID:27 - 整体结果: PASS | 详情: 所有字段校验通过
2026-02-26 15:53:15,494 - INFO - CaseID:28 - 整体结果: PASS | 详情: 所有字段校验通过
2026-02-26 15:53:15,496 - INFO - CaseID:29 - CATEGORY字段：模型输出包含「其他」，该字段判定通过
2026-02-26 15:53:15,496 - INFO - CaseID:29 - 整体结果: PASS | 详情: 所有字段校验通过
2026-02-26 15:53:17,451 - INFO - CaseID:30 - 整体结果: PASS | 详情: 所有字段校验通过
2026-02-26 15:53:17,452 - INFO - CaseID:31 - CATEGORY字段：模型输出包含「其他」，该字段判定通过
2026-02-26 15:53:17,452 - INFO - CaseID:31 - 整体结果: PASS | 详情: 所有字段校验通过
2026-02-26 15:53:19,793 - INFO - CaseID:32 - 整体结果: PASS | 详情: 所有字段校验通过
2026-02-26 15:53:19,794 - INFO - CaseID:33 - CATEGORY字段：模型输出包含「其他」，该字段判定通过
2026-02-26 15:53:19,794 - INFO - CaseID:33 - 整体结果: PASS | 详情: 所有字段校验通过
2026-02-26 15:53:21,700 - INFO - CaseID:34 - 整体结果: PASS | 详情: 所有字段校验通过
2026-02-26 15:53:21,701 - INFO - CaseID:35 - CATEGORY字段：模型输出包含「其他」，该字段判定通过
2026-02-26 15:53:21,701 - INFO - CaseID:35 - 整体结果: PASS | 详情: 所有字段校验通过
2026-02-26 15:53:21,702 - INFO - CaseID:36 - CATEGORY字段：模型输出包含「其他」，该字段判定通过
2026-02-26 15:53:23,890 - INFO - CaseID:36 - 整体结果: PASS | 详情: 所有字段校验通过
2026-02-26 15:53:23,891 - INFO - CaseID:37 - CATEGORY字段：模型输出包含「其他」，该字段判定通过
2026-02-26 15:53:23,891 - INFO - CaseID:37 - 整体结果: PASS | 详情: 所有字段校验通过
2026-02-26 15:53:25,631 - INFO - CaseID:38 - 整体结果: PASS | 详情: 所有字段校验通过
2026-02-26 15:53:25,632 - INFO - CaseID:39 - CATEGORY字段：模型输出包含「其他」，该字段判定通过
2026-02-26 15:53:25,632 - INFO - CaseID:39 - 整体结果: FAILED | 详情: name不匹配：预期[]，实际[aipainting]
2026-02-26 15:53:28,054 - INFO - CaseID:40 - 整体结果: PASS | 详情: 所有字段校验通过
2026-02-26 15:53:28,054 - INFO - CaseID:41 - CATEGORY字段：模型输出包含「其他」，该字段判定通过
2026-02-26 15:53:28,054 - INFO - CaseID:41 - 整体结果: PASS | 详情: 所有字段校验通过
2026-02-26 15:53:29,768 - INFO - CaseID:42 - 整体结果: PASS | 详情: 所有字段校验通过
2026-02-26 15:53:29,769 - INFO - CaseID:43 - CATEGORY字段：模型输出包含「其他」，该字段判定通过
2026-02-26 15:53:29,769 - INFO - CaseID:43 - 整体结果: PASS | 详情: 所有字段校验通过
2026-02-26 15:53:31,877 - INFO - CaseID:44 - 整体结果: PASS | 详情: 所有字段校验通过
2026-02-26 15:53:31,878 - INFO - CaseID:45 - CATEGORY字段：模型输出包含「其他」，该字段判定通过
2026-02-26 15:53:31,879 - INFO - CaseID:45 - 整体结果: PASS | 详情: 所有字段校验通过
2026-02-26 15:53:34,334 - INFO - CaseID:46 - 整体结果: PASS | 详情: 所有字段校验通过
2026-02-26 15:53:34,335 - INFO - CaseID:47 - 整体结果: FAILED | 详情: name不匹配：预期[aipainting]，实际[]; category不匹配：一方为空 - 预期[其他]，实际[]
2026-02-26 15:53:36,405 - INFO - CaseID:48 - 整体结果: PASS | 详情: 所有字段校验通过
2026-02-26 15:53:36,406 - INFO - CaseID:49 - CATEGORY字段：模型输出包含「其他」，该字段判定通过
2026-02-26 15:53:36,406 - INFO - CaseID:49 - 整体结果: PASS | 详情: 所有字段校验通过
2026-02-26 15:53:38,303 - INFO - CaseID:50 - 整体结果: PASS | 详情: 所有字段校验通过
2026-02-26 15:53:38,304 - INFO - CaseID:51 - CATEGORY字段：模型输出包含「其他」，该字段判定通过
2026-02-26 15:53:38,304 - INFO - CaseID:51 - 整体结果: PASS | 详情: 所有字段校验通过
2026-02-26 15:53:40,290 - INFO - CaseID:52 - 整体结果: PASS | 详情: 所有字段校验通过
2026-02-26 15:53:40,291 - INFO - CaseID:53 - CATEGORY字段：模型输出包含「其他」，该字段判定通过
2026-02-26 15:53:40,291 - INFO - CaseID:53 - 整体结果: PASS | 详情: 所有字段校验通过
2026-02-26 15:53:42,938 - INFO - CaseID:54 - 整体结果: PASS | 详情: 所有字段校验通过
2026-02-26 15:53:42,939 - INFO - CaseID:55 - CATEGORY字段：模型输出包含「其他」，该字段判定通过
2026-02-26 15:53:42,939 - INFO - CaseID:55 - 整体结果: PASS | 详情: 所有字段校验通过
2026-02-26 15:53:44,985 - INFO - CaseID:56 - 整体结果: PASS | 详情: 所有字段校验通过
2026-02-26 15:53:44,986 - INFO - CaseID:57 - 整体结果: FAILED | 详情: name不匹配：预期[aipainting]，实际[]; category不匹配：一方为空 - 预期[其他]，实际[]
2026-02-26 15:53:47,537 - INFO - CaseID:58 - 整体结果: PASS | 详情: 所有字段校验通过
2026-02-26 15:53:47,538 - INFO - CaseID:59 - CATEGORY字段：模型输出包含「其他」，该字段判定通过
2026-02-26 15:53:47,538 - INFO - CaseID:59 - 整体结果: PASS | 详情: 所有字段校验通过
2026-02-26 15:53:49,445 - INFO - CaseID:60 - 整体结果: PASS | 详情: 所有字段校验通过
2026-02-26 15:53:49,446 - INFO - CaseID:61 - CATEGORY字段：模型输出包含「其他」，该字段判定通过
2026-02-26 15:53:49,446 - INFO - CaseID:61 - 整体结果: PASS | 详情: 所有字段校验通过
2026-02-26 15:53:51,741 - INFO - CaseID:62 - 整体结果: PASS | 详情: 所有字段校验通过
2026-02-26 15:53:51,741 - INFO - CaseID:63 - CATEGORY字段：模型输出包含「其他」，该字段判定通过
2026-02-26 15:53:51,741 - INFO - CaseID:63 - 整体结果: PASS | 详情: 所有字段校验通过
2026-02-26 15:53:53,996 - INFO - CaseID:64 - 整体结果: FAILED | 详情: category不匹配：无交集 - 预期[其他]，实际[科幻]; style不匹配：预期[]，实际[赛博朋克]
2026-02-26 15:53:53,996 - INFO - CaseID:65 - CATEGORY字段：模型输出包含「其他」，该字段判定通过
2026-02-26 15:53:53,996 - INFO - CaseID:65 - 整体结果: PASS | 详情: 所有字段校验通过
2026-02-26 15:53:55,761 - INFO - CaseID:66 - 整体结果: PASS | 详情: 所有字段校验通过
2026-02-26 15:53:55,762 - INFO - CaseID:67 - CATEGORY字段：模型输出包含「其他」，该字段判定通过
2026-02-26 15:53:55,762 - INFO - CaseID:67 - 整体结果: PASS | 详情: 所有字段校验通过
2026-02-26 15:53:58,149 - INFO - CaseID:68 - 整体结果: PASS | 详情: 所有字段校验通过
2026-02-26 15:53:58,149 - INFO - CaseID:69 - 整体结果: FAILED | 详情: name不匹配：预期[aipainting]，实际[]; category不匹配：一方为空 - 预期[其他]，实际[]
2026-02-26 15:54:00,503 - INFO - CaseID:70 - 整体结果: PASS | 详情: 所有字段校验通过
2026-02-26 15:54:00,505 - INFO - CaseID:71 - CATEGORY字段：模型输出包含「其他」，该字段判定通过
2026-02-26 15:54:00,505 - INFO - CaseID:71 - 整体结果: PASS | 详情: 所有字段校验通过
2026-02-26 15:54:02,872 - INFO - CaseID:72 - 整体结果: PASS | 详情: 所有字段校验通过
2026-02-26 15:54:02,873 - INFO - CaseID:73 - CATEGORY字段：模型输出包含「其他」，该字段判定通过
2026-02-26 15:54:02,873 - INFO - CaseID:73 - 整体结果: PASS | 详情: 所有字段校验通过
2026-02-26 15:54:04,850 - INFO - CaseID:74 - 整体结果: PASS | 详情: 所有字段校验通过
2026-02-26 15:54:04,850 - INFO - CaseID:75 - CATEGORY字段：模型输出包含「其他」，该字段判定通过
2026-02-26 15:54:04,850 - INFO - CaseID:75 - 整体结果: PASS | 详情: 所有字段校验通过
2026-02-26 15:54:07,101 - INFO - CaseID:76 - 整体结果: PASS | 详情: 所有字段校验通过
2026-02-26 15:54:07,101 - INFO - CaseID:77 - CATEGORY字段：模型输出包含「其他」，该字段判定通过
2026-02-26 15:54:07,101 - INFO - CaseID:77 - 整体结果: PASS | 详情: 所有字段校验通过
2026-02-26 15:54:10,173 - INFO - CaseID:78 - 整体结果: PASS | 详情: 所有字段校验通过
2026-02-26 15:54:10,173 - INFO - CaseID:79 - CATEGORY字段：模型输出包含「其他」，该字段判定通过
2026-02-26 15:54:10,173 - INFO - CaseID:79 - 整体结果: PASS | 详情: 所有字段校验通过
2026-02-26 15:54:10,174 - INFO - CaseID:80 - CATEGORY字段：模型输出包含「其他」，该字段判定通过
2026-02-26 15:54:12,064 - INFO - CaseID:80 - 整体结果: PASS | 详情: 所有字段校验通过
2026-02-26 15:54:12,065 - INFO - CaseID:81 - CATEGORY字段：模型输出包含「其他」，该字段判定通过
2026-02-26 15:54:12,065 - INFO - CaseID:81 - 整体结果: PASS | 详情: 所有字段校验通过
2026-02-26 15:54:14,272 - INFO - CaseID:82 - 整体结果: PASS | 详情: 所有字段校验通过
2026-02-26 15:54:14,273 - INFO - CaseID:83 - CATEGORY字段：模型输出包含「其他」，该字段判定通过
2026-02-26 15:54:14,273 - INFO - CaseID:83 - 整体结果: PASS | 详情: 所有字段校验通过
2026-02-26 15:54:16,166 - INFO - CaseID:84 - 整体结果: PASS | 详情: 所有字段校验通过
2026-02-26 15:54:16,167 - INFO - CaseID:85 - CATEGORY字段：模型输出包含「其他」，该字段判定通过
2026-02-26 15:54:16,167 - INFO - CaseID:85 - 整体结果: PASS | 详情: 所有字段校验通过
2026-02-26 15:54:18,574 - INFO - CaseID:86 - 整体结果: PASS | 详情: 所有字段校验通过
2026-02-26 15:54:18,575 - INFO - CaseID:87 - CATEGORY字段：模型输出包含「其他」，该字段判定通过
2026-02-26 15:54:18,575 - INFO - CaseID:87 - 整体结果: PASS | 详情: 所有字段校验通过
2026-02-26 15:54:20,619 - INFO - CaseID:88 - 整体结果: PASS | 详情: 所有字段校验通过
2026-02-26 15:54:20,619 - INFO - CaseID:89 - CATEGORY字段：模型输出包含「其他」，该字段判定通过
2026-02-26 15:54:20,619 - INFO - CaseID:89 - 整体结果: PASS | 详情: 所有字段校验通过
2026-02-26 15:54:22,702 - INFO - CaseID:90 - 整体结果: PASS | 详情: 所有字段校验通过
2026-02-26 15:54:22,703 - INFO - CaseID:91 - CATEGORY字段：模型输出包含「其他」，该字段判定通过
2026-02-26 15:54:22,703 - INFO - CaseID:91 - 整体结果: PASS | 详情: 所有字段校验通过
2026-02-26 15:54:24,618 - INFO - CaseID:92 - 整体结果: PASS | 详情: 所有字段校验通过
2026-02-26 15:54:24,619 - INFO - CaseID:93 - CATEGORY字段：模型输出包含「其他」，该字段判定通过
2026-02-26 15:54:24,619 - INFO - CaseID:93 - 整体结果: PASS | 详情: 所有字段校验通过
2026-02-26 15:54:24,620 - INFO - CaseID:94 - 整体结果: FAILED | 详情: name不匹配：预期[aipainting]，实际[qasearch]; category不匹配：无交集 - 预期[人物]，实际[文学]; style不匹配：预期[油画]，实际[]; keyphrase语义不匹配：预期[一个小女孩点燃了一根火柴之后，看到了她太奶的油画]，实际[]
2026-02-26 15:54:24,620 - INFO - CaseID:95 - CATEGORY字段：模型输出包含「其他」，该字段判定通过
2026-02-26 15:54:24,620 - INFO - CaseID:95 - 整体结果: PASS | 详情: 所有字段校验通过
2026-02-26 15:54:26,345 - INFO - CaseID:96 - 整体结果: PASS | 详情: 所有字段校验通过
2026-02-26 15:54:26,345 - INFO - CaseID:97 - CATEGORY字段：模型输出包含「其他」，该字段判定通过
2026-02-26 15:54:26,345 - INFO - CaseID:97 - 整体结果: PASS | 详情: 所有字段校验通过
2026-02-26 15:54:28,325 - INFO - CaseID:98 - 整体结果: PASS | 详情: 所有字段校验通过
2026-02-26 15:54:28,325 - INFO - CaseID:99 - CATEGORY字段：模型输出包含「其他」，该字段判定通过
2026-02-26 15:54:28,325 - INFO - CaseID:99 - 整体结果: PASS | 详情: 所有字段校验通过
2026-02-26 15:54:28,325 - INFO - 已处理100行，休眠5秒降低压力...
2026-02-26 15:54:34,137 - INFO - CaseID:100 - 整体结果: PASS | 详情: 所有字段校验通过
2026-02-26 15:54:34,139 - INFO - CaseID:101 - CATEGORY字段：模型输出包含「其他」，该字段判定通过
2026-02-26 15:54:34,139 - INFO - CaseID:101 - 整体结果: PASS | 详情: 所有字段校验通过
2026-02-26 15:54:36,113 - INFO - CaseID:102 - 整体结果: PASS | 详情: 所有字段校验通过
2026-02-26 15:54:36,114 - INFO - CaseID:103 - CATEGORY字段：模型输出包含「其他」，该字段判定通过
2026-02-26 15:54:36,114 - INFO - CaseID:103 - 整体结果: PASS | 详情: 所有字段校验通过
2026-02-26 15:54:38,210 - INFO - CaseID:104 - 整体结果: PASS | 详情: 所有字段校验通过
2026-02-26 15:54:40,147 - INFO - CaseID:105 - 整体结果: PASS | 详情: 所有字段校验通过
2026-02-26 15:54:40,147 - INFO - CaseID:106 - CATEGORY字段：模型输出包含「其他」，该字段判定通过
2026-02-26 15:54:40,147 - INFO - CaseID:106 - 整体结果: PASS | 详情: 所有字段校验通过
2026-02-26 15:54:42,302 - INFO - CaseID:107 - 整体结果: PASS | 详情: 所有字段校验通过
2026-02-26 15:54:45,069 - INFO - CaseID:108 - 整体结果: PASS | 详情: 所有字段校验通过
2026-02-26 15:54:45,070 - INFO - CaseID:109 - CATEGORY字段：模型输出包含「其他」，该字段判定通过
2026-02-26 15:54:45,070 - INFO - CaseID:109 - 整体结果: PASS | 详情: 所有字段校验通过
2026-02-26 15:54:46,993 - INFO - CaseID:110 - 整体结果: PASS | 详情: 所有字段校验通过
2026-02-26 15:54:48,838 - INFO - CaseID:111 - 整体结果: PASS | 详情: 所有字段校验通过
2026-02-26 15:54:48,840 - INFO - CaseID:112 - CATEGORY字段：模型输出包含「其他」，该字段判定通过
2026-02-26 15:54:48,840 - INFO - CaseID:112 - 整体结果: PASS | 详情: 所有字段校验通过
2026-02-26 15:54:50,781 - INFO - CaseID:113 - 整体结果: PASS | 详情: 所有字段校验通过
2026-02-26 15:54:52,607 - INFO - CaseID:114 - 整体结果: PASS | 详情: 所有字段校验通过
2026-02-26 15:54:52,608 - INFO - CaseID:115 - CATEGORY字段：模型输出包含「其他」，该字段判定通过
2026-02-26 15:54:52,608 - INFO - CaseID:115 - 整体结果: PASS | 详情: 所有字段校验通过
2026-02-26 15:54:54,596 - INFO - CaseID:116 - 整体结果: PASS | 详情: 所有字段校验通过
2026-02-26 15:54:56,459 - INFO - CaseID:117 - 整体结果: PASS | 详情: 所有字段校验通过
2026-02-26 15:54:56,460 - INFO - CaseID:118 - CATEGORY字段：模型输出包含「其他」，该字段判定通过
2026-02-26 15:54:56,460 - INFO - CaseID:118 - 整体结果: PASS | 详情: 所有字段校验通过
2026-02-26 15:54:56,460 - INFO - CaseID:119 - CATEGORY字段：模型输出包含「其他」，该字段判定通过
2026-02-26 15:54:58,166 - INFO - CaseID:119 - 整体结果: PASS | 详情: 所有字段校验通过
2026-02-26 15:55:00,193 - INFO - CaseID:120 - 整体结果: PASS | 详情: 所有字段校验通过
2026-02-26 15:55:00,193 - INFO - CaseID:121 - CATEGORY字段：模型输出包含「其他」，该字段判定通过
2026-02-26 15:55:00,193 - INFO - CaseID:121 - 整体结果: PASS | 详情: 所有字段校验通过
2026-02-26 15:55:02,195 - INFO - CaseID:122 - 整体结果: PASS | 详情: 所有字段校验通过
2026-02-26 15:55:04,244 - INFO - CaseID:123 - 整体结果: PASS | 详情: 所有字段校验通过
2026-02-26 15:55:04,245 - INFO - CaseID:124 - CATEGORY字段：模型输出包含「其他」，该字段判定通过
2026-02-26 15:55:04,245 - INFO - CaseID:124 - 整体结果: PASS | 详情: 所有字段校验通过
2026-02-26 15:55:04,245 - INFO - CaseID:125 - CATEGORY字段：模型输出包含「其他」，该字段判定通过
2026-02-26 15:55:06,168 - INFO - CaseID:125 - 整体结果: PASS | 详情: 所有字段校验通过
2026-02-26 15:55:06,169 - INFO - CaseID:126 - CATEGORY字段：模型输出包含「其他」，该字段判定通过
2026-02-26 15:55:08,192 - INFO - CaseID:126 - 整体结果: FAILED | 详情: style不匹配：预期[漫画]，实际[]
2026-02-26 15:55:08,193 - INFO - CaseID:127 - CATEGORY字段：模型输出包含「其他」，该字段判定通过
2026-02-26 15:55:08,193 - INFO - CaseID:127 - 整体结果: PASS | 详情: 所有字段校验通过
2026-02-26 15:55:10,183 - INFO - CaseID:128 - 整体结果: PASS | 详情: 所有字段校验通过
2026-02-26 15:55:12,028 - INFO - CaseID:129 - 整体结果: PASS | 详情: 所有字段校验通过
2026-02-26 15:55:12,029 - INFO - CaseID:130 - CATEGORY字段：模型输出包含「其他」，该字段判定通过
2026-02-26 15:55:12,029 - INFO - CaseID:130 - 整体结果: PASS | 详情: 所有字段校验通过
2026-02-26 15:55:14,634 - INFO - CaseID:131 - 整体结果: PASS | 详情: 所有字段校验通过
2026-02-26 15:55:16,553 - INFO - CaseID:132 - 整体结果: PASS | 详情: 所有字段校验通过
2026-02-26 15:55:16,554 - INFO - CaseID:133 - CATEGORY字段：模型输出包含「其他」，该字段判定通过
2026-02-26 15:55:16,554 - INFO - CaseID:133 - 整体结果: PASS | 详情: 所有字段校验通过
2026-02-26 15:55:19,172 - INFO - CaseID:134 - 整体结果: PASS | 详情: 所有字段校验通过
2026-02-26 15:55:21,174 - INFO - CaseID:135 - 整体结果: PASS | 详情: 所有字段校验通过
2026-02-26 15:55:21,175 - INFO - CaseID:136 - CATEGORY字段：模型输出包含「其他」，该字段判定通过
2026-02-26 15:55:21,175 - INFO - CaseID:136 - 整体结果: PASS | 详情: 所有字段校验通过
2026-02-26 15:55:24,335 - INFO - CaseID:137 - 整体结果: PASS | 详情: 所有字段校验通过
2026-02-26 15:55:24,336 - INFO - CaseID:138 - CATEGORY字段：模型输出包含「其他」，该字段判定通过
2026-02-26 15:55:24,336 - INFO - CaseID:138 - 整体结果: PASS | 详情: 所有字段校验通过
2026-02-26 15:55:26,570 - INFO - CaseID:139 - 整体结果: PASS | 详情: 所有字段校验通过
2026-02-26 15:55:28,319 - INFO - CaseID:140 - 整体结果: PASS | 详情: 所有字段校验通过
2026-02-26 15:55:28,320 - INFO - CaseID:141 - CATEGORY字段：模型输出包含「其他」，该字段判定通过
2026-02-26 15:55:28,320 - INFO - CaseID:141 - 整体结果: PASS | 详情: 所有字段校验通过
2026-02-26 15:55:30,307 - INFO - CaseID:142 - 整体结果: PASS | 详情: 所有字段校验通过
2026-02-26 15:55:32,373 - INFO - CaseID:143 - 整体结果: PASS | 详情: 所有字段校验通过
2026-02-26 15:55:32,373 - INFO - CaseID:144 - 整体结果: FAILED | 详情: name不匹配：预期[aipainting]，实际[qasearch]; category不匹配：无交集 - 预期[其他]，实际[其他问答]
2026-02-26 15:55:34,758 - INFO - CaseID:145 - 整体结果: FAILED | 详情: style不匹配：预期[漫画]，实际[]
2026-02-26 15:55:36,808 - INFO - CaseID:146 - 整体结果: PASS | 详情: 所有字段校验通过
2026-02-26 15:55:36,809 - INFO - CaseID:147 - CATEGORY字段：模型输出包含「其他」，该字段判定通过
2026-02-26 15:55:36,809 - INFO - CaseID:147 - 整体结果: PASS | 详情: 所有字段校验通过
2026-02-26 15:55:39,060 - INFO - CaseID:148 - 整体结果: PASS | 详情: 所有字段校验通过
2026-02-26 15:55:39,061 - INFO - CaseID:149 - CATEGORY字段：模型输出包含「其他」，该字段判定通过
2026-02-26 15:55:39,062 - INFO - CaseID:149 - 整体结果: PASS | 详情: 所有字段校验通过
2026-02-26 15:55:41,027 - INFO - CaseID:150 - 整体结果: PASS | 详情: 所有字段校验通过
2026-02-26 15:55:43,361 - INFO - CaseID:151 - 整体结果: PASS | 详情: 所有字段校验通过
2026-02-26 15:55:43,362 - INFO - CaseID:152 - CATEGORY字段：模型输出包含「其他」，该字段判定通过
2026-02-26 15:55:43,362 - INFO - CaseID:152 - 整体结果: PASS | 详情: 所有字段校验通过
2026-02-26 15:55:46,094 - INFO - CaseID:153 - 整体结果: PASS | 详情: 所有字段校验通过
2026-02-26 15:55:48,146 - INFO - CaseID:154 - 整体结果: PASS | 详情: 所有字段校验通过
2026-02-26 15:55:48,147 - INFO - CaseID:155 - CATEGORY字段：模型输出包含「其他」，该字段判定通过
2026-02-26 15:55:48,148 - INFO - CaseID:155 - 整体结果: PASS | 详情: 所有字段校验通过
2026-02-26 15:55:50,165 - INFO - CaseID:156 - 整体结果: PASS | 详情: 所有字段校验通过
2026-02-26 15:55:52,051 - INFO - CaseID:157 - 整体结果: PASS | 详情: 所有字段校验通过
2026-02-26 15:55:52,052 - INFO - CaseID:158 - CATEGORY字段：模型输出包含「其他」，该字段判定通过
2026-02-26 15:55:52,052 - INFO - CaseID:158 - 整体结果: PASS | 详情: 所有字段校验通过
2026-02-26 15:55:54,249 - INFO - CaseID:159 - 整体结果: PASS | 详情: 所有字段校验通过
2026-02-26 15:55:56,098 - INFO - CaseID:160 - 整体结果: PASS | 详情: 所有字段校验通过
2026-02-26 15:55:56,099 - INFO - CaseID:161 - CATEGORY字段：模型输出包含「其他」，该字段判定通过
2026-02-26 15:55:56,099 - INFO - CaseID:161 - 整体结果: PASS | 详情: 所有字段校验通过
2026-02-26 15:55:58,266 - INFO - CaseID:162 - 整体结果: PASS | 详情: 所有字段校验通过
2026-02-26 15:56:00,236 - INFO - CaseID:163 - 整体结果: PASS | 详情: 所有字段校验通过
2026-02-26 15:56:00,238 - INFO - CaseID:164 - CATEGORY字段：模型输出包含「其他」，该字段判定通过
2026-02-26 15:56:00,238 - INFO - CaseID:164 - 整体结果: PASS | 详情: 所有字段校验通过
2026-02-26 15:56:01,979 - INFO - CaseID:165 - 整体结果: PASS | 详情: 所有字段校验通过
2026-02-26 15:56:03,891 - INFO - CaseID:166 - 整体结果: PASS | 详情: 所有字段校验通过
2026-02-26 15:56:03,892 - INFO - CaseID:167 - CATEGORY字段：模型输出包含「其他」，该字段判定通过
2026-02-26 15:56:03,892 - INFO - CaseID:167 - 整体结果: PASS | 详情: 所有字段校验通过
2026-02-26 15:56:06,613 - INFO - CaseID:168 - 整体结果: PASS | 详情: 所有字段校验通过
2026-02-26 15:56:08,571 - INFO - CaseID:169 - 整体结果: PASS | 详情: 所有字段校验通过
2026-02-26 15:56:08,572 - INFO - CaseID:170 - CATEGORY字段：模型输出包含「其他」，该字段判定通过
2026-02-26 15:56:08,572 - INFO - CaseID:170 - 整体结果: PASS | 详情: 所有字段校验通过
2026-02-26 15:56:11,154 - INFO - CaseID:171 - 整体结果: PASS | 详情: 所有字段校验通过
2026-02-26 15:56:12,978 - INFO - CaseID:172 - 整体结果: PASS | 详情: 所有字段校验通过
2026-02-26 15:56:12,979 - INFO - CaseID:173 - CATEGORY字段：模型输出包含「其他」，该字段判定通过
2026-02-26 15:56:12,979 - INFO - CaseID:173 - 整体结果: PASS | 详情: 所有字段校验通过
2026-02-26 15:56:15,098 - INFO - CaseID:174 - 整体结果: PASS | 详情: 所有字段校验通过
2026-02-26 15:56:16,903 - INFO - CaseID:175 - 整体结果: PASS | 详情: 所有字段校验通过
2026-02-26 15:56:16,904 - INFO - CaseID:176 - CATEGORY字段：模型输出包含「其他」，该字段判定通过
2026-02-26 15:56:16,904 - INFO - CaseID:176 - 整体结果: PASS | 详情: 所有字段校验通过
2026-02-26 15:56:19,355 - INFO - CaseID:177 - 整体结果: PASS | 详情: 所有字段校验通过
2026-02-26 15:56:21,676 - INFO - CaseID:178 - 整体结果: PASS | 详情: 所有字段校验通过
2026-02-26 15:56:21,678 - INFO - CaseID:179 - CATEGORY字段：模型输出包含「其他」，该字段判定通过
2026-02-26 15:56:21,678 - INFO - CaseID:179 - 整体结果: PASS | 详情: 所有字段校验通过
2026-02-26 15:56:23,726 - INFO - CaseID:180 - 整体结果: PASS | 详情: 所有字段校验通过
2026-02-26 15:56:25,656 - INFO - CaseID:181 - 整体结果: PASS | 详情: 所有字段校验通过
2026-02-26 15:56:25,657 - INFO - CaseID:182 - CATEGORY字段：模型输出包含「其他」，该字段判定通过
2026-02-26 15:56:25,657 - INFO - CaseID:182 - 整体结果: PASS | 详情: 所有字段校验通过
2026-02-26 15:56:25,657 - INFO - CaseID:183 - CATEGORY字段：模型输出包含「其他」，该字段判定通过
2026-02-26 15:56:27,450 - INFO - CaseID:183 - 整体结果: PASS | 详情: 所有字段校验通过
2026-02-26 15:56:29,350 - INFO - CaseID:184 - 整体结果: PASS | 详情: 所有字段校验通过
2026-02-26 15:56:29,351 - INFO - CaseID:185 - 整体结果: FAILED | 详情: name不匹配：预期[aipainting]，实际[]; category不匹配：一方为空 - 预期[其他]，实际[]
2026-02-26 15:56:31,120 - INFO - CaseID:186 - 整体结果: PASS | 详情: 所有字段校验通过
2026-02-26 15:56:33,128 - INFO - CaseID:187 - 整体结果: PASS | 详情: 所有字段校验通过
2026-02-26 15:56:33,129 - INFO - CaseID:188 - CATEGORY字段：模型输出包含「其他」，该字段判定通过
2026-02-26 15:56:33,129 - INFO - CaseID:188 - 整体结果: PASS | 详情: 所有字段校验通过
2026-02-26 15:56:35,181 - INFO - CaseID:189 - 整体结果: FAILED | 详情: category不匹配：无交集 - 预期[其他]，实际[科幻]
2026-02-26 15:56:38,076 - INFO - CaseID:190 - 整体结果: PASS | 详情: 所有字段校验通过
2026-02-26 15:56:38,077 - INFO - CaseID:191 - CATEGORY字段：模型输出包含「其他」，该字段判定通过
2026-02-26 15:56:38,077 - INFO - CaseID:191 - 整体结果: PASS | 详情: 所有字段校验通过
2026-02-26 15:56:40,820 - INFO - CaseID:192 - 整体结果: PASS | 详情: 所有字段校验通过
2026-02-26 15:56:42,499 - INFO - CaseID:193 - 整体结果: PASS | 详情: 所有字段校验通过
2026-02-26 15:56:42,500 - INFO - CaseID:194 - CATEGORY字段：模型输出包含「其他」，该字段判定通过
2026-02-26 15:56:42,500 - INFO - CaseID:194 - 整体结果: PASS | 详情: 所有字段校验通过
2026-02-26 15:56:42,501 - INFO - CaseID:195 - CATEGORY字段：模型输出包含「其他」，该字段判定通过
2026-02-26 15:56:44,553 - INFO - CaseID:195 - 整体结果: PASS | 详情: 所有字段校验通过
2026-02-26 15:56:46,272 - INFO - CaseID:196 - 整体结果: PASS | 详情: 所有字段校验通过
2026-02-26 15:56:46,273 - INFO - CaseID:197 - CATEGORY字段：模型输出包含「其他」，该字段判定通过
2026-02-26 15:56:46,273 - INFO - CaseID:197 - 整体结果: PASS | 详情: 所有字段校验通过
2026-02-26 15:56:48,363 - INFO - CaseID:198 - 整体结果: PASS | 详情: 所有字段校验通过
2026-02-26 15:56:50,243 - INFO - CaseID:199 - 整体结果: PASS | 详情: 所有字段校验通过
2026-02-26 15:56:50,243 - INFO - 已处理200行，休眠5秒降低压力...
2026-02-26 15:56:55,249 - INFO - CaseID:200 - CATEGORY字段：模型输出包含「其他」，该字段判定通过
2026-02-26 15:56:55,249 - INFO - CaseID:200 - 整体结果: PASS | 详情: 所有字段校验通过
2026-02-26 15:56:55,249 - INFO - 已处理200条用例，当前通过数：189
2026-02-26 15:56:57,569 - INFO - CaseID:201 - 整体结果: PASS | 详情: 所有字段校验通过
2026-02-26 15:56:59,860 - INFO - CaseID:202 - 整体结果: PASS | 详情: 所有字段校验通过
2026-02-26 15:56:59,861 - INFO - CaseID:203 - CATEGORY字段：模型输出包含「其他」，该字段判定通过
2026-02-26 15:56:59,861 - INFO - CaseID:203 - 整体结果: PASS | 详情: 所有字段校验通过
2026-02-26 15:57:01,605 - INFO - CaseID:204 - 整体结果: PASS | 详情: 所有字段校验通过
2026-02-26 15:57:03,576 - INFO - CaseID:205 - 整体结果: PASS | 详情: 所有字段校验通过
2026-02-26 15:57:03,577 - INFO - CaseID:206 - CATEGORY字段：模型输出包含「其他」，该字段判定通过
2026-02-26 15:57:03,577 - INFO - CaseID:206 - 整体结果: PASS | 详情: 所有字段校验通过
2026-02-26 15:57:05,465 - INFO - CaseID:207 - 整体结果: PASS | 详情: 所有字段校验通过
2026-02-26 15:57:07,364 - INFO - CaseID:208 - 整体结果: PASS | 详情: 所有字段校验通过
2026-02-26 15:57:07,365 - INFO - CaseID:209 - CATEGORY字段：模型输出包含「其他」，该字段判定通过
2026-02-26 15:57:07,365 - INFO - CaseID:209 - 整体结果: PASS | 详情: 所有字段校验通过
2026-02-26 15:57:10,168 - INFO - CaseID:210 - 整体结果: FAILED | 详情: keyphrase语义不匹配：预期[一个机器人]，实际[一个机器人的图片]
2026-02-26 15:57:12,758 - INFO - CaseID:211 - 整体结果: PASS | 详情: 所有字段校验通过
2026-02-26 15:57:12,758 - INFO - CaseID:212 - CATEGORY字段：模型输出包含「其他」，该字段判定通过
2026-02-26 15:57:12,758 - INFO - CaseID:212 - 整体结果: PASS | 详情: 所有字段校验通过
2026-02-26 15:57:15,110 - INFO - CaseID:213 - 整体结果: PASS | 详情: 所有字段校验通过
2026-02-26 15:57:16,753 - INFO - CaseID:214 - 整体结果: PASS | 详情: 所有字段校验通过
2026-02-26 15:57:16,754 - INFO - CaseID:215 - CATEGORY字段：模型输出包含「其他」，该字段判定通过
2026-02-26 15:57:16,754 - INFO - CaseID:215 - 整体结果: PASS | 详情: 所有字段校验通过
2026-02-26 15:57:18,984 - INFO - CaseID:216 - 整体结果: PASS | 详情: 所有字段校验通过
2026-02-26 15:57:21,351 - INFO - CaseID:217 - 整体结果: PASS | 详情: 所有字段校验通过
2026-02-26 15:57:21,353 - INFO - CaseID:218 - CATEGORY字段：模型输出包含「其他」，该字段判定通过
2026-02-26 15:57:21,353 - INFO - CaseID:218 - 整体结果: PASS | 详情: 所有字段校验通过
2026-02-26 15:57:23,557 - INFO - CaseID:219 - 整体结果: PASS | 详情: 所有字段校验通过
2026-02-26 15:57:25,834 - INFO - CaseID:220 - 整体结果: PASS | 详情: 所有字段校验通过
2026-02-26 15:57:25,835 - INFO - CaseID:221 - CATEGORY字段：模型输出包含「其他」，该字段判定通过
2026-02-26 15:57:25,835 - INFO - CaseID:221 - 整体结果: FAILED | 详情: keyphrase语义不匹配：预期[]，实际[长图片的工具或方法推荐]
2026-02-26 15:57:28,252 - INFO - CaseID:222 - 整体结果: PASS | 详情: 所有字段校验通过
2026-02-26 15:57:31,001 - INFO - CaseID:223 - 整体结果: PASS | 详情: 所有字段校验通过
2026-02-26 15:57:31,002 - INFO - CaseID:224 - CATEGORY字段：模型输出包含「其他」，该字段判定通过
2026-02-26 15:57:31,003 - INFO - CaseID:224 - 整体结果: PASS | 详情: 所有字段校验通过
2026-02-26 15:57:32,814 - INFO - CaseID:225 - 整体结果: PASS | 详情: 所有字段校验通过
2026-02-26 15:57:35,315 - INFO - CaseID:226 - 整体结果: PASS | 详情: 所有字段校验通过
2026-02-26 15:57:35,316 - INFO - CaseID:227 - CATEGORY字段：模型输出包含「其他」，该字段判定通过
2026-02-26 15:57:35,316 - INFO - CaseID:227 - 整体结果: PASS | 详情: 所有字段校验通过
2026-02-26 15:57:37,028 - INFO - CaseID:228 - 整体结果: PASS | 详情: 所有字段校验通过
2026-02-26 15:57:39,082 - INFO - CaseID:229 - 整体结果: FAILED | 详情: keyphrase语义不匹配：预期[许多的白色机器人在澡堂中工作]，实际[一个机器人在澡堂中工作]
2026-02-26 15:57:39,082 - INFO - CaseID:230 - 整体结果: FAILED | 详情: name不匹配：预期[aipainting]，实际[]; category不匹配：一方为空 - 预期[其他]，实际[]
2026-02-26 15:57:41,497 - INFO - CaseID:231 - 整体结果: PASS | 详情: 所有字段校验通过
2026-02-26 15:57:43,432 - INFO - CaseID:232 - 整体结果: PASS | 详情: 所有字段校验通过
2026-02-26 15:57:43,434 - INFO - CaseID:233 - CATEGORY字段：模型输出包含「其他」，该字段判定通过
2026-02-26 15:57:43,434 - INFO - CaseID:233 - 整体结果: PASS | 详情: 所有字段校验通过
2026-02-26 15:57:45,278 - INFO - CaseID:234 - 整体结果: PASS | 详情: 所有字段校验通过
2026-02-26 15:57:46,980 - INFO - CaseID:235 - 整体结果: PASS | 详情: 所有字段校验通过
2026-02-26 15:57:46,981 - INFO - CaseID:236 - CATEGORY字段：模型输出包含「其他」，该字段判定通过
2026-02-26 15:57:46,981 - INFO - CaseID:236 - 整体结果: PASS | 详情: 所有字段校验通过
2026-02-26 15:57:48,887 - INFO - CaseID:237 - 整体结果: PASS | 详情: 所有字段校验通过
2026-02-26 15:57:50,825 - INFO - CaseID:238 - 整体结果: PASS | 详情: 所有字段校验通过
2026-02-26 15:57:50,827 - INFO - CaseID:239 - CATEGORY字段：模型输出包含「其他」，该字段判定通过
2026-02-26 15:57:50,827 - INFO - CaseID:239 - 整体结果: PASS | 详情: 所有字段校验通过
2026-02-26 15:57:52,829 - INFO - CaseID:240 - 整体结果: PASS | 详情: 所有字段校验通过
2026-02-26 15:57:54,789 - INFO - CaseID:241 - 整体结果: PASS | 详情: 所有字段校验通过
2026-02-26 15:57:54,789 - INFO - CaseID:242 - CATEGORY字段：模型输出包含「其他」，该字段判定通过
2026-02-26 15:57:54,789 - INFO - CaseID:242 - 整体结果: PASS | 详情: 所有字段校验通过
2026-02-26 15:57:56,733 - INFO - CaseID:243 - 整体结果: PASS | 详情: 所有字段校验通过
2026-02-26 15:57:58,648 - INFO - CaseID:244 - 整体结果: PASS | 详情: 所有字段校验通过
2026-02-26 15:57:58,650 - INFO - CaseID:245 - CATEGORY字段：模型输出包含「其他」，该字段判定通过
2026-02-26 15:57:58,650 - INFO - CaseID:245 - 整体结果: PASS | 详情: 所有字段校验通过
2026-02-26 15:58:00,404 - INFO - CaseID:246 - 整体结果: PASS | 详情: 所有字段校验通过
2026-02-26 15:58:02,379 - INFO - CaseID:247 - 整体结果: PASS | 详情: 所有字段校验通过
2026-02-26 15:58:02,379 - INFO - CaseID:248 - CATEGORY字段：模型输出包含「其他」，该字段判定通过
2026-02-26 15:58:04,265 - INFO - CaseID:248 - 整体结果: PASS | 详情: 所有字段校验通过
2026-02-26 15:58:06,243 - INFO - CaseID:249 - 整体结果: PASS | 详情: 所有字段校验通过
2026-02-26 15:58:08,220 - INFO - CaseID:250 - 整体结果: PASS | 详情: 所有字段校验通过
2026-02-26 15:58:08,220 - INFO - CaseID:251 - 整体结果: FAILED | 详情: name不匹配：预期[aipainting]，实际[]; category不匹配：一方为空 - 预期[人物]，实际[]; keyphrase语义不匹配：预期[一群穿比基尼的美女]，实际[]
2026-02-26 15:58:10,188 - INFO - CaseID:252 - 整体结果: PASS | 详情: 所有字段校验通过
2026-02-26 15:58:12,161 - INFO - CaseID:253 - 整体结果: PASS | 详情: 所有字段校验通过
2026-02-26 15:58:14,313 - INFO - CaseID:254 - 整体结果: PASS | 详情: 所有字段校验通过
2026-02-26 15:58:16,891 - INFO - CaseID:255 - 整体结果: PASS | 详情: 所有字段校验通过
2026-02-26 15:58:18,544 - INFO - CaseID:256 - 整体结果: PASS | 详情: 所有字段校验通过
2026-02-26 15:58:21,060 - INFO - CaseID:257 - 整体结果: PASS | 详情: 所有字段校验通过
2026-02-26 15:58:21,061 - INFO - CaseID:258 - CATEGORY字段：模型输出包含「其他」，该字段判定通过
2026-02-26 15:58:23,130 - INFO - CaseID:258 - 整体结果: PASS | 详情: 所有字段校验通过
2026-02-26 15:58:23,130 - INFO - CaseID:259 - CATEGORY字段：模型输出包含「其他」，该字段判定通过
2026-02-26 15:58:25,973 - INFO - CaseID:259 - 整体结果: PASS | 详情: 所有字段校验通过
2026-02-26 15:58:28,339 - INFO - CaseID:260 - 整体结果: PASS | 详情: 所有字段校验通过
2026-02-26 15:58:30,073 - INFO - CaseID:261 - 整体结果: PASS | 详情: 所有字段校验通过
2026-02-26 15:58:32,667 - INFO - CaseID:262 - 整体结果: PASS | 详情: 所有字段校验通过
2026-02-26 15:58:34,580 - INFO - CaseID:263 - 整体结果: PASS | 详情: 所有字段校验通过
2026-02-26 15:58:36,599 - INFO - CaseID:264 - 整体结果: PASS | 详情: 所有字段校验通过
2026-02-26 15:58:38,876 - INFO - CaseID:265 - 整体结果: PASS | 详情: 所有字段校验通过
2026-02-26 15:58:40,897 - INFO - CaseID:266 - 整体结果: PASS | 详情: 所有字段校验通过
2026-02-26 15:58:42,912 - INFO - CaseID:267 - 整体结果: PASS | 详情: 所有字段校验通过
2026-02-26 15:58:44,578 - INFO - CaseID:268 - 整体结果: PASS | 详情: 所有字段校验通过
2026-02-26 15:58:46,547 - INFO - CaseID:269 - 整体结果: PASS | 详情: 所有字段校验通过
2026-02-26 15:58:46,548 - INFO - CaseID:270 - CATEGORY字段：模型输出包含「其他」，该字段判定通过
2026-02-26 15:58:48,262 - INFO - CaseID:270 - 整体结果: PASS | 详情: 所有字段校验通过
2026-02-26 15:58:48,263 - INFO - CaseID:271 - CATEGORY字段：模型输出包含「其他」，该字段判定通过
2026-02-26 15:58:50,634 - INFO - CaseID:271 - 整体结果: PASS | 详情: 所有字段校验通过
2026-02-26 15:58:52,563 - INFO - CaseID:272 - 整体结果: FAILED | 详情: category不匹配：无交集 - 预期[餐饮食物]，实际[植物]
2026-02-26 15:58:56,081 - INFO - CaseID:273 - 整体结果: PASS | 详情: 所有字段校验通过
2026-02-26 15:58:58,318 - INFO - CaseID:274 - 整体结果: PASS | 详情: 所有字段校验通过
2026-02-26 15:59:00,210 - INFO - CaseID:275 - 整体结果: PASS | 详情: 所有字段校验通过
2026-02-26 15:59:02,185 - INFO - CaseID:276 - 整体结果: PASS | 详情: 所有字段校验通过
2026-02-26 15:59:04,276 - INFO - CaseID:277 - 整体结果: PASS | 详情: 所有字段校验通过
2026-02-26 15:59:06,322 - INFO - CaseID:278 - 整体结果: PASS | 详情: 所有字段校验通过
2026-02-26 15:59:08,305 - INFO - CaseID:279 - 整体结果: PASS | 详情: 所有字段校验通过
2026-02-26 15:59:10,980 - INFO - CaseID:280 - 整体结果: PASS | 详情: 所有字段校验通过
2026-02-26 15:59:10,981 - INFO - CaseID:281 - 整体结果: FAILED | 详情: name不匹配：预期[aipainting]，实际[]; category不匹配：一方为空 - 预期[人物]，实际[]; keyphrase语义不匹配：预期[一个将军哥哥]，实际[]
2026-02-26 15:59:12,939 - INFO - CaseID:282 - 整体结果: PASS | 详情: 所有字段校验通过
2026-02-26 15:59:14,675 - INFO - CaseID:283 - 整体结果: PASS | 详情: 所有字段校验通过
2026-02-26 15:59:16,641 - INFO - CaseID:284 - 整体结果: PASS | 详情: 所有字段校验通过
2026-02-26 15:59:18,491 - INFO - CaseID:285 - 整体结果: PASS | 详情: 所有字段校验通过
2026-02-26 15:59:20,659 - INFO - CaseID:286 - 整体结果: PASS | 详情: 所有字段校验通过
2026-02-26 15:59:22,758 - INFO - CaseID:287 - 整体结果: PASS | 详情: 所有字段校验通过
2026-02-26 15:59:24,954 - INFO - CaseID:288 - 整体结果: PASS | 详情: 所有字段校验通过
2026-02-26 15:59:27,006 - INFO - CaseID:289 - 整体结果: PASS | 详情: 所有字段校验通过
2026-02-26 15:59:29,105 - INFO - CaseID:290 - 整体结果: PASS | 详情: 所有字段校验通过
2026-02-26 15:59:31,101 - INFO - CaseID:291 - 整体结果: PASS | 详情: 所有字段校验通过
2026-02-26 15:59:32,916 - INFO - CaseID:292 - 整体结果: PASS | 详情: 所有字段校验通过
2026-02-26 15:59:34,841 - INFO - CaseID:293 - 整体结果: PASS | 详情: 所有字段校验通过
2026-02-26 15:59:36,868 - INFO - CaseID:294 - 整体结果: PASS | 详情: 所有字段校验通过
2026-02-26 15:59:39,089 - INFO - CaseID:295 - 整体结果: PASS | 详情: 所有字段校验通过
2026-02-26 15:59:41,136 - INFO - CaseID:296 - 整体结果: PASS | 详情: 所有字段校验通过
2026-02-26 15:59:43,089 - INFO - CaseID:297 - 整体结果: PASS | 详情: 所有字段校验通过
2026-02-26 15:59:45,832 - INFO - CaseID:298 - 整体结果: PASS | 详情: 所有字段校验通过
2026-02-26 15:59:48,095 - INFO - CaseID:299 - 整体结果: PASS | 详情: 所有字段校验通过
2026-02-26 15:59:48,096 - INFO - 已处理300行，休眠5秒降低压力...
2026-02-26 15:59:54,244 - INFO - CaseID:300 - 整体结果: PASS | 详情: 所有字段校验通过
2026-02-26 15:59:56,177 - INFO - CaseID:301 - 整体结果: PASS | 详情: 所有字段校验通过
2026-02-26 15:59:58,122 - INFO - CaseID:302 - 整体结果: PASS | 详情: 所有字段校验通过
2026-02-26 16:00:00,173 - INFO - CaseID:303 - 整体结果: PASS | 详情: 所有字段校验通过
2026-02-26 16:00:01,890 - INFO - CaseID:304 - 整体结果: PASS | 详情: 所有字段校验通过
2026-02-26 16:00:04,298 - INFO - CaseID:305 - 整体结果: PASS | 详情: 所有字段校验通过
2026-02-26 16:00:06,126 - INFO - CaseID:306 - 整体结果: PASS | 详情: 所有字段校验通过
2026-02-26 16:00:08,628 - INFO - CaseID:307 - 整体结果: PASS | 详情: 所有字段校验通过
2026-02-26 16:00:10,967 - INFO - CaseID:308 - 整体结果: PASS | 详情: 所有字段校验通过
2026-02-26 16:00:12,961 - INFO - CaseID:309 - 整体结果: PASS | 详情: 所有字段校验通过
2026-02-26 16:00:14,904 - INFO - CaseID:310 - 整体结果: PASS | 详情: 所有字段校验通过
2026-02-26 16:00:16,668 - INFO - CaseID:311 - 整体结果: FAILED | 详情: style不匹配：预期[]，实际[线稿]
2026-02-26 16:00:19,277 - INFO - CaseID:312 - 整体结果: FAILED | 详情: category不匹配：无交集 - 预期[其他]，实际[动物]
2026-02-26 16:00:21,274 - INFO - CaseID:313 - 整体结果: PASS | 详情: 所有字段校验通过
2026-02-26 16:00:23,287 - INFO - CaseID:314 - 整体结果: PASS | 详情: 所有字段校验通过
2026-02-26 16:00:25,331 - INFO - CaseID:315 - 整体结果: PASS | 详情: 所有字段校验通过
2026-02-26 16:00:27,276 - INFO - CaseID:316 - 整体结果: PASS | 详情: 所有字段校验通过
2026-02-26 16:00:29,162 - INFO - CaseID:317 - 整体结果: PASS | 详情: 所有字段校验通过
2026-02-26 16:00:31,011 - INFO - CaseID:318 - 整体结果: PASS | 详情: 所有字段校验通过
2026-02-26 16:00:33,042 - INFO - CaseID:319 - 整体结果: PASS | 详情: 所有字段校验通过
2026-02-26 16:00:34,793 - INFO - CaseID:320 - 整体结果: PASS | 详情: 所有字段校验通过
2026-02-26 16:00:37,838 - INFO - CaseID:321 - 整体结果: PASS | 详情: 所有字段校验通过
2026-02-26 16:00:40,217 - INFO - CaseID:322 - 整体结果: PASS | 详情: 所有字段校验通过
2026-02-26 16:00:42,377 - INFO - CaseID:323 - 整体结果: PASS | 详情: 所有字段校验通过
2026-02-26 16:00:44,255 - INFO - CaseID:324 - 整体结果: PASS | 详情: 所有字段校验通过
2026-02-26 16:00:46,567 - INFO - CaseID:325 - 整体结果: PASS | 详情: 所有字段校验通过
2026-02-26 16:00:48,693 - INFO - CaseID:326 - 整体结果: PASS | 详情: 所有字段校验通过
2026-02-26 16:00:51,175 - INFO - CaseID:327 - 整体结果: PASS | 详情: 所有字段校验通过
2026-02-26 16:00:51,176 - INFO - CaseID:328 - CATEGORY字段：模型输出包含「其他」，该字段判定通过
2026-02-26 16:00:53,583 - INFO - CaseID:328 - 整体结果: PASS | 详情: 所有字段校验通过
2026-02-26 16:00:55,544 - INFO - CaseID:329 - 整体结果: PASS | 详情: 所有字段校验通过
2026-02-26 16:00:57,485 - INFO - CaseID:330 - 整体结果: PASS | 详情: 所有字段校验通过
2026-02-26 16:00:59,984 - INFO - CaseID:331 - 整体结果: PASS | 详情: 所有字段校验通过
2026-02-26 16:01:01,760 - INFO - CaseID:332 - 整体结果: PASS | 详情: 所有字段校验通过
2026-02-26 16:01:03,854 - INFO - CaseID:333 - 整体结果: PASS | 详情: 所有字段校验通过
2026-02-26 16:01:05,836 - INFO - CaseID:334 - 整体结果: FAILED | 详情: style不匹配：预期[漫画]，实际[]
2026-02-26 16:01:08,866 - INFO - CaseID:335 - 整体结果: PASS | 详情: 所有字段校验通过
2026-02-26 16:01:10,855 - INFO - CaseID:336 - 整体结果: PASS | 详情: 所有字段校验通过
2026-02-26 16:01:13,390 - INFO - CaseID:337 - 整体结果: PASS | 详情: 所有字段校验通过
2026-02-26 16:01:16,125 - INFO - CaseID:338 - 整体结果: PASS | 详情: 所有字段校验通过
2026-02-26 16:01:18,157 - INFO - CaseID:339 - 整体结果: PASS | 详情: 所有字段校验通过
2026-02-26 16:01:21,348 - INFO - CaseID:340 - 整体结果: PASS | 详情: 所有字段校验通过
2026-02-26 16:01:23,294 - INFO - CaseID:341 - 整体结果: PASS | 详情: 所有字段校验通过
2026-02-26 16:01:25,179 - INFO - CaseID:342 - 整体结果: PASS | 详情: 所有字段校验通过
2026-02-26 16:01:27,232 - INFO - CaseID:343 - 整体结果: PASS | 详情: 所有字段校验通过
2026-02-26 16:01:29,256 - INFO - CaseID:344 - 整体结果: PASS | 详情: 所有字段校验通过
2026-02-26 16:01:31,441 - INFO - CaseID:345 - 整体结果: PASS | 详情: 所有字段校验通过
2026-02-26 16:01:33,236 - INFO - CaseID:346 - 整体结果: PASS | 详情: 所有字段校验通过
2026-02-26 16:01:35,204 - INFO - CaseID:347 - 整体结果: PASS | 详情: 所有字段校验通过
2026-02-26 16:01:36,914 - INFO - CaseID:348 - 整体结果: PASS | 详情: 所有字段校验通过
2026-02-26 16:01:39,982 - INFO - CaseID:349 - 整体结果: PASS | 详情: 所有字段校验通过
2026-02-26 16:01:42,390 - INFO - CaseID:350 - 整体结果: PASS | 详情: 所有字段校验通过
2026-02-26 16:01:44,584 - INFO - CaseID:351 - 整体结果: PASS | 详情: 所有字段校验通过
2026-02-26 16:01:46,717 - INFO - CaseID:352 - 整体结果: FAILED | 详情: category不匹配：无交集 - 预期[城市建筑]，实际[城市]
2026-02-26 16:01:48,933 - INFO - CaseID:353 - 整体结果: PASS | 详情: 所有字段校验通过
2026-02-26 16:01:50,935 - INFO - CaseID:354 - 整体结果: PASS | 详情: 所有字段校验通过
2026-02-26 16:02:05,558 - INFO - 
=== 执行完成（总耗时：561.05秒）===
2026-02-26 16:02:05,559 - INFO - 总用例数：354
2026-02-26 16:02:05,560 - INFO - 通过数：332（93.79%）
2026-02-26 16:02:05,560 - INFO - 失败数：22（6.21%）
