2026-02-26 16:39:32,898 - INFO - === 绘画大师规划对比工具（最终稳定版）启动 ===
2026-02-26 16:39:33,073 - INFO - 成功加载飞书表格
2026-02-26 16:39:36,970 - INFO - CaseID:ROW_2 - CATEGORY字段：标准答案为「其他」，模型输出任意值通过
2026-02-26 16:39:36,970 - INFO - CaseID:ROW_2 - 整体结果: FAILED | 详情: 模型输出核心字段全为空，判定不通过; name不匹配：预期[aipainting]，实际[]
2026-02-26 16:39:36,971 - INFO - CaseID:ROW_3 - 整体结果: FAILED | 详情: 模型输出核心字段全为空，判定不通过; name不匹配：预期[aipainting]，实际[]; category不匹配：一方为空 - 预期[自然风景&动物&植物]，实际[]; keyphrase语义不匹配：预期[一片郁郁葱葱的大草原，草原上还有马儿在奔跑]，实际[]
2026-02-26 16:39:36,971 - INFO - CaseID:ROW_4 - 整体结果: FAILED | 详情: 模型输出核心字段全为空，判定不通过; name不匹配：预期[aipainting]，实际[]; category不匹配：一方为空 - 预期[城市建筑&人物]，实际[]; keyphrase语义不匹配：预期[充满欢声笑语的教堂，有一对新人在结婚的场景]，实际[]
2026-02-26 16:39:36,971 - INFO - CaseID:ROW_5 - CATEGORY字段：标准答案为「其他」，模型输出任意值通过
2026-02-26 16:39:36,971 - INFO - CaseID:ROW_5 - 整体结果: FAILED | 详情: 模型输出核心字段全为空，判定不通过; name不匹配：预期[aipainting]，实际[]
2026-02-26 16:39:36,971 - INFO - CaseID:ROW_6 - CATEGORY字段：标准答案为「其他」，模型输出任意值通过
2026-02-26 16:39:36,971 - INFO - CaseID:ROW_6 - 整体结果: FAILED | 详情: 模型输出核心字段全为空，判定不通过; name不匹配：预期[aipainting]，实际[]
2026-02-26 16:39:36,972 - INFO - CaseID:ROW_7 - CATEGORY字段：标准答案为「其他」，模型输出任意值通过
2026-02-26 16:39:36,972 - INFO - CaseID:ROW_7 - 整体结果: FAILED | 详情: 模型输出核心字段全为空，判定不通过; name不匹配：预期[aipainting]，实际[]; style不匹配：预期[赛博朋克]，实际[]; keyphrase语义不匹配：预期[赛博朋克，银色的机械装置与荧光的霓虹灯交相辉映]，实际[]
2026-02-26 16:39:36,972 - INFO - CaseID:ROW_8 - 整体结果: FAILED | 详情: 模型输出核心字段全为空，判定不通过; name不匹配：预期[aipainting]，实际[]; category不匹配：一方为空 - 预期[自然风景&植物]，实际[]; style不匹配：预期[写实]，实际[]; keyphrase语义不匹配：预期[冰川下一片片杜鹃花开满了山坡，写实风]，实际[]
2026-02-26 16:39:36,972 - INFO - CaseID:ROW_9 - 整体结果: FAILED | 详情: 模型输出核心字段全为空，判定不通过; name不匹配：预期[aipainting]，实际[]; category不匹配：一方为空 - 预期[人物]，实际[]; style不匹配：预期[油画]，实际[]; keyphrase语义不匹配：预期[一个小女孩点燃了一根火柴之后，看到了她太奶的油画]，实际[]
2026-02-26 16:39:36,972 - INFO - CaseID:ROW_10 - CATEGORY字段：标准答案为「其他」，模型输出任意值通过
2026-02-26 16:39:38,002 - INFO - CaseID:ROW_10 - 整体结果: FAILED | 详情: style不匹配：预期[漫画]，实际[]
2026-02-26 16:39:39,743 - INFO - CaseID:ROW_11 - 整体结果: FAILED | 详情: style不匹配：预期[漫画]，实际[]
2026-02-26 16:39:39,743 - INFO - CaseID:ROW_12 - CATEGORY字段：标准答案为「其他」，模型输出任意值通过
2026-02-26 16:39:39,743 - INFO - CaseID:ROW_12 - 整体结果: FAILED | 详情: 模型输出核心字段全为空，判定不通过; name不匹配：预期[aipainting]，实际[]
2026-02-26 16:39:39,744 - INFO - CaseID:ROW_13 - CATEGORY字段：标准答案为「其他」，模型输出任意值通过
2026-02-26 16:39:39,744 - INFO - CaseID:ROW_13 - 整体结果: FAILED | 详情: 模型输出核心字段全为空，判定不通过; name不匹配：预期[aipainting]，实际[]
2026-02-26 16:39:39,744 - INFO - CaseID:ROW_14 - CATEGORY字段：标准答案为「其他」，模型输出任意值通过
2026-02-26 16:39:39,744 - INFO - CaseID:ROW_14 - 整体结果: FAILED | 详情: 模型输出核心字段全为空，判定不通过; name不匹配：预期[aipainting]，实际[]
2026-02-26 16:39:39,745 - INFO - CaseID:ROW_15 - CATEGORY字段：标准答案为「其他」，模型输出任意值通过
2026-02-26 16:39:39,745 - INFO - CaseID:ROW_15 - 整体结果: FAILED | 详情: 模型输出核心字段全为空，判定不通过; name不匹配：预期[aipainting]，实际[]
2026-02-26 16:39:39,745 - INFO - CaseID:ROW_16 - CATEGORY字段：标准答案为「其他」，模型输出任意值通过
2026-02-26 16:39:39,745 - INFO - CaseID:ROW_16 - 整体结果: FAILED | 详情: name不匹配：预期[aipainting]，实际[qasearch]
2026-02-26 16:39:39,746 - INFO - CaseID:ROW_17 - 整体结果: FAILED | 详情: name不匹配：预期[aipainting]，实际[qasearch]; category不匹配：无交集 - 预期[人物]，实际[其他问答]; keyphrase语义不匹配：预期[一个穿着粉色衣服的财神爷]，实际[]
2026-02-26 16:39:39,746 - INFO - CaseID:ROW_18 - 整体结果: FAILED | 详情: 模型输出核心字段全为空，判定不通过; name不匹配：预期[aipainting]，实际[]; category不匹配：一方为空 - 预期[人物]，实际[]; keyphrase语义不匹配：预期[一群穿比基尼的美女]，实际[]
2026-02-26 16:39:39,746 - INFO - CaseID:ROW_19 - CATEGORY字段：标准答案为「其他」，模型输出任意值通过
2026-02-26 16:39:39,746 - INFO - CaseID:ROW_19 - 整体结果: FAILED | 详情: 模型输出核心字段全为空，判定不通过; name不匹配：预期[aipainting]，实际[]; keyphrase语义不匹配：预期[钱堆满一屋子]，实际[]
2026-02-26 16:39:42,290 - INFO - CaseID:ROW_20 - 整体结果: FAILED | 详情: style不匹配：预期[漫画]，实际[]
2026-02-26 16:39:52,106 - INFO - 
=== 执行完成（总耗时：19.21秒）===
2026-02-26 16:39:52,107 - INFO - 总用例数：19 | 通过：0（0.00%） | 失败：19
