2026-02-26 15:43:17,834 - INFO - === 绘画大师规划对比工具（最终稳定版）启动 ===
2026-02-26 15:43:18,040 - INFO - 成功加载飞书表格
2026-02-26 15:43:19,395 - INFO - CaseID:1 - 整体结果: FAILED | 详情: name不匹配：预期[aipainting]，实际[]; category不匹配：一方为空 - 预期[其他]，实际[]
2026-02-26 15:43:20,256 - INFO - CaseID:2 - 整体结果: PASS | 详情: 所有字段校验通过
2026-02-26 15:43:20,256 - INFO - CaseID:3 - CATEGORY字段：模型输出包含「其他」，该字段判定通过
2026-02-26 15:43:20,256 - INFO - CaseID:3 - 整体结果: PASS | 详情: 所有字段校验通过
2026-02-26 15:43:22,814 - INFO - CaseID:4 - 整体结果: PASS | 详情: 所有字段校验通过
2026-02-26 15:43:22,815 - INFO - CaseID:5 - CATEGORY字段：模型输出包含「其他」，该字段判定通过
2026-02-26 15:43:22,815 - INFO - CaseID:5 - 整体结果: PASS | 详情: 所有字段校验通过
2026-02-26 15:43:24,708 - INFO - CaseID:6 - 整体结果: PASS | 详情: 所有字段校验通过
2026-02-26 15:43:24,709 - INFO - CaseID:7 - CATEGORY字段：模型输出包含「其他」，该字段判定通过
2026-02-26 15:43:24,709 - INFO - CaseID:7 - 整体结果: PASS | 详情: 所有字段校验通过
2026-02-26 15:43:26,750 - INFO - CaseID:8 - 整体结果: PASS | 详情: 所有字段校验通过
2026-02-26 15:43:26,751 - INFO - CaseID:9 - CATEGORY字段：模型输出包含「其他」，该字段判定通过
2026-02-26 15:43:26,751 - INFO - CaseID:9 - 整体结果: PASS | 详情: 所有字段校验通过
2026-02-26 15:43:28,660 - INFO - CaseID:10 - 整体结果: PASS | 详情: 所有字段校验通过
2026-02-26 15:43:28,661 - INFO - CaseID:11 - CATEGORY字段：模型输出包含「其他」，该字段判定通过
2026-02-26 15:43:28,661 - INFO - CaseID:11 - 整体结果: PASS | 详情: 所有字段校验通过
2026-02-26 15:43:30,577 - INFO - CaseID:12 - 整体结果: PASS | 详情: 所有字段校验通过
2026-02-26 15:43:30,578 - INFO - CaseID:13 - CATEGORY字段：模型输出包含「其他」，该字段判定通过
2026-02-26 15:43:30,578 - INFO - CaseID:13 - 整体结果: PASS | 详情: 所有字段校验通过
2026-02-26 15:43:30,578 - INFO - CaseID:14 - 整体结果: FAILED | 详情: name不匹配：预期[aipainting]，实际[]; category不匹配：一方为空 - 预期[自然风景&动物&植物]，实际[]; keyphrase语义不匹配：预期[一片郁郁葱葱的大草原，草原上还有马儿在奔跑]，实际[]
2026-02-26 15:43:30,578 - INFO - CaseID:15 - CATEGORY字段：模型输出包含「其他」，该字段判定通过
2026-02-26 15:43:30,579 - INFO - CaseID:15 - 整体结果: PASS | 详情: 所有字段校验通过
2026-02-26 15:43:33,165 - INFO - CaseID:16 - 整体结果: PASS | 详情: 所有字段校验通过
2026-02-26 15:43:33,167 - INFO - CaseID:17 - CATEGORY字段：模型输出包含「其他」，该字段判定通过
2026-02-26 15:43:33,167 - INFO - CaseID:17 - 整体结果: PASS | 详情: 所有字段校验通过
2026-02-26 15:43:33,167 - INFO - CaseID:18 - CATEGORY字段：模型输出包含「其他」，该字段判定通过
2026-02-26 15:43:35,089 - INFO - CaseID:18 - 整体结果: PASS | 详情: 所有字段校验通过
2026-02-26 15:43:35,089 - INFO - CaseID:19 - CATEGORY字段：模型输出包含「其他」，该字段判定通过
2026-02-26 15:43:35,089 - INFO - CaseID:19 - 整体结果: PASS | 详情: 所有字段校验通过
2026-02-26 15:43:37,171 - INFO - CaseID:20 - 整体结果: PASS | 详情: 所有字段校验通过
2026-02-26 15:43:37,172 - INFO - CaseID:21 - CATEGORY字段：模型输出包含「其他」，该字段判定通过
2026-02-26 15:43:37,172 - INFO - CaseID:21 - 整体结果: PASS | 详情: 所有字段校验通过
2026-02-26 15:43:37,173 - INFO - CaseID:22 - 整体结果: FAILED | 详情: name不匹配：预期[aipainting]，实际[]; category不匹配：一方为空 - 预期[城市建筑&人物]，实际[]; keyphrase语义不匹配：预期[充满欢声笑语的教堂，有一对新人在结婚的场景]，实际[]
2026-02-26 15:43:37,173 - INFO - CaseID:23 - CATEGORY字段：模型输出包含「其他」，该字段判定通过
2026-02-26 15:43:37,174 - INFO - CaseID:23 - 整体结果: PASS | 详情: 所有字段校验通过
2026-02-26 15:43:39,302 - INFO - CaseID:24 - 整体结果: PASS | 详情: 所有字段校验通过
2026-02-26 15:43:39,303 - INFO - CaseID:25 - CATEGORY字段：模型输出包含「其他」，该字段判定通过
2026-02-26 15:43:39,303 - INFO - CaseID:25 - 整体结果: PASS | 详情: 所有字段校验通过
2026-02-26 15:43:41,428 - INFO - CaseID:26 - 整体结果: PASS | 详情: 所有字段校验通过
2026-02-26 15:43:41,428 - INFO - CaseID:27 - CATEGORY字段：模型输出包含「其他」，该字段判定通过
2026-02-26 15:43:41,429 - INFO - CaseID:27 - 整体结果: PASS | 详情: 所有字段校验通过
2026-02-26 15:43:43,425 - INFO - CaseID:28 - 整体结果: PASS | 详情: 所有字段校验通过
2026-02-26 15:43:43,426 - INFO - CaseID:29 - CATEGORY字段：模型输出包含「其他」，该字段判定通过
2026-02-26 15:43:43,426 - INFO - CaseID:29 - 整体结果: PASS | 详情: 所有字段校验通过
2026-02-26 15:43:45,187 - INFO - CaseID:30 - 整体结果: PASS | 详情: 所有字段校验通过
2026-02-26 15:43:45,188 - INFO - CaseID:31 - CATEGORY字段：模型输出包含「其他」，该字段判定通过
2026-02-26 15:43:45,188 - INFO - CaseID:31 - 整体结果: PASS | 详情: 所有字段校验通过
2026-02-26 15:43:48,312 - INFO - CaseID:32 - 整体结果: PASS | 详情: 所有字段校验通过
2026-02-26 15:43:48,312 - INFO - CaseID:33 - CATEGORY字段：模型输出包含「其他」，该字段判定通过
2026-02-26 15:43:48,313 - INFO - CaseID:33 - 整体结果: PASS | 详情: 所有字段校验通过
2026-02-26 15:43:50,120 - INFO - CaseID:34 - 整体结果: PASS | 详情: 所有字段校验通过
2026-02-26 15:43:50,120 - INFO - CaseID:35 - CATEGORY字段：模型输出包含「其他」，该字段判定通过
2026-02-26 15:43:50,121 - INFO - CaseID:35 - 整体结果: PASS | 详情: 所有字段校验通过
2026-02-26 15:43:50,121 - INFO - CaseID:36 - CATEGORY字段：模型输出包含「其他」，该字段判定通过
2026-02-26 15:43:52,502 - INFO - CaseID:36 - 整体结果: PASS | 详情: 所有字段校验通过
2026-02-26 15:43:52,502 - INFO - CaseID:37 - CATEGORY字段：模型输出包含「其他」，该字段判定通过
2026-02-26 15:43:52,502 - INFO - CaseID:37 - 整体结果: PASS | 详情: 所有字段校验通过
2026-02-26 15:43:54,619 - INFO - CaseID:38 - 整体结果: PASS | 详情: 所有字段校验通过
2026-02-26 15:43:54,620 - INFO - CaseID:39 - 整体结果: PASS | 详情: 所有字段校验通过
2026-02-26 15:43:56,576 - INFO - CaseID:40 - 整体结果: PASS | 详情: 所有字段校验通过
2026-02-26 15:43:56,577 - INFO - CaseID:41 - CATEGORY字段：模型输出包含「其他」，该字段判定通过
2026-02-26 15:43:56,577 - INFO - CaseID:41 - 整体结果: PASS | 详情: 所有字段校验通过
2026-02-26 15:43:58,795 - INFO - CaseID:42 - 整体结果: PASS | 详情: 所有字段校验通过
2026-02-26 15:43:58,796 - INFO - CaseID:43 - CATEGORY字段：模型输出包含「其他」，该字段判定通过
2026-02-26 15:43:58,796 - INFO - CaseID:43 - 整体结果: PASS | 详情: 所有字段校验通过
2026-02-26 15:44:00,500 - INFO - CaseID:44 - 整体结果: PASS | 详情: 所有字段校验通过
2026-02-26 15:44:00,501 - INFO - CaseID:45 - CATEGORY字段：模型输出包含「其他」，该字段判定通过
2026-02-26 15:44:00,501 - INFO - CaseID:45 - 整体结果: PASS | 详情: 所有字段校验通过
2026-02-26 15:44:02,453 - INFO - CaseID:46 - 整体结果: PASS | 详情: 所有字段校验通过
2026-02-26 15:44:02,454 - INFO - CaseID:47 - CATEGORY字段：模型输出包含「其他」，该字段判定通过
2026-02-26 15:44:02,454 - INFO - CaseID:47 - 整体结果: PASS | 详情: 所有字段校验通过
2026-02-26 15:44:04,371 - INFO - CaseID:48 - 整体结果: PASS | 详情: 所有字段校验通过
2026-02-26 15:44:04,372 - INFO - CaseID:49 - 整体结果: FAILED | 详情: name不匹配：预期[aipainting]，实际[]; category不匹配：一方为空 - 预期[其他]，实际[]
2026-02-26 15:44:07,189 - INFO - CaseID:50 - 整体结果: PASS | 详情: 所有字段校验通过
2026-02-26 15:44:07,189 - INFO - CaseID:51 - CATEGORY字段：模型输出包含「其他」，该字段判定通过
2026-02-26 15:44:07,189 - INFO - CaseID:51 - 整体结果: PASS | 详情: 所有字段校验通过
2026-02-26 15:44:09,522 - INFO - CaseID:52 - 整体结果: PASS | 详情: 所有字段校验通过
2026-02-26 15:44:09,523 - INFO - CaseID:53 - CATEGORY字段：模型输出包含「其他」，该字段判定通过
2026-02-26 15:44:09,523 - INFO - CaseID:53 - 整体结果: PASS | 详情: 所有字段校验通过
2026-02-26 15:44:11,704 - INFO - CaseID:54 - 整体结果: PASS | 详情: 所有字段校验通过
2026-02-26 15:44:11,705 - INFO - CaseID:55 - CATEGORY字段：模型输出包含「其他」，该字段判定通过
2026-02-26 15:44:11,705 - INFO - CaseID:55 - 整体结果: PASS | 详情: 所有字段校验通过
2026-02-26 15:44:13,924 - INFO - CaseID:56 - 整体结果: PASS | 详情: 所有字段校验通过
2026-02-26 15:44:13,925 - INFO - CaseID:57 - CATEGORY字段：模型输出包含「其他」，该字段判定通过
2026-02-26 15:44:13,925 - INFO - CaseID:57 - 整体结果: PASS | 详情: 所有字段校验通过
2026-02-26 15:44:15,656 - INFO - CaseID:58 - 整体结果: PASS | 详情: 所有字段校验通过
2026-02-26 15:44:15,657 - INFO - CaseID:59 - CATEGORY字段：模型输出包含「其他」，该字段判定通过
2026-02-26 15:44:15,657 - INFO - CaseID:59 - 整体结果: PASS | 详情: 所有字段校验通过
2026-02-26 15:44:17,774 - INFO - CaseID:60 - 整体结果: PASS | 详情: 所有字段校验通过
2026-02-26 15:44:17,775 - INFO - CaseID:61 - CATEGORY字段：模型输出包含「其他」，该字段判定通过
2026-02-26 15:44:17,775 - INFO - CaseID:61 - 整体结果: PASS | 详情: 所有字段校验通过
2026-02-26 15:44:20,025 - INFO - CaseID:62 - 整体结果: PASS | 详情: 所有字段校验通过
2026-02-26 15:44:20,026 - INFO - CaseID:63 - CATEGORY字段：模型输出包含「其他」，该字段判定通过
2026-02-26 15:44:20,026 - INFO - CaseID:63 - 整体结果: PASS | 详情: 所有字段校验通过
2026-02-26 15:44:20,027 - INFO - CaseID:64 - 整体结果: FAILED | 详情: name不匹配：预期[aipainting]，实际[]; category不匹配：一方为空 - 预期[其他]，实际[]; keyphrase语义不匹配：预期[赛博朋克，银色的机械装置与荧光的霓虹灯交相辉映]，实际[]
2026-02-26 15:44:20,027 - INFO - CaseID:65 - CATEGORY字段：模型输出包含「其他」，该字段判定通过
2026-02-26 15:44:20,027 - INFO - CaseID:65 - 整体结果: PASS | 详情: 所有字段校验通过
2026-02-26 15:44:23,825 - INFO - CaseID:66 - 整体结果: PASS | 详情: 所有字段校验通过
2026-02-26 15:44:23,826 - INFO - CaseID:67 - CATEGORY字段：模型输出包含「其他」，该字段判定通过
2026-02-26 15:44:23,826 - INFO - CaseID:67 - 整体结果: PASS | 详情: 所有字段校验通过
2026-02-26 15:44:26,283 - INFO - CaseID:68 - 整体结果: PASS | 详情: 所有字段校验通过
2026-02-26 15:44:26,284 - INFO - CaseID:69 - CATEGORY字段：模型输出包含「其他」，该字段判定通过
2026-02-26 15:44:26,284 - INFO - CaseID:69 - 整体结果: PASS | 详情: 所有字段校验通过
2026-02-26 15:44:28,215 - INFO - CaseID:70 - 整体结果: PASS | 详情: 所有字段校验通过
2026-02-26 15:44:28,216 - INFO - CaseID:71 - CATEGORY字段：模型输出包含「其他」，该字段判定通过
2026-02-26 15:44:28,217 - INFO - CaseID:71 - 整体结果: PASS | 详情: 所有字段校验通过
2026-02-26 15:44:31,357 - INFO - CaseID:72 - 整体结果: PASS | 详情: 所有字段校验通过
2026-02-26 15:44:31,357 - INFO - CaseID:73 - CATEGORY字段：模型输出包含「其他」，该字段判定通过
2026-02-26 15:44:31,358 - INFO - CaseID:73 - 整体结果: PASS | 详情: 所有字段校验通过
2026-02-26 15:44:33,031 - INFO - CaseID:74 - 整体结果: PASS | 详情: 所有字段校验通过
2026-02-26 15:44:33,032 - INFO - CaseID:75 - CATEGORY字段：模型输出包含「其他」，该字段判定通过
2026-02-26 15:44:33,033 - INFO - CaseID:75 - 整体结果: PASS | 详情: 所有字段校验通过
2026-02-26 15:44:35,705 - INFO - CaseID:76 - 整体结果: PASS | 详情: 所有字段校验通过
2026-02-26 15:44:35,706 - INFO - CaseID:77 - CATEGORY字段：模型输出包含「其他」，该字段判定通过
2026-02-26 15:44:35,706 - INFO - CaseID:77 - 整体结果: PASS | 详情: 所有字段校验通过
2026-02-26 15:44:37,547 - INFO - CaseID:78 - 整体结果: PASS | 详情: 所有字段校验通过
2026-02-26 15:44:37,548 - INFO - CaseID:79 - CATEGORY字段：模型输出包含「其他」，该字段判定通过
2026-02-26 15:44:37,548 - INFO - CaseID:79 - 整体结果: PASS | 详情: 所有字段校验通过
2026-02-26 15:44:37,549 - INFO - CaseID:80 - CATEGORY字段：模型输出包含「其他」，该字段判定通过
2026-02-26 15:44:39,680 - INFO - CaseID:80 - 整体结果: PASS | 详情: 所有字段校验通过
2026-02-26 15:44:39,681 - INFO - CaseID:81 - CATEGORY字段：模型输出包含「其他」，该字段判定通过
2026-02-26 15:44:39,681 - INFO - CaseID:81 - 整体结果: PASS | 详情: 所有字段校验通过
2026-02-26 15:44:42,454 - INFO - CaseID:82 - 整体结果: PASS | 详情: 所有字段校验通过
2026-02-26 15:44:42,455 - INFO - CaseID:83 - CATEGORY字段：模型输出包含「其他」，该字段判定通过
2026-02-26 15:44:42,456 - INFO - CaseID:83 - 整体结果: PASS | 详情: 所有字段校验通过
2026-02-26 15:44:44,370 - INFO - CaseID:84 - 整体结果: PASS | 详情: 所有字段校验通过
2026-02-26 15:44:44,371 - INFO - CaseID:85 - CATEGORY字段：模型输出包含「其他」，该字段判定通过
2026-02-26 15:44:44,371 - INFO - CaseID:85 - 整体结果: PASS | 详情: 所有字段校验通过
2026-02-26 15:44:46,752 - INFO - CaseID:86 - 整体结果: PASS | 详情: 所有字段校验通过
2026-02-26 15:44:46,753 - INFO - CaseID:87 - CATEGORY字段：模型输出包含「其他」，该字段判定通过
2026-02-26 15:44:46,754 - INFO - CaseID:87 - 整体结果: PASS | 详情: 所有字段校验通过
2026-02-26 15:44:48,983 - INFO - CaseID:88 - 整体结果: PASS | 详情: 所有字段校验通过
2026-02-26 15:44:48,984 - INFO - CaseID:89 - CATEGORY字段：模型输出包含「其他」，该字段判定通过
2026-02-26 15:44:48,984 - INFO - CaseID:89 - 整体结果: PASS | 详情: 所有字段校验通过
2026-02-26 15:44:51,077 - INFO - CaseID:90 - 整体结果: PASS | 详情: 所有字段校验通过
2026-02-26 15:44:51,078 - INFO - CaseID:91 - CATEGORY字段：模型输出包含「其他」，该字段判定通过
2026-02-26 15:44:51,078 - INFO - CaseID:91 - 整体结果: PASS | 详情: 所有字段校验通过
2026-02-26 15:44:51,079 - INFO - CaseID:92 - 整体结果: FAILED | 详情: name不匹配：预期[aipainting]，实际[]; category不匹配：一方为空 - 预期[自然风景&植物]，实际[]; style不匹配：预期[写实]，实际[]; keyphrase语义不匹配：预期[冰川下一片片杜鹃花开满了山坡，写实风]，实际[]
2026-02-26 15:44:51,079 - INFO - CaseID:93 - CATEGORY字段：模型输出包含「其他」，该字段判定通过
2026-02-26 15:44:51,079 - INFO - CaseID:93 - 整体结果: PASS | 详情: 所有字段校验通过
2026-02-26 15:44:51,079 - INFO - CaseID:94 - 整体结果: FAILED | 详情: name不匹配：预期[aipainting]，实际[]; category不匹配：一方为空 - 预期[人物]，实际[]; style不匹配：预期[油画]，实际[]; keyphrase语义不匹配：预期[一个小女孩点燃了一根火柴之后，看到了她太奶的油画]，实际[]
2026-02-26 15:44:51,080 - INFO - CaseID:95 - CATEGORY字段：模型输出包含「其他」，该字段判定通过
2026-02-26 15:44:51,080 - INFO - CaseID:95 - 整体结果: PASS | 详情: 所有字段校验通过
2026-02-26 15:44:53,038 - INFO - CaseID:96 - 整体结果: PASS | 详情: 所有字段校验通过
2026-02-26 15:44:53,039 - INFO - CaseID:97 - CATEGORY字段：模型输出包含「其他」，该字段判定通过
2026-02-26 15:44:53,039 - INFO - CaseID:97 - 整体结果: PASS | 详情: 所有字段校验通过
2026-02-26 15:44:55,422 - INFO - CaseID:98 - 整体结果: PASS | 详情: 所有字段校验通过
2026-02-26 15:44:55,423 - INFO - CaseID:99 - CATEGORY字段：模型输出包含「其他」，该字段判定通过
2026-02-26 15:44:55,423 - INFO - CaseID:99 - 整体结果: PASS | 详情: 所有字段校验通过
2026-02-26 15:44:55,424 - INFO - 已处理100行，休眠5秒降低压力...
2026-02-26 15:45:01,399 - INFO - CaseID:100 - 整体结果: PASS | 详情: 所有字段校验通过
2026-02-26 15:45:01,401 - INFO - CaseID:101 - CATEGORY字段：模型输出包含「其他」，该字段判定通过
2026-02-26 15:45:01,401 - INFO - CaseID:101 - 整体结果: PASS | 详情: 所有字段校验通过
2026-02-26 15:45:03,502 - INFO - CaseID:102 - 整体结果: PASS | 详情: 所有字段校验通过
2026-02-26 15:45:03,503 - INFO - CaseID:103 - CATEGORY字段：模型输出包含「其他」，该字段判定通过
2026-02-26 15:45:03,503 - INFO - CaseID:103 - 整体结果: PASS | 详情: 所有字段校验通过
2026-02-26 15:45:06,219 - INFO - CaseID:104 - 整体结果: PASS | 详情: 所有字段校验通过
2026-02-26 15:45:07,857 - INFO - CaseID:105 - 整体结果: PASS | 详情: 所有字段校验通过
2026-02-26 15:45:07,858 - INFO - CaseID:106 - CATEGORY字段：模型输出包含「其他」，该字段判定通过
2026-02-26 15:45:07,858 - INFO - CaseID:106 - 整体结果: PASS | 详情: 所有字段校验通过
2026-02-26 15:45:09,791 - INFO - CaseID:107 - 整体结果: PASS | 详情: 所有字段校验通过
2026-02-26 15:45:11,547 - INFO - CaseID:108 - 整体结果: PASS | 详情: 所有字段校验通过
2026-02-26 15:45:11,548 - INFO - CaseID:109 - CATEGORY字段：模型输出包含「其他」，该字段判定通过
2026-02-26 15:45:11,548 - INFO - CaseID:109 - 整体结果: PASS | 详情: 所有字段校验通过
2026-02-26 15:45:13,555 - INFO - CaseID:110 - 整体结果: PASS | 详情: 所有字段校验通过
2026-02-26 15:45:15,642 - INFO - CaseID:111 - 整体结果: PASS | 详情: 所有字段校验通过
2026-02-26 15:45:15,644 - INFO - CaseID:112 - CATEGORY字段：模型输出包含「其他」，该字段判定通过
2026-02-26 15:45:15,644 - INFO - CaseID:112 - 整体结果: PASS | 详情: 所有字段校验通过
2026-02-26 15:45:17,689 - INFO - CaseID:113 - 整体结果: PASS | 详情: 所有字段校验通过
2026-02-26 15:45:19,583 - INFO - CaseID:114 - 整体结果: PASS | 详情: 所有字段校验通过
2026-02-26 15:45:19,585 - INFO - CaseID:115 - CATEGORY字段：模型输出包含「其他」，该字段判定通过
2026-02-26 15:45:19,585 - INFO - CaseID:115 - 整体结果: PASS | 详情: 所有字段校验通过
2026-02-26 15:45:21,580 - INFO - CaseID:116 - 整体结果: PASS | 详情: 所有字段校验通过
2026-02-26 15:45:24,139 - INFO - CaseID:117 - 整体结果: PASS | 详情: 所有字段校验通过
2026-02-26 15:45:24,140 - INFO - CaseID:118 - CATEGORY字段：模型输出包含「其他」，该字段判定通过
2026-02-26 15:45:24,140 - INFO - CaseID:118 - 整体结果: PASS | 详情: 所有字段校验通过
2026-02-26 15:45:24,141 - INFO - CaseID:119 - CATEGORY字段：模型输出包含「其他」，该字段判定通过
2026-02-26 15:45:26,033 - INFO - CaseID:119 - 整体结果: PASS | 详情: 所有字段校验通过
2026-02-26 15:45:28,394 - INFO - CaseID:120 - 整体结果: PASS | 详情: 所有字段校验通过
2026-02-26 15:45:28,395 - INFO - CaseID:121 - CATEGORY字段：模型输出包含「其他」，该字段判定通过
2026-02-26 15:45:28,396 - INFO - CaseID:121 - 整体结果: PASS | 详情: 所有字段校验通过
2026-02-26 15:45:30,301 - INFO - CaseID:122 - 整体结果: PASS | 详情: 所有字段校验通过
2026-02-26 15:45:32,640 - INFO - CaseID:123 - 整体结果: PASS | 详情: 所有字段校验通过
2026-02-26 15:45:32,641 - INFO - CaseID:124 - CATEGORY字段：模型输出包含「其他」，该字段判定通过
2026-02-26 15:45:32,641 - INFO - CaseID:124 - 整体结果: PASS | 详情: 所有字段校验通过
2026-02-26 15:45:32,642 - INFO - CaseID:125 - CATEGORY字段：模型输出包含「其他」，该字段判定通过
2026-02-26 15:45:34,623 - INFO - CaseID:125 - 整体结果: PASS | 详情: 所有字段校验通过
2026-02-26 15:45:34,624 - INFO - CaseID:126 - CATEGORY字段：模型输出包含「其他」，该字段判定通过
2026-02-26 15:45:36,529 - INFO - CaseID:126 - 整体结果: FAILED | 详情: style不匹配：预期[漫画]，实际[]
2026-02-26 15:45:36,530 - INFO - CaseID:127 - CATEGORY字段：模型输出包含「其他」，该字段判定通过
2026-02-26 15:45:36,531 - INFO - CaseID:127 - 整体结果: PASS | 详情: 所有字段校验通过
2026-02-26 15:45:38,502 - INFO - CaseID:128 - 整体结果: PASS | 详情: 所有字段校验通过
2026-02-26 15:45:40,242 - INFO - CaseID:129 - 整体结果: PASS | 详情: 所有字段校验通过
2026-02-26 15:45:40,243 - INFO - CaseID:130 - CATEGORY字段：模型输出包含「其他」，该字段判定通过
2026-02-26 15:45:40,243 - INFO - CaseID:130 - 整体结果: PASS | 详情: 所有字段校验通过
2026-02-26 15:45:43,627 - INFO - CaseID:131 - 整体结果: PASS | 详情: 所有字段校验通过
2026-02-26 15:45:46,149 - INFO - CaseID:132 - 整体结果: PASS | 详情: 所有字段校验通过
2026-02-26 15:45:46,150 - INFO - CaseID:133 - CATEGORY字段：模型输出包含「其他」，该字段判定通过
2026-02-26 15:45:46,150 - INFO - CaseID:133 - 整体结果: PASS | 详情: 所有字段校验通过
2026-02-26 15:45:49,362 - INFO - CaseID:134 - 整体结果: PASS | 详情: 所有字段校验通过
2026-02-26 15:45:51,325 - INFO - CaseID:135 - 整体结果: PASS | 详情: 所有字段校验通过
2026-02-26 15:45:51,326 - INFO - CaseID:136 - CATEGORY字段：模型输出包含「其他」，该字段判定通过
2026-02-26 15:45:51,326 - INFO - CaseID:136 - 整体结果: PASS | 详情: 所有字段校验通过
2026-02-26 15:45:53,122 - INFO - CaseID:137 - 整体结果: PASS | 详情: 所有字段校验通过
2026-02-26 15:45:53,123 - INFO - CaseID:138 - CATEGORY字段：模型输出包含「其他」，该字段判定通过
2026-02-26 15:45:53,123 - INFO - CaseID:138 - 整体结果: PASS | 详情: 所有字段校验通过
2026-02-26 15:45:55,381 - INFO - CaseID:139 - 整体结果: PASS | 详情: 所有字段校验通过
2026-02-26 15:45:57,317 - INFO - CaseID:140 - 整体结果: PASS | 详情: 所有字段校验通过
2026-02-26 15:45:57,317 - INFO - CaseID:141 - CATEGORY字段：模型输出包含「其他」，该字段判定通过
2026-02-26 15:45:57,317 - INFO - CaseID:141 - 整体结果: PASS | 详情: 所有字段校验通过
2026-02-26 15:45:59,325 - INFO - CaseID:142 - 整体结果: PASS | 详情: 所有字段校验通过
2026-02-26 15:46:01,396 - INFO - CaseID:143 - 整体结果: PASS | 详情: 所有字段校验通过
2026-02-26 15:46:01,397 - INFO - CaseID:144 - CATEGORY字段：模型输出包含「其他」，该字段判定通过
2026-02-26 15:46:01,397 - INFO - CaseID:144 - 整体结果: PASS | 详情: 所有字段校验通过
2026-02-26 15:46:03,769 - INFO - CaseID:145 - 整体结果: FAILED | 详情: style不匹配：预期[漫画]，实际[]
2026-02-26 15:46:05,578 - INFO - CaseID:146 - 整体结果: PASS | 详情: 所有字段校验通过
2026-02-26 15:46:05,584 - INFO - CaseID:147 - 整体结果: FAILED | 详情: name不匹配：预期[aipainting]，实际[]; category不匹配：一方为空 - 预期[其他]，实际[]
2026-02-26 15:46:07,392 - INFO - CaseID:148 - 整体结果: PASS | 详情: 所有字段校验通过
2026-02-26 15:46:07,393 - INFO - CaseID:149 - CATEGORY字段：模型输出包含「其他」，该字段判定通过
2026-02-26 15:46:07,393 - INFO - CaseID:149 - 整体结果: PASS | 详情: 所有字段校验通过
2026-02-26 15:46:09,300 - INFO - CaseID:150 - 整体结果: PASS | 详情: 所有字段校验通过
2026-02-26 15:46:11,331 - INFO - CaseID:151 - 整体结果: PASS | 详情: 所有字段校验通过
2026-02-26 15:46:11,333 - INFO - CaseID:152 - CATEGORY字段：模型输出包含「其他」，该字段判定通过
2026-02-26 15:46:11,333 - INFO - CaseID:152 - 整体结果: PASS | 详情: 所有字段校验通过
2026-02-26 15:46:13,679 - INFO - CaseID:153 - 整体结果: PASS | 详情: 所有字段校验通过
2026-02-26 15:46:16,009 - INFO - CaseID:154 - 整体结果: PASS | 详情: 所有字段校验通过
2026-02-26 15:46:16,009 - INFO - CaseID:155 - CATEGORY字段：模型输出包含「其他」，该字段判定通过
2026-02-26 15:46:16,009 - INFO - CaseID:155 - 整体结果: PASS | 详情: 所有字段校验通过
2026-02-26 15:46:17,953 - INFO - CaseID:156 - 整体结果: PASS | 详情: 所有字段校验通过
2026-02-26 15:46:19,857 - INFO - CaseID:157 - 整体结果: PASS | 详情: 所有字段校验通过
2026-02-26 15:46:19,858 - INFO - CaseID:158 - CATEGORY字段：模型输出包含「其他」，该字段判定通过
2026-02-26 15:46:19,858 - INFO - CaseID:158 - 整体结果: PASS | 详情: 所有字段校验通过
2026-02-26 15:46:21,588 - INFO - CaseID:159 - 整体结果: PASS | 详情: 所有字段校验通过
2026-02-26 15:46:23,580 - INFO - CaseID:160 - 整体结果: PASS | 详情: 所有字段校验通过
2026-02-26 15:46:23,581 - INFO - CaseID:161 - CATEGORY字段：模型输出包含「其他」，该字段判定通过
2026-02-26 15:46:23,581 - INFO - CaseID:161 - 整体结果: PASS | 详情: 所有字段校验通过
2026-02-26 15:46:25,542 - INFO - CaseID:162 - 整体结果: PASS | 详情: 所有字段校验通过
2026-02-26 15:46:27,731 - INFO - CaseID:163 - 整体结果: PASS | 详情: 所有字段校验通过
2026-02-26 15:46:27,732 - INFO - CaseID:164 - CATEGORY字段：模型输出包含「其他」，该字段判定通过
2026-02-26 15:46:27,732 - INFO - CaseID:164 - 整体结果: PASS | 详情: 所有字段校验通过
2026-02-26 15:46:30,079 - INFO - CaseID:165 - 整体结果: PASS | 详情: 所有字段校验通过
2026-02-26 15:46:32,237 - INFO - CaseID:166 - 整体结果: PASS | 详情: 所有字段校验通过
2026-02-26 15:46:32,238 - INFO - CaseID:167 - CATEGORY字段：模型输出包含「其他」，该字段判定通过
2026-02-26 15:46:32,238 - INFO - CaseID:167 - 整体结果: PASS | 详情: 所有字段校验通过
2026-02-26 15:46:34,967 - INFO - CaseID:168 - 整体结果: PASS | 详情: 所有字段校验通过
2026-02-26 15:46:37,044 - INFO - CaseID:169 - 整体结果: PASS | 详情: 所有字段校验通过
2026-02-26 15:46:37,045 - INFO - CaseID:170 - CATEGORY字段：模型输出包含「其他」，该字段判定通过
2026-02-26 15:46:37,045 - INFO - CaseID:170 - 整体结果: PASS | 详情: 所有字段校验通过
2026-02-26 15:46:39,483 - INFO - CaseID:171 - 整体结果: PASS | 详情: 所有字段校验通过
2026-02-26 15:46:41,285 - INFO - CaseID:172 - 整体结果: PASS | 详情: 所有字段校验通过
2026-02-26 15:46:41,285 - INFO - CaseID:173 - CATEGORY字段：模型输出包含「其他」，该字段判定通过
2026-02-26 15:46:41,285 - INFO - CaseID:173 - 整体结果: PASS | 详情: 所有字段校验通过
2026-02-26 15:46:43,259 - INFO - CaseID:174 - 整体结果: PASS | 详情: 所有字段校验通过
2026-02-26 15:46:46,073 - INFO - CaseID:175 - 整体结果: PASS | 详情: 所有字段校验通过
2026-02-26 15:46:46,073 - INFO - CaseID:176 - CATEGORY字段：模型输出包含「其他」，该字段判定通过
2026-02-26 15:46:46,073 - INFO - CaseID:176 - 整体结果: PASS | 详情: 所有字段校验通过
2026-02-26 15:46:48,023 - INFO - CaseID:177 - 整体结果: PASS | 详情: 所有字段校验通过
2026-02-26 15:46:50,080 - INFO - CaseID:178 - 整体结果: PASS | 详情: 所有字段校验通过
2026-02-26 15:46:50,080 - INFO - CaseID:179 - CATEGORY字段：模型输出包含「其他」，该字段判定通过
2026-02-26 15:46:50,080 - INFO - CaseID:179 - 整体结果: PASS | 详情: 所有字段校验通过
2026-02-26 15:46:51,899 - INFO - CaseID:180 - 整体结果: PASS | 详情: 所有字段校验通过
2026-02-26 15:46:54,362 - INFO - CaseID:181 - 整体结果: PASS | 详情: 所有字段校验通过
2026-02-26 15:46:54,363 - INFO - CaseID:182 - 整体结果: FAILED | 详情: name不匹配：预期[aipainting]，实际[]; category不匹配：一方为空 - 预期[其他]，实际[]
2026-02-26 15:46:54,364 - INFO - CaseID:183 - CATEGORY字段：模型输出包含「其他」，该字段判定通过
2026-02-26 15:46:56,199 - INFO - CaseID:183 - 整体结果: PASS | 详情: 所有字段校验通过
2026-02-26 15:46:58,130 - INFO - CaseID:184 - 整体结果: PASS | 详情: 所有字段校验通过
2026-02-26 15:46:58,131 - INFO - CaseID:185 - CATEGORY字段：模型输出包含「其他」，该字段判定通过
2026-02-26 15:46:58,131 - INFO - CaseID:185 - 整体结果: PASS | 详情: 所有字段校验通过
2026-02-26 15:47:00,158 - INFO - CaseID:186 - 整体结果: PASS | 详情: 所有字段校验通过
2026-02-26 15:47:02,140 - INFO - CaseID:187 - 整体结果: PASS | 详情: 所有字段校验通过
2026-02-26 15:47:02,142 - INFO - CaseID:188 - CATEGORY字段：模型输出包含「其他」，该字段判定通过
2026-02-26 15:47:02,142 - INFO - CaseID:188 - 整体结果: PASS | 详情: 所有字段校验通过
2026-02-26 15:47:02,142 - INFO - CaseID:189 - CATEGORY字段：模型输出包含「其他」，该字段判定通过
2026-02-26 15:47:04,536 - INFO - CaseID:189 - 整体结果: PASS | 详情: 所有字段校验通过
2026-02-26 15:47:06,439 - INFO - CaseID:190 - 整体结果: PASS | 详情: 所有字段校验通过
2026-02-26 15:47:06,440 - INFO - CaseID:191 - CATEGORY字段：模型输出包含「其他」，该字段判定通过
2026-02-26 15:47:06,440 - INFO - CaseID:191 - 整体结果: PASS | 详情: 所有字段校验通过
2026-02-26 15:47:08,409 - INFO - CaseID:192 - 整体结果: PASS | 详情: 所有字段校验通过
2026-02-26 15:47:10,224 - INFO - CaseID:193 - 整体结果: PASS | 详情: 所有字段校验通过
2026-02-26 15:47:10,225 - INFO - CaseID:194 - CATEGORY字段：模型输出包含「其他」，该字段判定通过
2026-02-26 15:47:10,225 - INFO - CaseID:194 - 整体结果: PASS | 详情: 所有字段校验通过
2026-02-26 15:47:10,225 - INFO - CaseID:195 - CATEGORY字段：模型输出包含「其他」，该字段判定通过
2026-02-26 15:47:12,200 - INFO - CaseID:195 - 整体结果: PASS | 详情: 所有字段校验通过
2026-02-26 15:47:14,089 - INFO - CaseID:196 - 整体结果: PASS | 详情: 所有字段校验通过
2026-02-26 15:47:14,090 - INFO - CaseID:197 - CATEGORY字段：模型输出包含「其他」，该字段判定通过
2026-02-26 15:47:14,090 - INFO - CaseID:197 - 整体结果: PASS | 详情: 所有字段校验通过
2026-02-26 15:47:16,056 - INFO - CaseID:198 - 整体结果: PASS | 详情: 所有字段校验通过
2026-02-26 15:47:18,729 - INFO - CaseID:199 - 整体结果: PASS | 详情: 所有字段校验通过
2026-02-26 15:47:18,730 - INFO - 已处理200行，休眠5秒降低压力...
2026-02-26 15:47:23,733 - INFO - CaseID:200 - CATEGORY字段：模型输出包含「其他」，该字段判定通过
2026-02-26 15:47:23,733 - INFO - CaseID:200 - 整体结果: PASS | 详情: 所有字段校验通过
2026-02-26 15:47:23,733 - INFO - 已处理200条用例，当前通过数：189
2026-02-26 15:47:24,460 - INFO - CaseID:201 - 整体结果: PASS | 详情: 所有字段校验通过
2026-02-26 15:47:26,461 - INFO - CaseID:202 - 整体结果: PASS | 详情: 所有字段校验通过
2026-02-26 15:47:26,462 - INFO - CaseID:203 - CATEGORY字段：模型输出包含「其他」，该字段判定通过
2026-02-26 15:47:26,462 - INFO - CaseID:203 - 整体结果: PASS | 详情: 所有字段校验通过
2026-02-26 15:47:28,352 - INFO - CaseID:204 - 整体结果: PASS | 详情: 所有字段校验通过
2026-02-26 15:47:30,784 - INFO - CaseID:205 - 整体结果: PASS | 详情: 所有字段校验通过
2026-02-26 15:47:30,785 - INFO - CaseID:206 - 整体结果: FAILED | 详情: name不匹配：预期[aipainting]，实际[]; category不匹配：一方为空 - 预期[其他]，实际[]
2026-02-26 15:47:33,174 - INFO - CaseID:207 - 整体结果: PASS | 详情: 所有字段校验通过
2026-02-26 15:47:35,165 - INFO - CaseID:208 - 整体结果: PASS | 详情: 所有字段校验通过
2026-02-26 15:47:35,166 - INFO - CaseID:209 - CATEGORY字段：模型输出包含「其他」，该字段判定通过
2026-02-26 15:47:35,166 - INFO - CaseID:209 - 整体结果: PASS | 详情: 所有字段校验通过
2026-02-26 15:47:37,569 - INFO - CaseID:210 - 整体结果: PASS | 详情: 所有字段校验通过
2026-02-26 15:47:40,029 - INFO - CaseID:211 - 整体结果: PASS | 详情: 所有字段校验通过
2026-02-26 15:47:40,030 - INFO - CaseID:212 - 整体结果: FAILED | 详情: name不匹配：预期[aipainting]，实际[]; category不匹配：一方为空 - 预期[其他]，实际[]
2026-02-26 15:47:42,021 - INFO - CaseID:213 - 整体结果: PASS | 详情: 所有字段校验通过
2026-02-26 15:47:43,920 - INFO - CaseID:214 - 整体结果: PASS | 详情: 所有字段校验通过
2026-02-26 15:47:43,921 - INFO - CaseID:215 - CATEGORY字段：模型输出包含「其他」，该字段判定通过
2026-02-26 15:47:43,921 - INFO - CaseID:215 - 整体结果: PASS | 详情: 所有字段校验通过
2026-02-26 15:47:46,095 - INFO - CaseID:216 - 整体结果: PASS | 详情: 所有字段校验通过
2026-02-26 15:47:48,040 - INFO - CaseID:217 - 整体结果: PASS | 详情: 所有字段校验通过
2026-02-26 15:47:48,041 - INFO - CaseID:218 - CATEGORY字段：模型输出包含「其他」，该字段判定通过
2026-02-26 15:47:48,041 - INFO - CaseID:218 - 整体结果: PASS | 详情: 所有字段校验通过
2026-02-26 15:47:50,013 - INFO - CaseID:219 - 整体结果: PASS | 详情: 所有字段校验通过
2026-02-26 15:47:51,909 - INFO - CaseID:220 - 整体结果: PASS | 详情: 所有字段校验通过
2026-02-26 15:47:51,910 - INFO - CaseID:221 - 整体结果: FAILED | 详情: name不匹配：预期[aipainting]，实际[qasearch]; category不匹配：无交集 - 预期[其他]，实际[其他问答]
2026-02-26 15:47:53,942 - INFO - CaseID:222 - 整体结果: PASS | 详情: 所有字段校验通过
2026-02-26 15:47:56,419 - INFO - CaseID:223 - 整体结果: PASS | 详情: 所有字段校验通过
2026-02-26 15:47:56,420 - INFO - CaseID:224 - CATEGORY字段：模型输出包含「其他」，该字段判定通过
2026-02-26 15:47:56,420 - INFO - CaseID:224 - 整体结果: PASS | 详情: 所有字段校验通过
2026-02-26 15:47:58,667 - INFO - CaseID:225 - 整体结果: PASS | 详情: 所有字段校验通过
2026-02-26 15:48:00,692 - INFO - CaseID:226 - 整体结果: PASS | 详情: 所有字段校验通过
2026-02-26 15:48:00,692 - INFO - CaseID:227 - CATEGORY字段：模型输出包含「其他」，该字段判定通过
2026-02-26 15:48:00,693 - INFO - CaseID:227 - 整体结果: PASS | 详情: 所有字段校验通过
2026-02-26 15:48:03,076 - INFO - CaseID:228 - 整体结果: PASS | 详情: 所有字段校验通过
2026-02-26 15:48:05,217 - INFO - CaseID:229 - 整体结果: PASS | 详情: 所有字段校验通过
2026-02-26 15:48:05,218 - INFO - CaseID:230 - CATEGORY字段：模型输出包含「其他」，该字段判定通过
2026-02-26 15:48:05,219 - INFO - CaseID:230 - 整体结果: PASS | 详情: 所有字段校验通过
2026-02-26 15:48:07,233 - INFO - CaseID:231 - 整体结果: PASS | 详情: 所有字段校验通过
2026-02-26 15:48:07,233 - INFO - CaseID:232 - 整体结果: FAILED | 详情: name不匹配：预期[aipainting]，实际[qasearch]; category不匹配：无交集 - 预期[人物]，实际[其他问答]; keyphrase语义不匹配：预期[一个穿着粉色衣服的财神爷]，实际[]
2026-02-26 15:48:07,234 - INFO - CaseID:233 - CATEGORY字段：模型输出包含「其他」，该字段判定通过
2026-02-26 15:48:07,234 - INFO - CaseID:233 - 整体结果: PASS | 详情: 所有字段校验通过
2026-02-26 15:48:09,314 - INFO - CaseID:234 - 整体结果: PASS | 详情: 所有字段校验通过
2026-02-26 15:48:11,330 - INFO - CaseID:235 - 整体结果: PASS | 详情: 所有字段校验通过
2026-02-26 15:48:11,331 - INFO - CaseID:236 - CATEGORY字段：模型输出包含「其他」，该字段判定通过
2026-02-26 15:48:11,331 - INFO - CaseID:236 - 整体结果: PASS | 详情: 所有字段校验通过
2026-02-26 15:48:13,146 - INFO - CaseID:237 - 整体结果: PASS | 详情: 所有字段校验通过
2026-02-26 15:48:15,141 - INFO - CaseID:238 - 整体结果: PASS | 详情: 所有字段校验通过
2026-02-26 15:48:15,142 - INFO - CaseID:239 - CATEGORY字段：模型输出包含「其他」，该字段判定通过
2026-02-26 15:48:15,142 - INFO - CaseID:239 - 整体结果: PASS | 详情: 所有字段校验通过
2026-02-26 15:48:16,991 - INFO - CaseID:240 - 整体结果: PASS | 详情: 所有字段校验通过
2026-02-26 15:48:19,180 - INFO - CaseID:241 - 整体结果: PASS | 详情: 所有字段校验通过
2026-02-26 15:48:19,181 - INFO - CaseID:242 - CATEGORY字段：模型输出包含「其他」，该字段判定通过
2026-02-26 15:48:19,182 - INFO - CaseID:242 - 整体结果: PASS | 详情: 所有字段校验通过
2026-02-26 15:48:21,604 - INFO - CaseID:243 - 整体结果: PASS | 详情: 所有字段校验通过
2026-02-26 15:48:23,445 - INFO - CaseID:244 - 整体结果: PASS | 详情: 所有字段校验通过
2026-02-26 15:48:23,446 - INFO - CaseID:245 - CATEGORY字段：模型输出包含「其他」，该字段判定通过
2026-02-26 15:48:23,446 - INFO - CaseID:245 - 整体结果: PASS | 详情: 所有字段校验通过
2026-02-26 15:48:25,493 - INFO - CaseID:246 - 整体结果: PASS | 详情: 所有字段校验通过
2026-02-26 15:48:27,745 - INFO - CaseID:247 - 整体结果: PASS | 详情: 所有字段校验通过
2026-02-26 15:48:29,714 - INFO - CaseID:248 - 整体结果: PASS | 详情: 所有字段校验通过
2026-02-26 15:48:31,586 - INFO - CaseID:249 - 整体结果: PASS | 详情: 所有字段校验通过
2026-02-26 15:48:34,097 - INFO - CaseID:250 - 整体结果: PASS | 详情: 所有字段校验通过
2026-02-26 15:48:34,097 - INFO - CaseID:251 - 整体结果: FAILED | 详情: name不匹配：预期[aipainting]，实际[]; category不匹配：一方为空 - 预期[人物]，实际[]; keyphrase语义不匹配：预期[一群穿比基尼的美女]，实际[]
2026-02-26 15:48:36,076 - INFO - CaseID:252 - 整体结果: PASS | 详情: 所有字段校验通过
2026-02-26 15:48:37,856 - INFO - CaseID:253 - 整体结果: PASS | 详情: 所有字段校验通过
2026-02-26 15:48:40,002 - INFO - CaseID:254 - 整体结果: PASS | 详情: 所有字段校验通过
2026-02-26 15:48:41,707 - INFO - CaseID:255 - 整体结果: PASS | 详情: 所有字段校验通过
2026-02-26 15:48:43,799 - INFO - CaseID:256 - 整体结果: PASS | 详情: 所有字段校验通过
2026-02-26 15:48:46,052 - INFO - CaseID:257 - 整体结果: PASS | 详情: 所有字段校验通过
2026-02-26 15:48:46,052 - INFO - CaseID:258 - CATEGORY字段：模型输出包含「其他」，该字段判定通过
2026-02-26 15:48:48,009 - INFO - CaseID:258 - 整体结果: PASS | 详情: 所有字段校验通过
2026-02-26 15:48:48,011 - INFO - CaseID:259 - 整体结果: FAILED | 详情: name不匹配：预期[aipainting]，实际[]; category不匹配：一方为空 - 预期[其他]，实际[]; keyphrase语义不匹配：预期[钱堆满一屋子]，实际[]
2026-02-26 15:48:49,853 - INFO - CaseID:260 - 整体结果: PASS | 详情: 所有字段校验通过
2026-02-26 15:48:51,710 - INFO - CaseID:261 - 整体结果: PASS | 详情: 所有字段校验通过
2026-02-26 15:48:54,172 - INFO - CaseID:262 - 整体结果: PASS | 详情: 所有字段校验通过
2026-02-26 15:48:57,039 - INFO - CaseID:263 - 整体结果: PASS | 详情: 所有字段校验通过
2026-02-26 15:48:59,211 - INFO - CaseID:264 - 整体结果: PASS | 详情: 所有字段校验通过
2026-02-26 15:49:01,117 - INFO - CaseID:265 - 整体结果: PASS | 详情: 所有字段校验通过
2026-02-26 15:49:03,063 - INFO - CaseID:266 - 整体结果: PASS | 详情: 所有字段校验通过
2026-02-26 15:49:05,257 - INFO - CaseID:267 - 整体结果: PASS | 详情: 所有字段校验通过
2026-02-26 15:49:07,172 - INFO - CaseID:268 - 整体结果: PASS | 详情: 所有字段校验通过
2026-02-26 15:49:09,113 - INFO - CaseID:269 - 整体结果: PASS | 详情: 所有字段校验通过
2026-02-26 15:49:09,115 - INFO - CaseID:270 - CATEGORY字段：模型输出包含「其他」，该字段判定通过
2026-02-26 15:49:11,413 - INFO - CaseID:270 - 整体结果: PASS | 详情: 所有字段校验通过
2026-02-26 15:49:11,414 - INFO - CaseID:271 - CATEGORY字段：模型输出包含「其他」，该字段判定通过
2026-02-26 15:49:13,381 - INFO - CaseID:271 - 整体结果: PASS | 详情: 所有字段校验通过
2026-02-26 15:49:15,462 - INFO - CaseID:272 - 整体结果: PASS | 详情: 所有字段校验通过
2026-02-26 15:49:17,380 - INFO - CaseID:273 - 整体结果: PASS | 详情: 所有字段校验通过
2026-02-26 15:49:19,272 - INFO - CaseID:274 - 整体结果: PASS | 详情: 所有字段校验通过
2026-02-26 15:49:21,196 - INFO - CaseID:275 - 整体结果: PASS | 详情: 所有字段校验通过
2026-02-26 15:49:23,657 - INFO - CaseID:276 - 整体结果: PASS | 详情: 所有字段校验通过
2026-02-26 15:49:26,351 - INFO - CaseID:277 - 整体结果: PASS | 详情: 所有字段校验通过
2026-02-26 15:49:29,297 - INFO - CaseID:278 - 整体结果: PASS | 详情: 所有字段校验通过
2026-02-26 15:49:31,335 - INFO - CaseID:279 - 整体结果: PASS | 详情: 所有字段校验通过
2026-02-26 15:49:33,448 - INFO - CaseID:280 - 整体结果: PASS | 详情: 所有字段校验通过
2026-02-26 15:49:35,536 - INFO - CaseID:281 - 整体结果: PASS | 详情: 所有字段校验通过
2026-02-26 15:49:37,388 - INFO - CaseID:282 - 整体结果: PASS | 详情: 所有字段校验通过
2026-02-26 15:49:39,368 - INFO - CaseID:283 - 整体结果: PASS | 详情: 所有字段校验通过
2026-02-26 15:49:41,537 - INFO - CaseID:284 - 整体结果: PASS | 详情: 所有字段校验通过
2026-02-26 15:49:43,539 - INFO - CaseID:285 - 整体结果: PASS | 详情: 所有字段校验通过
2026-02-26 15:49:45,982 - INFO - CaseID:286 - 整体结果: PASS | 详情: 所有字段校验通过
2026-02-26 15:49:48,068 - INFO - CaseID:287 - 整体结果: PASS | 详情: 所有字段校验通过
2026-02-26 15:49:50,085 - INFO - CaseID:288 - 整体结果: PASS | 详情: 所有字段校验通过
2026-02-26 15:49:51,837 - INFO - CaseID:289 - 整体结果: PASS | 详情: 所有字段校验通过
2026-02-26 15:49:54,457 - INFO - CaseID:290 - 整体结果: PASS | 详情: 所有字段校验通过
2026-02-26 15:49:56,425 - INFO - CaseID:291 - 整体结果: PASS | 详情: 所有字段校验通过
2026-02-26 15:49:58,473 - INFO - CaseID:292 - 整体结果: PASS | 详情: 所有字段校验通过
2026-02-26 15:50:00,398 - INFO - CaseID:293 - 整体结果: PASS | 详情: 所有字段校验通过
2026-02-26 15:50:02,565 - INFO - CaseID:294 - 整体结果: PASS | 详情: 所有字段校验通过
2026-02-26 15:50:04,826 - INFO - CaseID:295 - 整体结果: PASS | 详情: 所有字段校验通过
2026-02-26 15:50:07,076 - INFO - CaseID:296 - 整体结果: PASS | 详情: 所有字段校验通过
2026-02-26 15:50:09,699 - INFO - CaseID:297 - 整体结果: PASS | 详情: 所有字段校验通过
2026-02-26 15:50:11,585 - INFO - CaseID:298 - 整体结果: PASS | 详情: 所有字段校验通过
2026-02-26 15:50:13,520 - INFO - CaseID:299 - 整体结果: PASS | 详情: 所有字段校验通过
2026-02-26 15:50:13,521 - INFO - 已处理300行，休眠5秒降低压力...
2026-02-26 15:50:19,601 - INFO - CaseID:300 - 整体结果: PASS | 详情: 所有字段校验通过
2026-02-26 15:50:21,584 - INFO - CaseID:301 - 整体结果: PASS | 详情: 所有字段校验通过
2026-02-26 15:50:23,460 - INFO - CaseID:302 - 整体结果: PASS | 详情: 所有字段校验通过
2026-02-26 15:50:25,156 - INFO - CaseID:303 - 整体结果: PASS | 详情: 所有字段校验通过
2026-02-26 15:50:27,093 - INFO - CaseID:304 - 整体结果: PASS | 详情: 所有字段校验通过
2026-02-26 15:50:28,988 - INFO - CaseID:305 - 整体结果: PASS | 详情: 所有字段校验通过
2026-02-26 15:50:31,379 - INFO - CaseID:306 - 整体结果: PASS | 详情: 所有字段校验通过
2026-02-26 15:50:33,255 - INFO - CaseID:307 - 整体结果: PASS | 详情: 所有字段校验通过
2026-02-26 15:50:35,262 - INFO - CaseID:308 - 整体结果: PASS | 详情: 所有字段校验通过
2026-02-26 15:50:37,180 - INFO - CaseID:309 - 整体结果: PASS | 详情: 所有字段校验通过
2026-02-26 15:50:39,023 - INFO - CaseID:310 - 整体结果: PASS | 详情: 所有字段校验通过
2026-02-26 15:50:41,075 - INFO - CaseID:311 - 整体结果: PASS | 详情: 所有字段校验通过
2026-02-26 15:50:41,076 - INFO - CaseID:312 - CATEGORY字段：模型输出包含「其他」，该字段判定通过
2026-02-26 15:50:42,946 - INFO - CaseID:312 - 整体结果: PASS | 详情: 所有字段校验通过
2026-02-26 15:50:47,120 - INFO - CaseID:313 - 整体结果: PASS | 详情: 所有字段校验通过
2026-02-26 15:50:49,101 - INFO - CaseID:314 - 整体结果: PASS | 详情: 所有字段校验通过
2026-02-26 15:50:51,016 - INFO - CaseID:315 - 整体结果: PASS | 详情: 所有字段校验通过
2026-02-26 15:50:52,952 - INFO - CaseID:316 - 整体结果: PASS | 详情: 所有字段校验通过
2026-02-26 15:50:55,204 - INFO - CaseID:317 - 整体结果: PASS | 详情: 所有字段校验通过
2026-02-26 15:50:57,251 - INFO - CaseID:318 - 整体结果: PASS | 详情: 所有字段校验通过
2026-02-26 15:50:59,306 - INFO - CaseID:319 - 整体结果: PASS | 详情: 所有字段校验通过
2026-02-26 15:51:01,348 - INFO - CaseID:320 - 整体结果: PASS | 详情: 所有字段校验通过
2026-02-26 15:51:03,385 - INFO - CaseID:321 - 整体结果: PASS | 详情: 所有字段校验通过
2026-02-26 15:51:05,448 - INFO - CaseID:322 - 整体结果: PASS | 详情: 所有字段校验通过
2026-02-26 15:51:07,359 - INFO - CaseID:323 - 整体结果: PASS | 详情: 所有字段校验通过
2026-02-26 15:51:09,400 - INFO - CaseID:324 - 整体结果: PASS | 详情: 所有字段校验通过
2026-02-26 15:51:11,358 - INFO - CaseID:325 - 整体结果: PASS | 详情: 所有字段校验通过
2026-02-26 15:51:13,813 - INFO - CaseID:326 - 整体结果: PASS | 详情: 所有字段校验通过
2026-02-26 15:51:15,798 - INFO - CaseID:327 - 整体结果: PASS | 详情: 所有字段校验通过
2026-02-26 15:51:15,799 - INFO - CaseID:328 - CATEGORY字段：模型输出包含「其他」，该字段判定通过
2026-02-26 15:51:17,939 - INFO - CaseID:328 - 整体结果: PASS | 详情: 所有字段校验通过
2026-02-26 15:51:20,602 - INFO - CaseID:329 - 整体结果: PASS | 详情: 所有字段校验通过
2026-02-26 15:51:23,466 - INFO - CaseID:330 - 整体结果: PASS | 详情: 所有字段校验通过
2026-02-26 15:51:25,312 - INFO - CaseID:331 - 整体结果: PASS | 详情: 所有字段校验通过
2026-02-26 15:51:27,561 - INFO - CaseID:332 - 整体结果: PASS | 详情: 所有字段校验通过
2026-02-26 15:51:29,406 - INFO - CaseID:333 - 整体结果: PASS | 详情: 所有字段校验通过
2026-02-26 15:51:31,367 - INFO - CaseID:334 - 整体结果: FAILED | 详情: style不匹配：预期[漫画]，实际[]
2026-02-26 15:51:33,321 - INFO - CaseID:335 - 整体结果: PASS | 详情: 所有字段校验通过
2026-02-26 15:51:35,262 - INFO - CaseID:336 - 整体结果: PASS | 详情: 所有字段校验通过
2026-02-26 15:51:37,488 - INFO - CaseID:337 - 整体结果: PASS | 详情: 所有字段校验通过
2026-02-26 15:51:39,442 - INFO - CaseID:338 - 整体结果: PASS | 详情: 所有字段校验通过
2026-02-26 15:51:41,896 - INFO - CaseID:339 - 整体结果: PASS | 详情: 所有字段校验通过
2026-02-26 15:51:43,655 - INFO - CaseID:340 - 整体结果: PASS | 详情: 所有字段校验通过
2026-02-26 15:51:45,960 - INFO - CaseID:341 - 整体结果: PASS | 详情: 所有字段校验通过
2026-02-26 15:51:48,287 - INFO - CaseID:342 - 整体结果: PASS | 详情: 所有字段校验通过
2026-02-26 15:51:50,329 - INFO - CaseID:343 - 整体结果: PASS | 详情: 所有字段校验通过
2026-02-26 15:51:52,237 - INFO - CaseID:344 - 整体结果: PASS | 详情: 所有字段校验通过
2026-02-26 15:51:54,394 - INFO - CaseID:345 - 整体结果: PASS | 详情: 所有字段校验通过
2026-02-26 15:51:56,865 - INFO - CaseID:346 - 整体结果: PASS | 详情: 所有字段校验通过
2026-02-26 15:51:59,361 - INFO - CaseID:347 - 整体结果: PASS | 详情: 所有字段校验通过
2026-02-26 15:52:01,355 - INFO - CaseID:348 - 整体结果: PASS | 详情: 所有字段校验通过
2026-02-26 15:52:03,405 - INFO - CaseID:349 - 整体结果: PASS | 详情: 所有字段校验通过
2026-02-26 15:52:05,662 - INFO - CaseID:350 - 整体结果: PASS | 详情: 所有字段校验通过
2026-02-26 15:52:08,487 - INFO - CaseID:351 - 整体结果: PASS | 详情: 所有字段校验通过
2026-02-26 15:52:10,181 - INFO - CaseID:352 - 整体结果: PASS | 详情: 所有字段校验通过
2026-02-26 15:52:12,619 - INFO - CaseID:353 - 整体结果: PASS | 详情: 所有字段校验通过
2026-02-26 15:52:14,800 - INFO - CaseID:354 - 整体结果: PASS | 详情: 所有字段校验通过
2026-02-26 15:52:22,839 - INFO - 
=== 执行完成（总耗时：545.00秒）===
2026-02-26 15:52:22,840 - INFO - 总用例数：354
2026-02-26 15:52:22,840 - INFO - 通过数：336（94.92%）
2026-02-26 15:52:22,840 - INFO - 失败数：18（5.08%）
