2026-02-26 15:14:19,718 - INFO - === 绘画大师规划对比工具（最终版）启动 ===
2026-02-26 15:14:19,859 - INFO - 成功加载飞书表格
2026-02-26 15:14:21,636 - INFO - CaseID:1 - CATEGORY字段：模型输出包含「其他」，该字段判定通过
2026-02-26 15:14:21,636 - INFO - CaseID:1 - 整体结果: PASS | 详情: 所有字段校验通过
2026-02-26 15:14:22,455 - INFO - CaseID:2 - 整体结果: PASS | 详情: 所有字段校验通过
2026-02-26 15:14:22,456 - INFO - CaseID:3 - CATEGORY字段：模型输出包含「其他」，该字段判定通过
2026-02-26 15:14:22,456 - INFO - CaseID:3 - 整体结果: PASS | 详情: 所有字段校验通过
2026-02-26 15:14:23,506 - INFO - CaseID:4 - 整体结果: PASS | 详情: 所有字段校验通过
2026-02-26 15:14:23,507 - INFO - CaseID:5 - CATEGORY字段：模型输出包含「其他」，该字段判定通过
2026-02-26 15:14:23,507 - INFO - CaseID:5 - 整体结果: PASS | 详情: 所有字段校验通过
2026-02-26 15:14:24,468 - INFO - CaseID:6 - 整体结果: PASS | 详情: 所有字段校验通过
2026-02-26 15:14:24,468 - INFO - CaseID:7 - CATEGORY字段：模型输出包含「其他」，该字段判定通过
2026-02-26 15:14:24,469 - INFO - CaseID:7 - 整体结果: PASS | 详情: 所有字段校验通过
2026-02-26 15:14:25,150 - INFO - CaseID:8 - 整体结果: PASS | 详情: 所有字段校验通过
2026-02-26 15:14:25,151 - INFO - CaseID:9 - CATEGORY字段：模型输出包含「其他」，该字段判定通过
2026-02-26 15:14:25,151 - INFO - CaseID:9 - 整体结果: PASS | 详情: 所有字段校验通过
2026-02-26 15:14:26,222 - INFO - CaseID:10 - 整体结果: PASS | 详情: 所有字段校验通过
2026-02-26 15:14:26,222 - INFO - CaseID:11 - CATEGORY字段：模型输出包含「其他」，该字段判定通过
2026-02-26 15:14:26,223 - INFO - CaseID:11 - 整体结果: PASS | 详情: 所有字段校验通过
2026-02-26 15:14:27,325 - INFO - CaseID:12 - 整体结果: PASS | 详情: 所有字段校验通过
2026-02-26 15:14:27,325 - INFO - CaseID:13 - CATEGORY字段：模型输出包含「其他」，该字段判定通过
2026-02-26 15:14:27,325 - INFO - CaseID:13 - 整体结果: PASS | 详情: 所有字段校验通过
2026-02-26 15:14:27,325 - INFO - CaseID:14 - 整体结果: FAILED | 详情: keyphrase语义不匹配：预期[]，实际[一片郁郁葱葱的大草原草原上还有马儿在奔跑]
2026-02-26 15:14:27,326 - INFO - CaseID:15 - CATEGORY字段：模型输出包含「其他」，该字段判定通过
2026-02-26 15:14:27,326 - INFO - CaseID:15 - 整体结果: PASS | 详情: 所有字段校验通过
2026-02-26 15:14:28,299 - INFO - CaseID:16 - 整体结果: PASS | 详情: 所有字段校验通过
2026-02-26 15:14:28,300 - INFO - CaseID:17 - CATEGORY字段：模型输出包含「其他」，该字段判定通过
2026-02-26 15:14:28,300 - INFO - CaseID:17 - 整体结果: PASS | 详情: 所有字段校验通过
2026-02-26 15:14:28,301 - INFO - CaseID:18 - CATEGORY字段：模型输出包含「其他」，该字段判定通过
2026-02-26 15:14:29,387 - INFO - CaseID:18 - 整体结果: PASS | 详情: 所有字段校验通过
2026-02-26 15:14:29,387 - INFO - CaseID:19 - CATEGORY字段：模型输出包含「其他」，该字段判定通过
2026-02-26 15:14:29,387 - INFO - CaseID:19 - 整体结果: PASS | 详情: 所有字段校验通过
2026-02-26 15:14:30,208 - INFO - CaseID:20 - 整体结果: PASS | 详情: 所有字段校验通过
2026-02-26 15:14:30,208 - INFO - CaseID:21 - CATEGORY字段：模型输出包含「其他」，该字段判定通过
2026-02-26 15:14:30,208 - INFO - CaseID:21 - 整体结果: PASS | 详情: 所有字段校验通过
2026-02-26 15:14:30,208 - INFO - CaseID:22 - 整体结果: FAILED | 详情: keyphrase语义不匹配：预期[]，实际[充满欢声笑语的教堂有一对新人在结婚的场景]
2026-02-26 15:14:30,208 - INFO - CaseID:23 - CATEGORY字段：模型输出包含「其他」，该字段判定通过
2026-02-26 15:14:30,208 - INFO - CaseID:23 - 整体结果: PASS | 详情: 所有字段校验通过
2026-02-26 15:14:31,258 - INFO - CaseID:24 - 整体结果: PASS | 详情: 所有字段校验通过
2026-02-26 15:14:31,258 - INFO - CaseID:25 - CATEGORY字段：模型输出包含「其他」，该字段判定通过
2026-02-26 15:14:31,258 - INFO - CaseID:25 - 整体结果: PASS | 详情: 所有字段校验通过
2026-02-26 15:14:32,115 - INFO - CaseID:26 - 整体结果: PASS | 详情: 所有字段校验通过
2026-02-26 15:14:32,116 - INFO - CaseID:27 - CATEGORY字段：模型输出包含「其他」，该字段判定通过
2026-02-26 15:14:32,116 - INFO - CaseID:27 - 整体结果: PASS | 详情: 所有字段校验通过
2026-02-26 15:14:33,277 - INFO - CaseID:28 - 整体结果: PASS | 详情: 所有字段校验通过
2026-02-26 15:14:33,278 - INFO - CaseID:29 - CATEGORY字段：模型输出包含「其他」，该字段判定通过
2026-02-26 15:14:33,278 - INFO - CaseID:29 - 整体结果: PASS | 详情: 所有字段校验通过
2026-02-26 15:14:34,197 - INFO - CaseID:30 - 整体结果: PASS | 详情: 所有字段校验通过
2026-02-26 15:14:34,197 - INFO - CaseID:31 - CATEGORY字段：模型输出包含「其他」，该字段判定通过
2026-02-26 15:14:34,197 - INFO - CaseID:31 - 整体结果: PASS | 详情: 所有字段校验通过
2026-02-26 15:14:36,962 - INFO - CaseID:32 - 整体结果: PASS | 详情: 所有字段校验通过
2026-02-26 15:14:36,963 - INFO - CaseID:33 - CATEGORY字段：模型输出包含「其他」，该字段判定通过
2026-02-26 15:14:36,963 - INFO - CaseID:33 - 整体结果: PASS | 详情: 所有字段校验通过
2026-02-26 15:14:38,225 - INFO - CaseID:34 - 整体结果: PASS | 详情: 所有字段校验通过
2026-02-26 15:14:38,226 - INFO - CaseID:35 - CATEGORY字段：模型输出包含「其他」，该字段判定通过
2026-02-26 15:14:38,226 - INFO - CaseID:35 - 整体结果: PASS | 详情: 所有字段校验通过
2026-02-26 15:14:38,227 - INFO - CaseID:36 - CATEGORY字段：模型输出包含「其他」，该字段判定通过
2026-02-26 15:14:39,214 - INFO - CaseID:36 - 整体结果: PASS | 详情: 所有字段校验通过
2026-02-26 15:14:39,214 - INFO - CaseID:37 - CATEGORY字段：模型输出包含「其他」，该字段判定通过
2026-02-26 15:14:39,214 - INFO - CaseID:37 - 整体结果: PASS | 详情: 所有字段校验通过
2026-02-26 15:14:40,066 - INFO - CaseID:38 - 整体结果: PASS | 详情: 所有字段校验通过
2026-02-26 15:14:40,066 - INFO - CaseID:39 - CATEGORY字段：模型输出包含「其他」，该字段判定通过
2026-02-26 15:14:40,066 - INFO - CaseID:39 - 整体结果: PASS | 详情: 所有字段校验通过
2026-02-26 15:14:40,743 - INFO - CaseID:40 - 整体结果: PASS | 详情: 所有字段校验通过
2026-02-26 15:14:40,744 - INFO - CaseID:41 - CATEGORY字段：模型输出包含「其他」，该字段判定通过
2026-02-26 15:14:40,744 - INFO - CaseID:41 - 整体结果: PASS | 详情: 所有字段校验通过
2026-02-26 15:14:41,673 - INFO - CaseID:42 - 整体结果: PASS | 详情: 所有字段校验通过
2026-02-26 15:14:41,673 - INFO - CaseID:43 - CATEGORY字段：模型输出包含「其他」，该字段判定通过
2026-02-26 15:14:41,673 - INFO - CaseID:43 - 整体结果: PASS | 详情: 所有字段校验通过
2026-02-26 15:14:42,808 - INFO - CaseID:44 - 整体结果: PASS | 详情: 所有字段校验通过
2026-02-26 15:14:42,809 - INFO - CaseID:45 - CATEGORY字段：模型输出包含「其他」，该字段判定通过
2026-02-26 15:14:42,809 - INFO - CaseID:45 - 整体结果: PASS | 详情: 所有字段校验通过
2026-02-26 15:14:43,680 - INFO - CaseID:46 - 整体结果: PASS | 详情: 所有字段校验通过
2026-02-26 15:14:43,681 - INFO - CaseID:47 - 整体结果: FAILED | 详情: name不匹配：预期[aipainting]，实际[]; category不匹配：一方为空 - 预期[其他]，实际[]
2026-02-26 15:14:44,543 - INFO - CaseID:48 - 整体结果: PASS | 详情: 所有字段校验通过
2026-02-26 15:14:44,544 - INFO - CaseID:49 - CATEGORY字段：模型输出包含「其他」，该字段判定通过
2026-02-26 15:14:44,544 - INFO - CaseID:49 - 整体结果: PASS | 详情: 所有字段校验通过
2026-02-26 15:14:46,015 - INFO - CaseID:50 - 整体结果: PASS | 详情: 所有字段校验通过
2026-02-26 15:14:46,015 - INFO - CaseID:51 - CATEGORY字段：模型输出包含「其他」，该字段判定通过
2026-02-26 15:14:46,016 - INFO - CaseID:51 - 整体结果: PASS | 详情: 所有字段校验通过
2026-02-26 15:14:47,909 - INFO - CaseID:52 - 整体结果: PASS | 详情: 所有字段校验通过
2026-02-26 15:14:47,910 - INFO - CaseID:53 - CATEGORY字段：模型输出包含「其他」，该字段判定通过
2026-02-26 15:14:47,910 - INFO - CaseID:53 - 整体结果: PASS | 详情: 所有字段校验通过
2026-02-26 15:14:49,002 - INFO - CaseID:54 - 整体结果: PASS | 详情: 所有字段校验通过
2026-02-26 15:14:49,002 - INFO - CaseID:55 - CATEGORY字段：模型输出包含「其他」，该字段判定通过
2026-02-26 15:14:49,003 - INFO - CaseID:55 - 整体结果: PASS | 详情: 所有字段校验通过
2026-02-26 15:14:50,069 - INFO - CaseID:56 - 整体结果: PASS | 详情: 所有字段校验通过
2026-02-26 15:14:50,070 - INFO - CaseID:57 - 整体结果: FAILED | 详情: name不匹配：预期[aipainting]，实际[]; category不匹配：一方为空 - 预期[其他]，实际[]
2026-02-26 15:14:51,017 - INFO - CaseID:58 - 整体结果: PASS | 详情: 所有字段校验通过
2026-02-26 15:14:51,018 - INFO - CaseID:59 - CATEGORY字段：模型输出包含「其他」，该字段判定通过
2026-02-26 15:14:51,018 - INFO - CaseID:59 - 整体结果: PASS | 详情: 所有字段校验通过
2026-02-26 15:14:52,119 - INFO - CaseID:60 - 整体结果: PASS | 详情: 所有字段校验通过
2026-02-26 15:14:52,120 - INFO - CaseID:61 - CATEGORY字段：模型输出包含「其他」，该字段判定通过
2026-02-26 15:14:52,120 - INFO - CaseID:61 - 整体结果: PASS | 详情: 所有字段校验通过
2026-02-26 15:14:53,305 - INFO - CaseID:62 - 整体结果: PASS | 详情: 所有字段校验通过
2026-02-26 15:14:53,305 - INFO - CaseID:63 - CATEGORY字段：模型输出包含「其他」，该字段判定通过
2026-02-26 15:14:53,305 - INFO - CaseID:63 - 整体结果: PASS | 详情: 所有字段校验通过
2026-02-26 15:14:53,306 - INFO - CaseID:64 - 整体结果: FAILED | 详情: category不匹配：无交集 - 预期[其他]，实际[科幻]; style不匹配：预期[]，实际[赛博朋克]; keyphrase语义不匹配：预期[]，实际[赛博朋克银色的机械装置与荧光的霓虹灯交相辉映]
2026-02-26 15:14:53,306 - INFO - CaseID:65 - CATEGORY字段：模型输出包含「其他」，该字段判定通过
2026-02-26 15:14:53,307 - INFO - CaseID:65 - 整体结果: PASS | 详情: 所有字段校验通过
2026-02-26 15:14:54,575 - INFO - CaseID:66 - 整体结果: PASS | 详情: 所有字段校验通过
2026-02-26 15:14:54,576 - INFO - CaseID:67 - CATEGORY字段：模型输出包含「其他」，该字段判定通过
2026-02-26 15:14:54,576 - INFO - CaseID:67 - 整体结果: PASS | 详情: 所有字段校验通过
2026-02-26 15:14:55,502 - INFO - CaseID:68 - 整体结果: PASS | 详情: 所有字段校验通过
2026-02-26 15:14:55,503 - INFO - CaseID:69 - 整体结果: FAILED | 详情: name不匹配：预期[aipainting]，实际[]; category不匹配：一方为空 - 预期[其他]，实际[]
2026-02-26 15:14:56,278 - INFO - CaseID:70 - 整体结果: PASS | 详情: 所有字段校验通过
2026-02-26 15:14:56,278 - INFO - CaseID:71 - CATEGORY字段：模型输出包含「其他」，该字段判定通过
2026-02-26 15:14:56,278 - INFO - CaseID:71 - 整体结果: PASS | 详情: 所有字段校验通过
2026-02-26 15:14:57,307 - INFO - CaseID:72 - 整体结果: PASS | 详情: 所有字段校验通过
2026-02-26 15:14:57,307 - INFO - CaseID:73 - CATEGORY字段：模型输出包含「其他」，该字段判定通过
2026-02-26 15:14:57,308 - INFO - CaseID:73 - 整体结果: PASS | 详情: 所有字段校验通过
2026-02-26 15:14:58,349 - INFO - CaseID:74 - 整体结果: PASS | 详情: 所有字段校验通过
2026-02-26 15:14:58,350 - INFO - CaseID:75 - CATEGORY字段：模型输出包含「其他」，该字段判定通过
2026-02-26 15:14:58,350 - INFO - CaseID:75 - 整体结果: PASS | 详情: 所有字段校验通过
2026-02-26 15:14:59,281 - INFO - CaseID:76 - 整体结果: PASS | 详情: 所有字段校验通过
2026-02-26 15:14:59,281 - INFO - CaseID:77 - CATEGORY字段：模型输出包含「其他」，该字段判定通过
2026-02-26 15:14:59,281 - INFO - CaseID:77 - 整体结果: PASS | 详情: 所有字段校验通过
2026-02-26 15:15:00,287 - INFO - CaseID:78 - 整体结果: PASS | 详情: 所有字段校验通过
2026-02-26 15:15:00,287 - INFO - CaseID:79 - CATEGORY字段：模型输出包含「其他」，该字段判定通过
2026-02-26 15:15:00,288 - INFO - CaseID:79 - 整体结果: PASS | 详情: 所有字段校验通过
2026-02-26 15:15:00,288 - INFO - CaseID:80 - CATEGORY字段：模型输出包含「其他」，该字段判定通过
2026-02-26 15:15:01,189 - INFO - CaseID:80 - 整体结果: PASS | 详情: 所有字段校验通过
2026-02-26 15:15:01,189 - INFO - CaseID:81 - CATEGORY字段：模型输出包含「其他」，该字段判定通过
2026-02-26 15:15:01,190 - INFO - CaseID:81 - 整体结果: PASS | 详情: 所有字段校验通过
2026-02-26 15:15:02,073 - INFO - CaseID:82 - 整体结果: PASS | 详情: 所有字段校验通过
2026-02-26 15:15:02,074 - INFO - CaseID:83 - CATEGORY字段：模型输出包含「其他」，该字段判定通过
2026-02-26 15:15:02,074 - INFO - CaseID:83 - 整体结果: PASS | 详情: 所有字段校验通过
2026-02-26 15:15:03,177 - INFO - CaseID:84 - 整体结果: PASS | 详情: 所有字段校验通过
2026-02-26 15:15:03,177 - INFO - CaseID:85 - CATEGORY字段：模型输出包含「其他」，该字段判定通过
2026-02-26 15:15:03,177 - INFO - CaseID:85 - 整体结果: PASS | 详情: 所有字段校验通过
2026-02-26 15:15:04,142 - INFO - CaseID:86 - 整体结果: PASS | 详情: 所有字段校验通过
2026-02-26 15:15:04,143 - INFO - CaseID:87 - CATEGORY字段：模型输出包含「其他」，该字段判定通过
2026-02-26 15:15:04,143 - INFO - CaseID:87 - 整体结果: PASS | 详情: 所有字段校验通过
2026-02-26 15:15:04,860 - INFO - CaseID:88 - 整体结果: PASS | 详情: 所有字段校验通过
2026-02-26 15:15:04,860 - INFO - CaseID:89 - CATEGORY字段：模型输出包含「其他」，该字段判定通过
2026-02-26 15:15:04,860 - INFO - CaseID:89 - 整体结果: PASS | 详情: 所有字段校验通过
2026-02-26 15:15:05,840 - INFO - CaseID:90 - 整体结果: PASS | 详情: 所有字段校验通过
2026-02-26 15:15:05,840 - INFO - CaseID:91 - CATEGORY字段：模型输出包含「其他」，该字段判定通过
2026-02-26 15:15:05,840 - INFO - CaseID:91 - 整体结果: PASS | 详情: 所有字段校验通过
2026-02-26 15:15:05,841 - INFO - CaseID:92 - 整体结果: FAILED | 详情: keyphrase语义不匹配：预期[]，实际[冰川下一片片杜鹃花开满了山坡写实风]
2026-02-26 15:15:05,841 - INFO - CaseID:93 - CATEGORY字段：模型输出包含「其他」，该字段判定通过
2026-02-26 15:15:05,841 - INFO - CaseID:93 - 整体结果: PASS | 详情: 所有字段校验通过
2026-02-26 15:15:05,842 - INFO - CaseID:94 - 整体结果: FAILED | 详情: name不匹配：预期[aipainting]，实际[qasearch]; category不匹配：无交集 - 预期[人物]，实际[文学]; style不匹配：预期[油画]，实际[]
2026-02-26 15:15:05,842 - INFO - CaseID:95 - CATEGORY字段：模型输出包含「其他」，该字段判定通过
2026-02-26 15:15:05,842 - INFO - CaseID:95 - 整体结果: PASS | 详情: 所有字段校验通过
2026-02-26 15:15:07,256 - INFO - CaseID:96 - 整体结果: PASS | 详情: 所有字段校验通过
2026-02-26 15:15:07,257 - INFO - CaseID:97 - CATEGORY字段：模型输出包含「其他」，该字段判定通过
2026-02-26 15:15:07,257 - INFO - CaseID:97 - 整体结果: PASS | 详情: 所有字段校验通过
2026-02-26 15:15:08,182 - INFO - CaseID:98 - 整体结果: PASS | 详情: 所有字段校验通过
2026-02-26 15:15:08,182 - INFO - CaseID:99 - CATEGORY字段：模型输出包含「其他」，该字段判定通过
2026-02-26 15:15:08,182 - INFO - CaseID:99 - 整体结果: PASS | 详情: 所有字段校验通过
2026-02-26 15:15:09,233 - INFO - CaseID:100 - 整体结果: PASS | 详情: 所有字段校验通过
2026-02-26 15:15:09,234 - INFO - CaseID:101 - CATEGORY字段：模型输出包含「其他」，该字段判定通过
2026-02-26 15:15:09,234 - INFO - CaseID:101 - 整体结果: PASS | 详情: 所有字段校验通过
2026-02-26 15:15:11,165 - INFO - CaseID:102 - 整体结果: PASS | 详情: 所有字段校验通过
2026-02-26 15:15:11,166 - INFO - CaseID:103 - CATEGORY字段：模型输出包含「其他」，该字段判定通过
2026-02-26 15:15:11,166 - INFO - CaseID:103 - 整体结果: PASS | 详情: 所有字段校验通过
2026-02-26 15:15:12,185 - INFO - CaseID:104 - 整体结果: PASS | 详情: 所有字段校验通过
2026-02-26 15:15:14,430 - INFO - CaseID:105 - 整体结果: PASS | 详情: 所有字段校验通过
2026-02-26 15:15:14,430 - INFO - CaseID:106 - CATEGORY字段：模型输出包含「其他」，该字段判定通过
2026-02-26 15:15:14,431 - INFO - CaseID:106 - 整体结果: PASS | 详情: 所有字段校验通过
2026-02-26 15:15:15,409 - INFO - CaseID:107 - 整体结果: PASS | 详情: 所有字段校验通过
2026-02-26 15:15:16,352 - INFO - CaseID:108 - 整体结果: PASS | 详情: 所有字段校验通过
2026-02-26 15:15:16,353 - INFO - CaseID:109 - CATEGORY字段：模型输出包含「其他」，该字段判定通过
2026-02-26 15:15:16,353 - INFO - CaseID:109 - 整体结果: PASS | 详情: 所有字段校验通过
2026-02-26 15:15:17,514 - INFO - CaseID:110 - 整体结果: PASS | 详情: 所有字段校验通过
2026-02-26 15:15:18,537 - INFO - CaseID:111 - 整体结果: PASS | 详情: 所有字段校验通过
2026-02-26 15:15:18,538 - INFO - CaseID:112 - CATEGORY字段：模型输出包含「其他」，该字段判定通过
2026-02-26 15:15:18,538 - INFO - CaseID:112 - 整体结果: PASS | 详情: 所有字段校验通过
2026-02-26 15:15:19,660 - INFO - CaseID:113 - 整体结果: PASS | 详情: 所有字段校验通过
2026-02-26 15:15:20,620 - INFO - CaseID:114 - 整体结果: PASS | 详情: 所有字段校验通过
2026-02-26 15:15:20,620 - INFO - CaseID:115 - CATEGORY字段：模型输出包含「其他」，该字段判定通过
2026-02-26 15:15:20,620 - INFO - CaseID:115 - 整体结果: PASS | 详情: 所有字段校验通过
2026-02-26 15:15:21,291 - INFO - CaseID:116 - 整体结果: PASS | 详情: 所有字段校验通过
2026-02-26 15:15:22,303 - INFO - CaseID:117 - 整体结果: PASS | 详情: 所有字段校验通过
2026-02-26 15:15:22,308 - INFO - CaseID:118 - CATEGORY字段：模型输出包含「其他」，该字段判定通过
2026-02-26 15:15:22,308 - INFO - CaseID:118 - 整体结果: PASS | 详情: 所有字段校验通过
2026-02-26 15:15:22,309 - INFO - CaseID:119 - CATEGORY字段：模型输出包含「其他」，该字段判定通过
2026-02-26 15:15:23,453 - INFO - CaseID:119 - 整体结果: PASS | 详情: 所有字段校验通过
2026-02-26 15:15:24,374 - INFO - CaseID:120 - 整体结果: PASS | 详情: 所有字段校验通过
2026-02-26 15:15:24,375 - INFO - CaseID:121 - CATEGORY字段：模型输出包含「其他」，该字段判定通过
2026-02-26 15:15:24,375 - INFO - CaseID:121 - 整体结果: PASS | 详情: 所有字段校验通过
2026-02-26 15:15:25,363 - INFO - CaseID:122 - 整体结果: PASS | 详情: 所有字段校验通过
2026-02-26 15:15:26,597 - INFO - CaseID:123 - 整体结果: PASS | 详情: 所有字段校验通过
2026-02-26 15:15:26,598 - INFO - CaseID:124 - CATEGORY字段：模型输出包含「其他」，该字段判定通过
2026-02-26 15:15:26,598 - INFO - CaseID:124 - 整体结果: PASS | 详情: 所有字段校验通过
2026-02-26 15:15:26,598 - INFO - CaseID:125 - CATEGORY字段：模型输出包含「其他」，该字段判定通过
2026-02-26 15:15:27,930 - INFO - CaseID:125 - 整体结果: PASS | 详情: 所有字段校验通过
2026-02-26 15:15:27,931 - INFO - CaseID:126 - CATEGORY字段：模型输出包含「其他」，该字段判定通过
2026-02-26 15:15:29,399 - INFO - CaseID:126 - 整体结果: FAILED | 详情: style不匹配：预期[漫画]，实际[]
2026-02-26 15:15:29,399 - INFO - CaseID:127 - CATEGORY字段：模型输出包含「其他」，该字段判定通过
2026-02-26 15:15:29,399 - INFO - CaseID:127 - 整体结果: PASS | 详情: 所有字段校验通过
2026-02-26 15:15:30,294 - INFO - CaseID:128 - 整体结果: PASS | 详情: 所有字段校验通过
2026-02-26 15:15:31,218 - INFO - CaseID:129 - 整体结果: PASS | 详情: 所有字段校验通过
2026-02-26 15:15:31,218 - INFO - CaseID:130 - CATEGORY字段：模型输出包含「其他」，该字段判定通过
2026-02-26 15:15:31,218 - INFO - CaseID:130 - 整体结果: PASS | 详情: 所有字段校验通过
2026-02-26 15:15:32,733 - INFO - CaseID:131 - 整体结果: PASS | 详情: 所有字段校验通过
2026-02-26 15:15:33,761 - INFO - CaseID:132 - 整体结果: PASS | 详情: 所有字段校验通过
2026-02-26 15:15:33,762 - INFO - CaseID:133 - CATEGORY字段：模型输出包含「其他」，该字段判定通过
2026-02-26 15:15:33,762 - INFO - CaseID:133 - 整体结果: PASS | 详情: 所有字段校验通过
2026-02-26 15:15:34,681 - INFO - CaseID:134 - 整体结果: PASS | 详情: 所有字段校验通过
2026-02-26 15:15:35,676 - INFO - CaseID:135 - 整体结果: PASS | 详情: 所有字段校验通过
2026-02-26 15:15:35,677 - INFO - CaseID:136 - CATEGORY字段：模型输出包含「其他」，该字段判定通过
2026-02-26 15:15:35,677 - INFO - CaseID:136 - 整体结果: PASS | 详情: 所有字段校验通过
2026-02-26 15:15:36,520 - INFO - CaseID:137 - 整体结果: PASS | 详情: 所有字段校验通过
2026-02-26 15:15:36,520 - INFO - CaseID:138 - CATEGORY字段：模型输出包含「其他」，该字段判定通过
2026-02-26 15:15:36,520 - INFO - CaseID:138 - 整体结果: PASS | 详情: 所有字段校验通过
2026-02-26 15:15:37,800 - INFO - CaseID:139 - 整体结果: PASS | 详情: 所有字段校验通过
2026-02-26 15:15:38,843 - INFO - CaseID:140 - 整体结果: PASS | 详情: 所有字段校验通过
2026-02-26 15:15:38,843 - INFO - CaseID:141 - CATEGORY字段：模型输出包含「其他」，该字段判定通过
2026-02-26 15:15:38,843 - INFO - CaseID:141 - 整体结果: PASS | 详情: 所有字段校验通过
2026-02-26 15:15:39,755 - INFO - CaseID:142 - 整体结果: PASS | 详情: 所有字段校验通过
2026-02-26 15:15:40,720 - INFO - CaseID:143 - 整体结果: PASS | 详情: 所有字段校验通过
2026-02-26 15:15:40,721 - INFO - CaseID:144 - 整体结果: FAILED | 详情: name不匹配：预期[aipainting]，实际[qasearch]; category不匹配：无交集 - 预期[其他]，实际[其他问答]
2026-02-26 15:15:41,516 - INFO - CaseID:145 - 整体结果: FAILED | 详情: style不匹配：预期[漫画]，实际[]
2026-02-26 15:15:42,550 - INFO - CaseID:146 - 整体结果: PASS | 详情: 所有字段校验通过
2026-02-26 15:15:42,551 - INFO - CaseID:147 - CATEGORY字段：模型输出包含「其他」，该字段判定通过
2026-02-26 15:15:42,551 - INFO - CaseID:147 - 整体结果: PASS | 详情: 所有字段校验通过
2026-02-26 15:15:43,485 - INFO - CaseID:148 - 整体结果: PASS | 详情: 所有字段校验通过
2026-02-26 15:15:43,486 - INFO - CaseID:149 - CATEGORY字段：模型输出包含「其他」，该字段判定通过
2026-02-26 15:15:43,486 - INFO - CaseID:149 - 整体结果: PASS | 详情: 所有字段校验通过
2026-02-26 15:15:44,547 - INFO - CaseID:150 - 整体结果: PASS | 详情: 所有字段校验通过
2026-02-26 15:15:45,397 - INFO - CaseID:151 - 整体结果: PASS | 详情: 所有字段校验通过
2026-02-26 15:15:45,397 - INFO - CaseID:152 - CATEGORY字段：模型输出包含「其他」，该字段判定通过
2026-02-26 15:15:45,397 - INFO - CaseID:152 - 整体结果: PASS | 详情: 所有字段校验通过
2026-02-26 15:15:46,205 - INFO - CaseID:153 - 整体结果: PASS | 详情: 所有字段校验通过
2026-02-26 15:15:47,840 - INFO - CaseID:154 - 整体结果: PASS | 详情: 所有字段校验通过
2026-02-26 15:15:47,841 - INFO - CaseID:155 - CATEGORY字段：模型输出包含「其他」，该字段判定通过
2026-02-26 15:15:47,841 - INFO - CaseID:155 - 整体结果: PASS | 详情: 所有字段校验通过
2026-02-26 15:15:49,050 - INFO - CaseID:156 - 整体结果: PASS | 详情: 所有字段校验通过
2026-02-26 15:15:49,978 - INFO - CaseID:157 - 整体结果: PASS | 详情: 所有字段校验通过
2026-02-26 15:15:49,979 - INFO - CaseID:158 - CATEGORY字段：模型输出包含「其他」，该字段判定通过
2026-02-26 15:15:49,979 - INFO - CaseID:158 - 整体结果: PASS | 详情: 所有字段校验通过
2026-02-26 15:15:50,913 - INFO - CaseID:159 - 整体结果: PASS | 详情: 所有字段校验通过
2026-02-26 15:15:51,919 - INFO - CaseID:160 - 整体结果: PASS | 详情: 所有字段校验通过
2026-02-26 15:15:51,920 - INFO - CaseID:161 - CATEGORY字段：模型输出包含「其他」，该字段判定通过
2026-02-26 15:15:51,920 - INFO - CaseID:161 - 整体结果: PASS | 详情: 所有字段校验通过
2026-02-26 15:15:52,739 - INFO - CaseID:162 - 整体结果: PASS | 详情: 所有字段校验通过
2026-02-26 15:15:53,967 - INFO - CaseID:163 - 整体结果: PASS | 详情: 所有字段校验通过
2026-02-26 15:15:53,968 - INFO - CaseID:164 - CATEGORY字段：模型输出包含「其他」，该字段判定通过
2026-02-26 15:15:53,968 - INFO - CaseID:164 - 整体结果: PASS | 详情: 所有字段校验通过
2026-02-26 15:15:54,764 - INFO - CaseID:165 - 整体结果: PASS | 详情: 所有字段校验通过
2026-02-26 15:15:56,708 - INFO - CaseID:166 - 整体结果: PASS | 详情: 所有字段校验通过
2026-02-26 15:15:56,709 - INFO - CaseID:167 - CATEGORY字段：模型输出包含「其他」，该字段判定通过
2026-02-26 15:15:56,709 - INFO - CaseID:167 - 整体结果: PASS | 详情: 所有字段校验通过
2026-02-26 15:15:58,663 - INFO - CaseID:168 - 整体结果: PASS | 详情: 所有字段校验通过
2026-02-26 15:15:59,702 - INFO - CaseID:169 - 整体结果: PASS | 详情: 所有字段校验通过
2026-02-26 15:15:59,703 - INFO - CaseID:170 - CATEGORY字段：模型输出包含「其他」，该字段判定通过
2026-02-26 15:15:59,703 - INFO - CaseID:170 - 整体结果: PASS | 详情: 所有字段校验通过
2026-02-26 15:16:00,702 - INFO - CaseID:171 - 整体结果: PASS | 详情: 所有字段校验通过
2026-02-26 15:16:01,776 - INFO - CaseID:172 - 整体结果: PASS | 详情: 所有字段校验通过
2026-02-26 15:16:01,777 - INFO - CaseID:173 - CATEGORY字段：模型输出包含「其他」，该字段判定通过
2026-02-26 15:16:01,777 - INFO - CaseID:173 - 整体结果: PASS | 详情: 所有字段校验通过
2026-02-26 15:16:02,775 - INFO - CaseID:174 - 整体结果: PASS | 详情: 所有字段校验通过
2026-02-26 15:16:03,593 - INFO - CaseID:175 - 整体结果: PASS | 详情: 所有字段校验通过
2026-02-26 15:16:03,594 - INFO - CaseID:176 - CATEGORY字段：模型输出包含「其他」，该字段判定通过
2026-02-26 15:16:03,594 - INFO - CaseID:176 - 整体结果: PASS | 详情: 所有字段校验通过
2026-02-26 15:16:04,415 - INFO - CaseID:177 - 整体结果: PASS | 详情: 所有字段校验通过
2026-02-26 15:16:05,444 - INFO - CaseID:178 - 整体结果: PASS | 详情: 所有字段校验通过
2026-02-26 15:16:05,445 - INFO - CaseID:179 - CATEGORY字段：模型输出包含「其他」，该字段判定通过
2026-02-26 15:16:05,445 - INFO - CaseID:179 - 整体结果: PASS | 详情: 所有字段校验通过
2026-02-26 15:16:07,242 - INFO - CaseID:180 - 整体结果: PASS | 详情: 所有字段校验通过
2026-02-26 15:16:08,033 - INFO - CaseID:181 - 整体结果: PASS | 详情: 所有字段校验通过
2026-02-26 15:16:08,034 - INFO - CaseID:182 - CATEGORY字段：模型输出包含「其他」，该字段判定通过
2026-02-26 15:16:08,034 - INFO - CaseID:182 - 整体结果: PASS | 详情: 所有字段校验通过
2026-02-26 15:16:08,034 - INFO - CaseID:183 - CATEGORY字段：模型输出包含「其他」，该字段判定通过
2026-02-26 15:16:08,935 - INFO - CaseID:183 - 整体结果: PASS | 详情: 所有字段校验通过
2026-02-26 15:16:09,944 - INFO - CaseID:184 - 整体结果: PASS | 详情: 所有字段校验通过
2026-02-26 15:16:09,945 - INFO - CaseID:185 - 整体结果: FAILED | 详情: name不匹配：预期[aipainting]，实际[]; category不匹配：一方为空 - 预期[其他]，实际[]
2026-02-26 15:16:10,805 - INFO - CaseID:186 - 整体结果: PASS | 详情: 所有字段校验通过
2026-02-26 15:16:11,785 - INFO - CaseID:187 - 整体结果: PASS | 详情: 所有字段校验通过
2026-02-26 15:16:11,785 - INFO - CaseID:188 - CATEGORY字段：模型输出包含「其他」，该字段判定通过
2026-02-26 15:16:11,785 - INFO - CaseID:188 - 整体结果: PASS | 详情: 所有字段校验通过
2026-02-26 15:16:12,809 - INFO - CaseID:189 - 整体结果: FAILED | 详情: category不匹配：无交集 - 预期[其他]，实际[科幻]
2026-02-26 15:16:14,062 - INFO - CaseID:190 - 整体结果: PASS | 详情: 所有字段校验通过
2026-02-26 15:16:14,062 - INFO - CaseID:191 - CATEGORY字段：模型输出包含「其他」，该字段判定通过
2026-02-26 15:16:14,062 - INFO - CaseID:191 - 整体结果: PASS | 详情: 所有字段校验通过
2026-02-26 15:16:14,958 - INFO - CaseID:192 - 整体结果: PASS | 详情: 所有字段校验通过
2026-02-26 15:16:15,841 - INFO - CaseID:193 - 整体结果: PASS | 详情: 所有字段校验通过
2026-02-26 15:16:15,841 - INFO - CaseID:194 - CATEGORY字段：模型输出包含「其他」，该字段判定通过
2026-02-26 15:16:15,841 - INFO - CaseID:194 - 整体结果: PASS | 详情: 所有字段校验通过
2026-02-26 15:16:15,842 - INFO - CaseID:195 - CATEGORY字段：模型输出包含「其他」，该字段判定通过
2026-02-26 15:16:16,858 - INFO - CaseID:195 - 整体结果: PASS | 详情: 所有字段校验通过
2026-02-26 15:16:17,702 - INFO - CaseID:196 - 整体结果: PASS | 详情: 所有字段校验通过
2026-02-26 15:16:17,702 - INFO - CaseID:197 - CATEGORY字段：模型输出包含「其他」，该字段判定通过
2026-02-26 15:16:17,702 - INFO - CaseID:197 - 整体结果: PASS | 详情: 所有字段校验通过
2026-02-26 15:16:18,441 - INFO - CaseID:198 - 整体结果: PASS | 详情: 所有字段校验通过
2026-02-26 15:16:19,228 - INFO - CaseID:199 - 整体结果: PASS | 详情: 所有字段校验通过
2026-02-26 15:16:19,229 - INFO - CaseID:200 - CATEGORY字段：模型输出包含「其他」，该字段判定通过
2026-02-26 15:16:19,230 - INFO - CaseID:200 - 整体结果: PASS | 详情: 所有字段校验通过
2026-02-26 15:16:20,098 - INFO - CaseID:201 - 整体结果: PASS | 详情: 所有字段校验通过
2026-02-26 15:16:21,059 - INFO - CaseID:202 - 整体结果: PASS | 详情: 所有字段校验通过
2026-02-26 15:16:21,060 - INFO - CaseID:203 - CATEGORY字段：模型输出包含「其他」，该字段判定通过
2026-02-26 15:16:21,060 - INFO - CaseID:203 - 整体结果: PASS | 详情: 所有字段校验通过
2026-02-26 15:16:21,821 - INFO - CaseID:204 - 整体结果: PASS | 详情: 所有字段校验通过
2026-02-26 15:16:23,088 - INFO - CaseID:205 - 整体结果: PASS | 详情: 所有字段校验通过
2026-02-26 15:16:23,088 - INFO - CaseID:206 - CATEGORY字段：模型输出包含「其他」，该字段判定通过
2026-02-26 15:16:23,088 - INFO - CaseID:206 - 整体结果: PASS | 详情: 所有字段校验通过
2026-02-26 15:16:24,073 - INFO - CaseID:207 - 整体结果: PASS | 详情: 所有字段校验通过
2026-02-26 15:16:24,880 - INFO - CaseID:208 - 整体结果: PASS | 详情: 所有字段校验通过
2026-02-26 15:16:24,881 - INFO - CaseID:209 - CATEGORY字段：模型输出包含「其他」，该字段判定通过
2026-02-26 15:16:24,881 - INFO - CaseID:209 - 整体结果: PASS | 详情: 所有字段校验通过
2026-02-26 15:16:25,920 - INFO - CaseID:210 - 整体结果: FAILED | 详情: keyphrase语义不匹配：预期[一个机器人]，实际[一个机器人的图片]
2026-02-26 15:16:26,843 - INFO - CaseID:211 - 整体结果: PASS | 详情: 所有字段校验通过
2026-02-26 15:16:26,843 - INFO - CaseID:212 - CATEGORY字段：模型输出包含「其他」，该字段判定通过
2026-02-26 15:16:26,843 - INFO - CaseID:212 - 整体结果: PASS | 详情: 所有字段校验通过
2026-02-26 15:16:27,761 - INFO - CaseID:213 - 整体结果: PASS | 详情: 所有字段校验通过
2026-02-26 15:16:28,750 - INFO - CaseID:214 - 整体结果: PASS | 详情: 所有字段校验通过
2026-02-26 15:16:28,751 - INFO - CaseID:215 - CATEGORY字段：模型输出包含「其他」，该字段判定通过
2026-02-26 15:16:28,751 - INFO - CaseID:215 - 整体结果: PASS | 详情: 所有字段校验通过
2026-02-26 15:16:29,603 - INFO - CaseID:216 - 整体结果: PASS | 详情: 所有字段校验通过
2026-02-26 15:16:30,351 - INFO - CaseID:217 - 整体结果: PASS | 详情: 所有字段校验通过
2026-02-26 15:16:30,351 - INFO - CaseID:218 - CATEGORY字段：模型输出包含「其他」，该字段判定通过
2026-02-26 15:16:30,351 - INFO - CaseID:218 - 整体结果: PASS | 详情: 所有字段校验通过
2026-02-26 15:16:31,233 - INFO - CaseID:219 - 整体结果: PASS | 详情: 所有字段校验通过
2026-02-26 15:16:32,285 - INFO - CaseID:220 - 整体结果: PASS | 详情: 所有字段校验通过
2026-02-26 15:16:32,286 - INFO - CaseID:221 - CATEGORY字段：模型输出包含「其他」，该字段判定通过
2026-02-26 15:16:32,286 - INFO - CaseID:221 - 整体结果: FAILED | 详情: keyphrase语义不匹配：预期[]，实际[长图片的工具或方法推荐]
2026-02-26 15:16:33,372 - INFO - CaseID:222 - 整体结果: PASS | 详情: 所有字段校验通过
2026-02-26 15:16:34,058 - INFO - CaseID:223 - 整体结果: PASS | 详情: 所有字段校验通过
2026-02-26 15:16:34,059 - INFO - CaseID:224 - CATEGORY字段：模型输出包含「其他」，该字段判定通过
2026-02-26 15:16:34,059 - INFO - CaseID:224 - 整体结果: PASS | 详情: 所有字段校验通过
2026-02-26 15:16:35,042 - INFO - CaseID:225 - 整体结果: PASS | 详情: 所有字段校验通过
2026-02-26 15:16:36,158 - INFO - CaseID:226 - 整体结果: PASS | 详情: 所有字段校验通过
2026-02-26 15:16:36,159 - INFO - CaseID:227 - CATEGORY字段：模型输出包含「其他」，该字段判定通过
2026-02-26 15:16:36,159 - INFO - CaseID:227 - 整体结果: PASS | 详情: 所有字段校验通过
2026-02-26 15:16:37,076 - INFO - CaseID:228 - 整体结果: PASS | 详情: 所有字段校验通过
2026-02-26 15:16:37,981 - INFO - CaseID:229 - 整体结果: FAILED | 详情: keyphrase语义不匹配：预期[许多的白色机器人在澡堂中工作]，实际[一个机器人在澡堂中工作]
2026-02-26 15:16:37,982 - INFO - CaseID:230 - 整体结果: FAILED | 详情: name不匹配：预期[aipainting]，实际[]; category不匹配：一方为空 - 预期[其他]，实际[]
2026-02-26 15:16:39,024 - INFO - CaseID:231 - 整体结果: PASS | 详情: 所有字段校验通过
2026-02-26 15:16:39,024 - INFO - CaseID:232 - 整体结果: FAILED | 详情: keyphrase语义不匹配：预期[]，实际[穿着粉色衣服的财神爷]
2026-02-26 15:16:39,024 - INFO - CaseID:233 - CATEGORY字段：模型输出包含「其他」，该字段判定通过
2026-02-26 15:16:39,025 - INFO - CaseID:233 - 整体结果: PASS | 详情: 所有字段校验通过
2026-02-26 15:16:40,519 - INFO - CaseID:234 - 整体结果: PASS | 详情: 所有字段校验通过
2026-02-26 15:16:41,286 - INFO - CaseID:235 - 整体结果: PASS | 详情: 所有字段校验通过
2026-02-26 15:16:41,288 - INFO - CaseID:236 - CATEGORY字段：模型输出包含「其他」，该字段判定通过
2026-02-26 15:16:41,288 - INFO - CaseID:236 - 整体结果: PASS | 详情: 所有字段校验通过
2026-02-26 15:16:42,143 - INFO - CaseID:237 - 整体结果: PASS | 详情: 所有字段校验通过
2026-02-26 15:16:43,352 - INFO - CaseID:238 - 整体结果: PASS | 详情: 所有字段校验通过
2026-02-26 15:16:43,353 - INFO - CaseID:239 - CATEGORY字段：模型输出包含「其他」，该字段判定通过
2026-02-26 15:16:43,353 - INFO - CaseID:239 - 整体结果: PASS | 详情: 所有字段校验通过
2026-02-26 15:16:44,478 - INFO - CaseID:240 - 整体结果: PASS | 详情: 所有字段校验通过
2026-02-26 15:16:45,807 - INFO - CaseID:241 - 整体结果: PASS | 详情: 所有字段校验通过
2026-02-26 15:16:45,807 - INFO - CaseID:242 - CATEGORY字段：模型输出包含「其他」，该字段判定通过
2026-02-26 15:16:45,807 - INFO - CaseID:242 - 整体结果: PASS | 详情: 所有字段校验通过
2026-02-26 15:16:46,857 - INFO - CaseID:243 - 整体结果: PASS | 详情: 所有字段校验通过
2026-02-26 15:16:47,830 - INFO - CaseID:244 - 整体结果: PASS | 详情: 所有字段校验通过
2026-02-26 15:16:47,830 - INFO - CaseID:245 - CATEGORY字段：模型输出包含「其他」，该字段判定通过
2026-02-26 15:16:47,830 - INFO - CaseID:245 - 整体结果: PASS | 详情: 所有字段校验通过
2026-02-26 15:16:48,825 - INFO - CaseID:246 - 整体结果: PASS | 详情: 所有字段校验通过
2026-02-26 15:16:49,813 - INFO - CaseID:247 - 整体结果: PASS | 详情: 所有字段校验通过
2026-02-26 15:16:49,814 - INFO - CaseID:248 - CATEGORY字段：模型输出包含「其他」，该字段判定通过
2026-02-26 15:16:50,905 - INFO - CaseID:248 - 整体结果: PASS | 详情: 所有字段校验通过
2026-02-26 15:16:51,928 - INFO - CaseID:249 - 整体结果: PASS | 详情: 所有字段校验通过
2026-02-26 15:16:52,663 - INFO - CaseID:250 - 整体结果: PASS | 详情: 所有字段校验通过
2026-02-26 15:16:52,664 - INFO - CaseID:251 - 整体结果: FAILED | 详情: name不匹配：预期[aipainting]，实际[]; category不匹配：一方为空 - 预期[人物]，实际[]
2026-02-26 15:16:53,602 - INFO - CaseID:252 - 整体结果: PASS | 详情: 所有字段校验通过
2026-02-26 15:16:55,676 - INFO - CaseID:253 - 整体结果: PASS | 详情: 所有字段校验通过
2026-02-26 15:16:56,638 - INFO - CaseID:254 - 整体结果: PASS | 详情: 所有字段校验通过
2026-02-26 15:16:57,537 - INFO - CaseID:255 - 整体结果: PASS | 详情: 所有字段校验通过
2026-02-26 15:16:58,187 - INFO - CaseID:256 - 整体结果: PASS | 详情: 所有字段校验通过
2026-02-26 15:16:59,110 - INFO - CaseID:257 - 整体结果: PASS | 详情: 所有字段校验通过
2026-02-26 15:16:59,111 - INFO - CaseID:258 - CATEGORY字段：模型输出包含「其他」，该字段判定通过
2026-02-26 15:16:59,860 - INFO - CaseID:258 - 整体结果: PASS | 详情: 所有字段校验通过
2026-02-26 15:16:59,861 - INFO - CaseID:259 - CATEGORY字段：模型输出包含「其他」，该字段判定通过
2026-02-26 15:16:59,861 - INFO - CaseID:259 - 整体结果: FAILED | 详情: keyphrase语义不匹配：预期[]，实际[钱堆满一屋子]
2026-02-26 15:17:00,819 - INFO - CaseID:260 - 整体结果: PASS | 详情: 所有字段校验通过
2026-02-26 15:17:02,169 - INFO - CaseID:261 - 整体结果: PASS | 详情: 所有字段校验通过
2026-02-26 15:17:03,395 - INFO - CaseID:262 - 整体结果: PASS | 详情: 所有字段校验通过
2026-02-26 15:17:04,172 - INFO - CaseID:263 - 整体结果: PASS | 详情: 所有字段校验通过
2026-02-26 15:17:05,624 - INFO - CaseID:264 - 整体结果: PASS | 详情: 所有字段校验通过
2026-02-26 15:17:06,673 - INFO - CaseID:265 - 整体结果: PASS | 详情: 所有字段校验通过
2026-02-26 15:17:07,304 - INFO - CaseID:266 - 整体结果: PASS | 详情: 所有字段校验通过
2026-02-26 15:17:08,266 - INFO - CaseID:267 - 整体结果: PASS | 详情: 所有字段校验通过
2026-02-26 15:17:09,187 - INFO - CaseID:268 - 整体结果: PASS | 详情: 所有字段校验通过
2026-02-26 15:17:10,154 - INFO - CaseID:269 - 整体结果: PASS | 详情: 所有字段校验通过
2026-02-26 15:17:10,154 - INFO - CaseID:270 - CATEGORY字段：模型输出包含「其他」，该字段判定通过
2026-02-26 15:17:11,088 - INFO - CaseID:270 - 整体结果: PASS | 详情: 所有字段校验通过
2026-02-26 15:17:11,089 - INFO - CaseID:271 - CATEGORY字段：模型输出包含「其他」，该字段判定通过
2026-02-26 15:17:11,999 - INFO - CaseID:271 - 整体结果: PASS | 详情: 所有字段校验通过
2026-02-26 15:17:12,841 - INFO - CaseID:272 - 整体结果: FAILED | 详情: category不匹配：无交集 - 预期[餐饮食物]，实际[植物]
2026-02-26 15:17:13,666 - INFO - CaseID:273 - 整体结果: PASS | 详情: 所有字段校验通过
2026-02-26 15:17:14,527 - INFO - CaseID:274 - 整体结果: PASS | 详情: 所有字段校验通过
2026-02-26 15:17:15,228 - INFO - CaseID:275 - 整体结果: PASS | 详情: 所有字段校验通过
2026-02-26 15:17:16,091 - INFO - CaseID:276 - 整体结果: PASS | 详情: 所有字段校验通过
2026-02-26 15:17:17,116 - INFO - CaseID:277 - 整体结果: PASS | 详情: 所有字段校验通过
2026-02-26 15:17:18,022 - INFO - CaseID:278 - 整体结果: PASS | 详情: 所有字段校验通过
2026-02-26 15:17:19,221 - INFO - CaseID:279 - 整体结果: PASS | 详情: 所有字段校验通过
2026-02-26 15:17:20,471 - INFO - CaseID:280 - 整体结果: PASS | 详情: 所有字段校验通过
2026-02-26 15:17:20,472 - INFO - CaseID:281 - 整体结果: FAILED | 详情: name不匹配：预期[aipainting]，实际[]; category不匹配：一方为空 - 预期[人物]，实际[]; keyphrase语义不匹配：预期[一个将军哥哥]，实际[]
2026-02-26 15:17:21,216 - INFO - CaseID:282 - 整体结果: PASS | 详情: 所有字段校验通过
2026-02-26 15:17:22,775 - INFO - CaseID:283 - 整体结果: PASS | 详情: 所有字段校验通过
2026-02-26 15:17:24,694 - INFO - CaseID:284 - 整体结果: PASS | 详情: 所有字段校验通过
2026-02-26 15:17:25,804 - INFO - CaseID:285 - 整体结果: PASS | 详情: 所有字段校验通过
2026-02-26 15:17:26,665 - INFO - CaseID:286 - 整体结果: PASS | 详情: 所有字段校验通过
2026-02-26 15:17:27,381 - INFO - CaseID:287 - 整体结果: PASS | 详情: 所有字段校验通过
2026-02-26 15:17:28,283 - INFO - CaseID:288 - 整体结果: PASS | 详情: 所有字段校验通过
