2026-02-26 14:55:40,081 - INFO - === 绘画大师规划对比工具（字段独立校验版）启动 ===
2026-02-26 14:55:40,218 - INFO - 成功加载飞书表格
2026-02-26 14:55:48,523 - INFO - CaseID:1 - 整体结果: PASS | 详情: 所有字段校验通过
2026-02-26 14:55:49,434 - INFO - CaseID:2 - 整体结果: PASS | 详情: 所有字段校验通过
2026-02-26 14:55:50,479 - INFO - CaseID:3 - 整体结果: PASS | 详情: 所有字段校验通过
2026-02-26 14:55:51,462 - INFO - CaseID:4 - 整体结果: PASS | 详情: 所有字段校验通过
2026-02-26 14:55:52,273 - INFO - CaseID:5 - 整体结果: FAILED | 详情: style不匹配：预期[漫画]，实际[]
2026-02-26 14:55:53,187 - INFO - CaseID:6 - 整体结果: PASS | 详情: 所有字段校验通过
2026-02-26 14:55:54,525 - INFO - CaseID:7 - 整体结果: PASS | 详情: 所有字段校验通过
2026-02-26 14:55:55,471 - INFO - CaseID:8 - 整体结果: PASS | 详情: 所有字段校验通过
2026-02-26 14:55:56,399 - INFO - CaseID:9 - 整体结果: PASS | 详情: 所有字段校验通过
2026-02-26 14:55:57,419 - INFO - CaseID:10 - 整体结果: PASS | 详情: 所有字段校验通过
2026-02-26 14:55:58,440 - INFO - CaseID:11 - 整体结果: PASS | 详情: 所有字段校验通过
2026-02-26 14:55:59,178 - INFO - CaseID:12 - 整体结果: PASS | 详情: 所有字段校验通过
2026-02-26 14:56:00,198 - INFO - CaseID:13 - 整体结果: PASS | 详情: 所有字段校验通过
2026-02-26 14:56:01,115 - INFO - CaseID:14 - 整体结果: PASS | 详情: 所有字段校验通过
2026-02-26 14:56:02,153 - INFO - CaseID:15 - 整体结果: PASS | 详情: 所有字段校验通过
2026-02-26 14:56:03,472 - INFO - CaseID:16 - 整体结果: PASS | 详情: 所有字段校验通过
2026-02-26 14:56:04,400 - INFO - CaseID:17 - 整体结果: PASS | 详情: 所有字段校验通过
2026-02-26 14:56:05,547 - INFO - CaseID:18 - 整体结果: PASS | 详情: 所有字段校验通过
2026-02-26 14:56:06,451 - INFO - CaseID:19 - 整体结果: PASS | 详情: 所有字段校验通过
2026-02-26 14:56:07,836 - INFO - CaseID:20 - 整体结果: PASS | 详情: 所有字段校验通过
2026-02-26 14:56:08,602 - INFO - CaseID:21 - 整体结果: PASS | 详情: 所有字段校验通过
2026-02-26 14:56:10,328 - INFO - CaseID:22 - 整体结果: PASS | 详情: 所有字段校验通过
2026-02-26 14:56:11,227 - INFO - CaseID:23 - 整体结果: PASS | 详情: 所有字段校验通过
2026-02-26 14:56:12,371 - INFO - CaseID:24 - 整体结果: PASS | 详情: 所有字段校验通过
2026-02-26 14:56:13,586 - INFO - CaseID:25 - 整体结果: PASS | 详情: 所有字段校验通过
2026-02-26 14:56:14,216 - INFO - CaseID:26 - 整体结果: PASS | 详情: 所有字段校验通过
2026-02-26 14:56:15,150 - INFO - CaseID:27 - 整体结果: PASS | 详情: 所有字段校验通过
2026-02-26 14:56:15,957 - INFO - CaseID:28 - 整体结果: PASS | 详情: 所有字段校验通过
2026-02-26 14:56:17,142 - INFO - CaseID:29 - 整体结果: PASS | 详情: 所有字段校验通过
2026-02-26 14:56:18,062 - INFO - CaseID:30 - 整体结果: PASS | 详情: 所有字段校验通过
2026-02-26 14:56:19,121 - INFO - CaseID:31 - 整体结果: PASS | 详情: 所有字段校验通过
2026-02-26 14:56:20,593 - INFO - CaseID:32 - 整体结果: PASS | 详情: 所有字段校验通过
2026-02-26 14:56:21,672 - INFO - CaseID:33 - 整体结果: PASS | 详情: 所有字段校验通过
2026-02-26 14:56:22,595 - INFO - CaseID:34 - 整体结果: PASS | 详情: 所有字段校验通过
2026-02-26 14:56:23,292 - INFO - CaseID:35 - 整体结果: PASS | 详情: 所有字段校验通过
2026-02-26 14:56:24,723 - INFO - CaseID:36 - 整体结果: PASS | 详情: 所有字段校验通过
2026-02-26 14:56:26,240 - INFO - CaseID:37 - 整体结果: PASS | 详情: 所有字段校验通过
2026-02-26 14:56:27,195 - INFO - CaseID:38 - 整体结果: PASS | 详情: 所有字段校验通过
2026-02-26 14:56:28,650 - INFO - CaseID:39 - 整体结果: PASS | 详情: 所有字段校验通过
2026-02-26 14:56:29,441 - INFO - CaseID:40 - 整体结果: PASS | 详情: 所有字段校验通过
2026-02-26 14:56:30,904 - INFO - CaseID:41 - 整体结果: PASS | 详情: 所有字段校验通过
2026-02-26 14:56:31,694 - INFO - CaseID:42 - 整体结果: PASS | 详情: 所有字段校验通过
2026-02-26 14:56:32,648 - INFO - CaseID:43 - 整体结果: PASS | 详情: 所有字段校验通过
2026-02-26 14:56:34,001 - INFO - CaseID:44 - 整体结果: PASS | 详情: 所有字段校验通过
2026-02-26 14:56:34,927 - INFO - CaseID:45 - 整体结果: PASS | 详情: 所有字段校验通过
2026-02-26 14:56:35,761 - INFO - CaseID:46 - 整体结果: PASS | 详情: 所有字段校验通过
2026-02-26 14:56:36,409 - INFO - CaseID:47 - 整体结果: PASS | 详情: 所有字段校验通过
2026-02-26 14:56:37,312 - INFO - CaseID:48 - 整体结果: PASS | 详情: 所有字段校验通过
2026-02-26 14:56:38,063 - INFO - CaseID:49 - 整体结果: PASS | 详情: 所有字段校验通过
2026-02-26 14:56:39,390 - INFO - CaseID:50 - 整体结果: PASS | 详情: 所有字段校验通过
2026-02-26 14:56:40,261 - INFO - CaseID:51 - 整体结果: PASS | 详情: 所有字段校验通过
2026-02-26 14:56:41,166 - INFO - CaseID:52 - 整体结果: PASS | 详情: 所有字段校验通过
2026-02-26 14:56:42,196 - INFO - CaseID:53 - 整体结果: PASS | 详情: 所有字段校验通过
2026-02-26 14:56:42,865 - INFO - CaseID:54 - 整体结果: PASS | 详情: 所有字段校验通过
2026-02-26 14:56:43,811 - INFO - CaseID:55 - 整体结果: PASS | 详情: 所有字段校验通过
2026-02-26 14:56:44,887 - INFO - CaseID:56 - 整体结果: PASS | 详情: 所有字段校验通过
2026-02-26 14:56:45,780 - INFO - CaseID:57 - 整体结果: PASS | 详情: 所有字段校验通过
2026-02-26 14:56:46,750 - INFO - CaseID:58 - 整体结果: PASS | 详情: 所有字段校验通过
2026-02-26 14:56:47,721 - INFO - CaseID:59 - 整体结果: FAILED | 详情: category不匹配：无交集 - 预期[节日]，实际[其他]
2026-02-26 14:56:48,639 - INFO - CaseID:60 - 整体结果: PASS | 详情: 所有字段校验通过
2026-02-26 14:56:49,664 - INFO - CaseID:61 - 整体结果: PASS | 详情: 所有字段校验通过
2026-02-26 14:56:50,687 - INFO - CaseID:62 - 整体结果: PASS | 详情: 所有字段校验通过
2026-02-26 14:56:51,492 - INFO - CaseID:63 - 整体结果: PASS | 详情: 所有字段校验通过
2026-02-26 14:56:52,446 - INFO - CaseID:64 - 整体结果: PASS | 详情: 所有字段校验通过
2026-02-26 14:56:53,423 - INFO - CaseID:65 - 整体结果: PASS | 详情: 所有字段校验通过
2026-02-26 14:56:54,412 - INFO - CaseID:66 - 整体结果: PASS | 详情: 所有字段校验通过
2026-02-26 14:56:55,306 - INFO - CaseID:67 - 整体结果: PASS | 详情: 所有字段校验通过
2026-02-26 14:56:56,184 - INFO - CaseID:68 - 整体结果: PASS | 详情: 所有字段校验通过
2026-02-26 14:56:57,104 - INFO - CaseID:69 - 整体结果: PASS | 详情: 所有字段校验通过
2026-02-26 14:56:59,220 - INFO - CaseID:70 - 整体结果: PASS | 详情: 所有字段校验通过
2026-02-26 14:57:00,124 - INFO - CaseID:71 - 整体结果: PASS | 详情: 所有字段校验通过
2026-02-26 14:57:01,134 - INFO - CaseID:72 - 整体结果: PASS | 详情: 所有字段校验通过
2026-02-26 14:57:02,159 - INFO - CaseID:73 - 整体结果: PASS | 详情: 所有字段校验通过
2026-02-26 14:57:03,011 - INFO - CaseID:74 - 整体结果: PASS | 详情: 所有字段校验通过
2026-02-26 14:57:03,795 - INFO - CaseID:75 - 整体结果: PASS | 详情: 所有字段校验通过
2026-02-26 14:57:04,821 - INFO - CaseID:76 - 整体结果: PASS | 详情: 所有字段校验通过
2026-02-26 14:57:05,668 - INFO - CaseID:77 - 整体结果: PASS | 详情: 所有字段校验通过
2026-02-26 14:57:07,082 - INFO - CaseID:78 - 整体结果: PASS | 详情: 所有字段校验通过
2026-02-26 14:57:08,019 - INFO - CaseID:79 - 整体结果: PASS | 详情: 所有字段校验通过
2026-02-26 14:57:08,942 - INFO - CaseID:80 - 整体结果: PASS | 详情: 所有字段校验通过
2026-02-26 14:57:10,452 - INFO - CaseID:81 - 整体结果: PASS | 详情: 所有字段校验通过
2026-02-26 14:57:11,135 - INFO - CaseID:82 - 整体结果: PASS | 详情: 所有字段校验通过
2026-02-26 14:57:12,601 - INFO - CaseID:83 - 整体结果: PASS | 详情: 所有字段校验通过
2026-02-26 14:57:13,329 - INFO - CaseID:84 - 整体结果: PASS | 详情: 所有字段校验通过
2026-02-26 14:57:14,261 - INFO - CaseID:85 - 整体结果: PASS | 详情: 所有字段校验通过
2026-02-26 14:57:15,179 - INFO - CaseID:86 - 整体结果: PASS | 详情: 所有字段校验通过
2026-02-26 14:57:16,107 - INFO - CaseID:87 - 整体结果: PASS | 详情: 所有字段校验通过
2026-02-26 14:57:17,843 - INFO - CaseID:88 - 整体结果: PASS | 详情: 所有字段校验通过
2026-02-26 14:57:18,639 - INFO - CaseID:89 - 整体结果: PASS | 详情: 所有字段校验通过
2026-02-26 14:57:19,577 - INFO - CaseID:90 - 整体结果: PASS | 详情: 所有字段校验通过
2026-02-26 14:57:20,208 - INFO - CaseID:91 - 整体结果: PASS | 详情: 所有字段校验通过
2026-02-26 14:57:21,424 - INFO - CaseID:92 - 整体结果: PASS | 详情: 所有字段校验通过
2026-02-26 14:57:22,306 - INFO - CaseID:93 - 整体结果: PASS | 详情: 所有字段校验通过
2026-02-26 14:57:23,262 - INFO - CaseID:94 - 整体结果: PASS | 详情: 所有字段校验通过
2026-02-26 14:57:24,479 - INFO - CaseID:95 - 整体结果: PASS | 详情: 所有字段校验通过
2026-02-26 14:57:25,172 - INFO - CaseID:96 - 整体结果: PASS | 详情: 所有字段校验通过
2026-02-26 14:57:26,319 - INFO - CaseID:97 - 整体结果: PASS | 详情: 所有字段校验通过
2026-02-26 14:57:27,296 - INFO - CaseID:98 - 整体结果: PASS | 详情: 所有字段校验通过
2026-02-26 14:57:28,314 - INFO - CaseID:99 - 整体结果: PASS | 详情: 所有字段校验通过
2026-02-26 14:57:29,344 - INFO - CaseID:100 - 整体结果: PASS | 详情: 所有字段校验通过
2026-02-26 14:57:31,127 - INFO - 
=== 执行完成（总耗时：111.05秒）===
2026-02-26 14:57:31,128 - INFO - 总用例数：100
2026-02-26 14:57:31,128 - INFO - 通过数：98（98.00%）
2026-02-26 14:57:31,128 - INFO - 失败数：2（2.00%）
