2026-02-26 14:54:36,089 - INFO - === 绘画大师规划对比工具（字段独立校验版）启动 ===
2026-02-26 14:54:36,212 - INFO - 成功加载飞书表格
2026-02-26 14:54:38,809 - INFO - CaseID:1 - 整体结果: FAILED | 详情: name不匹配：预期[]，实际[aipainting]; category不匹配：一方为空 - 预期[]，实际[自然风景]; style不匹配：预期[]，实际[漫画]; keyphrase语义不匹配：预期[]，实际[漫画风的湖边日落]
2026-02-26 14:54:38,809 - INFO - CaseID:2 - 整体结果: FAILED | 详情: name不匹配：预期[]，实际[aipainting]; category不匹配：一方为空 - 预期[]，实际[自然风景&植物]; keyphrase语义不匹配：预期[]，实际[一座被森林围绕的山丘]
2026-02-26 14:54:38,809 - INFO - CaseID:3 - 整体结果: FAILED | 详情: name不匹配：预期[]，实际[aipainting]; category不匹配：一方为空 - 预期[]，实际[人物&自然风景]; style不匹配：预期[]，实际[漫画]; keyphrase语义不匹配：预期[]，实际[在沙滩上奔跑的女孩的漫画]
2026-02-26 14:54:38,809 - INFO - CaseID:4 - 整体结果: FAILED | 详情: name不匹配：预期[]，实际[aipainting]; category不匹配：一方为空 - 预期[]，实际[动物]; style不匹配：预期[]，实际[漫画]; keyphrase语义不匹配：预期[]，实际[一只动漫风格的兔子]
2026-02-26 14:54:38,809 - INFO - CaseID:5 - 整体结果: FAILED | 详情: name不匹配：预期[]，实际[aipainting]; category不匹配：一方为空 - 预期[]，实际[人物&动物]; keyphrase语义不匹配：预期[]，实际[卡通版的圣诞老人和驯鹿]
2026-02-26 14:54:38,809 - INFO - CaseID:6 - 整体结果: FAILED | 详情: name不匹配：预期[]，实际[aipainting]; category不匹配：一方为空 - 预期[]，实际[餐饮食物]; style不匹配：预期[]，实际[漫画]; keyphrase语义不匹配：预期[]，实际[一盘漫画风的披萨]
2026-02-26 14:54:38,809 - INFO - CaseID:7 - 整体结果: FAILED | 详情: name不匹配：预期[]，实际[aipainting]; category不匹配：一方为空 - 预期[]，实际[城市建筑]; style不匹配：预期[]，实际[漫画]; keyphrase语义不匹配：预期[]，实际[一个漫画中的夕阳下的大学校园]
2026-02-26 14:54:38,809 - INFO - CaseID:8 - 整体结果: FAILED | 详情: name不匹配：预期[]，实际[aipainting]; category不匹配：一方为空 - 预期[]，实际[交通工具]; style不匹配：预期[]，实际[漫画]; keyphrase语义不匹配：预期[]，实际[一个漫画风的自行车]
2026-02-26 14:54:38,809 - INFO - CaseID:9 - 整体结果: FAILED | 详情: name不匹配：预期[]，实际[aipainting]; category不匹配：一方为空 - 预期[]，实际[人物]; style不匹配：预期[]，实际[漫画]; keyphrase语义不匹配：预期[]，实际[一个漫画里的美女战士]
2026-02-26 14:54:38,809 - INFO - CaseID:10 - 整体结果: FAILED | 详情: name不匹配：预期[]，实际[aipainting]; category不匹配：一方为空 - 预期[]，实际[其他]; style不匹配：预期[]，实际[漫画]; keyphrase语义不匹配：预期[]，实际[一个日本漫画里的玩偶]
2026-02-26 14:54:38,810 - INFO - CaseID:11 - 整体结果: FAILED | 详情: name不匹配：预期[]，实际[aipainting]; category不匹配：一方为空 - 预期[]，实际[自然风景&植物]; style不匹配：预期[]，实际[油画]; keyphrase语义不匹配：预期[]，实际[山脚下花朵盛开的花海油画]
2026-02-26 14:54:38,810 - INFO - CaseID:12 - 整体结果: FAILED | 详情: name不匹配：预期[]，实际[aipainting]; category不匹配：一方为空 - 预期[]，实际[植物]; style不匹配：预期[]，实际[油画]; keyphrase语义不匹配：预期[]，实际[油画风格的花丛]
2026-02-26 14:54:38,810 - INFO - CaseID:13 - 整体结果: FAILED | 详情: name不匹配：预期[]，实际[aipainting]; category不匹配：一方为空 - 预期[]，实际[人物]; style不匹配：预期[]，实际[油画]; keyphrase语义不匹配：预期[]，实际[在摇椅上坐着的老爷爷的油画]
2026-02-26 14:54:38,810 - INFO - CaseID:14 - 整体结果: FAILED | 详情: name不匹配：预期[]，实际[aipainting]; category不匹配：一方为空 - 预期[]，实际[动物]; style不匹配：预期[]，实际[油画]; keyphrase语义不匹配：预期[]，实际[小猫的油画]
2026-02-26 14:54:38,810 - INFO - CaseID:15 - 整体结果: FAILED | 详情: name不匹配：预期[]，实际[aipainting]; category不匹配：一方为空 - 预期[]，实际[餐饮食物]; style不匹配：预期[]，实际[油画]; keyphrase语义不匹配：预期[]，实际[桌子上铺满食物的油画]
2026-02-26 14:54:38,810 - INFO - CaseID:16 - 整体结果: FAILED | 详情: name不匹配：预期[]，实际[aipainting]; category不匹配：一方为空 - 预期[]，实际[城市建筑]; style不匹配：预期[]，实际[油画]; keyphrase语义不匹配：预期[]，实际[城堡的油画]
2026-02-26 14:54:38,810 - INFO - CaseID:17 - 整体结果: FAILED | 详情: name不匹配：预期[]，实际[aipainting]; category不匹配：一方为空 - 预期[]，实际[交通工具]; style不匹配：预期[]，实际[油画]; keyphrase语义不匹配：预期[]，实际[欧洲马车的油画]
2026-02-26 14:54:38,810 - INFO - CaseID:18 - 整体结果: FAILED | 详情: name不匹配：预期[]，实际[aipainting]; category不匹配：一方为空 - 预期[]，实际[其他]; style不匹配：预期[]，实际[油画]; keyphrase语义不匹配：预期[]，实际[花瓶的油画]
2026-02-26 14:54:38,810 - INFO - CaseID:19 - 整体结果: FAILED | 详情: name不匹配：预期[]，实际[aipainting]; category不匹配：一方为空 - 预期[]，实际[自然风景]; style不匹配：预期[]，实际[像素]; keyphrase语义不匹配：预期[]，实际[泛起浪花的大海的像素画]
2026-02-26 14:54:38,810 - INFO - CaseID:20 - 整体结果: FAILED | 详情: name不匹配：预期[]，实际[aipainting]; category不匹配：一方为空 - 预期[]，实际[自然风景]; style不匹配：预期[]，实际[像素]; keyphrase语义不匹配：预期[]，实际[一片像素风的田野]
2026-02-26 14:54:38,810 - INFO - CaseID:21 - 整体结果: FAILED | 详情: name不匹配：预期[]，实际[aipainting]; category不匹配：一方为空 - 预期[]，实际[人物&交通工具]; style不匹配：预期[]，实际[像素]; keyphrase语义不匹配：预期[]，实际[像素风格的荡秋千的小学生]
2026-02-26 14:54:38,810 - INFO - CaseID:22 - 整体结果: FAILED | 详情: name不匹配：预期[]，实际[aipainting]; category不匹配：一方为空 - 预期[]，实际[动物]; style不匹配：预期[]，实际[像素]; keyphrase语义不匹配：预期[]，实际[一个像素风的老虎]
2026-02-26 14:54:38,810 - INFO - CaseID:23 - 整体结果: FAILED | 详情: name不匹配：预期[]，实际[aipainting]; category不匹配：一方为空 - 预期[]，实际[植物]; style不匹配：预期[]，实际[像素]; keyphrase语义不匹配：预期[]，实际[像素风的圣诞树]
2026-02-26 14:54:38,810 - INFO - CaseID:24 - 整体结果: FAILED | 详情: name不匹配：预期[]，实际[aipainting]; category不匹配：一方为空 - 预期[]，实际[餐饮食物]; style不匹配：预期[]，实际[像素]; keyphrase语义不匹配：预期[]，实际[一个像素风的寿司吧]
2026-02-26 14:54:38,811 - INFO - CaseID:25 - 整体结果: FAILED | 详情: name不匹配：预期[]，实际[aipainting]; category不匹配：一方为空 - 预期[]，实际[城市建筑]; style不匹配：预期[]，实际[像素]; keyphrase语义不匹配：预期[]，实际[像素风的带花园的别墅]
2026-02-26 14:54:38,811 - INFO - CaseID:26 - 整体结果: FAILED | 详情: name不匹配：预期[]，实际[aipainting]; category不匹配：一方为空 - 预期[]，实际[交通工具]; style不匹配：预期[]，实际[像素]; keyphrase语义不匹配：预期[]，实际[一辆像素风的跑车]
2026-02-26 14:54:38,811 - INFO - CaseID:27 - 整体结果: FAILED | 详情: name不匹配：预期[]，实际[aipainting]; category不匹配：一方为空 - 预期[]，实际[自然风景]; style不匹配：预期[]，实际[水墨]; keyphrase语义不匹配：预期[]，实际[水墨风的山川湖泊]
2026-02-26 14:54:38,811 - INFO - CaseID:28 - 整体结果: FAILED | 详情: name不匹配：预期[]，实际[aipainting]; category不匹配：一方为空 - 预期[]，实际[植物]; style不匹配：预期[]，实际[水墨]; keyphrase语义不匹配：预期[]，实际[水墨风的荷花]
2026-02-26 14:54:38,811 - INFO - CaseID:29 - 整体结果: FAILED | 详情: name不匹配：预期[]，实际[aipainting]; category不匹配：一方为空 - 预期[]，实际[人物]; style不匹配：预期[]，实际[水墨]; keyphrase语义不匹配：预期[]，实际[水墨风的美女]
2026-02-26 14:54:38,811 - INFO - CaseID:30 - 整体结果: FAILED | 详情: name不匹配：预期[]，实际[aipainting]; category不匹配：一方为空 - 预期[]，实际[动物]; style不匹配：预期[]，实际[水墨]; keyphrase语义不匹配：预期[]，实际[一只水墨风的公鸡]
2026-02-26 14:54:38,811 - INFO - CaseID:31 - 整体结果: FAILED | 详情: name不匹配：预期[]，实际[aipainting]; category不匹配：一方为空 - 预期[]，实际[城市建筑]; style不匹配：预期[]，实际[水墨]; keyphrase语义不匹配：预期[]，实际[一个水墨风格的庭院]
2026-02-26 14:54:38,811 - INFO - CaseID:32 - 整体结果: FAILED | 详情: name不匹配：预期[]，实际[aipainting]; category不匹配：一方为空 - 预期[]，实际[交通工具&自然风景]; style不匹配：预期[]，实际[水墨]; keyphrase语义不匹配：预期[]，实际[一艘在小河中航行的船水墨图片]
2026-02-26 14:54:38,811 - INFO - CaseID:33 - 整体结果: FAILED | 详情: name不匹配：预期[]，实际[aipainting]; category不匹配：一方为空 - 预期[]，实际[人物]; style不匹配：预期[]，实际[赛博朋克]; keyphrase语义不匹配：预期[]，实际[一个赛博朋克的街头男孩]
2026-02-26 14:54:38,811 - INFO - CaseID:34 - 整体结果: FAILED | 详情: name不匹配：预期[]，实际[aipainting]; category不匹配：一方为空 - 预期[]，实际[节日]; style不匹配：预期[]，实际[赛博朋克]; keyphrase语义不匹配：预期[]，实际[一个赛博朋克的烟花]
2026-02-26 14:54:38,811 - INFO - CaseID:35 - 整体结果: FAILED | 详情: name不匹配：预期[]，实际[aipainting]; category不匹配：一方为空 - 预期[]，实际[城市建筑]; style不匹配：预期[]，实际[赛博朋克]; keyphrase语义不匹配：预期[]，实际[赛博朋克的大厦]
2026-02-26 14:54:38,811 - INFO - CaseID:36 - 整体结果: FAILED | 详情: name不匹配：预期[]，实际[aipainting]; category不匹配：一方为空 - 预期[]，实际[交通工具]; style不匹配：预期[]，实际[赛博朋克]; keyphrase语义不匹配：预期[]，实际[一辆赛博朋克世界的火车]
2026-02-26 14:54:38,811 - INFO - CaseID:37 - 整体结果: FAILED | 详情: name不匹配：预期[]，实际[aipainting]; category不匹配：一方为空 - 预期[]，实际[人物]; style不匹配：预期[]，实际[赛博朋克]; keyphrase语义不匹配：预期[]，实际[一个赛博朋克的美女战士]
2026-02-26 14:54:38,811 - INFO - CaseID:38 - 整体结果: FAILED | 详情: name不匹配：预期[]，实际[aipainting]; category不匹配：一方为空 - 预期[]，实际[自然风景]; style不匹配：预期[]，实际[线稿]; keyphrase语义不匹配：预期[]，实际[一个山顶瀑布的线稿]
2026-02-26 14:54:38,812 - INFO - CaseID:39 - 整体结果: FAILED | 详情: name不匹配：预期[]，实际[aipainting]; category不匹配：一方为空 - 预期[]，实际[植物&城市建筑]; style不匹配：预期[]，实际[线稿]; keyphrase语义不匹配：预期[]，实际[爬满牵牛花的房子的线稿]
2026-02-26 14:54:38,812 - INFO - CaseID:40 - 整体结果: FAILED | 详情: name不匹配：预期[]，实际[aipainting]; category不匹配：一方为空 - 预期[]，实际[人物]; style不匹配：预期[]，实际[线稿]; keyphrase语义不匹配：预期[]，实际[一个正在滑板的男孩线稿风]
2026-02-26 14:54:38,812 - INFO - CaseID:41 - 整体结果: FAILED | 详情: name不匹配：预期[]，实际[aipainting]; category不匹配：一方为空 - 预期[]，实际[动物]; style不匹配：预期[]，实际[线稿]; keyphrase语义不匹配：预期[]，实际[小松鼠的线稿]
2026-02-26 14:54:38,812 - INFO - CaseID:42 - 整体结果: FAILED | 详情: name不匹配：预期[]，实际[aipainting]; category不匹配：一方为空 - 预期[]，实际[餐饮食物]; style不匹配：预期[]，实际[线稿]; keyphrase语义不匹配：预期[]，实际[冰淇淋的线稿]
2026-02-26 14:54:38,812 - INFO - CaseID:43 - 整体结果: FAILED | 详情: name不匹配：预期[]，实际[aipainting]; category不匹配：一方为空 - 预期[]，实际[城市建筑]; style不匹配：预期[]，实际[线稿]; keyphrase语义不匹配：预期[]，实际[一个线稿风的繁忙的城市街道]
2026-02-26 14:54:38,812 - INFO - CaseID:44 - 整体结果: FAILED | 详情: name不匹配：预期[]，实际[aipainting]; category不匹配：一方为空 - 预期[]，实际[交通工具]; style不匹配：预期[]，实际[线稿]; keyphrase语义不匹配：预期[]，实际[摩托车的线稿图]
2026-02-26 14:54:38,812 - INFO - CaseID:45 - 整体结果: FAILED | 详情: name不匹配：预期[]，实际[aipainting]; category不匹配：一方为空 - 预期[]，实际[其他]; style不匹配：预期[]，实际[线稿]; keyphrase语义不匹配：预期[]，实际[一个香水的线稿]
2026-02-26 14:54:38,812 - INFO - CaseID:46 - 整体结果: FAILED | 详情: name不匹配：预期[]，实际[aipainting]; category不匹配：一方为空 - 预期[]，实际[自然风景]; keyphrase语义不匹配：预期[]，实际[从山顶流下的瀑布]
2026-02-26 14:54:38,812 - INFO - CaseID:47 - 整体结果: FAILED | 详情: name不匹配：预期[]，实际[aipainting]; category不匹配：一方为空 - 预期[]，实际[植物]; style不匹配：预期[]，实际[写实]; keyphrase语义不匹配：预期[]，实际[一朵池塘中写实风的荷花]
2026-02-26 14:54:38,812 - INFO - CaseID:48 - 整体结果: FAILED | 详情: name不匹配：预期[]，实际[aipainting]; category不匹配：一方为空 - 预期[]，实际[自然风景]; keyphrase语义不匹配：预期[]，实际[一片蓝天下的山脉]
2026-02-26 14:54:38,812 - INFO - CaseID:49 - 整体结果: FAILED | 详情: name不匹配：预期[]，实际[aipainting]; category不匹配：一方为空 - 预期[]，实际[自然风景&植物]; keyphrase语义不匹配：预期[]，实际[一片长满蘑菇的森林]
2026-02-26 14:54:38,812 - INFO - CaseID:50 - 整体结果: FAILED | 详情: name不匹配：预期[]，实际[aipainting]; category不匹配：一方为空 - 预期[]，实际[植物]; keyphrase语义不匹配：预期[]，实际[一盆鲜艳的牡丹花]
2026-02-26 14:54:38,812 - INFO - CaseID:51 - 整体结果: FAILED | 详情: name不匹配：预期[]，实际[aipainting]; category不匹配：一方为空 - 预期[]，实际[人物&自然风景]; keyphrase语义不匹配：预期[]，实际[穿梭在云层之间的超人]
2026-02-26 14:54:38,812 - INFO - CaseID:52 - 整体结果: FAILED | 详情: name不匹配：预期[]，实际[aipainting]; category不匹配：一方为空 - 预期[]，实际[人物&城市建筑]; style不匹配：预期[]，实际[写实]; keyphrase语义不匹配：预期[]，实际[一个美女坐在公园长椅上写实风]
2026-02-26 14:54:38,813 - INFO - CaseID:53 - 整体结果: FAILED | 详情: name不匹配：预期[]，实际[aipainting]; category不匹配：一方为空 - 预期[]，实际[动物]; style不匹配：预期[]，实际[漫画]; keyphrase语义不匹配：预期[]，实际[一个在天空中翱翔的龙的漫画]
2026-02-26 14:54:38,813 - INFO - CaseID:54 - 整体结果: FAILED | 详情: name不匹配：预期[]，实际[aipainting]; category不匹配：一方为空 - 预期[]，实际[节日]; style不匹配：预期[]，实际[写实]; keyphrase语义不匹配：预期[]，实际[写实风的万圣节的南瓜灯]
2026-02-26 14:54:38,813 - INFO - CaseID:55 - 整体结果: FAILED | 详情: name不匹配：预期[]，实际[aipainting]; category不匹配：一方为空 - 预期[]，实际[节日]; keyphrase语义不匹配：预期[]，实际[新年烟花]
2026-02-26 14:54:38,813 - INFO - CaseID:56 - 整体结果: FAILED | 详情: name不匹配：预期[]，实际[aipainting]; category不匹配：一方为空 - 预期[]，实际[餐饮食物]; style不匹配：预期[]，实际[写实]; keyphrase语义不匹配：预期[]，实际[一盆写实的水果]
2026-02-26 14:54:38,813 - INFO - CaseID:57 - 整体结果: FAILED | 详情: name不匹配：预期[]，实际[aipainting]; category不匹配：一方为空 - 预期[]，实际[城市建筑]; style不匹配：预期[]，实际[写实]; keyphrase语义不匹配：预期[]，实际[一个公园里的喷泉写实风]
2026-02-26 14:54:38,813 - INFO - CaseID:58 - 整体结果: FAILED | 详情: name不匹配：预期[]，实际[aipainting]; category不匹配：一方为空 - 预期[]，实际[交通工具]; style不匹配：预期[]，实际[写实]; keyphrase语义不匹配：预期[]，实际[理想汽车写实风]
2026-02-26 14:54:38,813 - INFO - CaseID:59 - 整体结果: FAILED | 详情: name不匹配：预期[]，实际[aipainting]; category不匹配：一方为空 - 预期[]，实际[其他]; style不匹配：预期[]，实际[写实]; keyphrase语义不匹配：预期[]，实际[一个烟花写实风]
2026-02-26 14:54:38,813 - INFO - CaseID:60 - 整体结果: FAILED | 详情: name不匹配：预期[]，实际[aipainting]; category不匹配：一方为空 - 预期[]，实际[交通工具&科幻]; style不匹配：预期[]，实际[漫画]; keyphrase语义不匹配：预期[]，实际[一个在天上飞的理想汽车l9漫画]
2026-02-26 14:54:38,813 - INFO - CaseID:61 - 整体结果: FAILED | 详情: name不匹配：预期[]，实际[aipainting]; category不匹配：一方为空 - 预期[]，实际[自然风景&交通工具]; keyphrase语义不匹配：预期[]，实际[一个在沙滩边的理想l8]
2026-02-26 14:54:38,813 - INFO - CaseID:62 - 整体结果: FAILED | 详情: name不匹配：预期[]，实际[aipainting]; category不匹配：一方为空 - 预期[]，实际[自然风景&交通工具]; keyphrase语义不匹配：预期[]，实际[一个在沙漠里飞驰的理想汽车]
2026-02-26 14:54:38,813 - INFO - CaseID:63 - 整体结果: FAILED | 详情: name不匹配：预期[]，实际[aipainting]; category不匹配：一方为空 - 预期[]，实际[交通工具&自然风景]; style不匹配：预期[]，实际[漫画]; keyphrase语义不匹配：预期[]，实际[一个漫画风的在海底的理想l7]
2026-02-26 14:54:38,813 - INFO - CaseID:64 - 整体结果: FAILED | 详情: name不匹配：预期[]，实际[aipainting]; category不匹配：一方为空 - 预期[]，实际[自然风景&交通工具]; style不匹配：预期[]，实际[油画]; keyphrase语义不匹配：预期[]，实际[一个田野间的理想汽车的油画]
2026-02-26 14:54:38,813 - INFO - CaseID:65 - 整体结果: FAILED | 详情: name不匹配：预期[]，实际[aipainting]; category不匹配：一方为空 - 预期[]，实际[交通工具&城市建筑]; keyphrase语义不匹配：预期[]，实际[一个在高速上的理想汽车]
2026-02-26 14:54:38,813 - INFO - CaseID:66 - 整体结果: FAILED | 详情: name不匹配：预期[]，实际[aipainting]; category不匹配：一方为空 - 预期[]，实际[交通工具&自然风景]; keyphrase语义不匹配：预期[]，实际[一辆月光下浮在湖面的理想l9]
2026-02-26 14:54:38,814 - INFO - CaseID:67 - 整体结果: FAILED | 详情: name不匹配：预期[]，实际[aipainting]; category不匹配：一方为空 - 预期[]，实际[交通工具&科幻]; keyphrase语义不匹配：预期[]，实际[一辆在宇宙中飘浮的理想l8]
2026-02-26 14:54:38,814 - INFO - CaseID:68 - 整体结果: FAILED | 详情: name不匹配：预期[]，实际[aipainting]; category不匹配：一方为空 - 预期[]，实际[交通工具&自然风景]; style不匹配：预期[]，实际[油画]; keyphrase语义不匹配：预期[]，实际[一辆在森林里行驶的理想l7的油画]
2026-02-26 14:54:38,814 - INFO - CaseID:69 - 整体结果: FAILED | 详情: name不匹配：预期[]，实际[aipainting]; category不匹配：一方为空 - 预期[]，实际[交通工具&自然风景]; keyphrase语义不匹配：预期[]，实际[一辆在雪地上疾驰的理想汽车l9]
2026-02-26 14:54:38,814 - INFO - CaseID:70 - 整体结果: FAILED | 详情: name不匹配：预期[]，实际[aipainting]; category不匹配：一方为空 - 预期[]，实际[交通工具&自然风景]; style不匹配：预期[]，实际[油画]; keyphrase语义不匹配：预期[]，实际[一个在山路上爬坡的理想l8油画]
2026-02-26 14:54:38,814 - INFO - CaseID:71 - 整体结果: FAILED | 详情: name不匹配：预期[]，实际[aipainting]; category不匹配：一方为空 - 预期[]，实际[交通工具&科幻]; keyphrase语义不匹配：预期[]，实际[一个在冲向太空的理想l7]
2026-02-26 14:54:38,814 - INFO - CaseID:72 - 整体结果: FAILED | 详情: name不匹配：预期[]，实际[aipainting]; category不匹配：一方为空 - 预期[]，实际[交通工具&自然风景]; style不匹配：预期[]，实际[油画]; keyphrase语义不匹配：预期[]，实际[在云朵上的理想l9油画]
2026-02-26 14:54:38,814 - INFO - CaseID:73 - 整体结果: FAILED | 详情: name不匹配：预期[]，实际[aipainting]; category不匹配：一方为空 - 预期[]，实际[自然风景]; style不匹配：预期[]，实际[水彩]; keyphrase语义不匹配：预期[]，实际[水彩风的海边日出]
2026-02-26 14:54:38,814 - INFO - CaseID:74 - 整体结果: FAILED | 详情: name不匹配：预期[]，实际[aipainting]; category不匹配：一方为空 - 预期[]，实际[植物]; style不匹配：预期[]，实际[水彩]; keyphrase语义不匹配：预期[]，实际[水彩风的花朵]
2026-02-26 14:54:38,814 - INFO - CaseID:75 - 整体结果: FAILED | 详情: name不匹配：预期[]，实际[aipainting]; category不匹配：一方为空 - 预期[]，实际[人物&自然风景]; style不匹配：预期[]，实际[水彩]; keyphrase语义不匹配：预期[]，实际[小溪边上奔跑的男孩的水彩画]
2026-02-26 14:54:38,814 - INFO - CaseID:76 - 整体结果: FAILED | 详情: name不匹配：预期[]，实际[aipainting]; category不匹配：一方为空 - 预期[]，实际[动物]; style不匹配：预期[]，实际[水彩]; keyphrase语义不匹配：预期[]，实际[水彩风的蝴蝶]
2026-02-26 14:54:38,814 - INFO - CaseID:77 - 整体结果: FAILED | 详情: name不匹配：预期[]，实际[aipainting]; category不匹配：一方为空 - 预期[]，实际[人物]; style不匹配：预期[]，实际[水彩]; keyphrase语义不匹配：预期[]，实际[圣诞老人的水彩画]
2026-02-26 14:54:38,814 - INFO - CaseID:78 - 整体结果: FAILED | 详情: name不匹配：预期[]，实际[aipainting]; category不匹配：一方为空 - 预期[]，实际[餐饮食物]; style不匹配：预期[]，实际[水彩]; keyphrase语义不匹配：预期[]，实际[水彩风格的蛋糕]
2026-02-26 14:54:38,814 - INFO - CaseID:79 - 整体结果: FAILED | 详情: name不匹配：预期[]，实际[aipainting]; category不匹配：一方为空 - 预期[]，实际[城市建筑]; style不匹配：预期[]，实际[水彩]; keyphrase语义不匹配：预期[]，实际[一座乡间小镇水彩风]
2026-02-26 14:54:38,814 - INFO - CaseID:80 - 整体结果: FAILED | 详情: name不匹配：预期[]，实际[aipainting]; category不匹配：一方为空 - 预期[]，实际[交通工具]; style不匹配：预期[]，实际[水彩]; keyphrase语义不匹配：预期[]，实际[一个水彩风的敞篷跑车]
2026-02-26 14:54:38,814 - INFO - CaseID:81 - 整体结果: FAILED | 详情: name不匹配：预期[]，实际[aipainting]; category不匹配：一方为空 - 预期[]，实际[人物]; style不匹配：预期[]，实际[水彩]; keyphrase语义不匹配：预期[]，实际[水彩风在散步的情侣]
2026-02-26 14:54:38,815 - INFO - CaseID:82 - 整体结果: FAILED | 详情: name不匹配：预期[]，实际[aipainting]; category不匹配：一方为空 - 预期[]，实际[其他]; style不匹配：预期[]，实际[水彩]; keyphrase语义不匹配：预期[]，实际[一个马克杯水彩风]
2026-02-26 14:54:38,815 - INFO - CaseID:83 - 整体结果: FAILED | 详情: name不匹配：预期[]，实际[aipainting]; category不匹配：一方为空 - 预期[]，实际[植物]; style不匹配：预期[]，实际[梵高]; keyphrase语义不匹配：预期[]，实际[梵高风的鸢尾花丛]
2026-02-26 14:54:38,815 - INFO - CaseID:84 - 整体结果: FAILED | 详情: name不匹配：预期[]，实际[aipainting]; category不匹配：一方为空 - 预期[]，实际[植物]; style不匹配：预期[]，实际[梵高]; keyphrase语义不匹配：预期[]，实际[梵高风的向日葵]
2026-02-26 14:54:38,815 - INFO - CaseID:85 - 整体结果: FAILED | 详情: name不匹配：预期[]，实际[aipainting]; category不匹配：一方为空 - 预期[]，实际[植物]; style不匹配：预期[]，实际[梵高]; keyphrase语义不匹配：预期[]，实际[梵高风的葡萄园]
2026-02-26 14:54:38,815 - INFO - CaseID:86 - 整体结果: FAILED | 详情: name不匹配：预期[]，实际[aipainting]; category不匹配：一方为空 - 预期[]，实际[自然风景&植物]; style不匹配：预期[]，实际[梵高]; keyphrase语义不匹配：预期[]，实际[一片梵高风的麦田]
2026-02-26 14:54:38,815 - INFO - CaseID:87 - 整体结果: FAILED | 详情: name不匹配：预期[]，实际[aipainting]; category不匹配：一方为空 - 预期[]，实际[植物]; style不匹配：预期[]，实际[梵高]; keyphrase语义不匹配：预期[]，实际[梵高风格的雏菊]
2026-02-26 14:54:38,815 - INFO - CaseID:88 - 整体结果: FAILED | 详情: name不匹配：预期[]，实际[aipainting]; category不匹配：一方为空 - 预期[]，实际[人物&自然风景]; style不匹配：预期[]，实际[梵高]; keyphrase语义不匹配：预期[]，实际[梵高风格在田野里犁地的农夫]
2026-02-26 14:54:38,815 - INFO - CaseID:89 - 整体结果: FAILED | 详情: name不匹配：预期[]，实际[aipainting]; category不匹配：一方为空 - 预期[]，实际[动物]; style不匹配：预期[]，实际[梵高]; keyphrase语义不匹配：预期[]，实际[梵高风的飞鸟]
2026-02-26 14:54:38,815 - INFO - CaseID:90 - 整体结果: FAILED | 详情: name不匹配：预期[]，实际[aipainting]; category不匹配：一方为空 - 预期[]，实际[餐饮食物]; style不匹配：预期[]，实际[梵高]; keyphrase语义不匹配：预期[]，实际[一串梵高风的葡萄]
2026-02-26 14:54:38,815 - INFO - CaseID:91 - 整体结果: FAILED | 详情: name不匹配：预期[]，实际[aipainting]; category不匹配：一方为空 - 预期[]，实际[自然风景&城市建筑]; style不匹配：预期[]，实际[梵高]; keyphrase语义不匹配：预期[]，实际[夜空下的海边小镇梵高风]
2026-02-26 14:54:38,815 - INFO - CaseID:92 - 整体结果: FAILED | 详情: name不匹配：预期[]，实际[aipainting]; category不匹配：一方为空 - 预期[]，实际[交通工具]; style不匹配：预期[]，实际[梵高]; keyphrase语义不匹配：预期[]，实际[梵高风的欧洲马车]
2026-02-26 14:54:38,815 - INFO - CaseID:93 - 整体结果: FAILED | 详情: name不匹配：预期[]，实际[aipainting]; category不匹配：一方为空 - 预期[]，实际[其他]; style不匹配：预期[]，实际[梵高]; keyphrase语义不匹配：预期[]，实际[梵高风格的花瓶]
2026-02-26 14:54:38,815 - INFO - CaseID:94 - 整体结果: FAILED | 详情: name不匹配：预期[]，实际[aipainting]; category不匹配：一方为空 - 预期[]，实际[自然风景&交通工具]; style不匹配：预期[]，实际[漫画]; keyphrase语义不匹配：预期[]，实际[MEGA在海边行驶的漫画]
2026-02-26 14:54:38,815 - INFO - CaseID:95 - 整体结果: FAILED | 详情: name不匹配：预期[]，实际[aipainting]; category不匹配：一方为空 - 预期[]，实际[自然风景&交通工具]; style不匹配：预期[]，实际[油画]; keyphrase语义不匹配：预期[]，实际[MEGA在林间穿行的油画]
2026-02-26 14:54:38,815 - INFO - CaseID:96 - 整体结果: FAILED | 详情: name不匹配：预期[]，实际[aipainting]; category不匹配：一方为空 - 预期[]，实际[交通工具&科幻]; keyphrase语义不匹配：预期[]，实际[一辆在太空中穿梭的mega]
2026-02-26 14:54:38,816 - INFO - CaseID:97 - 整体结果: FAILED | 详情: name不匹配：预期[]，实际[aipainting]; category不匹配：一方为空 - 预期[]，实际[交通工具&自然风景]; style不匹配：预期[]，实际[漫画]; keyphrase语义不匹配：预期[]，实际[一辆在森林里穿行的l6漫画]
2026-02-26 14:54:38,816 - INFO - CaseID:98 - 整体结果: FAILED | 详情: name不匹配：预期[]，实际[aipainting]; category不匹配：一方为空 - 预期[]，实际[交通工具&自然风景]; style不匹配：预期[]，实际[油画]; keyphrase语义不匹配：预期[]，实际[一辆在雪地急驰的l6油画]
2026-02-26 14:54:38,816 - INFO - CaseID:99 - 整体结果: FAILED | 详情: name不匹配：预期[]，实际[aipainting]; category不匹配：一方为空 - 预期[]，实际[交通工具&自然风景]; keyphrase语义不匹配：预期[]，实际[一辆在沙漠中驾驶的l6]
2026-02-26 14:54:38,816 - INFO - CaseID:100 - 整体结果: FAILED | 详情: name不匹配：预期[]，实际[aipainting]; category不匹配：一方为空 - 预期[]，实际[交通工具]; keyphrase语义不匹配：预期[]，实际[l9的春节壁纸]
2026-02-26 14:54:42,588 - INFO - 
=== 执行完成（总耗时：6.50秒）===
2026-02-26 14:54:42,588 - INFO - 总用例数：100
2026-02-26 14:54:42,588 - INFO - 通过数：0（0.00%）
2026-02-26 14:54:42,588 - INFO - 失败数：100（100.00%）
