2026-02-26 15:19:26,734 - INFO - === 绘画大师规划对比工具（最终版）启动 ===
2026-02-26 15:19:26,875 - INFO - 成功加载飞书表格
2026-02-26 15:19:28,782 - INFO - CaseID:1 - CATEGORY字段：模型输出包含「其他」，该字段判定通过
2026-02-26 15:19:28,782 - INFO - CaseID:1 - 整体结果: PASS | 详情: 所有字段校验通过
2026-02-26 15:19:29,729 - INFO - CaseID:2 - 整体结果: PASS | 详情: 所有字段校验通过
2026-02-26 15:19:29,729 - INFO - CaseID:3 - CATEGORY字段：模型输出包含「其他」，该字段判定通过
2026-02-26 15:19:29,729 - INFO - CaseID:3 - 整体结果: PASS | 详情: 所有字段校验通过
2026-02-26 15:19:30,697 - INFO - CaseID:4 - 整体结果: PASS | 详情: 所有字段校验通过
2026-02-26 15:19:30,697 - INFO - CaseID:5 - CATEGORY字段：模型输出包含「其他」，该字段判定通过
2026-02-26 15:19:30,697 - INFO - CaseID:5 - 整体结果: PASS | 详情: 所有字段校验通过
2026-02-26 15:19:31,573 - INFO - CaseID:6 - 整体结果: PASS | 详情: 所有字段校验通过
2026-02-26 15:19:31,574 - INFO - CaseID:7 - CATEGORY字段：模型输出包含「其他」，该字段判定通过
2026-02-26 15:19:31,574 - INFO - CaseID:7 - 整体结果: PASS | 详情: 所有字段校验通过
2026-02-26 15:19:32,710 - INFO - CaseID:8 - 整体结果: PASS | 详情: 所有字段校验通过
2026-02-26 15:19:32,710 - INFO - CaseID:9 - CATEGORY字段：模型输出包含「其他」，该字段判定通过
2026-02-26 15:19:32,710 - INFO - CaseID:9 - 整体结果: PASS | 详情: 所有字段校验通过
2026-02-26 15:19:33,593 - INFO - CaseID:10 - 整体结果: PASS | 详情: 所有字段校验通过
2026-02-26 15:19:33,593 - INFO - CaseID:11 - CATEGORY字段：模型输出包含「其他」，该字段判定通过
2026-02-26 15:19:33,594 - INFO - CaseID:11 - 整体结果: PASS | 详情: 所有字段校验通过
2026-02-26 15:19:34,447 - INFO - CaseID:12 - 整体结果: PASS | 详情: 所有字段校验通过
2026-02-26 15:19:34,447 - INFO - CaseID:13 - CATEGORY字段：模型输出包含「其他」，该字段判定通过
2026-02-26 15:19:34,448 - INFO - CaseID:13 - 整体结果: PASS | 详情: 所有字段校验通过
2026-02-26 15:19:34,448 - INFO - CaseID:14 - 整体结果: FAILED | 详情: keyphrase语义不匹配：预期[]，实际[一片郁郁葱葱的大草原草原上还有马儿在奔跑]
2026-02-26 15:19:34,449 - INFO - CaseID:15 - CATEGORY字段：模型输出包含「其他」，该字段判定通过
2026-02-26 15:19:34,449 - INFO - CaseID:15 - 整体结果: PASS | 详情: 所有字段校验通过
2026-02-26 15:19:35,877 - INFO - CaseID:16 - 整体结果: PASS | 详情: 所有字段校验通过
2026-02-26 15:19:35,878 - INFO - CaseID:17 - CATEGORY字段：模型输出包含「其他」，该字段判定通过
2026-02-26 15:19:35,878 - INFO - CaseID:17 - 整体结果: PASS | 详情: 所有字段校验通过
2026-02-26 15:19:35,879 - INFO - CaseID:18 - CATEGORY字段：模型输出包含「其他」，该字段判定通过
2026-02-26 15:19:36,642 - INFO - CaseID:18 - 整体结果: PASS | 详情: 所有字段校验通过
2026-02-26 15:19:36,643 - INFO - CaseID:19 - CATEGORY字段：模型输出包含「其他」，该字段判定通过
2026-02-26 15:19:36,643 - INFO - CaseID:19 - 整体结果: PASS | 详情: 所有字段校验通过
