2026-01-19 17:27:54,469 - INFO - === IM_vehicle_control API对比工具启动 ===
2026-01-19 17:27:56,403 - ERROR - CaseID: 12
函数数量不匹配：预期1个，规划0个
规划列无有效函数
2026-01-19 17:27:56,407 - ERROR - CaseID: 14
规划列缺少以下函数：
  名称: device_control, 参数: {"action": "switch", "vehicle_brand": "\u7406\u60f3"}
规划列多出以下函数：
  名称: device_control, 参数: {"action": "unsupport"}
2026-01-19 17:27:56,409 - ERROR - CaseID: 15
规划列缺少以下函数：
  名称: device_control, 参数: {"action": "switch", "vehicle_brand": "\u7406\u60f3"}
规划列多出以下函数：
  名称: device_control, 参数: {"action": "unsupport"}
2026-01-19 17:27:56,413 - ERROR - CaseID: 17
规划列缺少以下函数：
  名称: device_control, 参数: {"action": "switch", "vehicle_brand": "\u7406\u60f3"}
规划列多出以下函数：
  名称: device_control, 参数: {"action": "unsupport"}
2026-01-19 17:27:56,417 - ERROR - CaseID: 19
规划列缺少以下函数：
  名称: device_control, 参数: {"action": "switch", "vehicle_brand": "\u7406\u60f3"}
规划列多出以下函数：
  名称: device_control, 参数: {"action": "unsupport"}
2026-01-19 17:27:56,419 - ERROR - CaseID: 20
函数数量不匹配：预期1个，规划0个
规划列无有效函数
2026-01-19 17:27:56,422 - ERROR - CaseID: 22
规划列缺少以下函数：
  名称: device_control, 参数: {"action": "switch", "vehicle_brand": "\u7406\u60f3"}
规划列多出以下函数：
  名称: device_control, 参数: {"action": "query", "entity": "ACCOUNT_INFO", "function_option": "NICK_NAME"}
2026-01-19 17:27:56,428 - ERROR - CaseID: 25
规划列缺少以下函数：
  名称: device_control, 参数: {"action": "switch", "vehicle_brand": "\u7406\u60f3"}
规划列多出以下函数：
  名称: device_control, 参数: {"action": "unsupport"}
2026-01-19 17:27:56,430 - ERROR - CaseID: 26
规划列缺少以下函数：
  名称: device_control, 参数: {"action": "switch", "vehicle_brand": "\u7406\u60f3"}
规划列多出以下函数：
  名称: device_control, 参数: {"action": "unsupport"}
2026-01-19 17:27:56,433 - ERROR - CaseID: 28
规划列缺少以下函数：
  名称: device_control, 参数: {"action": "switch", "vehicle_brand": "\u7406\u60f3"}
规划列多出以下函数：
  名称: global_control, 参数: {"action": "quit", "entity": "VOICE"}
2026-01-19 17:27:56,435 - ERROR - CaseID: 29
规划列缺少以下函数：
  名称: device_control, 参数: {"action": "switch", "vehicle_brand": "\u7406\u60f3"}
规划列多出以下函数：
  名称: device_control, 参数: {"action": "unsupport"}
2026-01-19 17:27:56,439 - ERROR - CaseID: 31
函数数量不匹配：预期1个，规划0个
规划列无有效函数
2026-01-19 17:27:56,442 - ERROR - CaseID: 33
函数数量不匹配：预期1个，规划0个
规划列无有效函数
2026-01-19 17:27:56,446 - ERROR - CaseID: 35
规划列缺少以下函数：
  名称: device_control, 参数: {"action": "switch", "vehicle_brand": "\u7406\u60f3"}
规划列多出以下函数：
  名称: global_control, 参数: {"action": "confirm"}
2026-01-19 17:27:56,448 - ERROR - CaseID: 36
函数数量不匹配：预期1个，规划0个
规划列无有效函数
2026-01-19 17:27:56,452 - ERROR - CaseID: 38
函数数量不匹配：预期1个，规划0个
规划列无有效函数
2026-01-19 17:27:56,456 - ERROR - CaseID: 40
规划列缺少以下函数：
  名称: device_control, 参数: {"action": "switch", "vehicle_brand": "\u7406\u60f3"}
规划列多出以下函数：
  名称: device_control, 参数: {"action": "turnon", "entity": "AUTHORIZATION_DRIVING"}
2026-01-19 17:27:56,457 - ERROR - CaseID: 41
规划列缺少以下函数：
  名称: device_control, 参数: {"action": "switch", "vehicle_brand": "\u7406\u60f3"}
规划列多出以下函数：
  名称: device_control, 参数: {"action": "unsupport"}
2026-01-19 17:27:56,459 - ERROR - CaseID: 42
函数数量不匹配：预期1个，规划0个
规划列无有效函数
2026-01-19 17:27:56,463 - ERROR - CaseID: 44
规划列缺少以下函数：
  名称: device_control, 参数: {"action": "switch", "vehicle_brand": "\u7279\u65af\u62c9"}
规划列多出以下函数：
  名称: device_control, 参数: {"action": "turnon", "entity": "VEHICLE_LOCATION", "position": "OTHER"}
2026-01-19 17:27:56,465 - ERROR - CaseID: 45
规划列缺少以下函数：
  名称: device_control, 参数: {"action": "switch", "vehicle_brand": "\u7279\u65af\u62c9"}
规划列多出以下函数：
  名称: device_control, 参数: {"action": "turnon", "entity": "AUTHORIZATION_DRIVING", "position": "USER"}
2026-01-19 17:27:56,471 - ERROR - CaseID: 48
规划列缺少以下函数：
  名称: device_control, 参数: {"action": "switch", "vehicle_brand": "\u7279\u65af\u62c9"}
规划列多出以下函数：
  名称: device_control, 参数: {"action": "unsupport"}
2026-01-19 17:27:56,478 - ERROR - CaseID: 52
规划列缺少以下函数：
  名称: device_control, 参数: {"action": "switch", "vehicle_brand": "\u7279\u65af\u62c9"}
规划列多出以下函数：
  名称: device_control, 参数: {"action": "unsupport"}
2026-01-19 17:27:56,480 - ERROR - CaseID: 53
规划列缺少以下函数：
  名称: device_control, 参数: {"action": "switch", "vehicle_brand": "\u7279\u65af\u62c9"}
规划列多出以下函数：
  名称: global_control, 参数: {"action": "confirm"}
2026-01-19 17:27:56,483 - ERROR - CaseID: 55
规划列缺少以下函数：
  名称: device_control, 参数: {"action": "switch", "vehicle_brand": "\u7279\u65af\u62c9"}
规划列多出以下函数：
  名称: device_control, 参数: {"action": "query", "entity": "VEHICLE_LOCATION"}
2026-01-19 17:27:56,493 - ERROR - CaseID: 60
函数数量不匹配：预期1个，规划0个
规划列无有效函数
2026-01-19 17:27:56,498 - ERROR - CaseID: 63
规划列缺少以下函数：
  名称: device_control, 参数: {"action": "switch", "vehicle_brand": "\u7279\u65af\u62c9"}
规划列多出以下函数：
  名称: device_control, 参数: {"action": "unsupport"}
2026-01-19 17:27:56,502 - ERROR - CaseID: 65
规划列缺少以下函数：
  名称: device_control, 参数: {"action": "switch", "vehicle_brand": "\u7279\u65af\u62c9"}
规划列多出以下函数：
  名称: device_control, 参数: {"action": "unsupport"}
2026-01-19 17:27:56,506 - ERROR - CaseID: 67
规划列缺少以下函数：
  名称: device_control, 参数: {"action": "switch", "vehicle_brand": "\u7279\u65af\u62c9"}
规划列多出以下函数：
  名称: device_control, 参数: {"action": "unsupport"}
2026-01-19 17:27:56,508 - ERROR - CaseID: 68
规划列缺少以下函数：
  名称: device_control, 参数: {"action": "switch", "vehicle_brand": "\u7279\u65af\u62c9"}
规划列多出以下函数：
  名称: global_control, 参数: {"action": "confirm"}
2026-01-19 17:27:56,511 - ERROR - CaseID: 70
规划列缺少以下函数：
  名称: device_control, 参数: {"action": "switch", "vehicle_brand": "\u7279\u65af\u62c9"}
规划列多出以下函数：
  名称: device_control, 参数: {"action": "query", "entity": "VEHICLE_LOCATION"}
2026-01-19 17:27:56,517 - ERROR - CaseID: 73
规划列缺少以下函数：
  名称: device_control, 参数: {"action": "switch", "vehicle_brand": "\u7279\u65af\u62c9"}
规划列多出以下函数：
  名称: device_control, 参数: {"action": "query", "device": "\u7279\u65af\u62c9", "entity": "VEHICLE_LOCATION"}
2026-01-19 17:27:56,519 - ERROR - CaseID: 74
规划列缺少以下函数：
  名称: device_control, 参数: {"action": "switch", "vehicle_brand": "\u7279\u65af\u62c9"}
规划列多出以下函数：
  名称: device_control, 参数: {"action": "turnon", "entity": "VEHICLE_LOCATION", "position": "TESLA"}
2026-01-19 17:27:56,524 - ERROR - CaseID: 77
规划列缺少以下函数：
  名称: device_control, 参数: {"action": "switch", "vehicle_model": "L9"}
规划列多出以下函数：
  名称: device_control, 参数: {"action": "unsupport"}
2026-01-19 17:27:56,530 - ERROR - CaseID: 80
规划列缺少以下函数：
  名称: device_control, 参数: {"action": "switch", "vehicle_model": "L9"}
规划列多出以下函数：
  名称: device_control, 参数: {"action": "turnon", "entity": "CAR_DOOR_LOCK"}
2026-01-19 17:27:56,531 - ERROR - CaseID: 81
规划列缺少以下函数：
  名称: device_control, 参数: {"action": "switch", "vehicle_model": "L9"}
规划列多出以下函数：
  名称: device_control, 参数: {"action": "query", "entity": "VEHICLE_LOCATION"}
2026-01-19 17:27:56,539 - ERROR - CaseID: 85
规划列缺少以下函数：
  名称: device_control, 参数: {"action": "switch", "vehicle_model": "L9 Ultra"}
规划列多出以下函数：
  名称: device_control, 参数: {"action": "unsupport"}
2026-01-19 17:27:56,541 - ERROR - CaseID: 86
规划列缺少以下函数：
  名称: device_control, 参数: {"action": "switch", "vehicle_model": "L9 Ultra"}
规划列多出以下函数：
  名称: device_control, 参数: {"action": "unsupport"}
2026-01-19 17:27:56,544 - ERROR - CaseID: 88
规划列缺少以下函数：
  名称: device_control, 参数: {"action": "switch", "vehicle_model": "L9 Ultra"}
规划列多出以下函数：
  名称: device_control, 参数: {"action": "unsupport"}
2026-01-19 17:27:56,551 - ERROR - CaseID: 92
规划列缺少以下函数：
  名称: device_control, 参数: {"action": "switch", "vehicle_model": "L9 Pro"}
规划列多出以下函数：
  名称: device_control, 参数: {"action": "unsupport"}
2026-01-19 17:27:56,559 - ERROR - CaseID: 96
规划列缺少以下函数：
  名称: device_control, 参数: {"action": "switch", "vehicle_model": "L9 Max"}
规划列多出以下函数：
  名称: device_control, 参数: {"action": "unsupport"}
2026-01-19 17:27:56,560 - ERROR - CaseID: 97
规划列缺少以下函数：
  名称: device_control, 参数: {"action": "switch", "vehicle_model": "L9 Max"}
规划列多出以下函数：
  名称: device_control, 参数: {"action": "unsupport"}
2026-01-19 17:27:56,564 - ERROR - CaseID: 99
规划列缺少以下函数：
  名称: device_control, 参数: {"action": "switch", "vehicle_model": "L8"}
规划列多出以下函数：
  名称: device_control, 参数: {"action": "unsupport"}
2026-01-19 17:27:56,568 - ERROR - CaseID: 101
规划列缺少以下函数：
  名称: device_control, 参数: {"action": "switch", "vehicle_model": "L8"}
规划列多出以下函数：
  名称: device_control, 参数: {"action": "unsupport"}
2026-01-19 17:27:56,575 - ERROR - CaseID: 105
规划列缺少以下函数：
  名称: device_control, 参数: {"action": "switch", "vehicle_model": "L8 Ultra"}
规划列多出以下函数：
  名称: device_control, 参数: {"action": "unsupport"}
2026-01-19 17:27:56,577 - ERROR - CaseID: 106
规划列缺少以下函数：
  名称: device_control, 参数: {"action": "switch", "vehicle_model": "L8 Ultra"}
规划列多出以下函数：
  名称: global_control, 参数: {"action": "confirm"}
2026-01-19 17:27:56,584 - ERROR - CaseID: 110
规划列缺少以下函数：
  名称: device_control, 参数: {"action": "switch", "vehicle_model": "L8 Pro"}
规划列多出以下函数：
  名称: device_control, 参数: {"action": "unsupport"}
2026-01-19 17:27:56,589 - ERROR - CaseID: 113
规划列缺少以下函数：
  名称: device_control, 参数: {"action": "switch", "vehicle_model": "L8 Max"}
规划列多出以下函数：
  名称: global_control, 参数: {"action": "confirm"}
2026-01-19 17:27:56,591 - ERROR - CaseID: 114
规划列缺少以下函数：
  名称: device_control, 参数: {"action": "switch", "vehicle_model": "L8 Max"}
规划列多出以下函数：
  名称: device_control, 参数: {"action": "unsupport"}
2026-01-19 17:27:56,596 - ERROR - CaseID: 117
规划列缺少以下函数：
  名称: device_control, 参数: {"action": "switch", "vehicle_model": "L8 Air"}
规划列多出以下函数：
  名称: device_control, 参数: {"action": "unsupport"}
2026-01-19 17:27:56,598 - ERROR - CaseID: 118
规划列缺少以下函数：
  名称: device_control, 参数: {"action": "switch", "vehicle_model": "L8 Air"}
规划列多出以下函数：
  名称: global_control, 参数: {"action": "confirm"}
2026-01-19 17:27:56,600 - ERROR - CaseID: 119
规划列缺少以下函数：
  名称: device_control, 参数: {"action": "switch", "vehicle_model": "L8 Air"}
规划列多出以下函数：
  名称: device_control, 参数: {"action": "unsupport"}
2026-01-19 17:27:56,607 - ERROR - CaseID: 123
规划列缺少以下函数：
  名称: device_control, 参数: {"action": "switch", "vehicle_model": "L7"}
规划列多出以下函数：
  名称: device_control, 参数: {"action": "turnon", "entity": "SEAT", "function_option": "FIRST_ROW"}
2026-01-19 17:27:56,617 - ERROR - CaseID: 128
规划列缺少以下函数：
  名称: device_control, 参数: {"action": "switch", "vehicle_model": "L7 Ultra"}
规划列多出以下函数：
  名称: global_control, 参数: {"action": "confirm"}
2026-01-19 17:27:56,622 - ERROR - CaseID: 130
规划列缺少以下函数：
  名称: device_control, 参数: {"action": "switch", "vehicle_model": "L7 Ultra"}
规划列多出以下函数：
  名称: global_control, 参数: {"action": "confirm"}
2026-01-19 17:27:56,626 - ERROR - CaseID: 132
规划列缺少以下函数：
  名称: device_control, 参数: {"action": "switch", "vehicle_model": "L7 Pro"}
规划列多出以下函数：
  名称: global_control, 参数: {"action": "confirm"}
2026-01-19 17:27:56,630 - ERROR - CaseID: 134
规划列缺少以下函数：
  名称: device_control, 参数: {"action": "switch", "vehicle_model": "L7 Pro"}
规划列多出以下函数：
  名称: device_control, 参数: {"action": "unsupport"}
2026-01-19 17:27:56,634 - ERROR - CaseID: 136
规划列缺少以下函数：
  名称: device_control, 参数: {"action": "switch", "vehicle_model": "L7 Max"}
规划列多出以下函数：
  名称: global_control, 参数: {"action": "confirm"}
2026-01-19 17:27:56,638 - ERROR - CaseID: 138
规划列缺少以下函数：
  名称: device_control, 参数: {"action": "switch", "vehicle_model": "L7 Max"}
规划列多出以下函数：
  名称: device_control, 参数: {"action": "unsupport"}
2026-01-19 17:27:56,642 - ERROR - CaseID: 140
规划列缺少以下函数：
  名称: device_control, 参数: {"action": "switch", "vehicle_model": "L7 Air"}
规划列多出以下函数：
  名称: global_control, 参数: {"action": "confirm"}
2026-01-19 17:27:56,647 - ERROR - CaseID: 142
规划列缺少以下函数：
  名称: device_control, 参数: {"action": "switch", "vehicle_model": "L7 Air"}
规划列多出以下函数：
  名称: device_control, 参数: {"action": "unsupport"}
2026-01-19 17:27:56,651 - ERROR - CaseID: 144
规划列缺少以下函数：
  名称: device_control, 参数: {"action": "switch", "vehicle_model": "L6"}
规划列多出以下函数：
  名称: device_control, 参数: {"action": "unsupport"}
2026-01-19 17:27:56,660 - ERROR - CaseID: 148
规划列缺少以下函数：
  名称: device_control, 参数: {"action": "switch", "vehicle_model": "L6"}
规划列多出以下函数：
  名称: device_control, 参数: {"action": "turnon", "entity": "L6"}
2026-01-19 17:27:56,664 - ERROR - CaseID: 150
规划列缺少以下函数：
  名称: device_control, 参数: {"action": "switch", "vehicle_model": "L6 Pro"}
规划列多出以下函数：
  名称: global_control, 参数: {"action": "confirm"}
2026-01-19 17:27:56,674 - ERROR - CaseID: 154
规划列缺少以下函数：
  名称: device_control, 参数: {"action": "switch", "vehicle_model": "L6 Max"}
规划列多出以下函数：
  名称: global_control, 参数: {"action": "confirm"}
2026-01-19 17:27:56,683 - ERROR - CaseID: 158
规划列缺少以下函数：
  名称: device_control, 参数: {"action": "switch", "vehicle_model": "i8"}
规划列多出以下函数：
  名称: device_control, 参数: {"action": "query", "entity": "DEFAULT_VEHICLE"}
2026-01-19 17:27:56,694 - ERROR - CaseID: 162
规划列缺少以下函数：
  名称: device_control, 参数: {"action": "switch", "vehicle_model": "i6"}
规划列多出以下函数：
  名称: autosearch, 参数: {"category": "\u6c7d\u8f66", "query": "\u4f7f\u7528l6max\u8f66\u8f86", "tag": "l6max&\u8f66\u8f86"}
2026-01-19 17:27:56,697 - ERROR - CaseID: 163
规划列缺少以下函数：
  名称: device_control, 参数: {"action": "switch", "vehicle_model": "i6"}
规划列多出以下函数：
  名称: device_control, 参数: {"action": "switch", "vehicle_model": "L6 Max"}
2026-01-19 17:27:56,699 - ERROR - CaseID: 164
规划列缺少以下函数：
  名称: device_control, 参数: {"action": "switch", "vehicle_model": "i6"}
规划列多出以下函数：
  名称: device_control, 参数: {"action": "switch", "vehicle_model": "L6 Max"}
2026-01-19 17:27:56,704 - ERROR - CaseID: 166
规划列缺少以下函数：
  名称: device_control, 参数: {"action": "switch", "vehicle_model": "MEGA"}
规划列多出以下函数：
  名称: device_control, 参数: {"action": "query", "entity": "VEHICLE_LOCATION"}
2026-01-19 17:27:56,714 - ERROR - CaseID: 170
规划列缺少以下函数：
  名称: device_control, 参数: {"action": "switch", "vehicle_model": "MEGA Home"}
规划列多出以下函数：
  名称: device_control, 参数: {"action": "unsupport"}
2026-01-19 17:27:56,723 - ERROR - CaseID: 174
规划列缺少以下函数：
  名称: device_control, 参数: {"action": "switch", "vehicle_model": "MEGA Ultra"}
规划列多出以下函数：
  名称: global_control, 参数: {"action": "confirm"}
2026-01-19 17:27:56,733 - ERROR - CaseID: 178
函数数量不匹配：预期1个，规划0个
规划列无有效函数
2026-01-19 17:27:56,744 - ERROR - CaseID: 182
规划列缺少以下函数：
  名称: device_control, 参数: {"action": "switch", "vehicle_model": "Model Y"}
规划列多出以下函数：
  名称: device_control, 参数: {"action": "turnon", "entity": "DEPART_ON_MODE", "position": "PASSENGER"}
2026-01-19 17:27:56,755 - ERROR - CaseID: 187
规划列缺少以下函数：
  名称: device_control, 参数: {"action": "switch", "vehicle_model": "Model S"}
规划列多出以下函数：
  名称: device_control, 参数: {"action": "unsupport"}
2026-01-19 17:27:56,764 - ERROR - CaseID: 191
规划列缺少以下函数：
  名称: device_control, 参数: {"action": "switch", "vehicle_model": "Model X"}
规划列多出以下函数：
  名称: device_control, 参数: {"action": "turnon", "entity": "AUTOHOLD"}
2026-01-19 17:27:56,766 - ERROR - CaseID: 192
规划列缺少以下函数：
  名称: device_control, 参数: {"action": "switch", "vehicle_model": "Model X"}
规划列多出以下函数：
  名称: autosearch, 参数: {"category": "\u6c7d\u8f66", "query": "\u4f7f\u7528\u5e38\u5f00\u7684modelx", "tag": "modelx&\u5e38\u5f00"}
2026-01-19 17:27:56,769 - ERROR - CaseID: 193
函数数量不匹配：预期1个，规划0个
规划列无有效函数
2026-01-19 17:27:56,771 - ERROR - CaseID: 194
规划列缺少以下函数：
  名称: device_control, 参数: {"action": "switch", "vehicle_model": "Model Y L"}
规划列多出以下函数：
  名称: device_control, 参数: {"action": "unsupport"}
2026-01-19 17:27:56,774 - ERROR - CaseID: 195
规划列缺少以下函数：
  名称: device_control, 参数: {"action": "switch", "vehicle_model": "Model Y L"}
规划列多出以下函数：
  名称: device_control, 参数: {"action": "turnon", "entity": "CAR_MAINTAIN", "position": "FRONT", "vehicle": "model y"}
2026-01-19 17:27:56,776 - ERROR - CaseID: 196
规划列缺少以下函数：
  名称: device_control, 参数: {"action": "switch", "vehicle_model": "Model Y L"}
规划列多出以下函数：
  名称: device_control, 参数: {"action": "turnon", "entity": "HOLDING_POWER_WHEN_LEAVING"}
2026-01-19 17:27:56,779 - ERROR - CaseID: 197
规划列缺少以下函数：
  名称: device_control, 参数: {"action": "switch", "vehicle_model": "Cybertruck"}
规划列多出以下函数：
  名称: device_control, 参数: {"action": "unsupport"}
2026-01-19 17:27:56,783 - ERROR - CaseID: 199
规划列缺少以下函数：
  名称: device_control, 参数: {"action": "switch", "vehicle_model": "Cybertruck"}
规划列多出以下函数：
  名称: autosearch, 参数: {"category": "\u6c7d\u8f66", "query": "\u6253\u5f00cybertruck", "tag": "cybertruck&\u6253\u5f00"}
2026-01-19 17:27:56,786 - ERROR - CaseID: 200
规划列缺少以下函数：
  名称: device_control, 参数: {"action": "switch", "vehicle_model": "Cybertruck"}
规划列多出以下函数：
  名称: autosearch, 参数: {"category": "\u6c7d\u8f66", "query": "\u8fde\u63a5\u6211\u7684cybertruck", "tag": "\u8fde\u63a5&cybertruck"}
2026-01-19 17:27:56,800 - ERROR - CaseID: 206
规划列缺少以下函数：
  名称: device_control, 参数: {"action": "switch", "vehicle_brand": "\u7406\u60f3", "vehicle_model": "L9"}
规划列多出以下函数：
  名称: device_control, 参数: {"action": "unsupport"}
2026-01-19 17:27:56,802 - ERROR - CaseID: 207
规划列缺少以下函数：
  名称: device_control, 参数: {"action": "switch", "vehicle_brand": "\u7406\u60f3", "vehicle_model": "L9 Ultra"}
规划列多出以下函数：
  名称: device_control, 参数: {"action": "unsupport"}
2026-01-19 17:27:56,807 - ERROR - CaseID: 209
规划列缺少以下函数：
  名称: device_control, 参数: {"action": "switch", "vehicle_brand": "\u7406\u60f3", "vehicle_model": "L8 Pro"}
规划列多出以下函数：
  名称: aipainting, 参数: {"category": "\u5176\u4ed6", "keyphrase": "", "style": ""}
2026-01-19 17:27:56,809 - ERROR - CaseID: 210
规划列缺少以下函数：
  名称: device_control, 参数: {"action": "switch", "vehicle_brand": "\u7406\u60f3", "vehicle_model": "L8 Max"}
规划列多出以下函数：
  名称: device_control, 参数: {"action": "unsupport"}
2026-01-19 17:27:56,846 - ERROR - CaseID: 224
规划列缺少以下函数：
  名称: device_control, 参数: {"action": "switch", "vehicle_brand": "\u7406\u60f3", "vehicle_model": "L7 Pro"}
规划列多出以下函数：
  名称: device_control, 参数: {"action": "cancel", "entity": "AUTHORIZATION", "position_reference": "\u7406\u60f3l7pro"}
2026-01-19 17:27:56,849 - ERROR - CaseID: 225
规划列缺少以下函数：
  名称: device_control, 参数: {"action": "switch", "vehicle_brand": "\u7406\u60f3", "vehicle_model": "L6 Air"}
规划列多出以下函数：
  名称: device_control, 参数: {"action": "unsupport"}
2026-01-19 17:27:56,860 - ERROR - CaseID: 229
规划列缺少以下函数：
  名称: device_control, 参数: {"action": "switch", "vehicle_brand": "\u7406\u60f3", "vehicle_model": "L6 Air"}
规划列多出以下函数：
  名称: autosearch, 参数: {"category": "\u6c7d\u8f66", "query": "\u9009\u62e9\u6211\u7684\u7406\u60f3l6air", "tag": "\u6211\u7684\u7406\u60f3l6air&\u9009\u62e9"}
2026-01-19 17:27:56,869 - ERROR - CaseID: 232
规划列缺少以下函数：
  名称: device_control, 参数: {"action": "switch", "vehicle_brand": "\u7406\u60f3", "vehicle_model": "i8"}
规划列多出以下函数：
  名称: device_control, 参数: {"action": "query", "entity": "VEHICLE_LOCATION"}
2026-01-19 17:27:56,907 - ERROR - CaseID: 244
规划列缺少以下函数：
  名称: device_control, 参数: {"action": "switch", "vehicle_brand": "\u7279\u65af\u62c9", "vehicle_model": "Model 3"}
规划列多出以下函数：
  名称: device_control, 参数: {"action": "unsupport"}
2026-01-19 17:27:56,910 - ERROR - CaseID: 245
规划列缺少以下函数：
  名称: device_control, 参数: {"action": "switch", "vehicle_brand": "\u7279\u65af\u62c9", "vehicle_model": "Model 3"}
规划列多出以下函数：
  名称: device_control, 参数: {"action": "query", "entity": "VEHICLE_LOCATION"}
2026-01-19 17:27:56,917 - ERROR - CaseID: 248
规划列缺少以下函数：
  名称: device_control, 参数: {"action": "switch", "vehicle_brand": "\u7279\u65af\u62c9", "vehicle_model": "Model 3"}
规划列多出以下函数：
  名称: device_control, 参数: {"action": "unsupport"}
2026-01-19 17:27:56,920 - ERROR - CaseID: 249
规划列缺少以下函数：
  名称: device_control, 参数: {"action": "switch", "vehicle_brand": "\u7279\u65af\u62c9", "vehicle_model": "Model Y"}
规划列多出以下函数：
  名称: device_control, 参数: {"action": "unsupport"}
2026-01-19 17:27:56,927 - ERROR - CaseID: 251
规划列缺少以下函数：
  名称: device_control, 参数: {"action": "switch", "vehicle_brand": "\u7279\u65af\u62c9", "vehicle_model": "Model Y"}
规划列多出以下函数：
  名称: device_control, 参数: {"action": "query", "entity": "CAR_DOOR", "position": "FRONT_RIGHT"}
2026-01-19 17:27:56,941 - ERROR - CaseID: 256
规划列缺少以下函数：
  名称: device_control, 参数: {"action": "switch", "vehicle_brand": "\u7279\u65af\u62c9", "vehicle_model": "Model S"}
规划列多出以下函数：
  名称: aipainting, 参数: {"category": "\u5176\u4ed6", "keyphrase": "", "style": ""}
2026-01-19 17:27:56,947 - ERROR - CaseID: 259
规划列缺少以下函数：
  名称: device_control, 参数: {"action": "switch", "vehicle_brand": "\u7279\u65af\u62c9", "vehicle_model": "Model S"}
规划列多出以下函数：
  名称: device_control, 参数: {"action": "unsupport"}
2026-01-19 17:27:56,962 - ERROR - CaseID: 267
规划列缺少以下函数：
  名称: device_control, 参数: {"action": "switch", "vehicle_brand": "\u7279\u65af\u62c9", "vehicle_model": "Model X"}
规划列多出以下函数：
  名称: device_control, 参数: {"action": "unsupport"}
2026-01-19 17:27:56,967 - ERROR - CaseID: 270
规划列缺少以下函数：
  名称: device_control, 参数: {"action": "switch", "vehicle_brand": "\u7279\u65af\u62c9", "vehicle_model": "Model Y L"}
规划列多出以下函数：
  名称: device_control, 参数: {"action": "switch", "vehicle_brand": "\u7279\u65af\u62c9", "vehicle_model": "Model Y"}
2026-01-19 17:27:56,969 - ERROR - CaseID: 271
规划列缺少以下函数：
  名称: device_control, 参数: {"action": "switch", "vehicle_brand": "\u7279\u65af\u62c9", "vehicle_model": "Model Y L"}
规划列多出以下函数：
  名称: device_control, 参数: {"action": "unsupport"}
2026-01-19 17:27:56,973 - ERROR - CaseID: 273
函数数量不匹配：预期1个，规划0个
规划列无有效函数
2026-01-19 17:27:56,975 - ERROR - CaseID: 274
规划列缺少以下函数：
  名称: device_control, 参数: {"action": "switch", "vehicle_brand": "\u7279\u65af\u62c9", "vehicle_model": "Cybertruck"}
规划列多出以下函数：
  名称: autosearch, 参数: {"category": "\u6c7d\u8f66", "query": "\u4f7f\u7528\u6211\u5e38\u5f00\u7684teslecycertbot", "tag": "teslecycertbot&\u4f7f\u7528"}
2026-01-19 17:27:56,981 - ERROR - CaseID: 277
规划列缺少以下函数：
  名称: device_control, 参数: {"action": "switch", "vehicle_brand": "\u7279\u65af\u62c9", "vehicle_model": "Cybertruck"}
规划列多出以下函数：
  名称: device_control, 参数: {"action": "query", "entity": "VEHICLE_LOCATION"}
2026-01-19 17:27:56,984 - ERROR - CaseID: 279
规划列缺少以下函数：
  名称: device_control, 参数: {"action": "switch", "vehicle_brand": "\u7279\u65af\u62c9", "vehicle_model": "Cybertruck"}
规划列多出以下函数：
  名称: device_control, 参数: {"action": "unsupport"}
2026-01-19 17:27:57,007 - ERROR - CaseID: 291
函数数量不匹配：预期1个，规划2个
2026-01-19 17:27:57,013 - ERROR - CaseID: 294
预期列为纯空白无任何内容，但是规划列有值，判定为错误
2026-01-19 17:27:57,020 - ERROR - CaseID: 298
规划列缺少以下函数：
  名称: device_control, 参数: {"action": "query", "entity": "DEFAULT_VEHICLE"}
规划列多出以下函数：
  名称: device_control, 参数: {"action": "query", "entity": "VEHICLE_LOCATION"}
2026-01-19 17:27:57,022 - ERROR - CaseID: 299
规划列缺少以下函数：
  名称: device_control, 参数: {"action": "query", "entity": "DEFAULT_VEHICLE"}
规划列多出以下函数：
  名称: device_control, 参数: {"action": "query", "entity": "ACCOUNT_INFO", "function_option": "NICK_NAME"}
2026-01-19 17:27:57,024 - ERROR - CaseID: 300
规划列缺少以下函数：
  名称: device_control, 参数: {"action": "query", "entity": "DEFAULT_VEHICLE"}
规划列多出以下函数：
  名称: device_control, 参数: {"action": "query", "entity": "VEHICLE_LOCATION"}
2026-01-19 17:27:57,027 - ERROR - CaseID: 301
规划列缺少以下函数：
  名称: device_control, 参数: {"action": "query", "entity": "DEFAULT_VEHICLE"}
规划列多出以下函数：
  名称: device_control, 参数: {"action": "query", "entity": "VEHICLE_LOCATION"}
2026-01-19 17:27:57,029 - ERROR - CaseID: 302
规划列缺少以下函数：
  名称: device_control, 参数: {"action": "query", "entity": "DEFAULT_VEHICLE"}
规划列多出以下函数：
  名称: device_control, 参数: {"action": "query", "entity": "VEHICLE_LOCATION"}
2026-01-19 17:27:57,031 - ERROR - CaseID: 303
规划列缺少以下函数：
  名称: device_control, 参数: {"action": "query", "entity": "DEFAULT_VEHICLE"}
规划列多出以下函数：
  名称: device_control, 参数: {"action": "query", "entity": "VEHICLE_LOCATION"}
2026-01-19 17:27:57,033 - ERROR - CaseID: 304
规划列缺少以下函数：
  名称: device_control, 参数: {"action": "query", "entity": "DEFAULT_VEHICLE"}
规划列多出以下函数：
  名称: device_control, 参数: {"action": "query", "entity": "ACCOUNT_INFO", "function_option": "NICK_NAME"}
2026-01-19 17:27:57,034 - ERROR - CaseID: 305
规划列缺少以下函数：
  名称: device_control, 参数: {"action": "query", "entity": "DEFAULT_VEHICLE"}
规划列多出以下函数：
  名称: device_control, 参数: {"action": "query", "entity": "VEHICLE_LOCATION"}
2026-01-19 17:27:57,036 - ERROR - CaseID: 306
规划列缺少以下函数：
  名称: device_control, 参数: {"action": "query", "entity": "DEFAULT_VEHICLE"}
规划列多出以下函数：
  名称: device_control, 参数: {"action": "query", "entity": "VEHICLE_LOCATION"}
2026-01-19 17:27:57,038 - ERROR - CaseID: 307
规划列缺少以下函数：
  名称: device_control, 参数: {"action": "query", "entity": "DEFAULT_VEHICLE"}
规划列多出以下函数：
  名称: device_control, 参数: {"action": "query", "entity": "ACCOUNT_INFO", "function_option": "NICK_NAME"}
2026-01-19 17:27:57,040 - ERROR - CaseID: 308
规划列缺少以下函数：
  名称: device_control, 参数: {"action": "query", "entity": "DEFAULT_VEHICLE"}
规划列多出以下函数：
  名称: device_control, 参数: {"action": "query", "entity": "VEHICLE_LOCATION"}
2026-01-19 17:27:57,042 - ERROR - CaseID: 309
规划列缺少以下函数：
  名称: device_control, 参数: {"action": "query", "entity": "DEFAULT_VEHICLE"}
规划列多出以下函数：
  名称: device_control, 参数: {"action": "query", "entity": "ACCOUNT_INFO", "function_option": "NICK_NAME"}
2026-01-19 17:27:57,044 - ERROR - CaseID: 310
规划列缺少以下函数：
  名称: device_control, 参数: {"action": "query", "entity": "DEFAULT_VEHICLE"}
规划列多出以下函数：
  名称: device_control, 参数: {"action": "query", "entity": "VEHICLE_LOCATION"}
2026-01-19 17:27:57,046 - ERROR - CaseID: 311
规划列缺少以下函数：
  名称: device_control, 参数: {"action": "query", "entity": "DEFAULT_VEHICLE"}
规划列多出以下函数：
  名称: device_control, 参数: {"action": "query", "entity": "VEHICLE_LOCATION"}
2026-01-19 17:27:57,049 - ERROR - CaseID: 312
规划列缺少以下函数：
  名称: device_control, 参数: {"action": "query", "entity": "DEFAULT_VEHICLE"}
规划列多出以下函数：
  名称: device_control, 参数: {"action": "query", "entity": "VEHICLE_LOCATION"}
2026-01-19 17:27:57,051 - ERROR - CaseID: 313
规划列缺少以下函数：
  名称: device_control, 参数: {"action": "query", "entity": "DEFAULT_VEHICLE"}
规划列多出以下函数：
  名称: device_control, 参数: {"action": "query", "entity": "ACCOUNT_INFO", "function_option": "NICK_NAME"}
2026-01-19 17:27:57,053 - ERROR - CaseID: 314
规划列缺少以下函数：
  名称: device_control, 参数: {"action": "query", "entity": "DEFAULT_VEHICLE"}
规划列多出以下函数：
  名称: device_control, 参数: {"action": "query", "entity": "VEHICLE_LOCATION"}
2026-01-19 17:27:57,057 - ERROR - CaseID: 315
规划列缺少以下函数：
  名称: device_control, 参数: {"action": "query", "entity": "DEFAULT_VEHICLE"}
规划列多出以下函数：
  名称: device_control, 参数: {"action": "query", "entity": "ACCOUNT_INFO", "function_option": "NICK_NAME"}
2026-01-19 17:27:57,059 - ERROR - CaseID: 316
规划列缺少以下函数：
  名称: device_control, 参数: {"action": "query", "entity": "DEFAULT_VEHICLE"}
规划列多出以下函数：
  名称: device_control, 参数: {"action": "query", "entity": "VEHICLE_LOCATION"}
2026-01-19 17:27:57,062 - ERROR - CaseID: 317
规划列缺少以下函数：
  名称: device_control, 参数: {"action": "query", "entity": "DEFAULT_VEHICLE"}
规划列多出以下函数：
  名称: device_control, 参数: {"action": "query", "entity": "VEHICLE_LOCATION"}
2026-01-19 17:27:57,064 - ERROR - CaseID: 318
规划列缺少以下函数：
  名称: device_control, 参数: {"action": "query", "entity": "DEFAULT_VEHICLE"}
规划列多出以下函数：
  名称: device_control, 参数: {"action": "query", "entity": "VEHICLE_LOCATION"}
2026-01-19 17:27:57,075 - ERROR - CaseID: 322
规划列缺少以下函数：
  名称: device_control, 参数: {"action": "query", "entity": "DEFAULT_VEHICLE"}
规划列多出以下函数：
  名称: device_control, 参数: {"action": "query", "entity": "VEHICLE_LOCATION"}
2026-01-19 17:27:57,078 - ERROR - CaseID: 323
规划列缺少以下函数：
  名称: device_control, 参数: {"action": "query", "entity": "DEFAULT_VEHICLE"}
规划列多出以下函数：
  名称: device_control, 参数: {"action": "query", "entity": "VEHICLE_LOCATION"}
2026-01-19 17:27:57,081 - ERROR - CaseID: 324
规划列缺少以下函数：
  名称: device_control, 参数: {"action": "query", "entity": "DEFAULT_VEHICLE"}
规划列多出以下函数：
  名称: device_control, 参数: {"action": "query", "entity": "VEHICLE_LOCATION"}
2026-01-19 17:27:57,083 - ERROR - CaseID: 325
规划列缺少以下函数：
  名称: device_control, 参数: {"action": "query", "entity": "DEFAULT_VEHICLE"}
规划列多出以下函数：
  名称: device_control, 参数: {"action": "unsupport"}
2026-01-19 17:27:57,086 - ERROR - CaseID: 326
规划列缺少以下函数：
  名称: device_control, 参数: {"action": "query", "entity": "DEFAULT_VEHICLE"}
规划列多出以下函数：
  名称: device_control, 参数: {"action": "unsupport"}
2026-01-19 17:27:57,088 - ERROR - CaseID: 327
规划列缺少以下函数：
  名称: device_control, 参数: {"action": "query", "entity": "DEFAULT_VEHICLE"}
规划列多出以下函数：
  名称: device_control, 参数: {"action": "unsupport"}
2026-01-19 17:27:57,091 - ERROR - CaseID: 328
预期列为纯空白无任何内容，但是规划列有值，判定为错误
2026-01-19 17:27:57,093 - ERROR - CaseID: 329
预期列为纯空白无任何内容，但是规划列有值，判定为错误
2026-01-19 17:27:57,095 - ERROR - CaseID: 330
预期列为纯空白无任何内容，但是规划列有值，判定为错误
2026-01-19 17:27:57,098 - ERROR - CaseID: 331
预期列为纯空白无任何内容，但是规划列有值，判定为错误
2026-01-19 17:27:57,100 - ERROR - CaseID: 332
预期列为纯空白无任何内容，但是规划列有值，判定为错误
2026-01-19 17:27:57,101 - INFO - 开始分片写入 332 条结果，每片 2000 条
2026-01-19 17:27:59,781 - INFO - 已写入第 1-332 行结果
2026-01-19 17:28:00,287 - INFO - === IM_vehicle_control 流程完成，耗时: 5.82秒 ===
