2026-01-20 09:33:41,407 - INFO - === IM_vehicle_control API对比工具启动 ===
2026-01-20 09:33:43,395 - ERROR - CaseID: 12
函数数量不匹配：预期1个，规划0个
规划列无有效函数
2026-01-20 09:33:43,400 - ERROR - CaseID: 14
规划列缺少以下函数：
  名称: device_control, 参数: {"action": "switch", "vehicle_brand": "\u7406\u60f3"}
规划列多出以下函数：
  名称: device_control, 参数: {"action": "unsupport"}
2026-01-20 09:33:43,402 - ERROR - CaseID: 15
规划列缺少以下函数：
  名称: device_control, 参数: {"action": "switch", "vehicle_brand": "\u7406\u60f3"}
规划列多出以下函数：
  名称: device_control, 参数: {"action": "unsupport"}
2026-01-20 09:33:43,407 - ERROR - CaseID: 17
规划列缺少以下函数：
  名称: device_control, 参数: {"action": "switch", "vehicle_brand": "\u7406\u60f3"}
规划列多出以下函数：
  名称: device_control, 参数: {"action": "unsupport"}
2026-01-20 09:33:43,413 - ERROR - CaseID: 19
规划列缺少以下函数：
  名称: device_control, 参数: {"action": "switch", "vehicle_brand": "\u7406\u60f3"}
规划列多出以下函数：
  名称: device_control, 参数: {"action": "unsupport"}
2026-01-20 09:33:43,417 - ERROR - CaseID: 20
函数数量不匹配：预期1个，规划0个
规划列无有效函数
2026-01-20 09:33:43,422 - ERROR - CaseID: 22
规划列缺少以下函数：
  名称: device_control, 参数: {"action": "switch", "vehicle_brand": "\u7406\u60f3"}
规划列多出以下函数：
  名称: device_control, 参数: {"action": "query", "entity": "ACCOUNT_INFO", "function_option": "NICK_NAME"}
2026-01-20 09:33:43,433 - ERROR - CaseID: 25
规划列缺少以下函数：
  名称: device_control, 参数: {"action": "switch", "vehicle_brand": "\u7406\u60f3"}
规划列多出以下函数：
  名称: device_control, 参数: {"action": "unsupport"}
2026-01-20 09:33:43,436 - ERROR - CaseID: 26
规划列缺少以下函数：
  名称: device_control, 参数: {"action": "switch", "vehicle_brand": "\u7406\u60f3"}
规划列多出以下函数：
  名称: device_control, 参数: {"action": "unsupport"}
2026-01-20 09:33:43,441 - ERROR - CaseID: 28
规划列缺少以下函数：
  名称: device_control, 参数: {"action": "switch", "vehicle_brand": "\u7406\u60f3"}
规划列多出以下函数：
  名称: global_control, 参数: {"action": "quit", "entity": "VOICE"}
2026-01-20 09:33:43,443 - ERROR - CaseID: 29
规划列缺少以下函数：
  名称: device_control, 参数: {"action": "switch", "vehicle_brand": "\u7406\u60f3"}
规划列多出以下函数：
  名称: device_control, 参数: {"action": "unsupport"}
2026-01-20 09:33:43,449 - ERROR - CaseID: 31
函数数量不匹配：预期1个，规划0个
规划列无有效函数
2026-01-20 09:33:43,455 - ERROR - CaseID: 33
函数数量不匹配：预期1个，规划0个
规划列无有效函数
2026-01-20 09:33:43,460 - ERROR - CaseID: 35
规划列缺少以下函数：
  名称: device_control, 参数: {"action": "switch", "vehicle_brand": "\u7406\u60f3"}
规划列多出以下函数：
  名称: global_control, 参数: {"action": "confirm"}
2026-01-20 09:33:43,462 - ERROR - CaseID: 36
函数数量不匹配：预期1个，规划0个
规划列无有效函数
2026-01-20 09:33:43,466 - ERROR - CaseID: 38
函数数量不匹配：预期1个，规划0个
规划列无有效函数
2026-01-20 09:33:43,470 - ERROR - CaseID: 40
规划列缺少以下函数：
  名称: device_control, 参数: {"action": "switch", "vehicle_brand": "\u7406\u60f3"}
规划列多出以下函数：
  名称: device_control, 参数: {"action": "turnon", "entity": "AUTHORIZATION_DRIVING"}
2026-01-20 09:33:43,473 - ERROR - CaseID: 41
规划列缺少以下函数：
  名称: device_control, 参数: {"action": "switch", "vehicle_brand": "\u7406\u60f3"}
规划列多出以下函数：
  名称: device_control, 参数: {"action": "unsupport"}
2026-01-20 09:33:43,475 - ERROR - CaseID: 42
函数数量不匹配：预期1个，规划0个
规划列无有效函数
2026-01-20 09:33:43,481 - ERROR - CaseID: 44
规划列缺少以下函数：
  名称: device_control, 参数: {"action": "switch", "vehicle_brand": "\u7279\u65af\u62c9"}
规划列多出以下函数：
  名称: device_control, 参数: {"action": "turnon", "entity": "VEHICLE_LOCATION", "position": "OTHER"}
2026-01-20 09:33:43,483 - ERROR - CaseID: 45
规划列缺少以下函数：
  名称: device_control, 参数: {"action": "switch", "vehicle_brand": "\u7279\u65af\u62c9"}
规划列多出以下函数：
  名称: device_control, 参数: {"action": "turnon", "entity": "AUTHORIZATION_DRIVING", "position": "USER"}
2026-01-20 09:33:43,490 - ERROR - CaseID: 48
规划列缺少以下函数：
  名称: device_control, 参数: {"action": "switch", "vehicle_brand": "\u7279\u65af\u62c9"}
规划列多出以下函数：
  名称: device_control, 参数: {"action": "unsupport"}
2026-01-20 09:33:43,499 - ERROR - CaseID: 52
规划列缺少以下函数：
  名称: device_control, 参数: {"action": "switch", "vehicle_brand": "\u7279\u65af\u62c9"}
规划列多出以下函数：
  名称: device_control, 参数: {"action": "unsupport"}
2026-01-20 09:33:43,501 - ERROR - CaseID: 53
规划列缺少以下函数：
  名称: device_control, 参数: {"action": "switch", "vehicle_brand": "\u7279\u65af\u62c9"}
规划列多出以下函数：
  名称: global_control, 参数: {"action": "confirm"}
2026-01-20 09:33:43,505 - ERROR - CaseID: 55
规划列缺少以下函数：
  名称: device_control, 参数: {"action": "switch", "vehicle_brand": "\u7279\u65af\u62c9"}
规划列多出以下函数：
  名称: device_control, 参数: {"action": "query", "entity": "VEHICLE_LOCATION"}
2026-01-20 09:33:43,515 - ERROR - CaseID: 60
函数数量不匹配：预期1个，规划0个
规划列无有效函数
2026-01-20 09:33:43,522 - ERROR - CaseID: 63
规划列缺少以下函数：
  名称: device_control, 参数: {"action": "switch", "vehicle_brand": "\u7279\u65af\u62c9"}
规划列多出以下函数：
  名称: device_control, 参数: {"action": "unsupport"}
2026-01-20 09:33:43,527 - ERROR - CaseID: 65
规划列缺少以下函数：
  名称: device_control, 参数: {"action": "switch", "vehicle_brand": "\u7279\u65af\u62c9"}
规划列多出以下函数：
  名称: device_control, 参数: {"action": "unsupport"}
2026-01-20 09:33:43,531 - ERROR - CaseID: 67
规划列缺少以下函数：
  名称: device_control, 参数: {"action": "switch", "vehicle_brand": "\u7279\u65af\u62c9"}
规划列多出以下函数：
  名称: device_control, 参数: {"action": "unsupport"}
2026-01-20 09:33:43,534 - ERROR - CaseID: 68
规划列缺少以下函数：
  名称: device_control, 参数: {"action": "switch", "vehicle_brand": "\u7279\u65af\u62c9"}
规划列多出以下函数：
  名称: global_control, 参数: {"action": "confirm"}
2026-01-20 09:33:43,538 - ERROR - CaseID: 70
规划列缺少以下函数：
  名称: device_control, 参数: {"action": "switch", "vehicle_brand": "\u7279\u65af\u62c9"}
规划列多出以下函数：
  名称: device_control, 参数: {"action": "query", "entity": "VEHICLE_LOCATION"}
2026-01-20 09:33:43,545 - ERROR - CaseID: 73
规划列缺少以下函数：
  名称: device_control, 参数: {"action": "switch", "vehicle_brand": "\u7279\u65af\u62c9"}
规划列多出以下函数：
  名称: device_control, 参数: {"action": "query", "device": "\u7279\u65af\u62c9", "entity": "VEHICLE_LOCATION"}
2026-01-20 09:33:43,547 - ERROR - CaseID: 74
规划列缺少以下函数：
  名称: device_control, 参数: {"action": "switch", "vehicle_brand": "\u7279\u65af\u62c9"}
规划列多出以下函数：
  名称: device_control, 参数: {"action": "turnon", "entity": "VEHICLE_LOCATION", "position": "TESLA"}
2026-01-20 09:33:43,554 - ERROR - CaseID: 77
规划列缺少以下函数：
  名称: device_control, 参数: {"action": "switch", "vehicle_model": "L9"}
规划列多出以下函数：
  名称: device_control, 参数: {"action": "unsupport"}
2026-01-20 09:33:43,561 - ERROR - CaseID: 80
规划列缺少以下函数：
  名称: device_control, 参数: {"action": "switch", "vehicle_model": "L9"}
规划列多出以下函数：
  名称: device_control, 参数: {"action": "turnon", "entity": "CAR_DOOR_LOCK"}
2026-01-20 09:33:43,564 - ERROR - CaseID: 81
规划列缺少以下函数：
  名称: device_control, 参数: {"action": "switch", "vehicle_model": "L9"}
规划列多出以下函数：
  名称: device_control, 参数: {"action": "query", "entity": "VEHICLE_LOCATION"}
2026-01-20 09:33:43,575 - ERROR - CaseID: 85
规划列缺少以下函数：
  名称: device_control, 参数: {"action": "switch", "vehicle_model": "L9 Ultra"}
规划列多出以下函数：
  名称: device_control, 参数: {"action": "unsupport"}
2026-01-20 09:33:43,577 - ERROR - CaseID: 86
规划列缺少以下函数：
  名称: device_control, 参数: {"action": "switch", "vehicle_model": "L9 Ultra"}
规划列多出以下函数：
  名称: device_control, 参数: {"action": "unsupport"}
2026-01-20 09:33:43,583 - ERROR - CaseID: 88
规划列缺少以下函数：
  名称: device_control, 参数: {"action": "switch", "vehicle_model": "L9 Ultra"}
规划列多出以下函数：
  名称: device_control, 参数: {"action": "unsupport"}
2026-01-20 09:33:43,594 - ERROR - CaseID: 92
规划列缺少以下函数：
  名称: device_control, 参数: {"action": "switch", "vehicle_model": "L9 Pro"}
规划列多出以下函数：
  名称: device_control, 参数: {"action": "unsupport"}
2026-01-20 09:33:43,605 - ERROR - CaseID: 96
规划列缺少以下函数：
  名称: device_control, 参数: {"action": "switch", "vehicle_model": "L9 Max"}
规划列多出以下函数：
  名称: device_control, 参数: {"action": "unsupport"}
2026-01-20 09:33:43,607 - ERROR - CaseID: 97
规划列缺少以下函数：
  名称: device_control, 参数: {"action": "switch", "vehicle_model": "L9 Max"}
规划列多出以下函数：
  名称: device_control, 参数: {"action": "unsupport"}
2026-01-20 09:33:43,612 - ERROR - CaseID: 99
规划列缺少以下函数：
  名称: device_control, 参数: {"action": "switch", "vehicle_model": "L8"}
规划列多出以下函数：
  名称: device_control, 参数: {"action": "unsupport"}
2026-01-20 09:33:43,617 - ERROR - CaseID: 101
规划列缺少以下函数：
  名称: device_control, 参数: {"action": "switch", "vehicle_model": "L8"}
规划列多出以下函数：
  名称: device_control, 参数: {"action": "unsupport"}
2026-01-20 09:33:43,625 - ERROR - CaseID: 105
规划列缺少以下函数：
  名称: device_control, 参数: {"action": "switch", "vehicle_model": "L8 Ultra"}
规划列多出以下函数：
  名称: device_control, 参数: {"action": "unsupport"}
2026-01-20 09:33:43,627 - ERROR - CaseID: 106
规划列缺少以下函数：
  名称: device_control, 参数: {"action": "switch", "vehicle_model": "L8 Ultra"}
规划列多出以下函数：
  名称: global_control, 参数: {"action": "confirm"}
2026-01-20 09:33:43,635 - ERROR - CaseID: 110
规划列缺少以下函数：
  名称: device_control, 参数: {"action": "switch", "vehicle_model": "L8 Pro"}
规划列多出以下函数：
  名称: device_control, 参数: {"action": "unsupport"}
2026-01-20 09:33:43,641 - ERROR - CaseID: 113
规划列缺少以下函数：
  名称: device_control, 参数: {"action": "switch", "vehicle_model": "L8 Max"}
规划列多出以下函数：
  名称: global_control, 参数: {"action": "confirm"}
2026-01-20 09:33:43,643 - ERROR - CaseID: 114
规划列缺少以下函数：
  名称: device_control, 参数: {"action": "switch", "vehicle_model": "L8 Max"}
规划列多出以下函数：
  名称: device_control, 参数: {"action": "unsupport"}
2026-01-20 09:33:43,649 - ERROR - CaseID: 117
规划列缺少以下函数：
  名称: device_control, 参数: {"action": "switch", "vehicle_model": "L8 Air"}
规划列多出以下函数：
  名称: device_control, 参数: {"action": "unsupport"}
2026-01-20 09:33:43,651 - ERROR - CaseID: 118
规划列缺少以下函数：
  名称: device_control, 参数: {"action": "switch", "vehicle_model": "L8 Air"}
规划列多出以下函数：
  名称: global_control, 参数: {"action": "confirm"}
2026-01-20 09:33:43,654 - ERROR - CaseID: 119
规划列缺少以下函数：
  名称: device_control, 参数: {"action": "switch", "vehicle_model": "L8 Air"}
规划列多出以下函数：
  名称: device_control, 参数: {"action": "unsupport"}
2026-01-20 09:33:43,662 - ERROR - CaseID: 123
规划列缺少以下函数：
  名称: device_control, 参数: {"action": "switch", "vehicle_model": "L7"}
规划列多出以下函数：
  名称: device_control, 参数: {"action": "turnon", "entity": "SEAT", "function_option": "FIRST_ROW"}
2026-01-20 09:33:43,671 - ERROR - CaseID: 128
规划列缺少以下函数：
  名称: device_control, 参数: {"action": "switch", "vehicle_model": "L7 Ultra"}
规划列多出以下函数：
  名称: global_control, 参数: {"action": "confirm"}
2026-01-20 09:33:43,675 - ERROR - CaseID: 130
规划列缺少以下函数：
  名称: device_control, 参数: {"action": "switch", "vehicle_model": "L7 Ultra"}
规划列多出以下函数：
  名称: global_control, 参数: {"action": "confirm"}
2026-01-20 09:33:43,679 - ERROR - CaseID: 132
规划列缺少以下函数：
  名称: device_control, 参数: {"action": "switch", "vehicle_model": "L7 Pro"}
规划列多出以下函数：
  名称: global_control, 参数: {"action": "confirm"}
2026-01-20 09:33:43,684 - ERROR - CaseID: 134
规划列缺少以下函数：
  名称: device_control, 参数: {"action": "switch", "vehicle_model": "L7 Pro"}
规划列多出以下函数：
  名称: device_control, 参数: {"action": "unsupport"}
2026-01-20 09:33:43,688 - ERROR - CaseID: 136
规划列缺少以下函数：
  名称: device_control, 参数: {"action": "switch", "vehicle_model": "L7 Max"}
规划列多出以下函数：
  名称: global_control, 参数: {"action": "confirm"}
2026-01-20 09:33:43,692 - ERROR - CaseID: 138
规划列缺少以下函数：
  名称: device_control, 参数: {"action": "switch", "vehicle_model": "L7 Max"}
规划列多出以下函数：
  名称: device_control, 参数: {"action": "unsupport"}
2026-01-20 09:33:43,696 - ERROR - CaseID: 140
规划列缺少以下函数：
  名称: device_control, 参数: {"action": "switch", "vehicle_model": "L7 Air"}
规划列多出以下函数：
  名称: global_control, 参数: {"action": "confirm"}
2026-01-20 09:33:43,700 - ERROR - CaseID: 142
规划列缺少以下函数：
  名称: device_control, 参数: {"action": "switch", "vehicle_model": "L7 Air"}
规划列多出以下函数：
  名称: device_control, 参数: {"action": "unsupport"}
2026-01-20 09:33:43,704 - ERROR - CaseID: 144
规划列缺少以下函数：
  名称: device_control, 参数: {"action": "switch", "vehicle_model": "L6"}
规划列多出以下函数：
  名称: device_control, 参数: {"action": "unsupport"}
2026-01-20 09:33:43,713 - ERROR - CaseID: 148
规划列缺少以下函数：
  名称: device_control, 参数: {"action": "switch", "vehicle_model": "L6"}
规划列多出以下函数：
  名称: device_control, 参数: {"action": "turnon", "entity": "L6"}
2026-01-20 09:33:43,718 - ERROR - CaseID: 150
规划列缺少以下函数：
  名称: device_control, 参数: {"action": "switch", "vehicle_model": "L6 Pro"}
规划列多出以下函数：
  名称: global_control, 参数: {"action": "confirm"}
2026-01-20 09:33:43,728 - ERROR - CaseID: 154
规划列缺少以下函数：
  名称: device_control, 参数: {"action": "switch", "vehicle_model": "L6 Max"}
规划列多出以下函数：
  名称: global_control, 参数: {"action": "confirm"}
2026-01-20 09:33:43,737 - ERROR - CaseID: 158
规划列缺少以下函数：
  名称: device_control, 参数: {"action": "switch", "vehicle_model": "i8"}
规划列多出以下函数：
  名称: device_control, 参数: {"action": "query", "entity": "DEFAULT_VEHICLE"}
2026-01-20 09:33:43,746 - ERROR - CaseID: 162
规划列缺少以下函数：
  名称: device_control, 参数: {"action": "switch", "vehicle_model": "i6"}
规划列多出以下函数：
  名称: autosearch, 参数: {"category": "\u6c7d\u8f66", "query": "\u4f7f\u7528l6max\u8f66\u8f86", "tag": "l6max&\u8f66\u8f86"}
2026-01-20 09:33:43,749 - ERROR - CaseID: 163
规划列缺少以下函数：
  名称: device_control, 参数: {"action": "switch", "vehicle_model": "i6"}
规划列多出以下函数：
  名称: device_control, 参数: {"action": "switch", "vehicle_model": "L6 Max"}
2026-01-20 09:33:43,751 - ERROR - CaseID: 164
规划列缺少以下函数：
  名称: device_control, 参数: {"action": "switch", "vehicle_model": "i6"}
规划列多出以下函数：
  名称: device_control, 参数: {"action": "switch", "vehicle_model": "L6 Max"}
2026-01-20 09:33:43,756 - ERROR - CaseID: 166
规划列缺少以下函数：
  名称: device_control, 参数: {"action": "switch", "vehicle_model": "MEGA"}
规划列多出以下函数：
  名称: device_control, 参数: {"action": "query", "entity": "VEHICLE_LOCATION"}
2026-01-20 09:33:43,763 - ERROR - CaseID: 170
规划列缺少以下函数：
  名称: device_control, 参数: {"action": "switch", "vehicle_model": "MEGA Home"}
规划列多出以下函数：
  名称: device_control, 参数: {"action": "unsupport"}
2026-01-20 09:33:43,772 - ERROR - CaseID: 174
规划列缺少以下函数：
  名称: device_control, 参数: {"action": "switch", "vehicle_model": "MEGA Ultra"}
规划列多出以下函数：
  名称: global_control, 参数: {"action": "confirm"}
2026-01-20 09:33:43,780 - ERROR - CaseID: 178
函数数量不匹配：预期1个，规划0个
规划列无有效函数
2026-01-20 09:33:43,788 - ERROR - CaseID: 182
规划列缺少以下函数：
  名称: device_control, 参数: {"action": "switch", "vehicle_model": "Model Y"}
规划列多出以下函数：
  名称: device_control, 参数: {"action": "turnon", "entity": "DEPART_ON_MODE", "position": "PASSENGER"}
2026-01-20 09:33:43,798 - ERROR - CaseID: 187
规划列缺少以下函数：
  名称: device_control, 参数: {"action": "switch", "vehicle_model": "Model S"}
规划列多出以下函数：
  名称: device_control, 参数: {"action": "unsupport"}
2026-01-20 09:33:43,806 - ERROR - CaseID: 191
规划列缺少以下函数：
  名称: device_control, 参数: {"action": "switch", "vehicle_model": "Model X"}
规划列多出以下函数：
  名称: device_control, 参数: {"action": "turnon", "entity": "AUTOHOLD"}
2026-01-20 09:33:43,807 - ERROR - CaseID: 192
规划列缺少以下函数：
  名称: device_control, 参数: {"action": "switch", "vehicle_model": "Model X"}
规划列多出以下函数：
  名称: autosearch, 参数: {"category": "\u6c7d\u8f66", "query": "\u4f7f\u7528\u5e38\u5f00\u7684modelx", "tag": "modelx&\u5e38\u5f00"}
2026-01-20 09:33:43,810 - ERROR - CaseID: 193
函数数量不匹配：预期1个，规划0个
规划列无有效函数
2026-01-20 09:33:43,812 - ERROR - CaseID: 194
规划列缺少以下函数：
  名称: device_control, 参数: {"action": "switch", "vehicle_model": "Model Y L"}
规划列多出以下函数：
  名称: device_control, 参数: {"action": "unsupport"}
2026-01-20 09:33:43,814 - ERROR - CaseID: 195
规划列缺少以下函数：
  名称: device_control, 参数: {"action": "switch", "vehicle_model": "Model Y L"}
规划列多出以下函数：
  名称: device_control, 参数: {"action": "turnon", "entity": "CAR_MAINTAIN", "position": "FRONT", "vehicle": "model y"}
2026-01-20 09:33:43,816 - ERROR - CaseID: 196
规划列缺少以下函数：
  名称: device_control, 参数: {"action": "switch", "vehicle_model": "Model Y L"}
规划列多出以下函数：
  名称: device_control, 参数: {"action": "turnon", "entity": "HOLDING_POWER_WHEN_LEAVING"}
2026-01-20 09:33:43,819 - ERROR - CaseID: 197
规划列缺少以下函数：
  名称: device_control, 参数: {"action": "switch", "vehicle_model": "Cybertruck"}
规划列多出以下函数：
  名称: device_control, 参数: {"action": "unsupport"}
2026-01-20 09:33:43,823 - ERROR - CaseID: 199
规划列缺少以下函数：
  名称: device_control, 参数: {"action": "switch", "vehicle_model": "Cybertruck"}
规划列多出以下函数：
  名称: autosearch, 参数: {"category": "\u6c7d\u8f66", "query": "\u6253\u5f00cybertruck", "tag": "cybertruck&\u6253\u5f00"}
2026-01-20 09:33:43,825 - ERROR - CaseID: 200
规划列缺少以下函数：
  名称: device_control, 参数: {"action": "switch", "vehicle_model": "Cybertruck"}
规划列多出以下函数：
  名称: autosearch, 参数: {"category": "\u6c7d\u8f66", "query": "\u8fde\u63a5\u6211\u7684cybertruck", "tag": "\u8fde\u63a5&cybertruck"}
2026-01-20 09:33:43,839 - ERROR - CaseID: 206
规划列缺少以下函数：
  名称: device_control, 参数: {"action": "switch", "vehicle_brand": "\u7406\u60f3", "vehicle_model": "L9"}
规划列多出以下函数：
  名称: device_control, 参数: {"action": "unsupport"}
2026-01-20 09:33:43,841 - ERROR - CaseID: 207
规划列缺少以下函数：
  名称: device_control, 参数: {"action": "switch", "vehicle_brand": "\u7406\u60f3", "vehicle_model": "L9 Ultra"}
规划列多出以下函数：
  名称: device_control, 参数: {"action": "unsupport"}
2026-01-20 09:33:43,846 - ERROR - CaseID: 209
规划列缺少以下函数：
  名称: device_control, 参数: {"action": "switch", "vehicle_brand": "\u7406\u60f3", "vehicle_model": "L8 Pro"}
规划列多出以下函数：
  名称: aipainting, 参数: {"category": "\u5176\u4ed6", "keyphrase": "", "style": ""}
2026-01-20 09:33:43,849 - ERROR - CaseID: 210
规划列缺少以下函数：
  名称: device_control, 参数: {"action": "switch", "vehicle_brand": "\u7406\u60f3", "vehicle_model": "L8 Max"}
规划列多出以下函数：
  名称: device_control, 参数: {"action": "unsupport"}
2026-01-20 09:33:43,884 - ERROR - CaseID: 224
规划列缺少以下函数：
  名称: device_control, 参数: {"action": "switch", "vehicle_brand": "\u7406\u60f3", "vehicle_model": "L7 Pro"}
规划列多出以下函数：
  名称: device_control, 参数: {"action": "cancel", "entity": "AUTHORIZATION", "position_reference": "\u7406\u60f3l7pro"}
2026-01-20 09:33:43,886 - ERROR - CaseID: 225
规划列缺少以下函数：
  名称: device_control, 参数: {"action": "switch", "vehicle_brand": "\u7406\u60f3", "vehicle_model": "L6 Air"}
规划列多出以下函数：
  名称: device_control, 参数: {"action": "unsupport"}
2026-01-20 09:33:43,896 - ERROR - CaseID: 229
规划列缺少以下函数：
  名称: device_control, 参数: {"action": "switch", "vehicle_brand": "\u7406\u60f3", "vehicle_model": "L6 Air"}
规划列多出以下函数：
  名称: autosearch, 参数: {"category": "\u6c7d\u8f66", "query": "\u9009\u62e9\u6211\u7684\u7406\u60f3l6air", "tag": "\u6211\u7684\u7406\u60f3l6air&\u9009\u62e9"}
2026-01-20 09:33:43,904 - ERROR - CaseID: 232
规划列缺少以下函数：
  名称: device_control, 参数: {"action": "switch", "vehicle_brand": "\u7406\u60f3", "vehicle_model": "i8"}
规划列多出以下函数：
  名称: device_control, 参数: {"action": "query", "entity": "VEHICLE_LOCATION"}
2026-01-20 09:33:43,927 - ERROR - CaseID: 244
规划列缺少以下函数：
  名称: device_control, 参数: {"action": "switch", "vehicle_brand": "\u7279\u65af\u62c9", "vehicle_model": "Model 3"}
规划列多出以下函数：
  名称: device_control, 参数: {"action": "unsupport"}
2026-01-20 09:33:43,929 - ERROR - CaseID: 245
规划列缺少以下函数：
  名称: device_control, 参数: {"action": "switch", "vehicle_brand": "\u7279\u65af\u62c9", "vehicle_model": "Model 3"}
规划列多出以下函数：
  名称: device_control, 参数: {"action": "query", "entity": "VEHICLE_LOCATION"}
2026-01-20 09:33:43,935 - ERROR - CaseID: 248
规划列缺少以下函数：
  名称: device_control, 参数: {"action": "switch", "vehicle_brand": "\u7279\u65af\u62c9", "vehicle_model": "Model 3"}
规划列多出以下函数：
  名称: device_control, 参数: {"action": "unsupport"}
2026-01-20 09:33:43,937 - ERROR - CaseID: 249
规划列缺少以下函数：
  名称: device_control, 参数: {"action": "switch", "vehicle_brand": "\u7279\u65af\u62c9", "vehicle_model": "Model Y"}
规划列多出以下函数：
  名称: device_control, 参数: {"action": "unsupport"}
2026-01-20 09:33:43,941 - ERROR - CaseID: 251
规划列缺少以下函数：
  名称: device_control, 参数: {"action": "switch", "vehicle_brand": "\u7279\u65af\u62c9", "vehicle_model": "Model Y"}
规划列多出以下函数：
  名称: device_control, 参数: {"action": "query", "entity": "CAR_DOOR", "position": "FRONT_RIGHT"}
2026-01-20 09:33:43,951 - ERROR - CaseID: 256
规划列缺少以下函数：
  名称: device_control, 参数: {"action": "switch", "vehicle_brand": "\u7279\u65af\u62c9", "vehicle_model": "Model S"}
规划列多出以下函数：
  名称: aipainting, 参数: {"category": "\u5176\u4ed6", "keyphrase": "", "style": ""}
2026-01-20 09:33:43,958 - ERROR - CaseID: 259
规划列缺少以下函数：
  名称: device_control, 参数: {"action": "switch", "vehicle_brand": "\u7279\u65af\u62c9", "vehicle_model": "Model S"}
规划列多出以下函数：
  名称: device_control, 参数: {"action": "unsupport"}
2026-01-20 09:33:43,974 - ERROR - CaseID: 267
规划列缺少以下函数：
  名称: device_control, 参数: {"action": "switch", "vehicle_brand": "\u7279\u65af\u62c9", "vehicle_model": "Model X"}
规划列多出以下函数：
  名称: device_control, 参数: {"action": "unsupport"}
2026-01-20 09:33:43,980 - ERROR - CaseID: 270
规划列缺少以下函数：
  名称: device_control, 参数: {"action": "switch", "vehicle_brand": "\u7279\u65af\u62c9", "vehicle_model": "Model Y L"}
规划列多出以下函数：
  名称: device_control, 参数: {"action": "switch", "vehicle_brand": "\u7279\u65af\u62c9", "vehicle_model": "Model Y"}
2026-01-20 09:33:43,983 - ERROR - CaseID: 271
规划列缺少以下函数：
  名称: device_control, 参数: {"action": "switch", "vehicle_brand": "\u7279\u65af\u62c9", "vehicle_model": "Model Y L"}
规划列多出以下函数：
  名称: device_control, 参数: {"action": "unsupport"}
2026-01-20 09:33:43,987 - ERROR - CaseID: 273
函数数量不匹配：预期1个，规划0个
规划列无有效函数
2026-01-20 09:33:43,989 - ERROR - CaseID: 274
规划列缺少以下函数：
  名称: device_control, 参数: {"action": "switch", "vehicle_brand": "\u7279\u65af\u62c9", "vehicle_model": "Cybertruck"}
规划列多出以下函数：
  名称: autosearch, 参数: {"category": "\u6c7d\u8f66", "query": "\u4f7f\u7528\u6211\u5e38\u5f00\u7684teslecycertbot", "tag": "teslecycertbot&\u4f7f\u7528"}
2026-01-20 09:33:43,996 - ERROR - CaseID: 277
规划列缺少以下函数：
  名称: device_control, 参数: {"action": "switch", "vehicle_brand": "\u7279\u65af\u62c9", "vehicle_model": "Cybertruck"}
规划列多出以下函数：
  名称: device_control, 参数: {"action": "query", "entity": "VEHICLE_LOCATION"}
2026-01-20 09:33:44,001 - ERROR - CaseID: 279
规划列缺少以下函数：
  名称: device_control, 参数: {"action": "switch", "vehicle_brand": "\u7279\u65af\u62c9", "vehicle_model": "Cybertruck"}
规划列多出以下函数：
  名称: device_control, 参数: {"action": "unsupport"}
2026-01-20 09:33:44,027 - ERROR - CaseID: 291
函数数量不匹配：预期1个，规划2个
2026-01-20 09:33:44,033 - ERROR - CaseID: 294
预期列为纯空白无任何内容，但是规划列有值，判定为错误
2026-01-20 09:33:44,042 - ERROR - CaseID: 298
规划列缺少以下函数：
  名称: device_control, 参数: {"action": "query", "entity": "DEFAULT_VEHICLE"}
规划列多出以下函数：
  名称: device_control, 参数: {"action": "query", "entity": "VEHICLE_LOCATION"}
2026-01-20 09:33:44,044 - ERROR - CaseID: 299
规划列缺少以下函数：
  名称: device_control, 参数: {"action": "query", "entity": "DEFAULT_VEHICLE"}
规划列多出以下函数：
  名称: device_control, 参数: {"action": "query", "entity": "ACCOUNT_INFO", "function_option": "NICK_NAME"}
2026-01-20 09:33:44,047 - ERROR - CaseID: 300
规划列缺少以下函数：
  名称: device_control, 参数: {"action": "query", "entity": "DEFAULT_VEHICLE"}
规划列多出以下函数：
  名称: device_control, 参数: {"action": "query", "entity": "VEHICLE_LOCATION"}
2026-01-20 09:33:44,049 - ERROR - CaseID: 301
规划列缺少以下函数：
  名称: device_control, 参数: {"action": "query", "entity": "DEFAULT_VEHICLE"}
规划列多出以下函数：
  名称: device_control, 参数: {"action": "query", "entity": "VEHICLE_LOCATION"}
2026-01-20 09:33:44,051 - ERROR - CaseID: 302
规划列缺少以下函数：
  名称: device_control, 参数: {"action": "query", "entity": "DEFAULT_VEHICLE"}
规划列多出以下函数：
  名称: device_control, 参数: {"action": "query", "entity": "VEHICLE_LOCATION"}
2026-01-20 09:33:44,054 - ERROR - CaseID: 303
规划列缺少以下函数：
  名称: device_control, 参数: {"action": "query", "entity": "DEFAULT_VEHICLE"}
规划列多出以下函数：
  名称: device_control, 参数: {"action": "query", "entity": "VEHICLE_LOCATION"}
2026-01-20 09:33:44,056 - ERROR - CaseID: 304
规划列缺少以下函数：
  名称: device_control, 参数: {"action": "query", "entity": "DEFAULT_VEHICLE"}
规划列多出以下函数：
  名称: device_control, 参数: {"action": "query", "entity": "ACCOUNT_INFO", "function_option": "NICK_NAME"}
2026-01-20 09:33:44,058 - ERROR - CaseID: 305
规划列缺少以下函数：
  名称: device_control, 参数: {"action": "query", "entity": "DEFAULT_VEHICLE"}
规划列多出以下函数：
  名称: device_control, 参数: {"action": "query", "entity": "VEHICLE_LOCATION"}
2026-01-20 09:33:44,060 - ERROR - CaseID: 306
规划列缺少以下函数：
  名称: device_control, 参数: {"action": "query", "entity": "DEFAULT_VEHICLE"}
规划列多出以下函数：
  名称: device_control, 参数: {"action": "query", "entity": "VEHICLE_LOCATION"}
2026-01-20 09:33:44,062 - ERROR - CaseID: 307
规划列缺少以下函数：
  名称: device_control, 参数: {"action": "query", "entity": "DEFAULT_VEHICLE"}
规划列多出以下函数：
  名称: device_control, 参数: {"action": "query", "entity": "ACCOUNT_INFO", "function_option": "NICK_NAME"}
2026-01-20 09:33:44,065 - ERROR - CaseID: 308
规划列缺少以下函数：
  名称: device_control, 参数: {"action": "query", "entity": "DEFAULT_VEHICLE"}
规划列多出以下函数：
  名称: device_control, 参数: {"action": "query", "entity": "VEHICLE_LOCATION"}
2026-01-20 09:33:44,068 - ERROR - CaseID: 309
规划列缺少以下函数：
  名称: device_control, 参数: {"action": "query", "entity": "DEFAULT_VEHICLE"}
规划列多出以下函数：
  名称: device_control, 参数: {"action": "query", "entity": "ACCOUNT_INFO", "function_option": "NICK_NAME"}
2026-01-20 09:33:44,070 - ERROR - CaseID: 310
规划列缺少以下函数：
  名称: device_control, 参数: {"action": "query", "entity": "DEFAULT_VEHICLE"}
规划列多出以下函数：
  名称: device_control, 参数: {"action": "query", "entity": "VEHICLE_LOCATION"}
2026-01-20 09:33:44,072 - ERROR - CaseID: 311
规划列缺少以下函数：
  名称: device_control, 参数: {"action": "query", "entity": "DEFAULT_VEHICLE"}
规划列多出以下函数：
  名称: device_control, 参数: {"action": "query", "entity": "VEHICLE_LOCATION"}
2026-01-20 09:33:44,075 - ERROR - CaseID: 312
规划列缺少以下函数：
  名称: device_control, 参数: {"action": "query", "entity": "DEFAULT_VEHICLE"}
规划列多出以下函数：
  名称: device_control, 参数: {"action": "query", "entity": "VEHICLE_LOCATION"}
2026-01-20 09:33:44,078 - ERROR - CaseID: 313
规划列缺少以下函数：
  名称: device_control, 参数: {"action": "query", "entity": "DEFAULT_VEHICLE"}
规划列多出以下函数：
  名称: device_control, 参数: {"action": "query", "entity": "ACCOUNT_INFO", "function_option": "NICK_NAME"}
2026-01-20 09:33:44,080 - ERROR - CaseID: 314
规划列缺少以下函数：
  名称: device_control, 参数: {"action": "query", "entity": "DEFAULT_VEHICLE"}
规划列多出以下函数：
  名称: device_control, 参数: {"action": "query", "entity": "VEHICLE_LOCATION"}
2026-01-20 09:33:44,082 - ERROR - CaseID: 315
规划列缺少以下函数：
  名称: device_control, 参数: {"action": "query", "entity": "DEFAULT_VEHICLE"}
规划列多出以下函数：
  名称: device_control, 参数: {"action": "query", "entity": "ACCOUNT_INFO", "function_option": "NICK_NAME"}
2026-01-20 09:33:44,085 - ERROR - CaseID: 316
规划列缺少以下函数：
  名称: device_control, 参数: {"action": "query", "entity": "DEFAULT_VEHICLE"}
规划列多出以下函数：
  名称: device_control, 参数: {"action": "query", "entity": "VEHICLE_LOCATION"}
2026-01-20 09:33:44,088 - ERROR - CaseID: 317
规划列缺少以下函数：
  名称: device_control, 参数: {"action": "query", "entity": "DEFAULT_VEHICLE"}
规划列多出以下函数：
  名称: device_control, 参数: {"action": "query", "entity": "VEHICLE_LOCATION"}
2026-01-20 09:33:44,091 - ERROR - CaseID: 318
规划列缺少以下函数：
  名称: device_control, 参数: {"action": "query", "entity": "DEFAULT_VEHICLE"}
规划列多出以下函数：
  名称: device_control, 参数: {"action": "query", "entity": "VEHICLE_LOCATION"}
2026-01-20 09:33:44,100 - ERROR - CaseID: 322
规划列缺少以下函数：
  名称: device_control, 参数: {"action": "query", "entity": "DEFAULT_VEHICLE"}
规划列多出以下函数：
  名称: device_control, 参数: {"action": "query", "entity": "VEHICLE_LOCATION"}
2026-01-20 09:33:44,102 - ERROR - CaseID: 323
规划列缺少以下函数：
  名称: device_control, 参数: {"action": "query", "entity": "DEFAULT_VEHICLE"}
规划列多出以下函数：
  名称: device_control, 参数: {"action": "query", "entity": "VEHICLE_LOCATION"}
2026-01-20 09:33:44,105 - ERROR - CaseID: 324
规划列缺少以下函数：
  名称: device_control, 参数: {"action": "query", "entity": "DEFAULT_VEHICLE"}
规划列多出以下函数：
  名称: device_control, 参数: {"action": "query", "entity": "VEHICLE_LOCATION"}
2026-01-20 09:33:44,107 - ERROR - CaseID: 325
规划列缺少以下函数：
  名称: device_control, 参数: {"action": "query", "entity": "DEFAULT_VEHICLE"}
规划列多出以下函数：
  名称: device_control, 参数: {"action": "unsupport"}
2026-01-20 09:33:44,110 - ERROR - CaseID: 326
规划列缺少以下函数：
  名称: device_control, 参数: {"action": "query", "entity": "DEFAULT_VEHICLE"}
规划列多出以下函数：
  名称: device_control, 参数: {"action": "unsupport"}
2026-01-20 09:33:44,113 - ERROR - CaseID: 327
规划列缺少以下函数：
  名称: device_control, 参数: {"action": "query", "entity": "DEFAULT_VEHICLE"}
规划列多出以下函数：
  名称: device_control, 参数: {"action": "unsupport"}
2026-01-20 09:33:44,115 - ERROR - CaseID: 328
预期列为纯空白无任何内容，但是规划列有值，判定为错误
2026-01-20 09:33:44,118 - ERROR - CaseID: 329
预期列为纯空白无任何内容，但是规划列有值，判定为错误
2026-01-20 09:33:44,120 - ERROR - CaseID: 330
预期列为纯空白无任何内容，但是规划列有值，判定为错误
2026-01-20 09:33:44,122 - ERROR - CaseID: 331
预期列为纯空白无任何内容，但是规划列有值，判定为错误
2026-01-20 09:33:44,124 - ERROR - CaseID: 332
预期列为纯空白无任何内容，但是规划列有值，判定为错误
2026-01-20 09:33:44,125 - INFO - 开始分片写入 332 条结果，每片 2000 条
2026-01-20 09:33:44,506 - INFO - 已写入第 1-332 行结果
2026-01-20 09:33:45,011 - INFO - === IM_vehicle_control 流程完成，耗时: 3.60秒 ===
