2026-01-29 09:25:31,277 - INFO - === IM_vehicle_control API对比工具启动 ===
2026-01-29 09:25:33,156 - ERROR - CaseID: 12
函数数量不匹配：预期1个，规划0个
规划列无有效函数
2026-01-29 09:25:33,156 - ERROR - CaseID: 14
规划列缺少以下函数：
  名称: device_control, 参数: {"action": "switch", "vehicle_brand": "\u7406\u60f3"}
规划列多出以下函数：
  名称: device_control, 参数: {"action": "unsupport"}
2026-01-29 09:25:33,156 - ERROR - CaseID: 15
规划列缺少以下函数：
  名称: device_control, 参数: {"action": "switch", "vehicle_brand": "\u7406\u60f3"}
规划列多出以下函数：
  名称: device_control, 参数: {"action": "unsupport"}
2026-01-29 09:25:33,156 - ERROR - CaseID: 17
规划列缺少以下函数：
  名称: device_control, 参数: {"action": "switch", "vehicle_brand": "\u7406\u60f3"}
规划列多出以下函数：
  名称: device_control, 参数: {"action": "unsupport"}
2026-01-29 09:25:33,156 - ERROR - CaseID: 19
规划列缺少以下函数：
  名称: device_control, 参数: {"action": "switch", "vehicle_brand": "\u7406\u60f3"}
规划列多出以下函数：
  名称: device_control, 参数: {"action": "unsupport"}
2026-01-29 09:25:33,157 - ERROR - CaseID: 20
函数数量不匹配：预期1个，规划0个
规划列无有效函数
2026-01-29 09:25:33,157 - ERROR - CaseID: 22
规划列缺少以下函数：
  名称: device_control, 参数: {"action": "switch", "vehicle_brand": "\u7406\u60f3"}
规划列多出以下函数：
  名称: device_control, 参数: {"action": "query", "entity": "ACCOUNT_INFO", "function_option": "NICK_NAME"}
2026-01-29 09:25:33,157 - ERROR - CaseID: 25
规划列缺少以下函数：
  名称: device_control, 参数: {"action": "switch", "vehicle_brand": "\u7406\u60f3"}
规划列多出以下函数：
  名称: device_control, 参数: {"action": "unsupport"}
2026-01-29 09:25:33,157 - ERROR - CaseID: 26
规划列缺少以下函数：
  名称: device_control, 参数: {"action": "switch", "vehicle_brand": "\u7406\u60f3"}
规划列多出以下函数：
  名称: device_control, 参数: {"action": "unsupport"}
2026-01-29 09:25:33,157 - ERROR - CaseID: 28
规划列缺少以下函数：
  名称: device_control, 参数: {"action": "switch", "vehicle_brand": "\u7406\u60f3"}
规划列多出以下函数：
  名称: global_control, 参数: {"action": "quit", "entity": "VOICE"}
2026-01-29 09:25:33,157 - ERROR - CaseID: 29
规划列缺少以下函数：
  名称: device_control, 参数: {"action": "switch", "vehicle_brand": "\u7406\u60f3"}
规划列多出以下函数：
  名称: device_control, 参数: {"action": "unsupport"}
2026-01-29 09:25:33,157 - ERROR - CaseID: 31
函数数量不匹配：预期1个，规划0个
规划列无有效函数
2026-01-29 09:25:33,157 - ERROR - CaseID: 33
函数数量不匹配：预期1个，规划0个
规划列无有效函数
2026-01-29 09:25:33,157 - ERROR - CaseID: 35
规划列缺少以下函数：
  名称: device_control, 参数: {"action": "switch", "vehicle_brand": "\u7406\u60f3"}
规划列多出以下函数：
  名称: global_control, 参数: {"action": "confirm"}
2026-01-29 09:25:33,157 - ERROR - CaseID: 36
函数数量不匹配：预期1个，规划0个
规划列无有效函数
2026-01-29 09:25:33,158 - ERROR - CaseID: 38
函数数量不匹配：预期1个，规划0个
规划列无有效函数
2026-01-29 09:25:33,158 - ERROR - CaseID: 40
规划列缺少以下函数：
  名称: device_control, 参数: {"action": "switch", "vehicle_brand": "\u7406\u60f3"}
规划列多出以下函数：
  名称: device_control, 参数: {"action": "turnon", "entity": "AUTHORIZATION_DRIVING"}
2026-01-29 09:25:33,158 - ERROR - CaseID: 41
规划列缺少以下函数：
  名称: device_control, 参数: {"action": "switch", "vehicle_brand": "\u7406\u60f3"}
规划列多出以下函数：
  名称: device_control, 参数: {"action": "unsupport"}
2026-01-29 09:25:33,158 - ERROR - CaseID: 42
函数数量不匹配：预期1个，规划0个
规划列无有效函数
2026-01-29 09:25:33,158 - ERROR - CaseID: 44
规划列缺少以下函数：
  名称: device_control, 参数: {"action": "switch", "vehicle_brand": "\u7279\u65af\u62c9"}
规划列多出以下函数：
  名称: device_control, 参数: {"action": "turnon", "entity": "VEHICLE_LOCATION", "position": "OTHER"}
2026-01-29 09:25:33,158 - ERROR - CaseID: 45
规划列缺少以下函数：
  名称: device_control, 参数: {"action": "switch", "vehicle_brand": "\u7279\u65af\u62c9"}
规划列多出以下函数：
  名称: device_control, 参数: {"action": "turnon", "entity": "AUTHORIZATION_DRIVING", "position": "USER"}
2026-01-29 09:25:33,158 - ERROR - CaseID: 48
规划列缺少以下函数：
  名称: device_control, 参数: {"action": "switch", "vehicle_brand": "\u7279\u65af\u62c9"}
规划列多出以下函数：
  名称: device_control, 参数: {"action": "unsupport"}
2026-01-29 09:25:33,158 - ERROR - CaseID: 52
规划列缺少以下函数：
  名称: device_control, 参数: {"action": "switch", "vehicle_brand": "\u7279\u65af\u62c9"}
规划列多出以下函数：
  名称: device_control, 参数: {"action": "unsupport"}
2026-01-29 09:25:33,159 - ERROR - CaseID: 53
规划列缺少以下函数：
  名称: device_control, 参数: {"action": "switch", "vehicle_brand": "\u7279\u65af\u62c9"}
规划列多出以下函数：
  名称: global_control, 参数: {"action": "confirm"}
2026-01-29 09:25:33,159 - ERROR - CaseID: 55
规划列缺少以下函数：
  名称: device_control, 参数: {"action": "switch", "vehicle_brand": "\u7279\u65af\u62c9"}
规划列多出以下函数：
  名称: device_control, 参数: {"action": "query", "entity": "VEHICLE_LOCATION"}
2026-01-29 09:25:33,159 - ERROR - CaseID: 60
函数数量不匹配：预期1个，规划0个
规划列无有效函数
2026-01-29 09:25:33,159 - ERROR - CaseID: 63
规划列缺少以下函数：
  名称: device_control, 参数: {"action": "switch", "vehicle_brand": "\u7279\u65af\u62c9"}
规划列多出以下函数：
  名称: device_control, 参数: {"action": "unsupport"}
2026-01-29 09:25:33,159 - ERROR - CaseID: 65
规划列缺少以下函数：
  名称: device_control, 参数: {"action": "switch", "vehicle_brand": "\u7279\u65af\u62c9"}
规划列多出以下函数：
  名称: device_control, 参数: {"action": "unsupport"}
2026-01-29 09:25:33,159 - ERROR - CaseID: 67
规划列缺少以下函数：
  名称: device_control, 参数: {"action": "switch", "vehicle_brand": "\u7279\u65af\u62c9"}
规划列多出以下函数：
  名称: device_control, 参数: {"action": "unsupport"}
2026-01-29 09:25:33,159 - ERROR - CaseID: 68
规划列缺少以下函数：
  名称: device_control, 参数: {"action": "switch", "vehicle_brand": "\u7279\u65af\u62c9"}
规划列多出以下函数：
  名称: global_control, 参数: {"action": "confirm"}
2026-01-29 09:25:33,160 - ERROR - CaseID: 70
规划列缺少以下函数：
  名称: device_control, 参数: {"action": "switch", "vehicle_brand": "\u7279\u65af\u62c9"}
规划列多出以下函数：
  名称: device_control, 参数: {"action": "query", "entity": "VEHICLE_LOCATION"}
2026-01-29 09:25:33,160 - ERROR - CaseID: 73
规划列缺少以下函数：
  名称: device_control, 参数: {"action": "switch", "vehicle_brand": "\u7279\u65af\u62c9"}
规划列多出以下函数：
  名称: device_control, 参数: {"action": "query", "device": "\u7279\u65af\u62c9", "entity": "VEHICLE_LOCATION"}
2026-01-29 09:25:33,160 - ERROR - CaseID: 74
规划列缺少以下函数：
  名称: device_control, 参数: {"action": "switch", "vehicle_brand": "\u7279\u65af\u62c9"}
规划列多出以下函数：
  名称: device_control, 参数: {"action": "turnon", "entity": "VEHICLE_LOCATION", "position": "TESLA"}
2026-01-29 09:25:33,160 - ERROR - CaseID: 77
规划列缺少以下函数：
  名称: device_control, 参数: {"action": "switch", "vehicle_model": "L9"}
规划列多出以下函数：
  名称: device_control, 参数: {"action": "unsupport"}
2026-01-29 09:25:33,160 - ERROR - CaseID: 80
规划列缺少以下函数：
  名称: device_control, 参数: {"action": "switch", "vehicle_model": "L9"}
规划列多出以下函数：
  名称: device_control, 参数: {"action": "turnon", "entity": "CAR_DOOR_LOCK"}
2026-01-29 09:25:33,160 - ERROR - CaseID: 81
规划列缺少以下函数：
  名称: device_control, 参数: {"action": "switch", "vehicle_model": "L9"}
规划列多出以下函数：
  名称: device_control, 参数: {"action": "query", "entity": "VEHICLE_LOCATION"}
2026-01-29 09:25:33,160 - ERROR - CaseID: 85
规划列缺少以下函数：
  名称: device_control, 参数: {"action": "switch", "vehicle_model": "L9 Ultra"}
规划列多出以下函数：
  名称: device_control, 参数: {"action": "unsupport"}
2026-01-29 09:25:33,161 - ERROR - CaseID: 86
规划列缺少以下函数：
  名称: device_control, 参数: {"action": "switch", "vehicle_model": "L9 Ultra"}
规划列多出以下函数：
  名称: device_control, 参数: {"action": "unsupport"}
2026-01-29 09:25:33,161 - ERROR - CaseID: 88
规划列缺少以下函数：
  名称: device_control, 参数: {"action": "switch", "vehicle_model": "L9 Ultra"}
规划列多出以下函数：
  名称: device_control, 参数: {"action": "unsupport"}
2026-01-29 09:25:33,161 - ERROR - CaseID: 92
规划列缺少以下函数：
  名称: device_control, 参数: {"action": "switch", "vehicle_model": "L9 Pro"}
规划列多出以下函数：
  名称: device_control, 参数: {"action": "unsupport"}
2026-01-29 09:25:33,161 - ERROR - CaseID: 96
规划列缺少以下函数：
  名称: device_control, 参数: {"action": "switch", "vehicle_model": "L9 Max"}
规划列多出以下函数：
  名称: device_control, 参数: {"action": "unsupport"}
2026-01-29 09:25:33,161 - ERROR - CaseID: 97
规划列缺少以下函数：
  名称: device_control, 参数: {"action": "switch", "vehicle_model": "L9 Max"}
规划列多出以下函数：
  名称: device_control, 参数: {"action": "unsupport"}
2026-01-29 09:25:33,161 - ERROR - CaseID: 99
规划列缺少以下函数：
  名称: device_control, 参数: {"action": "switch", "vehicle_model": "L8"}
规划列多出以下函数：
  名称: device_control, 参数: {"action": "unsupport"}
2026-01-29 09:25:33,161 - ERROR - CaseID: 101
规划列缺少以下函数：
  名称: device_control, 参数: {"action": "switch", "vehicle_model": "L8"}
规划列多出以下函数：
  名称: device_control, 参数: {"action": "unsupport"}
2026-01-29 09:25:33,162 - ERROR - CaseID: 105
规划列缺少以下函数：
  名称: device_control, 参数: {"action": "switch", "vehicle_model": "L8 Ultra"}
规划列多出以下函数：
  名称: device_control, 参数: {"action": "unsupport"}
2026-01-29 09:25:33,162 - ERROR - CaseID: 106
规划列缺少以下函数：
  名称: device_control, 参数: {"action": "switch", "vehicle_model": "L8 Ultra"}
规划列多出以下函数：
  名称: global_control, 参数: {"action": "confirm"}
2026-01-29 09:25:33,162 - ERROR - CaseID: 110
规划列缺少以下函数：
  名称: device_control, 参数: {"action": "switch", "vehicle_model": "L8 Pro"}
规划列多出以下函数：
  名称: device_control, 参数: {"action": "unsupport"}
2026-01-29 09:25:33,162 - ERROR - CaseID: 113
规划列缺少以下函数：
  名称: device_control, 参数: {"action": "switch", "vehicle_model": "L8 Max"}
规划列多出以下函数：
  名称: global_control, 参数: {"action": "confirm"}
2026-01-29 09:25:33,162 - ERROR - CaseID: 114
规划列缺少以下函数：
  名称: device_control, 参数: {"action": "switch", "vehicle_model": "L8 Max"}
规划列多出以下函数：
  名称: device_control, 参数: {"action": "unsupport"}
2026-01-29 09:25:33,162 - ERROR - CaseID: 117
规划列缺少以下函数：
  名称: device_control, 参数: {"action": "switch", "vehicle_model": "L8 Air"}
规划列多出以下函数：
  名称: device_control, 参数: {"action": "unsupport"}
2026-01-29 09:25:33,162 - ERROR - CaseID: 118
规划列缺少以下函数：
  名称: device_control, 参数: {"action": "switch", "vehicle_model": "L8 Air"}
规划列多出以下函数：
  名称: global_control, 参数: {"action": "confirm"}
2026-01-29 09:25:33,163 - ERROR - CaseID: 119
规划列缺少以下函数：
  名称: device_control, 参数: {"action": "switch", "vehicle_model": "L8 Air"}
规划列多出以下函数：
  名称: device_control, 参数: {"action": "unsupport"}
2026-01-29 09:25:33,163 - ERROR - CaseID: 123
规划列缺少以下函数：
  名称: device_control, 参数: {"action": "switch", "vehicle_model": "L7"}
规划列多出以下函数：
  名称: device_control, 参数: {"action": "turnon", "entity": "SEAT", "function_option": "FIRST_ROW"}
2026-01-29 09:25:33,163 - ERROR - CaseID: 128
规划列缺少以下函数：
  名称: device_control, 参数: {"action": "switch", "vehicle_model": "L7 Ultra"}
规划列多出以下函数：
  名称: global_control, 参数: {"action": "confirm"}
2026-01-29 09:25:33,163 - ERROR - CaseID: 130
规划列缺少以下函数：
  名称: device_control, 参数: {"action": "switch", "vehicle_model": "L7 Ultra"}
规划列多出以下函数：
  名称: global_control, 参数: {"action": "confirm"}
2026-01-29 09:25:33,164 - ERROR - CaseID: 132
规划列缺少以下函数：
  名称: device_control, 参数: {"action": "switch", "vehicle_model": "L7 Pro"}
规划列多出以下函数：
  名称: global_control, 参数: {"action": "confirm"}
2026-01-29 09:25:33,164 - ERROR - CaseID: 134
规划列缺少以下函数：
  名称: device_control, 参数: {"action": "switch", "vehicle_model": "L7 Pro"}
规划列多出以下函数：
  名称: device_control, 参数: {"action": "unsupport"}
2026-01-29 09:25:33,164 - ERROR - CaseID: 136
规划列缺少以下函数：
  名称: device_control, 参数: {"action": "switch", "vehicle_model": "L7 Max"}
规划列多出以下函数：
  名称: global_control, 参数: {"action": "confirm"}
2026-01-29 09:25:33,164 - ERROR - CaseID: 138
规划列缺少以下函数：
  名称: device_control, 参数: {"action": "switch", "vehicle_model": "L7 Max"}
规划列多出以下函数：
  名称: device_control, 参数: {"action": "unsupport"}
2026-01-29 09:25:33,164 - ERROR - CaseID: 140
规划列缺少以下函数：
  名称: device_control, 参数: {"action": "switch", "vehicle_model": "L7 Air"}
规划列多出以下函数：
  名称: global_control, 参数: {"action": "confirm"}
2026-01-29 09:25:33,164 - ERROR - CaseID: 142
规划列缺少以下函数：
  名称: device_control, 参数: {"action": "switch", "vehicle_model": "L7 Air"}
规划列多出以下函数：
  名称: device_control, 参数: {"action": "unsupport"}
2026-01-29 09:25:33,165 - ERROR - CaseID: 144
规划列缺少以下函数：
  名称: device_control, 参数: {"action": "switch", "vehicle_model": "L6"}
规划列多出以下函数：
  名称: device_control, 参数: {"action": "unsupport"}
2026-01-29 09:25:33,165 - ERROR - CaseID: 148
规划列缺少以下函数：
  名称: device_control, 参数: {"action": "switch", "vehicle_model": "L6"}
规划列多出以下函数：
  名称: device_control, 参数: {"action": "turnon", "entity": "L6"}
2026-01-29 09:25:33,165 - ERROR - CaseID: 150
规划列缺少以下函数：
  名称: device_control, 参数: {"action": "switch", "vehicle_model": "L6 Pro"}
规划列多出以下函数：
  名称: global_control, 参数: {"action": "confirm"}
2026-01-29 09:25:33,165 - ERROR - CaseID: 154
规划列缺少以下函数：
  名称: device_control, 参数: {"action": "switch", "vehicle_model": "L6 Max"}
规划列多出以下函数：
  名称: global_control, 参数: {"action": "confirm"}
2026-01-29 09:25:33,165 - ERROR - CaseID: 158
规划列缺少以下函数：
  名称: device_control, 参数: {"action": "switch", "vehicle_model": "i8"}
规划列多出以下函数：
  名称: device_control, 参数: {"action": "query", "entity": "DEFAULT_VEHICLE"}
2026-01-29 09:25:33,166 - ERROR - CaseID: 162
规划列缺少以下函数：
  名称: device_control, 参数: {"action": "switch", "vehicle_model": "i6"}
规划列多出以下函数：
  名称: autosearch, 参数: {"category": "\u6c7d\u8f66", "query": "\u4f7f\u7528l6max\u8f66\u8f86", "tag": "l6max&\u8f66\u8f86"}
2026-01-29 09:25:33,166 - ERROR - CaseID: 163
规划列缺少以下函数：
  名称: device_control, 参数: {"action": "switch", "vehicle_model": "i6"}
规划列多出以下函数：
  名称: device_control, 参数: {"action": "switch", "vehicle_model": "L6 Max"}
2026-01-29 09:25:33,166 - ERROR - CaseID: 164
规划列缺少以下函数：
  名称: device_control, 参数: {"action": "switch", "vehicle_model": "i6"}
规划列多出以下函数：
  名称: device_control, 参数: {"action": "switch", "vehicle_model": "L6 Max"}
2026-01-29 09:25:33,166 - ERROR - CaseID: 166
规划列缺少以下函数：
  名称: device_control, 参数: {"action": "switch", "vehicle_model": "MEGA"}
规划列多出以下函数：
  名称: device_control, 参数: {"action": "query", "entity": "VEHICLE_LOCATION"}
2026-01-29 09:25:33,166 - ERROR - CaseID: 170
规划列缺少以下函数：
  名称: device_control, 参数: {"action": "switch", "vehicle_model": "MEGA Home"}
规划列多出以下函数：
  名称: device_control, 参数: {"action": "unsupport"}
2026-01-29 09:25:33,167 - ERROR - CaseID: 174
规划列缺少以下函数：
  名称: device_control, 参数: {"action": "switch", "vehicle_model": "MEGA Ultra"}
规划列多出以下函数：
  名称: global_control, 参数: {"action": "confirm"}
2026-01-29 09:25:33,167 - ERROR - CaseID: 178
函数数量不匹配：预期1个，规划0个
规划列无有效函数
2026-01-29 09:25:33,167 - ERROR - CaseID: 182
规划列缺少以下函数：
  名称: device_control, 参数: {"action": "switch", "vehicle_model": "Model Y"}
规划列多出以下函数：
  名称: device_control, 参数: {"action": "turnon", "entity": "DEPART_ON_MODE", "position": "PASSENGER"}
2026-01-29 09:25:33,167 - ERROR - CaseID: 187
规划列缺少以下函数：
  名称: device_control, 参数: {"action": "switch", "vehicle_model": "Model S"}
规划列多出以下函数：
  名称: device_control, 参数: {"action": "unsupport"}
2026-01-29 09:25:33,168 - ERROR - CaseID: 191
规划列缺少以下函数：
  名称: device_control, 参数: {"action": "switch", "vehicle_model": "Model X"}
规划列多出以下函数：
  名称: device_control, 参数: {"action": "turnon", "entity": "AUTOHOLD"}
2026-01-29 09:25:33,168 - ERROR - CaseID: 192
规划列缺少以下函数：
  名称: device_control, 参数: {"action": "switch", "vehicle_model": "Model X"}
规划列多出以下函数：
  名称: autosearch, 参数: {"category": "\u6c7d\u8f66", "query": "\u4f7f\u7528\u5e38\u5f00\u7684modelx", "tag": "modelx&\u5e38\u5f00"}
2026-01-29 09:25:33,168 - ERROR - CaseID: 193
函数数量不匹配：预期1个，规划0个
规划列无有效函数
2026-01-29 09:25:33,168 - ERROR - CaseID: 194
规划列缺少以下函数：
  名称: device_control, 参数: {"action": "switch", "vehicle_model": "Model Y L"}
规划列多出以下函数：
  名称: device_control, 参数: {"action": "unsupport"}
2026-01-29 09:25:33,168 - ERROR - CaseID: 195
规划列缺少以下函数：
  名称: device_control, 参数: {"action": "switch", "vehicle_model": "Model Y L"}
规划列多出以下函数：
  名称: device_control, 参数: {"action": "turnon", "entity": "CAR_MAINTAIN", "position": "FRONT", "vehicle": "model y"}
2026-01-29 09:25:33,168 - ERROR - CaseID: 196
规划列缺少以下函数：
  名称: device_control, 参数: {"action": "switch", "vehicle_model": "Model Y L"}
规划列多出以下函数：
  名称: device_control, 参数: {"action": "turnon", "entity": "HOLDING_POWER_WHEN_LEAVING"}
2026-01-29 09:25:33,168 - ERROR - CaseID: 197
规划列缺少以下函数：
  名称: device_control, 参数: {"action": "switch", "vehicle_model": "Cybertruck"}
规划列多出以下函数：
  名称: device_control, 参数: {"action": "unsupport"}
2026-01-29 09:25:33,168 - ERROR - CaseID: 199
规划列缺少以下函数：
  名称: device_control, 参数: {"action": "switch", "vehicle_model": "Cybertruck"}
规划列多出以下函数：
  名称: autosearch, 参数: {"category": "\u6c7d\u8f66", "query": "\u6253\u5f00cybertruck", "tag": "cybertruck&\u6253\u5f00"}
2026-01-29 09:25:33,168 - ERROR - CaseID: 200
规划列缺少以下函数：
  名称: device_control, 参数: {"action": "switch", "vehicle_model": "Cybertruck"}
规划列多出以下函数：
  名称: autosearch, 参数: {"category": "\u6c7d\u8f66", "query": "\u8fde\u63a5\u6211\u7684cybertruck", "tag": "\u8fde\u63a5&cybertruck"}
2026-01-29 09:25:33,169 - ERROR - CaseID: 206
规划列缺少以下函数：
  名称: device_control, 参数: {"action": "switch", "vehicle_brand": "\u7406\u60f3", "vehicle_model": "L9"}
规划列多出以下函数：
  名称: device_control, 参数: {"action": "unsupport"}
2026-01-29 09:25:33,169 - ERROR - CaseID: 207
规划列缺少以下函数：
  名称: device_control, 参数: {"action": "switch", "vehicle_brand": "\u7406\u60f3", "vehicle_model": "L9 Ultra"}
规划列多出以下函数：
  名称: device_control, 参数: {"action": "unsupport"}
2026-01-29 09:25:33,169 - ERROR - CaseID: 209
规划列缺少以下函数：
  名称: device_control, 参数: {"action": "switch", "vehicle_brand": "\u7406\u60f3", "vehicle_model": "L8 Pro"}
规划列多出以下函数：
  名称: aipainting, 参数: {"category": "\u5176\u4ed6", "keyphrase": "", "style": ""}
2026-01-29 09:25:33,169 - ERROR - CaseID: 210
规划列缺少以下函数：
  名称: device_control, 参数: {"action": "switch", "vehicle_brand": "\u7406\u60f3", "vehicle_model": "L8 Max"}
规划列多出以下函数：
  名称: device_control, 参数: {"action": "unsupport"}
2026-01-29 09:25:33,170 - ERROR - CaseID: 224
规划列缺少以下函数：
  名称: device_control, 参数: {"action": "switch", "vehicle_brand": "\u7406\u60f3", "vehicle_model": "L7 Pro"}
规划列多出以下函数：
  名称: device_control, 参数: {"action": "cancel", "entity": "AUTHORIZATION", "position_reference": "\u7406\u60f3l7pro"}
2026-01-29 09:25:33,170 - ERROR - CaseID: 225
规划列缺少以下函数：
  名称: device_control, 参数: {"action": "switch", "vehicle_brand": "\u7406\u60f3", "vehicle_model": "L6 Air"}
规划列多出以下函数：
  名称: device_control, 参数: {"action": "unsupport"}
2026-01-29 09:25:33,170 - ERROR - CaseID: 229
规划列缺少以下函数：
  名称: device_control, 参数: {"action": "switch", "vehicle_brand": "\u7406\u60f3", "vehicle_model": "L6 Air"}
规划列多出以下函数：
  名称: autosearch, 参数: {"category": "\u6c7d\u8f66", "query": "\u9009\u62e9\u6211\u7684\u7406\u60f3l6air", "tag": "\u6211\u7684\u7406\u60f3l6air&\u9009\u62e9"}
2026-01-29 09:25:33,170 - ERROR - CaseID: 232
规划列缺少以下函数：
  名称: device_control, 参数: {"action": "switch", "vehicle_brand": "\u7406\u60f3", "vehicle_model": "i8"}
规划列多出以下函数：
  名称: device_control, 参数: {"action": "query", "entity": "VEHICLE_LOCATION"}
2026-01-29 09:25:33,171 - ERROR - CaseID: 244
规划列缺少以下函数：
  名称: device_control, 参数: {"action": "switch", "vehicle_brand": "\u7279\u65af\u62c9", "vehicle_model": "Model 3"}
规划列多出以下函数：
  名称: device_control, 参数: {"action": "unsupport"}
2026-01-29 09:25:33,171 - ERROR - CaseID: 245
规划列缺少以下函数：
  名称: device_control, 参数: {"action": "switch", "vehicle_brand": "\u7279\u65af\u62c9", "vehicle_model": "Model 3"}
规划列多出以下函数：
  名称: device_control, 参数: {"action": "query", "entity": "VEHICLE_LOCATION"}
2026-01-29 09:25:33,171 - ERROR - CaseID: 248
规划列缺少以下函数：
  名称: device_control, 参数: {"action": "switch", "vehicle_brand": "\u7279\u65af\u62c9", "vehicle_model": "Model 3"}
规划列多出以下函数：
  名称: device_control, 参数: {"action": "unsupport"}
2026-01-29 09:25:33,171 - ERROR - CaseID: 249
规划列缺少以下函数：
  名称: device_control, 参数: {"action": "switch", "vehicle_brand": "\u7279\u65af\u62c9", "vehicle_model": "Model Y"}
规划列多出以下函数：
  名称: device_control, 参数: {"action": "unsupport"}
2026-01-29 09:25:33,171 - ERROR - CaseID: 251
规划列缺少以下函数：
  名称: device_control, 参数: {"action": "switch", "vehicle_brand": "\u7279\u65af\u62c9", "vehicle_model": "Model Y"}
规划列多出以下函数：
  名称: device_control, 参数: {"action": "query", "entity": "CAR_DOOR", "position": "FRONT_RIGHT"}
2026-01-29 09:25:33,172 - ERROR - CaseID: 256
规划列缺少以下函数：
  名称: device_control, 参数: {"action": "switch", "vehicle_brand": "\u7279\u65af\u62c9", "vehicle_model": "Model S"}
规划列多出以下函数：
  名称: aipainting, 参数: {"category": "\u5176\u4ed6", "keyphrase": "", "style": ""}
2026-01-29 09:25:33,172 - ERROR - CaseID: 259
规划列缺少以下函数：
  名称: device_control, 参数: {"action": "switch", "vehicle_brand": "\u7279\u65af\u62c9", "vehicle_model": "Model S"}
规划列多出以下函数：
  名称: device_control, 参数: {"action": "unsupport"}
2026-01-29 09:25:33,172 - ERROR - CaseID: 267
规划列缺少以下函数：
  名称: device_control, 参数: {"action": "switch", "vehicle_brand": "\u7279\u65af\u62c9", "vehicle_model": "Model X"}
规划列多出以下函数：
  名称: device_control, 参数: {"action": "unsupport"}
2026-01-29 09:25:33,173 - ERROR - CaseID: 270
规划列缺少以下函数：
  名称: device_control, 参数: {"action": "switch", "vehicle_brand": "\u7279\u65af\u62c9", "vehicle_model": "Model Y L"}
规划列多出以下函数：
  名称: device_control, 参数: {"action": "switch", "vehicle_brand": "\u7279\u65af\u62c9", "vehicle_model": "Model Y"}
2026-01-29 09:25:33,173 - ERROR - CaseID: 271
规划列缺少以下函数：
  名称: device_control, 参数: {"action": "switch", "vehicle_brand": "\u7279\u65af\u62c9", "vehicle_model": "Model Y L"}
规划列多出以下函数：
  名称: device_control, 参数: {"action": "unsupport"}
2026-01-29 09:25:33,173 - ERROR - CaseID: 273
函数数量不匹配：预期1个，规划0个
规划列无有效函数
2026-01-29 09:25:33,173 - ERROR - CaseID: 274
规划列缺少以下函数：
  名称: device_control, 参数: {"action": "switch", "vehicle_brand": "\u7279\u65af\u62c9", "vehicle_model": "Cybertruck"}
规划列多出以下函数：
  名称: autosearch, 参数: {"category": "\u6c7d\u8f66", "query": "\u4f7f\u7528\u6211\u5e38\u5f00\u7684teslecycertbot", "tag": "teslecycertbot&\u4f7f\u7528"}
2026-01-29 09:25:33,173 - ERROR - CaseID: 277
规划列缺少以下函数：
  名称: device_control, 参数: {"action": "switch", "vehicle_brand": "\u7279\u65af\u62c9", "vehicle_model": "Cybertruck"}
规划列多出以下函数：
  名称: device_control, 参数: {"action": "query", "entity": "VEHICLE_LOCATION"}
2026-01-29 09:25:33,173 - ERROR - CaseID: 279
规划列缺少以下函数：
  名称: device_control, 参数: {"action": "switch", "vehicle_brand": "\u7279\u65af\u62c9", "vehicle_model": "Cybertruck"}
规划列多出以下函数：
  名称: device_control, 参数: {"action": "unsupport"}
2026-01-29 09:25:33,174 - ERROR - CaseID: 291
函数数量不匹配：预期1个，规划2个
2026-01-29 09:25:33,174 - ERROR - CaseID: 294
预期列为纯空白无任何内容，但是规划列有值，判定为错误
2026-01-29 09:25:33,174 - ERROR - CaseID: 298
规划列缺少以下函数：
  名称: device_control, 参数: {"action": "query", "entity": "DEFAULT_VEHICLE"}
规划列多出以下函数：
  名称: device_control, 参数: {"action": "query", "entity": "VEHICLE_LOCATION"}
2026-01-29 09:25:33,174 - ERROR - CaseID: 299
规划列缺少以下函数：
  名称: device_control, 参数: {"action": "query", "entity": "DEFAULT_VEHICLE"}
规划列多出以下函数：
  名称: device_control, 参数: {"action": "query", "entity": "ACCOUNT_INFO", "function_option": "NICK_NAME"}
2026-01-29 09:25:33,174 - ERROR - CaseID: 300
规划列缺少以下函数：
  名称: device_control, 参数: {"action": "query", "entity": "DEFAULT_VEHICLE"}
规划列多出以下函数：
  名称: device_control, 参数: {"action": "query", "entity": "VEHICLE_LOCATION"}
2026-01-29 09:25:33,175 - ERROR - CaseID: 301
规划列缺少以下函数：
  名称: device_control, 参数: {"action": "query", "entity": "DEFAULT_VEHICLE"}
规划列多出以下函数：
  名称: device_control, 参数: {"action": "query", "entity": "VEHICLE_LOCATION"}
2026-01-29 09:25:33,175 - ERROR - CaseID: 302
规划列缺少以下函数：
  名称: device_control, 参数: {"action": "query", "entity": "DEFAULT_VEHICLE"}
规划列多出以下函数：
  名称: device_control, 参数: {"action": "query", "entity": "VEHICLE_LOCATION"}
2026-01-29 09:25:33,175 - ERROR - CaseID: 303
规划列缺少以下函数：
  名称: device_control, 参数: {"action": "query", "entity": "DEFAULT_VEHICLE"}
规划列多出以下函数：
  名称: device_control, 参数: {"action": "query", "entity": "VEHICLE_LOCATION"}
2026-01-29 09:25:33,175 - ERROR - CaseID: 304
规划列缺少以下函数：
  名称: device_control, 参数: {"action": "query", "entity": "DEFAULT_VEHICLE"}
规划列多出以下函数：
  名称: device_control, 参数: {"action": "query", "entity": "ACCOUNT_INFO", "function_option": "NICK_NAME"}
2026-01-29 09:25:33,175 - ERROR - CaseID: 305
规划列缺少以下函数：
  名称: device_control, 参数: {"action": "query", "entity": "DEFAULT_VEHICLE"}
规划列多出以下函数：
  名称: device_control, 参数: {"action": "query", "entity": "VEHICLE_LOCATION"}
2026-01-29 09:25:33,175 - ERROR - CaseID: 306
规划列缺少以下函数：
  名称: device_control, 参数: {"action": "query", "entity": "DEFAULT_VEHICLE"}
规划列多出以下函数：
  名称: device_control, 参数: {"action": "query", "entity": "VEHICLE_LOCATION"}
2026-01-29 09:25:33,175 - ERROR - CaseID: 307
规划列缺少以下函数：
  名称: device_control, 参数: {"action": "query", "entity": "DEFAULT_VEHICLE"}
规划列多出以下函数：
  名称: device_control, 参数: {"action": "query", "entity": "ACCOUNT_INFO", "function_option": "NICK_NAME"}
2026-01-29 09:25:33,175 - ERROR - CaseID: 308
规划列缺少以下函数：
  名称: device_control, 参数: {"action": "query", "entity": "DEFAULT_VEHICLE"}
规划列多出以下函数：
  名称: device_control, 参数: {"action": "query", "entity": "VEHICLE_LOCATION"}
2026-01-29 09:25:33,175 - ERROR - CaseID: 309
规划列缺少以下函数：
  名称: device_control, 参数: {"action": "query", "entity": "DEFAULT_VEHICLE"}
规划列多出以下函数：
  名称: device_control, 参数: {"action": "query", "entity": "ACCOUNT_INFO", "function_option": "NICK_NAME"}
2026-01-29 09:25:33,175 - ERROR - CaseID: 310
规划列缺少以下函数：
  名称: device_control, 参数: {"action": "query", "entity": "DEFAULT_VEHICLE"}
规划列多出以下函数：
  名称: device_control, 参数: {"action": "query", "entity": "VEHICLE_LOCATION"}
2026-01-29 09:25:33,175 - ERROR - CaseID: 311
规划列缺少以下函数：
  名称: device_control, 参数: {"action": "query", "entity": "DEFAULT_VEHICLE"}
规划列多出以下函数：
  名称: device_control, 参数: {"action": "query", "entity": "VEHICLE_LOCATION"}
2026-01-29 09:25:33,175 - ERROR - CaseID: 312
规划列缺少以下函数：
  名称: device_control, 参数: {"action": "query", "entity": "DEFAULT_VEHICLE"}
规划列多出以下函数：
  名称: device_control, 参数: {"action": "query", "entity": "VEHICLE_LOCATION"}
2026-01-29 09:25:33,175 - ERROR - CaseID: 313
规划列缺少以下函数：
  名称: device_control, 参数: {"action": "query", "entity": "DEFAULT_VEHICLE"}
规划列多出以下函数：
  名称: device_control, 参数: {"action": "query", "entity": "ACCOUNT_INFO", "function_option": "NICK_NAME"}
2026-01-29 09:25:33,175 - ERROR - CaseID: 314
规划列缺少以下函数：
  名称: device_control, 参数: {"action": "query", "entity": "DEFAULT_VEHICLE"}
规划列多出以下函数：
  名称: device_control, 参数: {"action": "query", "entity": "VEHICLE_LOCATION"}
2026-01-29 09:25:33,176 - ERROR - CaseID: 315
规划列缺少以下函数：
  名称: device_control, 参数: {"action": "query", "entity": "DEFAULT_VEHICLE"}
规划列多出以下函数：
  名称: device_control, 参数: {"action": "query", "entity": "ACCOUNT_INFO", "function_option": "NICK_NAME"}
2026-01-29 09:25:33,176 - ERROR - CaseID: 316
规划列缺少以下函数：
  名称: device_control, 参数: {"action": "query", "entity": "DEFAULT_VEHICLE"}
规划列多出以下函数：
  名称: device_control, 参数: {"action": "query", "entity": "VEHICLE_LOCATION"}
2026-01-29 09:25:33,176 - ERROR - CaseID: 317
规划列缺少以下函数：
  名称: device_control, 参数: {"action": "query", "entity": "DEFAULT_VEHICLE"}
规划列多出以下函数：
  名称: device_control, 参数: {"action": "query", "entity": "VEHICLE_LOCATION"}
2026-01-29 09:25:33,176 - ERROR - CaseID: 318
规划列缺少以下函数：
  名称: device_control, 参数: {"action": "query", "entity": "DEFAULT_VEHICLE"}
规划列多出以下函数：
  名称: device_control, 参数: {"action": "query", "entity": "VEHICLE_LOCATION"}
2026-01-29 09:25:33,176 - ERROR - CaseID: 322
规划列缺少以下函数：
  名称: device_control, 参数: {"action": "query", "entity": "DEFAULT_VEHICLE"}
规划列多出以下函数：
  名称: device_control, 参数: {"action": "query", "entity": "VEHICLE_LOCATION"}
2026-01-29 09:25:33,176 - ERROR - CaseID: 323
规划列缺少以下函数：
  名称: device_control, 参数: {"action": "query", "entity": "DEFAULT_VEHICLE"}
规划列多出以下函数：
  名称: device_control, 参数: {"action": "query", "entity": "VEHICLE_LOCATION"}
2026-01-29 09:25:33,176 - ERROR - CaseID: 324
规划列缺少以下函数：
  名称: device_control, 参数: {"action": "query", "entity": "DEFAULT_VEHICLE"}
规划列多出以下函数：
  名称: device_control, 参数: {"action": "query", "entity": "VEHICLE_LOCATION"}
2026-01-29 09:25:33,176 - ERROR - CaseID: 325
规划列缺少以下函数：
  名称: device_control, 参数: {"action": "query", "entity": "DEFAULT_VEHICLE"}
规划列多出以下函数：
  名称: device_control, 参数: {"action": "unsupport"}
2026-01-29 09:25:33,176 - ERROR - CaseID: 326
规划列缺少以下函数：
  名称: device_control, 参数: {"action": "query", "entity": "DEFAULT_VEHICLE"}
规划列多出以下函数：
  名称: device_control, 参数: {"action": "unsupport"}
2026-01-29 09:25:33,176 - ERROR - CaseID: 327
规划列缺少以下函数：
  名称: device_control, 参数: {"action": "query", "entity": "DEFAULT_VEHICLE"}
规划列多出以下函数：
  名称: device_control, 参数: {"action": "unsupport"}
2026-01-29 09:25:33,177 - ERROR - CaseID: 328
预期列为纯空白无任何内容，但是规划列有值，判定为错误
2026-01-29 09:25:33,177 - ERROR - CaseID: 329
预期列为纯空白无任何内容，但是规划列有值，判定为错误
2026-01-29 09:25:33,177 - ERROR - CaseID: 330
预期列为纯空白无任何内容，但是规划列有值，判定为错误
2026-01-29 09:25:33,177 - ERROR - CaseID: 331
预期列为纯空白无任何内容，但是规划列有值，判定为错误
2026-01-29 09:25:33,177 - ERROR - CaseID: 332
预期列为纯空白无任何内容，但是规划列有值，判定为错误
2026-01-29 09:25:33,177 - INFO - 开始分片写入 332 条结果，每片 2000 条
2026-01-29 09:25:37,073 - INFO - 已写入第 1-332 行结果
2026-01-29 09:25:37,578 - INFO - === IM_vehicle_control 流程完成，耗时: 6.30秒 ===
