2026-02-26 23:07:34,263 - INFO - === 看世界规划对比工具（新旧用例双轨适配版，优化CATEGORY和TAG）启动 ===
2026-02-26 23:07:34,442 - INFO - 成功加载飞书表格
2026-02-26 23:07:36,398 - INFO - CaseID:1 - 整体结果: FAILED | 详情: APINAME不匹配：预期[visual_search]，实际[worthbuy]; CATEGORY不匹配：一方为空 - 预期[]，实际[商品推荐]; QUERY不匹配：基础语义模糊匹配失败 - 预期[她背的帆布包是什么品牌的]，实际[印有黑猫图案的帆布包品牌]; TAG不匹配：一方为空 - 预期[]，实际[印有黑猫图案&帆布包&品牌]
2026-02-26 23:07:36,399 - INFO - CaseID:2 - CATEGORY字段：标准答案含「其他问答」，模型输出任意值通过
2026-02-26 23:07:38,447 - INFO - CaseID:2 - QUERY字段：基础语义模糊匹配通过
2026-02-26 23:07:38,448 - INFO - CaseID:2 - TAG字段：有交集（{'文蛤'}），判定通过
2026-02-26 23:07:38,448 - INFO - CaseID:2 - 整体结果: PASS | 详情: 所有字段校验通过
2026-02-26 23:07:40,845 - INFO - CaseID:3 - QUERY字段：基础语义模糊匹配通过
2026-02-26 23:07:40,846 - INFO - CaseID:3 - 整体结果: PASS | 详情: 所有字段校验通过
2026-02-26 23:07:42,772 - INFO - CaseID:4 - 整体结果: FAILED | 详情: APINAME不匹配：预期[visual_search]，实际[QASearch]; CATEGORY不匹配：一方为空 - 预期[]，实际[生物]; QUERY不匹配：基础语义模糊匹配失败 - 预期[这只白色鸽子是什么品种的鸽子]，实际[白色鸽子的常见品种]; TAG不匹配：一方为空 - 预期[]，实际[白色鸽子&常见品种]
2026-02-26 23:07:42,773 - INFO - CaseID:5 - CATEGORY字段：标准答案含「其他问答」，模型输出任意值通过
2026-02-26 23:07:44,693 - INFO - CaseID:5 - QUERY字段：基础语义模糊匹配通过
2026-02-26 23:07:44,694 - INFO - CaseID:5 - TAG字段：有交集（{'大熊猫', '生物学特性'}），判定通过
2026-02-26 23:07:44,694 - INFO - CaseID:5 - 整体结果: PASS | 详情: 所有字段校验通过
2026-02-26 23:07:44,694 - INFO - CaseID:6 - CATEGORY字段：标准答案含「其他问答」，模型输出任意值通过
2026-02-26 23:07:46,371 - INFO - CaseID:6 - QUERY字段：基础语义模糊匹配通过
2026-02-26 23:07:46,372 - INFO - CaseID:6 - TAG字段：有交集（{'主要食物', '猕猴'}），判定通过
2026-02-26 23:07:46,372 - INFO - CaseID:6 - 整体结果: PASS | 详情: 所有字段校验通过
2026-02-26 23:07:48,410 - INFO - CaseID:7 - QUERY字段：基础语义模糊匹配通过
2026-02-26 23:07:48,410 - INFO - CaseID:7 - 整体结果: FAILED | 详情: APINAME不匹配：预期[visual_search]，实际[QASearch]; CATEGORY不匹配：一方为空 - 预期[]，实际[生物]; TAG不匹配：一方为空 - 预期[]，实际[猕猴&毛色]
2026-02-26 23:07:48,411 - INFO - CaseID:8 - CATEGORY字段：交集匹配（{'生物'}），判定通过
