2026-02-27 16:16:42,430 - INFO - === 看世界规划对比工具（高性能原版逻辑）启动 ===
2026-02-27 16:16:42,588 - INFO - 成功加载飞书表格
2026-02-27 16:16:44,082 - INFO - 表格读取完成，共149行有效数据
2026-02-27 16:16:45,654 - INFO - CaseID:1 - QUERY字段：基础语义模糊匹配通过
2026-02-27 16:16:45,655 - INFO - CaseID:1 - 整体结果: PASS | 详情: 所有字段校验通过
2026-02-27 16:16:45,655 - INFO - CaseID:2 - CATEGORY字段：标准答案含「其他问答」，模型输出任意值通过
2026-02-27 16:16:46,785 - INFO - CaseID:2 - QUERY字段：基础语义模糊匹配通过
2026-02-27 16:16:46,785 - INFO - CaseID:2 - TAG字段：有交集，判定通过
2026-02-27 16:16:46,785 - INFO - CaseID:2 - 整体结果: PASS | 详情: 所有字段校验通过
2026-02-27 16:16:48,140 - INFO - CaseID:3 - QUERY字段：基础语义模糊匹配通过
2026-02-27 16:16:48,140 - INFO - CaseID:3 - 整体结果: PASS | 详情: 所有字段校验通过
2026-02-27 16:16:49,387 - INFO - CaseID:4 - QUERY字段：基础语义模糊匹配通过
2026-02-27 16:16:49,387 - INFO - CaseID:4 - 整体结果: PASS | 详情: 所有字段校验通过
2026-02-27 16:16:49,388 - INFO - CaseID:5 - CATEGORY字段：标准答案含「其他问答」，模型输出任意值通过
2026-02-27 16:16:50,720 - INFO - CaseID:5 - QUERY字段：基础语义模糊匹配通过
2026-02-27 16:16:50,720 - INFO - CaseID:5 - TAG字段：有交集，判定通过
2026-02-27 16:16:50,720 - INFO - CaseID:5 - 整体结果: PASS | 详情: 所有字段校验通过
2026-02-27 16:16:50,720 - INFO - CaseID:6 - CATEGORY字段：标准答案含「其他问答」，模型输出任意值通过
2026-02-27 16:16:51,976 - INFO - CaseID:6 - QUERY字段：基础语义模糊匹配通过
2026-02-27 16:16:51,976 - INFO - CaseID:6 - TAG字段：有交集，判定通过
2026-02-27 16:16:51,976 - INFO - CaseID:6 - 整体结果: PASS | 详情: 所有字段校验通过
2026-02-27 16:16:53,663 - INFO - CaseID:7 - QUERY字段：基础语义模糊匹配通过
2026-02-27 16:16:53,664 - INFO - CaseID:7 - 整体结果: FAILED | 详情: APINAME不匹配：预期[visual_search]，实际[QASearch]; CATEGORY不匹配：一方为空 - 预期[]，实际[生物]; TAG不匹配：一方为空 - 预期[]，实际[猕猴&毛色]
2026-02-27 16:16:53,664 - INFO - CaseID:8 - CATEGORY字段：交集匹配，判定通过
2026-02-27 16:16:55,206 - INFO - CaseID:8 - QUERY字段：基础语义模糊匹配通过
2026-02-27 16:16:55,206 - INFO - CaseID:8 - TAG字段：有交集，判定通过
2026-02-27 16:16:55,206 - INFO - CaseID:8 - 整体结果: PASS | 详情: 所有字段校验通过
2026-02-27 16:16:55,207 - INFO - CaseID:9 - CATEGORY字段：标准答案含「其他问答」，模型输出任意值通过
2026-02-27 16:16:56,745 - INFO - CaseID:9 - TAG字段：有交集，判定通过
2026-02-27 16:16:56,746 - INFO - CaseID:9 - 整体结果: FAILED | 详情: QUERY不匹配：基础语义模糊匹配失败 - 预期[黄牛的最长寿命是几年]，实际[黄牛的寿命]
2026-02-27 16:16:56,746 - INFO - CaseID:10 - CATEGORY字段：标准答案含「其他问答」，模型输出任意值通过
2026-02-27 16:16:58,069 - INFO - CaseID:10 - 整体结果: FAILED | 详情: QUERY不匹配：基础语义模糊匹配失败 - 预期[奶牛通常生活的地区]，实际[西门塔尔牛通常生活的地区]; TAG不匹配：无交集 - 预期[奶牛&来源地]，实际[西门塔尔牛&通常生活&地区]
2026-02-27 16:16:58,069 - INFO - CaseID:11 - CATEGORY字段：标准答案含「其他问答」，模型输出任意值通过
2026-02-27 16:16:59,882 - INFO - CaseID:11 - 整体结果: FAILED | 详情: QUERY不匹配：基础语义模糊匹配失败 - 预期[螳螂虾是生活在淡水环境里吗]，实际[皮皮虾后面的虾的生存环境]; TAG不匹配：无交集 - 预期[螳螂虾&生活水域]，实际[皮皮虾&后面&虾&生存环境]
2026-02-27 16:16:59,884 - INFO - CaseID:12 - CATEGORY字段：交集匹配，判定通过
2026-02-27 16:17:01,102 - INFO - CaseID:12 - QUERY字段：基础语义模糊匹配通过
2026-02-27 16:17:01,102 - INFO - CaseID:12 - TAG字段：有交集，判定通过
2026-02-27 16:17:01,102 - INFO - CaseID:12 - 整体结果: PASS | 详情: 所有字段校验通过
2026-02-27 16:17:01,103 - INFO - CaseID:13 - 整体结果: FAILED | 详情: 模型输出核心字段全为空，判定不通过
2026-02-27 16:17:01,103 - INFO - CaseID:14 - CATEGORY字段：交集匹配，判定通过
2026-02-27 16:17:02,310 - INFO - CaseID:14 - QUERY字段：基础语义模糊匹配通过
2026-02-27 16:17:02,310 - INFO - CaseID:14 - TAG字段：有交集，判定通过
2026-02-27 16:17:02,311 - INFO - CaseID:14 - 整体结果: PASS | 详情: 所有字段校验通过
2026-02-27 16:17:02,311 - INFO - CaseID:15 - CATEGORY字段：标准答案含「其他问答」，模型输出任意值通过
2026-02-27 16:17:03,909 - INFO - CaseID:15 - QUERY字段：基础语义模糊匹配通过
2026-02-27 16:17:03,910 - INFO - CaseID:15 - TAG字段：有交集，判定通过
2026-02-27 16:17:03,911 - INFO - CaseID:15 - 整体结果: PASS | 详情: 所有字段校验通过
2026-02-27 16:17:03,912 - INFO - CaseID:16 - CATEGORY字段：交集匹配，判定通过
2026-02-27 16:17:05,259 - INFO - CaseID:16 - QUERY字段：基础语义模糊匹配通过
2026-02-27 16:17:05,259 - INFO - CaseID:16 - TAG字段：有交集，判定通过
2026-02-27 16:17:05,259 - INFO - CaseID:16 - 整体结果: PASS | 详情: 所有字段校验通过
2026-02-27 16:17:05,259 - INFO - CaseID:17 - CATEGORY字段：交集匹配，判定通过
2026-02-27 16:17:06,928 - INFO - CaseID:17 - QUERY字段：基础语义模糊匹配通过
2026-02-27 16:17:06,929 - INFO - CaseID:17 - TAG字段：有交集，判定通过
2026-02-27 16:17:06,929 - INFO - CaseID:17 - 整体结果: PASS | 详情: 所有字段校验通过
2026-02-27 16:17:06,929 - INFO - CaseID:18 - CATEGORY字段：交集匹配，判定通过
2026-02-27 16:17:08,423 - INFO - CaseID:18 - QUERY字段：基础语义模糊匹配通过
2026-02-27 16:17:08,424 - INFO - CaseID:18 - TAG字段：有交集，判定通过
2026-02-27 16:17:08,424 - INFO - CaseID:18 - 整体结果: PASS | 详情: 所有字段校验通过
2026-02-27 16:17:08,424 - INFO - CaseID:19 - CATEGORY字段：交集匹配，判定通过
2026-02-27 16:17:10,069 - INFO - CaseID:19 - QUERY字段：基础语义模糊匹配通过
2026-02-27 16:17:10,071 - INFO - CaseID:19 - TAG字段：有交集，判定通过
2026-02-27 16:17:10,071 - INFO - CaseID:19 - 整体结果: PASS | 详情: 所有字段校验通过
2026-02-27 16:17:10,187 - INFO - CaseID:20 - CATEGORY字段：交集匹配，判定通过
2026-02-27 16:17:11,563 - INFO - CaseID:20 - QUERY字段：基础语义模糊匹配通过
2026-02-27 16:17:11,563 - INFO - CaseID:20 - TAG字段：有交集，判定通过
2026-02-27 16:17:11,563 - INFO - CaseID:20 - 整体结果: PASS | 详情: 所有字段校验通过
2026-02-27 16:17:11,564 - INFO - CaseID:21 - CATEGORY字段：交集匹配，判定通过
2026-02-27 16:17:13,344 - INFO - CaseID:21 - QUERY字段：基础语义模糊匹配通过
2026-02-27 16:17:13,345 - INFO - CaseID:21 - TAG字段：有交集，判定通过
2026-02-27 16:17:13,345 - INFO - CaseID:21 - 整体结果: PASS | 详情: 所有字段校验通过
2026-02-27 16:17:13,347 - INFO - CaseID:22 - CATEGORY字段：标准答案含「其他问答」，模型输出任意值通过
2026-02-27 16:17:14,862 - INFO - CaseID:22 - QUERY字段：基础语义模糊匹配通过
2026-02-27 16:17:14,862 - INFO - CaseID:22 - TAG字段：有交集，判定通过
2026-02-27 16:17:14,862 - INFO - CaseID:22 - 整体结果: PASS | 详情: 所有字段校验通过
2026-02-27 16:17:14,863 - INFO - CaseID:23 - CATEGORY字段：交集匹配，判定通过
2026-02-27 16:17:17,092 - INFO - CaseID:23 - QUERY字段：基础语义模糊匹配通过
2026-02-27 16:17:17,092 - INFO - CaseID:23 - TAG字段：有交集，判定通过
2026-02-27 16:17:17,092 - INFO - CaseID:23 - 整体结果: PASS | 详情: 所有字段校验通过
2026-02-27 16:17:17,093 - INFO - CaseID:24 - CATEGORY字段：交集匹配，判定通过
2026-02-27 16:17:18,583 - INFO - CaseID:24 - QUERY字段：基础语义模糊匹配通过
2026-02-27 16:17:18,583 - INFO - CaseID:24 - TAG字段：有交集，判定通过
2026-02-27 16:17:18,583 - INFO - CaseID:24 - 整体结果: PASS | 详情: 所有字段校验通过
2026-02-27 16:17:18,584 - INFO - CaseID:25 - 整体结果: FAILED | 详情: 模型输出核心字段全为空，判定不通过
2026-02-27 16:17:21,151 - INFO - CaseID:26 - TAG字段：有交集，判定通过
2026-02-27 16:17:21,151 - INFO - CaseID:26 - 整体结果: FAILED | 详情: CATEGORY不匹配：无交集 - 预期[人物]，实际[影视]; QUERY不匹配：基础语义模糊匹配失败 - 预期[小猪佩奇是哪国的动画片]，实际[小猪佩奇的制片地区]
2026-02-27 16:17:21,152 - INFO - CaseID:27 - APINAME字段：QASearch↔worthbuy，判定通过
2026-02-27 16:17:21,152 - INFO - CaseID:27 - CATEGORY字段：标准答案含「其他问答」，模型输出任意值通过
2026-02-27 16:17:22,438 - INFO - CaseID:27 - QUERY字段：基础语义模糊匹配通过
2026-02-27 16:17:22,438 - INFO - CaseID:27 - TAG字段：有交集，判定通过
2026-02-27 16:17:22,439 - INFO - CaseID:27 - 整体结果: PASS | 详情: 所有字段校验通过
2026-02-27 16:17:22,439 - INFO - CaseID:28 - APINAME字段：QASearch↔worthbuy，判定通过
2026-02-27 16:17:22,439 - INFO - CaseID:28 - CATEGORY字段：标准答案含「其他问答」，模型输出任意值通过
2026-02-27 16:17:23,758 - INFO - CaseID:28 - QUERY字段：基础语义模糊匹配通过
2026-02-27 16:17:23,759 - INFO - CaseID:28 - TAG字段：有交集，判定通过
2026-02-27 16:17:23,759 - INFO - CaseID:28 - 整体结果: PASS | 详情: 所有字段校验通过
2026-02-27 16:17:23,759 - INFO - CaseID:29 - CATEGORY字段：交集匹配，判定通过
2026-02-27 16:17:24,938 - INFO - CaseID:29 - QUERY字段：基础语义模糊匹配通过
2026-02-27 16:17:24,939 - INFO - CaseID:29 - TAG字段：有交集，判定通过
2026-02-27 16:17:24,939 - INFO - CaseID:29 - 整体结果: PASS | 详情: 所有字段校验通过
2026-02-27 16:17:24,939 - INFO - CaseID:30 - CATEGORY字段：交集匹配，判定通过
2026-02-27 16:17:26,067 - INFO - CaseID:30 - QUERY字段：基础语义模糊匹配通过
2026-02-27 16:17:26,067 - INFO - CaseID:30 - TAG字段：有交集，判定通过
2026-02-27 16:17:26,068 - INFO - CaseID:30 - 整体结果: PASS | 详情: 所有字段校验通过
2026-02-27 16:17:26,068 - INFO - CaseID:31 - APINAME字段：QASearch↔worthbuy，判定通过
2026-02-27 16:17:26,068 - INFO - CaseID:31 - CATEGORY字段：标准答案含「其他问答」，模型输出任意值通过
2026-02-27 16:17:27,384 - INFO - CaseID:31 - QUERY字段：基础语义模糊匹配通过
2026-02-27 16:17:27,384 - INFO - CaseID:31 - TAG字段：有交集，判定通过
2026-02-27 16:17:27,384 - INFO - CaseID:31 - 整体结果: PASS | 详情: 所有字段校验通过
2026-02-27 16:17:28,483 - INFO - CaseID:32 - QUERY字段：基础语义模糊匹配通过
2026-02-27 16:17:28,483 - INFO - CaseID:32 - 整体结果: PASS | 详情: 所有字段校验通过
2026-02-27 16:17:29,852 - INFO - CaseID:33 - QUERY字段：基础语义模糊匹配通过
2026-02-27 16:17:29,852 - INFO - CaseID:33 - 整体结果: PASS | 详情: 所有字段校验通过
2026-02-27 16:17:31,037 - INFO - CaseID:34 - QUERY字段：基础语义模糊匹配通过
2026-02-27 16:17:31,037 - INFO - CaseID:34 - 整体结果: PASS | 详情: 所有字段校验通过
2026-02-27 16:17:32,216 - INFO - CaseID:35 - QUERY字段：基础语义模糊匹配通过
2026-02-27 16:17:32,216 - INFO - CaseID:35 - 整体结果: PASS | 详情: 所有字段校验通过
2026-02-27 16:17:33,346 - INFO - CaseID:36 - QUERY字段：基础语义模糊匹配通过
2026-02-27 16:17:33,346 - INFO - CaseID:36 - 整体结果: FAILED | 详情: APINAME不匹配：预期[visual_search]，实际[QASearch]; CATEGORY不匹配：一方为空 - 预期[]，实际[影视]; TAG不匹配：一方为空 - 预期[]，实际[粉红色&卡通猪玩偶&动画片&角色]
2026-02-27 16:17:33,346 - INFO - CaseID:37 - CATEGORY字段：交集匹配，判定通过
2026-02-27 16:17:34,496 - INFO - CaseID:37 - QUERY字段：基础语义模糊匹配通过
2026-02-27 16:17:34,497 - INFO - CaseID:37 - TAG字段：有交集，判定通过
2026-02-27 16:17:34,497 - INFO - CaseID:37 - 整体结果: PASS | 详情: 所有字段校验通过
2026-02-27 16:17:34,498 - INFO - CaseID:38 - CATEGORY字段：标准答案含「其他问答」，模型输出任意值通过
2026-02-27 16:17:35,810 - INFO - CaseID:38 - QUERY字段：基础语义模糊匹配通过
2026-02-27 16:17:35,811 - INFO - CaseID:38 - TAG字段：有交集，判定通过
2026-02-27 16:17:35,811 - INFO - CaseID:38 - 整体结果: PASS | 详情: 所有字段校验通过
2026-02-27 16:17:35,811 - INFO - CaseID:39 - CATEGORY字段：交集匹配，判定通过
2026-02-27 16:17:37,316 - INFO - CaseID:39 - QUERY字段：基础语义模糊匹配通过
2026-02-27 16:17:37,317 - INFO - CaseID:39 - TAG字段：有交集，判定通过
2026-02-27 16:17:37,317 - INFO - CaseID:39 - 整体结果: PASS | 详情: 所有字段校验通过
2026-02-27 16:17:39,497 - INFO - CaseID:40 - QUERY字段：基础语义模糊匹配通过
2026-02-27 16:17:39,497 - INFO - CaseID:40 - 整体结果: PASS | 详情: 所有字段校验通过
2026-02-27 16:17:39,497 - INFO - CaseID:41 - CATEGORY字段：模型输出含「其他问答」，该字段通过
2026-02-27 16:17:40,771 - INFO - CaseID:41 - QUERY字段：基础语义模糊匹配通过
2026-02-27 16:17:40,771 - INFO - CaseID:41 - 整体结果: FAILED | 详情: APINAME不匹配：预期[visual_search]，实际[QASearch]; TAG不匹配：一方为空 - 预期[]，实际[小砾公仔&颜色]
2026-02-27 16:17:41,908 - INFO - CaseID:42 - QUERY字段：基础语义模糊匹配通过
2026-02-27 16:17:41,909 - INFO - CaseID:42 - 整体结果: FAILED | 详情: APINAME不匹配：预期[visual_search]，实际[AUTOSearch]; CATEGORY不匹配：一方为空 - 预期[]，实际[汽车]; TAG不匹配：一方为空 - 预期[]，实际[玩具小狗&材质]
2026-02-27 16:17:43,666 - INFO - CaseID:43 - QUERY字段：基础语义模糊匹配通过
2026-02-27 16:17:43,667 - INFO - CaseID:43 - 整体结果: FAILED | 详情: APINAME不匹配：预期[visual_search]，实际[QASearch]; CATEGORY不匹配：一方为空 - 预期[]，实际[生物]; TAG不匹配：一方为空 - 预期[]，实际[穿着消防员制服&小狗&名字]
2026-02-27 16:17:43,667 - INFO - CaseID:44 - CATEGORY字段：交集匹配，判定通过
2026-02-27 16:17:44,770 - INFO - CaseID:44 - TAG字段：有交集，判定通过
2026-02-27 16:17:44,770 - INFO - CaseID:44 - 整体结果: FAILED | 详情: QUERY不匹配：基础语义模糊匹配失败 - 预期[汪汪队立大功目前出到第几季了]，实际[汪汪队立大功的集数]
2026-02-27 16:17:44,770 - INFO - CaseID:45 - CATEGORY字段：标准答案含「其他问答」，模型输出任意值通过
2026-02-27 16:17:46,191 - INFO - CaseID:45 - TAG字段：有交集，判定通过
2026-02-27 16:17:46,192 - INFO - CaseID:45 - 整体结果: FAILED | 详情: QUERY不匹配：基础语义模糊匹配失败 - 预期[汪汪队立大功的购买渠道有哪些]，实际[汪汪队立大功的毛绒玩具的购买渠道]
2026-02-27 16:17:47,286 - INFO - CaseID:46 - QUERY字段：基础语义模糊匹配通过
2026-02-27 16:17:47,286 - INFO - CaseID:46 - 整体结果: PASS | 详情: 所有字段校验通过
2026-02-27 16:17:48,641 - INFO - CaseID:47 - QUERY字段：基础语义模糊匹配通过
2026-02-27 16:17:48,641 - INFO - CaseID:47 - TAG字段：有交集，判定通过
2026-02-27 16:17:48,642 - INFO - CaseID:47 - 整体结果: FAILED | 详情: CATEGORY不匹配：无交集 - 预期[人物]，实际[公司]
2026-02-27 16:17:48,642 - INFO - CaseID:48 - CATEGORY字段：标准答案含「其他问答」，模型输出任意值通过
2026-02-27 16:17:50,378 - INFO - CaseID:48 - QUERY字段：基础语义模糊匹配通过
2026-02-27 16:17:50,378 - INFO - CaseID:48 - TAG字段：有交集，判定通过
2026-02-27 16:17:50,378 - INFO - CaseID:48 - 整体结果: PASS | 详情: 所有字段校验通过
2026-02-27 16:17:50,379 - INFO - CaseID:49 - CATEGORY字段：标准答案含「其他问答」，模型输出任意值通过
2026-02-27 16:17:51,569 - INFO - CaseID:49 - QUERY字段：基础语义模糊匹配通过
2026-02-27 16:17:51,570 - INFO - CaseID:49 - TAG字段：有交集，判定通过
2026-02-27 16:17:51,570 - INFO - CaseID:49 - 整体结果: PASS | 详情: 所有字段校验通过
2026-02-27 16:17:53,175 - INFO - CaseID:50 - QUERY字段：基础语义模糊匹配通过
2026-02-27 16:17:53,175 - INFO - CaseID:50 - 整体结果: PASS | 详情: 所有字段校验通过
2026-02-27 16:17:53,176 - INFO - CaseID:51 - CATEGORY字段：标准答案含「其他问答」，模型输出任意值通过
2026-02-27 16:17:54,326 - INFO - CaseID:51 - QUERY字段：基础语义模糊匹配通过
2026-02-27 16:17:54,326 - INFO - CaseID:51 - TAG字段：有交集，判定通过
2026-02-27 16:17:54,326 - INFO - CaseID:51 - 整体结果: FAILED | 详情: APINAME不匹配：预期[QASearch]，实际[AUTOSearch]
2026-02-27 16:17:54,327 - INFO - CaseID:52 - CATEGORY字段：标准答案含「其他问答」，模型输出任意值通过
2026-02-27 16:17:55,673 - INFO - CaseID:52 - QUERY字段：基础语义模糊匹配通过
2026-02-27 16:17:55,674 - INFO - CaseID:52 - TAG字段：有交集，判定通过
2026-02-27 16:17:55,674 - INFO - CaseID:52 - 整体结果: PASS | 详情: 所有字段校验通过
2026-02-27 16:17:57,091 - INFO - CaseID:53 - QUERY字段：基础语义模糊匹配通过
2026-02-27 16:17:57,091 - INFO - CaseID:53 - 整体结果: PASS | 详情: 所有字段校验通过
2026-02-27 16:17:57,091 - INFO - CaseID:54 - APINAME字段：QASearch↔worthbuy，判定通过
2026-02-27 16:17:57,092 - INFO - CaseID:54 - CATEGORY字段：标准答案含「其他问答」，模型输出任意值通过
2026-02-27 16:17:58,430 - INFO - CaseID:54 - QUERY字段：基础语义模糊匹配通过
2026-02-27 16:17:58,430 - INFO - CaseID:54 - TAG字段：有交集，判定通过
2026-02-27 16:17:58,431 - INFO - CaseID:54 - 整体结果: PASS | 详情: 所有字段校验通过
2026-02-27 16:17:59,678 - INFO - CaseID:55 - QUERY字段：基础语义模糊匹配通过
2026-02-27 16:17:59,678 - INFO - CaseID:55 - 整体结果: PASS | 详情: 所有字段校验通过
2026-02-27 16:18:00,864 - INFO - CaseID:56 - QUERY字段：基础语义模糊匹配通过
2026-02-27 16:18:00,864 - INFO - CaseID:56 - 整体结果: PASS | 详情: 所有字段校验通过
2026-02-27 16:18:00,864 - INFO - CaseID:57 - CATEGORY字段：标准答案含「其他问答」，模型输出任意值通过
2026-02-27 16:18:02,362 - INFO - CaseID:57 - TAG字段：有交集，判定通过
2026-02-27 16:18:02,363 - INFO - CaseID:57 - 整体结果: FAILED | 详情: APINAME不匹配：预期[QASearch]，实际[AUTOSearch]; QUERY不匹配：基础语义模糊匹配失败 - 预期[遥控器的用途是什么]，实际[遥控器的简介]
2026-02-27 16:18:02,363 - INFO - CaseID:58 - CATEGORY字段：标准答案含「其他问答」，模型输出任意值通过
2026-02-27 16:18:03,544 - INFO - CaseID:58 - QUERY字段：基础语义模糊匹配通过
2026-02-27 16:18:03,545 - INFO - CaseID:58 - 整体结果: FAILED | 详情: APINAME不匹配：预期[QASearch]，实际[visual_search]; TAG不匹配：一方为空 - 预期[遥控器&控制&机器]，实际[]
2026-02-27 16:18:04,935 - INFO - CaseID:59 - QUERY字段：基础语义模糊匹配通过
2026-02-27 16:18:04,936 - INFO - CaseID:59 - 整体结果: PASS | 详情: 所有字段校验通过
2026-02-27 16:18:04,936 - INFO - CaseID:60 - CATEGORY字段：标准答案含「其他问答」，模型输出任意值通过
2026-02-27 16:18:06,671 - INFO - CaseID:60 - QUERY字段：基础语义模糊匹配通过
2026-02-27 16:18:06,671 - INFO - CaseID:60 - TAG字段：有交集，判定通过
2026-02-27 16:18:06,671 - INFO - CaseID:60 - 整体结果: FAILED | 详情: APINAME不匹配：预期[QASearch]，实际[AUTOSearch]
2026-02-27 16:18:09,313 - INFO - CaseID:61 - QUERY字段：基础语义模糊匹配通过
2026-02-27 16:18:09,313 - INFO - CaseID:61 - 整体结果: PASS | 详情: 所有字段校验通过
2026-02-27 16:18:10,617 - INFO - CaseID:62 - QUERY字段：基础语义模糊匹配通过
2026-02-27 16:18:10,617 - INFO - CaseID:62 - 整体结果: PASS | 详情: 所有字段校验通过
2026-02-27 16:18:10,618 - INFO - CaseID:63 - CATEGORY字段：标准答案含「其他问答」，模型输出任意值通过
2026-02-27 16:18:12,320 - INFO - CaseID:63 - QUERY字段：基础语义模糊匹配通过
2026-02-27 16:18:12,321 - INFO - CaseID:63 - TAG字段：有交集，判定通过
2026-02-27 16:18:12,321 - INFO - CaseID:63 - 整体结果: FAILED | 详情: APINAME不匹配：预期[QASearch]，实际[AUTOSearch]
2026-02-27 16:18:12,322 - INFO - CaseID:64 - CATEGORY字段：标准答案含「其他问答」，模型输出任意值通过
2026-02-27 16:18:13,462 - INFO - CaseID:64 - QUERY字段：基础语义模糊匹配通过
2026-02-27 16:18:13,462 - INFO - CaseID:64 - TAG字段：有交集，判定通过
2026-02-27 16:18:13,463 - INFO - CaseID:64 - 整体结果: FAILED | 详情: APINAME不匹配：预期[QASearch]，实际[AUTOSearch]
2026-02-27 16:18:13,463 - INFO - CaseID:65 - CATEGORY字段：标准答案含「其他问答」，模型输出任意值通过
2026-02-27 16:18:14,534 - INFO - CaseID:65 - QUERY字段：基础语义模糊匹配通过
2026-02-27 16:18:14,534 - INFO - CaseID:65 - TAG字段：有交集，判定通过
2026-02-27 16:18:14,534 - INFO - CaseID:65 - 整体结果: PASS | 详情: 所有字段校验通过
2026-02-27 16:18:16,040 - INFO - CaseID:66 - QUERY字段：基础语义模糊匹配通过
2026-02-27 16:18:16,041 - INFO - CaseID:66 - 整体结果: PASS | 详情: 所有字段校验通过
2026-02-27 16:18:17,262 - INFO - CaseID:67 - QUERY字段：基础语义模糊匹配通过
2026-02-27 16:18:17,262 - INFO - CaseID:67 - 整体结果: PASS | 详情: 所有字段校验通过
2026-02-27 16:18:17,263 - INFO - CaseID:68 - CATEGORY字段：标准答案含「其他问答」，模型输出任意值通过
2026-02-27 16:18:18,597 - INFO - CaseID:68 - QUERY字段：基础语义模糊匹配通过
2026-02-27 16:18:18,599 - INFO - CaseID:68 - TAG字段：有交集，判定通过
2026-02-27 16:18:18,599 - INFO - CaseID:68 - 整体结果: PASS | 详情: 所有字段校验通过
2026-02-27 16:18:18,599 - INFO - CaseID:69 - APINAME字段：QASearch↔worthbuy，判定通过
2026-02-27 16:18:18,599 - INFO - CaseID:69 - CATEGORY字段：标准答案含「其他问答」，模型输出任意值通过
2026-02-27 16:18:19,793 - INFO - CaseID:69 - TAG字段：有交集，判定通过
2026-02-27 16:18:19,793 - INFO - CaseID:69 - 整体结果: FAILED | 详情: QUERY不匹配：基础语义模糊匹配失败 - 预期[拉链袋的分类有哪些]，实际[牛仔布料制成的拉链袋的分类有哪些]
2026-02-27 16:18:21,069 - INFO - CaseID:70 - QUERY字段：基础语义模糊匹配通过
2026-02-27 16:18:21,070 - INFO - CaseID:70 - 整体结果: PASS | 详情: 所有字段校验通过
2026-02-27 16:18:21,070 - INFO - CaseID:71 - APINAME字段：QASearch↔worthbuy，判定通过
2026-02-27 16:18:21,070 - INFO - CaseID:71 - CATEGORY字段：标准答案含「其他问答」，模型输出任意值通过
2026-02-27 16:18:22,244 - INFO - CaseID:71 - QUERY字段：基础语义模糊匹配通过
2026-02-27 16:18:22,245 - INFO - CaseID:71 - TAG字段：有交集，判定通过
2026-02-27 16:18:22,245 - INFO - CaseID:71 - 整体结果: PASS | 详情: 所有字段校验通过
2026-02-27 16:18:22,245 - INFO - CaseID:72 - CATEGORY字段：交集匹配，判定通过
2026-02-27 16:18:23,528 - INFO - CaseID:72 - QUERY字段：基础语义模糊匹配通过
2026-02-27 16:18:23,529 - INFO - CaseID:72 - TAG字段：有交集，判定通过
2026-02-27 16:18:23,529 - INFO - CaseID:72 - 整体结果: PASS | 详情: 所有字段校验通过
2026-02-27 16:18:23,529 - INFO - CaseID:73 - CATEGORY字段：交集匹配，判定通过
2026-02-27 16:18:24,852 - INFO - CaseID:73 - QUERY字段：基础语义模糊匹配通过
2026-02-27 16:18:24,852 - INFO - CaseID:73 - TAG字段：有交集，判定通过
2026-02-27 16:18:24,852 - INFO - CaseID:73 - 整体结果: PASS | 详情: 所有字段校验通过
2026-02-27 16:18:24,853 - INFO - CaseID:74 - CATEGORY字段：标准答案含「其他问答」，模型输出任意值通过
2026-02-27 16:18:26,397 - INFO - CaseID:74 - QUERY字段：基础语义模糊匹配通过
2026-02-27 16:18:26,398 - INFO - CaseID:74 - TAG字段：有交集，判定通过
2026-02-27 16:18:26,398 - INFO - CaseID:74 - 整体结果: PASS | 详情: 所有字段校验通过
2026-02-27 16:18:27,779 - INFO - CaseID:75 - QUERY字段：基础语义模糊匹配通过
2026-02-27 16:18:27,779 - INFO - CaseID:75 - 整体结果: PASS | 详情: 所有字段校验通过
2026-02-27 16:18:27,779 - INFO - CaseID:76 - APINAME字段：QASearch↔worthbuy，判定通过
2026-02-27 16:18:27,779 - INFO - CaseID:76 - CATEGORY字段：标准答案含「其他问答」，模型输出任意值通过
2026-02-27 16:18:29,092 - INFO - CaseID:76 - QUERY字段：基础语义模糊匹配通过
2026-02-27 16:18:29,093 - INFO - CaseID:76 - TAG字段：有交集，判定通过
2026-02-27 16:18:29,093 - INFO - CaseID:76 - 整体结果: PASS | 详情: 所有字段校验通过
2026-02-27 16:18:30,401 - INFO - CaseID:77 - QUERY字段：基础语义模糊匹配通过
2026-02-27 16:18:30,402 - INFO - CaseID:77 - 整体结果: PASS | 详情: 所有字段校验通过
2026-02-27 16:18:32,139 - INFO - CaseID:78 - QUERY字段：基础语义模糊匹配通过
2026-02-27 16:18:32,139 - INFO - CaseID:78 - 整体结果: PASS | 详情: 所有字段校验通过
2026-02-27 16:18:33,379 - INFO - CaseID:79 - QUERY字段：基础语义模糊匹配通过
2026-02-27 16:18:33,380 - INFO - CaseID:79 - 整体结果: PASS | 详情: 所有字段校验通过
2026-02-27 16:18:34,835 - INFO - CaseID:80 - QUERY字段：基础语义模糊匹配通过
2026-02-27 16:18:34,835 - INFO - CaseID:80 - 整体结果: FAILED | 详情: APINAME不匹配：预期[visual_search]，实际[worthbuy]; CATEGORY不匹配：一方为空 - 预期[]，实际[商品查询-确定商品]; TAG不匹配：一方为空 - 预期[]，实际[竹香乌龙茶&售价]
2026-02-27 16:18:34,835 - INFO - CaseID:81 - CATEGORY字段：交集匹配，判定通过
2026-02-27 16:18:35,870 - INFO - CaseID:81 - QUERY字段：基础语义模糊匹配通过
2026-02-27 16:18:35,871 - INFO - CaseID:81 - TAG字段：有交集，判定通过
2026-02-27 16:18:35,871 - INFO - CaseID:81 - 整体结果: PASS | 详情: 所有字段校验通过
2026-02-27 16:18:35,871 - INFO - CaseID:82 - CATEGORY字段：模型输出含「其他问答」，该字段通过
2026-02-27 16:18:38,138 - INFO - CaseID:82 - QUERY字段：基础语义模糊匹配通过
2026-02-27 16:18:38,138 - INFO - CaseID:82 - 整体结果: FAILED | 详情: APINAME不匹配：预期[visual_search]，实际[QASearch]; TAG不匹配：一方为空 - 预期[]，实际[牛奶饮品&容量]
2026-02-27 16:18:39,388 - INFO - CaseID:83 - QUERY字段：基础语义模糊匹配通过
2026-02-27 16:18:39,388 - INFO - CaseID:83 - 整体结果: PASS | 详情: 所有字段校验通过
2026-02-27 16:18:39,388 - INFO - CaseID:84 - CATEGORY字段：标准答案含「其他问答」，模型输出任意值通过
2026-02-27 16:18:40,589 - INFO - CaseID:84 - QUERY字段：基础语义模糊匹配通过
2026-02-27 16:18:40,591 - INFO - CaseID:84 - TAG字段：有交集，判定通过
2026-02-27 16:18:40,592 - INFO - CaseID:84 - 整体结果: PASS | 详情: 所有字段校验通过
2026-02-27 16:18:41,833 - INFO - CaseID:85 - QUERY字段：基础语义模糊匹配通过
2026-02-27 16:18:41,833 - INFO - CaseID:85 - 整体结果: FAILED | 详情: APINAME不匹配：预期[visual_search]，实际[skill_search]
2026-02-27 16:18:41,833 - INFO - CaseID:86 - CATEGORY字段：交集匹配，判定通过
2026-02-27 16:18:42,952 - INFO - CaseID:86 - QUERY字段：基础语义模糊匹配通过
2026-02-27 16:18:42,952 - INFO - CaseID:86 - TAG字段：有交集，判定通过
2026-02-27 16:18:42,952 - INFO - CaseID:86 - 整体结果: PASS | 详情: 所有字段校验通过
2026-02-27 16:18:42,953 - INFO - CaseID:87 - CATEGORY字段：交集匹配，判定通过
2026-02-27 16:18:44,295 - INFO - CaseID:87 - QUERY字段：基础语义模糊匹配通过
2026-02-27 16:18:44,295 - INFO - CaseID:87 - TAG字段：有交集，判定通过
2026-02-27 16:18:44,295 - INFO - CaseID:87 - 整体结果: PASS | 详情: 所有字段校验通过
2026-02-27 16:18:44,295 - INFO - CaseID:88 - CATEGORY字段：标准答案含「其他问答」，模型输出任意值通过
2026-02-27 16:18:45,747 - INFO - CaseID:88 - QUERY字段：基础语义模糊匹配通过
2026-02-27 16:18:45,748 - INFO - CaseID:88 - TAG字段：有交集，判定通过
2026-02-27 16:18:45,748 - INFO - CaseID:88 - 整体结果: PASS | 详情: 所有字段校验通过
2026-02-27 16:18:45,748 - INFO - CaseID:89 - CATEGORY字段：标准答案含「其他问答」，模型输出任意值通过
2026-02-27 16:18:48,120 - INFO - CaseID:89 - QUERY字段：基础语义模糊匹配通过
2026-02-27 16:18:48,120 - INFO - CaseID:89 - TAG字段：有交集，判定通过
2026-02-27 16:18:48,121 - INFO - CaseID:89 - 整体结果: PASS | 详情: 所有字段校验通过
2026-02-27 16:18:48,121 - INFO - CaseID:90 - CATEGORY字段：交集匹配，判定通过
2026-02-27 16:18:49,380 - INFO - CaseID:90 - QUERY字段：基础语义模糊匹配通过
2026-02-27 16:18:49,381 - INFO - CaseID:90 - TAG字段：有交集，判定通过
2026-02-27 16:18:49,381 - INFO - CaseID:90 - 整体结果: PASS | 详情: 所有字段校验通过
2026-02-27 16:18:49,382 - INFO - CaseID:91 - CATEGORY字段：交集匹配，判定通过
2026-02-27 16:18:50,619 - INFO - CaseID:91 - TAG字段：有交集，判定通过
2026-02-27 16:18:50,620 - INFO - CaseID:91 - 整体结果: FAILED | 详情: QUERY不匹配：基础语义模糊匹配失败 - 预期[波斯猫是一种什么动物]，实际[波斯猫的简介]
2026-02-27 16:18:50,620 - INFO - CaseID:92 - CATEGORY字段：标准答案含「其他问答」，模型输出任意值通过
2026-02-27 16:18:51,900 - INFO - CaseID:92 - QUERY字段：基础语义模糊匹配通过
2026-02-27 16:18:51,900 - INFO - CaseID:92 - TAG字段：有交集，判定通过
2026-02-27 16:18:51,900 - INFO - CaseID:92 - 整体结果: PASS | 详情: 所有字段校验通过
2026-02-27 16:18:53,026 - INFO - CaseID:93 - QUERY字段：基础语义模糊匹配通过
2026-02-27 16:18:53,026 - INFO - CaseID:93 - 整体结果: PASS | 详情: 所有字段校验通过
2026-02-27 16:18:53,026 - INFO - CaseID:94 - CATEGORY字段：标准答案含「其他问答」，模型输出任意值通过
2026-02-27 16:18:54,491 - INFO - CaseID:94 - QUERY字段：基础语义模糊匹配通过
2026-02-27 16:18:54,492 - INFO - CaseID:94 - TAG字段：有交集，判定通过
2026-02-27 16:18:54,492 - INFO - CaseID:94 - 整体结果: PASS | 详情: 所有字段校验通过
2026-02-27 16:18:54,492 - INFO - CaseID:95 - CATEGORY字段：标准答案含「其他问答」，模型输出任意值通过
2026-02-27 16:18:55,867 - INFO - CaseID:95 - QUERY字段：基础语义模糊匹配通过
2026-02-27 16:18:55,868 - INFO - CaseID:95 - TAG字段：有交集，判定通过
2026-02-27 16:18:55,868 - INFO - CaseID:95 - 整体结果: PASS | 详情: 所有字段校验通过
2026-02-27 16:18:55,868 - INFO - CaseID:96 - CATEGORY字段：交集匹配，判定通过
2026-02-27 16:18:58,070 - INFO - CaseID:96 - TAG字段：有交集，判定通过
2026-02-27 16:18:58,070 - INFO - CaseID:96 - 整体结果: FAILED | 详情: QUERY不匹配：基础语义模糊匹配失败 - 预期[黄色月季花的科属]，实际[月季花的科属]
2026-02-27 16:18:58,070 - INFO - CaseID:97 - CATEGORY字段：交集匹配，判定通过
2026-02-27 16:18:59,411 - INFO - CaseID:97 - QUERY字段：基础语义模糊匹配通过
2026-02-27 16:18:59,411 - INFO - CaseID:97 - TAG字段：有交集，判定通过
2026-02-27 16:18:59,412 - INFO - CaseID:97 - 整体结果: PASS | 详情: 所有字段校验通过
2026-02-27 16:19:00,915 - INFO - CaseID:98 - QUERY字段：基础语义模糊匹配通过
2026-02-27 16:19:00,915 - INFO - CaseID:98 - TAG字段：有交集，判定通过
2026-02-27 16:19:00,915 - INFO - CaseID:98 - 整体结果: FAILED | 详情: CATEGORY不匹配：无交集 - 预期[生物]，实际[健康]
2026-02-27 16:19:00,916 - INFO - CaseID:99 - CATEGORY字段：交集匹配，判定通过
2026-02-27 16:19:02,341 - INFO - CaseID:99 - QUERY字段：基础语义模糊匹配通过
2026-02-27 16:19:02,342 - INFO - CaseID:99 - TAG字段：有交集，判定通过
2026-02-27 16:19:02,342 - INFO - CaseID:99 - 整体结果: PASS | 详情: 所有字段校验通过
2026-02-27 16:19:02,342 - INFO - CaseID:100 - CATEGORY字段：交集匹配，判定通过
2026-02-27 16:19:03,927 - INFO - CaseID:100 - QUERY字段：基础语义模糊匹配通过
2026-02-27 16:19:03,928 - INFO - CaseID:100 - TAG字段：有交集，判定通过
2026-02-27 16:19:03,928 - INFO - CaseID:100 - 整体结果: PASS | 详情: 所有字段校验通过
2026-02-27 16:19:03,928 - INFO - CaseID:101 - CATEGORY字段：交集匹配，判定通过
2026-02-27 16:19:05,312 - INFO - CaseID:101 - QUERY字段：基础语义模糊匹配通过
2026-02-27 16:19:05,312 - INFO - CaseID:101 - TAG字段：有交集，判定通过
2026-02-27 16:19:05,312 - INFO - CaseID:101 - 整体结果: PASS | 详情: 所有字段校验通过
2026-02-27 16:19:05,312 - INFO - CaseID:102 - CATEGORY字段：交集匹配，判定通过
2026-02-27 16:19:06,988 - INFO - CaseID:102 - QUERY字段：基础语义模糊匹配通过
2026-02-27 16:19:06,989 - INFO - CaseID:102 - TAG字段：有交集，判定通过
2026-02-27 16:19:06,989 - INFO - CaseID:102 - 整体结果: PASS | 详情: 所有字段校验通过
2026-02-27 16:19:06,989 - INFO - CaseID:103 - CATEGORY字段：标准答案含「其他问答」，模型输出任意值通过
2026-02-27 16:19:08,463 - INFO - CaseID:103 - QUERY字段：基础语义模糊匹配通过
2026-02-27 16:19:08,464 - INFO - CaseID:103 - TAG字段：有交集，判定通过
2026-02-27 16:19:08,464 - INFO - CaseID:103 - 整体结果: PASS | 详情: 所有字段校验通过
2026-02-27 16:19:08,464 - INFO - CaseID:104 - CATEGORY字段：交集匹配，判定通过
2026-02-27 16:19:09,704 - INFO - CaseID:104 - QUERY字段：基础语义模糊匹配通过
2026-02-27 16:19:09,704 - INFO - CaseID:104 - TAG字段：有交集，判定通过
2026-02-27 16:19:09,704 - INFO - CaseID:104 - 整体结果: PASS | 详情: 所有字段校验通过
2026-02-27 16:19:09,705 - INFO - CaseID:105 - CATEGORY字段：交集匹配，判定通过
2026-02-27 16:19:11,180 - INFO - CaseID:105 - QUERY字段：基础语义模糊匹配通过
2026-02-27 16:19:11,180 - INFO - CaseID:105 - TAG字段：有交集，判定通过
2026-02-27 16:19:11,181 - INFO - CaseID:105 - 整体结果: PASS | 详情: 所有字段校验通过
2026-02-27 16:19:11,181 - INFO - CaseID:106 - CATEGORY字段：交集匹配，判定通过
2026-02-27 16:19:12,931 - INFO - CaseID:106 - QUERY字段：基础语义模糊匹配通过
2026-02-27 16:19:12,932 - INFO - CaseID:106 - TAG字段：有交集，判定通过
2026-02-27 16:19:12,932 - INFO - CaseID:106 - 整体结果: PASS | 详情: 所有字段校验通过
2026-02-27 16:19:12,932 - INFO - CaseID:107 - CATEGORY字段：交集匹配，判定通过
2026-02-27 16:19:14,088 - INFO - CaseID:107 - QUERY字段：基础语义模糊匹配通过
2026-02-27 16:19:14,088 - INFO - CaseID:107 - TAG字段：有交集，判定通过
2026-02-27 16:19:14,089 - INFO - CaseID:107 - 整体结果: PASS | 详情: 所有字段校验通过
2026-02-27 16:19:14,089 - INFO - CaseID:108 - CATEGORY字段：交集匹配，判定通过
2026-02-27 16:19:15,514 - INFO - CaseID:108 - QUERY字段：基础语义模糊匹配通过
2026-02-27 16:19:15,515 - INFO - CaseID:108 - TAG字段：有交集，判定通过
2026-02-27 16:19:15,515 - INFO - CaseID:108 - 整体结果: PASS | 详情: 所有字段校验通过
2026-02-27 16:19:15,515 - INFO - CaseID:109 - CATEGORY字段：交集匹配，判定通过
2026-02-27 16:19:17,030 - INFO - CaseID:109 - QUERY字段：基础语义模糊匹配通过
2026-02-27 16:19:17,031 - INFO - CaseID:109 - TAG字段：有交集，判定通过
2026-02-27 16:19:17,031 - INFO - CaseID:109 - 整体结果: PASS | 详情: 所有字段校验通过
2026-02-27 16:19:18,459 - INFO - CaseID:110 - QUERY字段：基础语义模糊匹配通过
2026-02-27 16:19:18,460 - INFO - CaseID:110 - TAG字段：有交集，判定通过
2026-02-27 16:19:18,460 - INFO - CaseID:110 - 整体结果: FAILED | 详情: CATEGORY不匹配：无交集 - 预期[生物]，实际[健康]
2026-02-27 16:19:18,460 - INFO - CaseID:111 - CATEGORY字段：交集匹配，判定通过
2026-02-27 16:19:19,739 - INFO - CaseID:111 - QUERY字段：基础语义模糊匹配通过
2026-02-27 16:19:19,739 - INFO - CaseID:111 - TAG字段：有交集，判定通过
2026-02-27 16:19:19,739 - INFO - CaseID:111 - 整体结果: PASS | 详情: 所有字段校验通过
2026-02-27 16:19:19,739 - INFO - CaseID:112 - CATEGORY字段：交集匹配，判定通过
2026-02-27 16:19:21,485 - INFO - CaseID:112 - QUERY字段：基础语义模糊匹配通过
2026-02-27 16:19:21,485 - INFO - CaseID:112 - TAG字段：有交集，判定通过
2026-02-27 16:19:21,485 - INFO - CaseID:112 - 整体结果: PASS | 详情: 所有字段校验通过
2026-02-27 16:19:21,486 - INFO - CaseID:113 - CATEGORY字段：交集匹配，判定通过
2026-02-27 16:19:23,024 - INFO - CaseID:113 - QUERY字段：基础语义模糊匹配通过
2026-02-27 16:19:23,025 - INFO - CaseID:113 - TAG字段：有交集，判定通过
2026-02-27 16:19:23,025 - INFO - CaseID:113 - 整体结果: PASS | 详情: 所有字段校验通过
2026-02-27 16:19:23,025 - INFO - CaseID:114 - 整体结果: FAILED | 详情: 模型输出核心字段全为空，判定不通过
2026-02-27 16:19:23,026 - INFO - CaseID:115 - CATEGORY字段：交集匹配，判定通过
2026-02-27 16:19:24,147 - INFO - CaseID:115 - QUERY字段：基础语义模糊匹配通过
2026-02-27 16:19:24,147 - INFO - CaseID:115 - TAG字段：有交集，判定通过
2026-02-27 16:19:24,147 - INFO - CaseID:115 - 整体结果: PASS | 详情: 所有字段校验通过
2026-02-27 16:19:24,147 - INFO - CaseID:116 - CATEGORY字段：交集匹配，判定通过
2026-02-27 16:19:25,626 - INFO - CaseID:116 - QUERY字段：基础语义模糊匹配通过
2026-02-27 16:19:25,628 - INFO - CaseID:116 - TAG字段：有交集，判定通过
2026-02-27 16:19:25,628 - INFO - CaseID:116 - 整体结果: PASS | 详情: 所有字段校验通过
2026-02-27 16:19:25,631 - INFO - CaseID:117 - CATEGORY字段：交集匹配，判定通过
2026-02-27 16:19:27,008 - INFO - CaseID:117 - QUERY字段：基础语义模糊匹配通过
2026-02-27 16:19:27,009 - INFO - CaseID:117 - TAG字段：有交集，判定通过
2026-02-27 16:19:27,009 - INFO - CaseID:117 - 整体结果: PASS | 详情: 所有字段校验通过
2026-02-27 16:19:27,009 - INFO - CaseID:118 - CATEGORY字段：交集匹配，判定通过
2026-02-27 16:19:28,326 - INFO - CaseID:118 - QUERY字段：基础语义模糊匹配通过
2026-02-27 16:19:28,327 - INFO - CaseID:118 - TAG字段：有交集，判定通过
2026-02-27 16:19:28,327 - INFO - CaseID:118 - 整体结果: PASS | 详情: 所有字段校验通过
2026-02-27 16:19:28,327 - INFO - CaseID:119 - CATEGORY字段：模型输出含「其他问答」，该字段通过
2026-02-27 16:19:29,493 - INFO - CaseID:119 - QUERY字段：基础语义模糊匹配通过
2026-02-27 16:19:29,493 - INFO - CaseID:119 - 整体结果: FAILED | 详情: APINAME不匹配：预期[visual_search]，实际[QASearch]; TAG不匹配：一方为空 - 预期[]，实际[黑色T恤&材质]
2026-02-27 16:19:30,673 - INFO - CaseID:120 - QUERY字段：基础语义模糊匹配通过
2026-02-27 16:19:30,673 - INFO - CaseID:120 - 整体结果: PASS | 详情: 所有字段校验通过
2026-02-27 16:19:31,868 - INFO - CaseID:121 - QUERY字段：基础语义模糊匹配通过
2026-02-27 16:19:31,869 - INFO - CaseID:121 - 整体结果: PASS | 详情: 所有字段校验通过
2026-02-27 16:19:31,869 - INFO - CaseID:122 - 整体结果: FAILED | 详情: 模型输出核心字段全为空，判定不通过
2026-02-27 16:19:33,614 - INFO - CaseID:123 - QUERY字段：基础语义模糊匹配通过
2026-02-27 16:19:33,615 - INFO - CaseID:123 - TAG字段：有交集，判定通过
2026-02-27 16:19:33,615 - INFO - CaseID:123 - 整体结果: FAILED | 详情: CATEGORY不匹配：无交集 - 预期[地理]，实际[地理通用]
2026-02-27 16:19:35,074 - INFO - CaseID:124 - QUERY字段：基础语义模糊匹配通过
2026-02-27 16:19:35,074 - INFO - CaseID:124 - 整体结果: PASS | 详情: 所有字段校验通过
2026-02-27 16:19:35,074 - INFO - CaseID:125 - CATEGORY字段：模型输出含「其他问答」，该字段通过
2026-02-27 16:19:36,163 - INFO - CaseID:125 - 整体结果: FAILED | 详情: APINAME不匹配：预期[visual_search]，实际[QASearch]; QUERY不匹配：基础语义模糊匹配失败 - 预期[这件夹克的款式怎么样]，实际[黑色防风防水夹克的款式]; TAG不匹配：一方为空 - 预期[]，实际[黑色&防风防水夹克&款式]
2026-02-27 16:19:37,561 - INFO - CaseID:126 - QUERY字段：基础语义模糊匹配通过
2026-02-27 16:19:37,561 - INFO - CaseID:126 - 整体结果: PASS | 详情: 所有字段校验通过
2026-02-27 16:19:37,561 - INFO - CaseID:127 - APINAME字段：QASearch↔worthbuy，判定通过
2026-02-27 16:19:37,562 - INFO - CaseID:127 - CATEGORY字段：标准答案含「其他问答」，模型输出任意值通过
2026-02-27 16:19:38,733 - INFO - CaseID:127 - QUERY字段：基础语义模糊匹配通过
2026-02-27 16:19:38,734 - INFO - CaseID:127 - TAG字段：有交集，判定通过
2026-02-27 16:19:38,734 - INFO - CaseID:127 - 整体结果: PASS | 详情: 所有字段校验通过
2026-02-27 16:19:38,734 - INFO - CaseID:128 - CATEGORY字段：标准答案含「其他问答」，模型输出任意值通过
2026-02-27 16:19:39,984 - INFO - CaseID:128 - QUERY字段：基础语义模糊匹配通过
2026-02-27 16:19:39,984 - INFO - CaseID:128 - 整体结果: FAILED | 详情: TAG不匹配：无交集 - 预期[灰色休闲服&购买渠道]，实际[购买灰色休闲服&渠道]
2026-02-27 16:19:41,603 - INFO - CaseID:129 - QUERY字段：基础语义模糊匹配通过
2026-02-27 16:19:41,604 - INFO - CaseID:129 - 整体结果: PASS | 详情: 所有字段校验通过
2026-02-27 16:19:41,604 - INFO - CaseID:130 - 整体结果: FAILED | 详情: 模型输出核心字段全为空，判定不通过
2026-02-27 16:19:41,604 - INFO - CaseID:131 - 整体结果: FAILED | 详情: 模型输出核心字段全为空，判定不通过
2026-02-27 16:19:41,604 - INFO - CaseID:132 - CATEGORY字段：模型输出含「其他问答」，该字段通过
2026-02-27 16:19:42,795 - INFO - CaseID:132 - QUERY字段：基础语义模糊匹配通过
2026-02-27 16:19:42,795 - INFO - CaseID:132 - 整体结果: FAILED | 详情: APINAME不匹配：预期[visual_search]，实际[QASearch]; TAG不匹配：一方为空 - 预期[]，实际[拼色毛衣&编织方法]
2026-02-27 16:19:44,277 - INFO - CaseID:133 - QUERY字段：基础语义模糊匹配通过
2026-02-27 16:19:44,277 - INFO - CaseID:133 - 整体结果: PASS | 详情: 所有字段校验通过
2026-02-27 16:19:44,278 - INFO - CaseID:134 - CATEGORY字段：模型输出含「其他问答」，该字段通过
2026-02-27 16:19:45,426 - INFO - CaseID:134 - 整体结果: FAILED | 详情: APINAME不匹配：预期[visual_search]，实际[QASearch]; QUERY不匹配：基础语义模糊匹配失败 - 预期[这件灰色和深蓝色的搭配的衣服是国内的品牌吗]，实际[这件灰色和深蓝色条纹搭配的国内品牌衣服是什么]; TAG不匹配：一方为空 - 预期[]，实际[灰色&深蓝色条纹&国内品牌&衣服]
2026-02-27 16:19:45,427 - INFO - CaseID:135 - 整体结果: FAILED | 详情: 模型输出核心字段全为空，判定不通过
2026-02-27 16:19:47,952 - INFO - CaseID:136 - 整体结果: FAILED | 详情: APINAME不匹配：预期[visual_search]，实际[worthbuy]; CATEGORY不匹配：一方为空 - 预期[]，实际[商品查询-不确定商品]; QUERY不匹配：基础语义模糊匹配失败 - 预期[这件衣服的材质是什么]，实际[深色和浅色拼接设计的衣服的材质]; TAG不匹配：一方为空 - 预期[]，实际[深色&浅色&拼接设计&衣服&材质]
2026-02-27 16:19:49,383 - INFO - CaseID:137 - QUERY字段：基础语义模糊匹配通过
2026-02-27 16:19:49,383 - INFO - CaseID:137 - 整体结果: PASS | 详情: 所有字段校验通过
2026-02-27 16:19:50,731 - INFO - CaseID:138 - QUERY字段：基础语义模糊匹配通过
2026-02-27 16:19:50,731 - INFO - CaseID:138 - 整体结果: PASS | 详情: 所有字段校验通过
2026-02-27 16:19:50,732 - INFO - CaseID:139 - 整体结果: FAILED | 详情: 模型输出核心字段全为空，判定不通过
2026-02-27 16:19:50,732 - INFO - CaseID:140 - CATEGORY字段：标准答案含「其他问答」，模型输出任意值通过
2026-02-27 16:19:52,455 - INFO - CaseID:140 - 整体结果: FAILED | 详情: QUERY不匹配：基础语义模糊匹配失败 - 预期[羽绒服的价格]，实际[用户提到的厚实羽绒服的具体品牌或型号]; TAG不匹配：无交集 - 预期[羽绒服&价格]，实际[用户提到&厚实羽绒服&具体品牌或型号]
2026-02-27 16:19:52,455 - INFO - CaseID:141 - 整体结果: FAILED | 详情: 模型输出核心字段全为空，判定不通过
2026-02-27 16:19:53,564 - INFO - CaseID:142 - QUERY字段：基础语义模糊匹配通过
2026-02-27 16:19:53,565 - INFO - CaseID:142 - 整体结果: FAILED | 详情: APINAME不匹配：预期[visual_search]，实际[worthbuy]; CATEGORY不匹配：一方为空 - 预期[]，实际[商品查询-不确定商品]; TAG不匹配：一方为空 - 预期[]，实际[浅色羽绒服&款式&短款&长款]
2026-02-27 16:19:54,918 - INFO - CaseID:143 - QUERY字段：基础语义模糊匹配通过
2026-02-27 16:19:54,918 - INFO - CaseID:143 - 整体结果: PASS | 详情: 所有字段校验通过
2026-02-27 16:19:54,918 - INFO - CaseID:144 - CATEGORY字段：模型输出含「其他问答」，该字段通过
2026-02-27 16:19:56,142 - INFO - CaseID:144 - QUERY字段：基础语义模糊匹配通过
2026-02-27 16:19:56,142 - INFO - CaseID:144 - 整体结果: FAILED | 详情: APINAME不匹配：预期[visual_search]，实际[QASearch]; TAG不匹配：一方为空 - 预期[]，实际[条纹衬衫&材质]
2026-02-27 16:19:56,143 - INFO - CaseID:145 - 整体结果: FAILED | 详情: 模型输出核心字段全为空，判定不通过
2026-02-27 16:19:57,827 - INFO - CaseID:146 - QUERY字段：基础语义模糊匹配通过
2026-02-27 16:19:57,827 - INFO - CaseID:146 - 整体结果: PASS | 详情: 所有字段校验通过
2026-02-27 16:19:57,828 - INFO - CaseID:147 - CATEGORY字段：模型输出含「其他问答」，该字段通过
2026-02-27 16:19:59,048 - INFO - CaseID:147 - QUERY字段：基础语义模糊匹配通过
2026-02-27 16:19:59,049 - INFO - CaseID:147 - 整体结果: FAILED | 详情: APINAME不匹配：预期[visual_search]，实际[QASearch]; TAG不匹配：一方为空 - 预期[]，实际[蓝色条纹衬衫&适合&年龄范围]
2026-02-27 16:19:59,049 - INFO - CaseID:148 - CATEGORY字段：交集匹配，判定通过
2026-02-27 16:20:00,762 - INFO - CaseID:148 - QUERY字段：基础语义模糊匹配通过
2026-02-27 16:20:00,762 - INFO - CaseID:148 - TAG字段：有交集，判定通过
2026-02-27 16:20:00,762 - INFO - CaseID:148 - 整体结果: PASS | 详情: 所有字段校验通过
2026-02-27 16:20:01,906 - INFO - CaseID:149 - QUERY字段：基础语义模糊匹配通过
2026-02-27 16:20:01,906 - INFO - CaseID:149 - TAG字段：有交集，判定通过
2026-02-27 16:20:01,906 - INFO - CaseID:149 - 整体结果: FAILED | 详情: CATEGORY不匹配：无交集 - 预期[人物]，实际[影视]
2026-02-27 16:20:07,603 - INFO - 
=== 执行完成 ===
2026-02-27 16:20:07,604 - INFO - 总耗时：205.17s ≈ 3.4min
2026-02-27 16:20:07,605 - INFO - 总用例：149  PASS：101  通过率：67.79%
