2026-02-26 22:09:00,855 - INFO - === 看世界规划对比工具（新旧用例双轨适配版）启动 ===
2026-02-26 22:09:01,032 - INFO - 成功加载飞书表格
2026-02-26 22:09:04,091 - INFO - CaseID:1 - QUERY字段：基础语义模糊匹配通过
2026-02-26 22:09:04,091 - INFO - CaseID:1 - 整体结果: PASS | 详情: 所有字段校验通过
2026-02-26 22:09:06,490 - INFO - CaseID:2 - QUERY字段：基础语义模糊匹配通过
2026-02-26 22:09:06,490 - INFO - CaseID:2 - 整体结果: PASS | 详情: 所有字段校验通过
2026-02-26 22:09:08,495 - INFO - CaseID:3 - QUERY字段：基础语义模糊匹配通过
2026-02-26 22:09:08,495 - INFO - CaseID:3 - 整体结果: PASS | 详情: 所有字段校验通过
2026-02-26 22:09:10,566 - INFO - CaseID:4 - QUERY字段：基础语义模糊匹配通过
2026-02-26 22:09:10,567 - INFO - CaseID:4 - 整体结果: PASS | 详情: 所有字段校验通过
2026-02-26 22:09:12,616 - INFO - CaseID:5 - QUERY字段：基础语义模糊匹配通过
2026-02-26 22:09:12,616 - INFO - CaseID:5 - 整体结果: PASS | 详情: 所有字段校验通过
2026-02-26 22:09:14,511 - INFO - CaseID:6 - QUERY字段：基础语义模糊匹配通过
2026-02-26 22:09:14,511 - INFO - CaseID:6 - 整体结果: PASS | 详情: 所有字段校验通过
2026-02-26 22:09:16,509 - INFO - CaseID:7 - QUERY字段：基础语义模糊匹配通过
2026-02-26 22:09:16,509 - INFO - CaseID:7 - 整体结果: PASS | 详情: 所有字段校验通过
2026-02-26 22:09:18,353 - INFO - CaseID:8 - QUERY字段：基础语义模糊匹配通过
2026-02-26 22:09:18,354 - INFO - CaseID:8 - 整体结果: PASS | 详情: 所有字段校验通过
2026-02-26 22:09:20,908 - INFO - CaseID:9 - QUERY字段：基础语义模糊匹配通过
2026-02-26 22:09:20,908 - INFO - CaseID:9 - 整体结果: PASS | 详情: 所有字段校验通过
2026-02-26 22:09:22,799 - INFO - CaseID:10 - QUERY字段：基础语义模糊匹配通过
2026-02-26 22:09:22,799 - INFO - CaseID:10 - 整体结果: PASS | 详情: 所有字段校验通过
2026-02-26 22:09:25,634 - INFO - CaseID:11 - QUERY字段：基础语义模糊匹配通过
2026-02-26 22:09:25,634 - INFO - CaseID:11 - 整体结果: PASS | 详情: 所有字段校验通过
2026-02-26 22:09:27,570 - INFO - CaseID:12 - QUERY字段：基础语义模糊匹配通过
2026-02-26 22:09:27,571 - INFO - CaseID:12 - 整体结果: PASS | 详情: 所有字段校验通过
2026-02-26 22:09:27,571 - INFO - CaseID:13 - 整体结果: FAILED | 详情: 模型输出核心字段全为空，判定不通过
2026-02-26 22:09:27,571 - INFO - CaseID:14 - 整体结果: FAILED | 详情: 模型输出核心字段全为空，判定不通过
2026-02-26 22:09:29,793 - INFO - CaseID:15 - QUERY字段：基础语义模糊匹配通过
2026-02-26 22:09:29,794 - INFO - CaseID:15 - 整体结果: FAILED | 详情: APINAME不匹配：预期[visual_search]，实际[QASearch]; CATEGORY不匹配：一方为空 - 预期[]，实际[生物]; TAG不匹配：一方为空 - 预期[]，实际[这棵树&开花时间]
2026-02-26 22:09:31,845 - INFO - CaseID:16 - 整体结果: FAILED | 详情: APINAME不匹配：预期[visual_search]，实际[QASearch]; CATEGORY不匹配：一方为空 - 预期[]，实际[生物]; QUERY不匹配：基础语义模糊匹配失败 - 预期[这棵树多少年会开花结果]，实际[常见树木开花结果的年份]; TAG不匹配：一方为空 - 预期[]，实际[常见树木&开花结果&年份]
2026-02-26 22:09:33,958 - INFO - CaseID:17 - QUERY字段：基础语义模糊匹配通过
2026-02-26 22:09:33,959 - INFO - CaseID:17 - 整体结果: PASS | 详情: 所有字段校验通过
2026-02-26 22:09:36,327 - INFO - CaseID:18 - QUERY字段：基础语义模糊匹配通过
2026-02-26 22:09:36,328 - INFO - CaseID:18 - 整体结果: FAILED | 详情: APINAME不匹配：预期[visual_search]，实际[QASearch]; CATEGORY不匹配：一方为空 - 预期[]，实际[生物]; TAG不匹配：一方为空 - 预期[]，实际[发财树&养护方法]
2026-02-26 22:09:38,251 - INFO - CaseID:19 - QUERY字段：基础语义模糊匹配通过
2026-02-26 22:09:38,252 - INFO - CaseID:19 - 整体结果: PASS | 详情: 所有字段校验通过
2026-02-26 22:09:40,190 - INFO - CaseID:20 - QUERY字段：基础语义模糊匹配通过
2026-02-26 22:09:40,190 - INFO - CaseID:20 - 整体结果: FAILED | 详情: APINAME不匹配：预期[visual_search]，实际[QASearch]; CATEGORY不匹配：一方为空 - 预期[]，实际[生物]; TAG不匹配：一方为空 - 预期[]，实际[紫色&球形&花]
2026-02-26 22:09:42,209 - INFO - CaseID:21 - QUERY字段：基础语义模糊匹配通过
2026-02-26 22:09:42,209 - INFO - CaseID:21 - 整体结果: PASS | 详情: 所有字段校验通过
2026-02-26 22:09:44,020 - INFO - CaseID:22 - QUERY字段：基础语义模糊匹配通过
2026-02-26 22:09:44,020 - INFO - CaseID:22 - 整体结果: PASS | 详情: 所有字段校验通过
2026-02-26 22:09:46,550 - INFO - CaseID:23 - 整体结果: FAILED | 详情: APINAME不匹配：预期[visual_search]，实际[QASearch]; CATEGORY不匹配：一方为空 - 预期[]，实际[生物]; QUERY不匹配：基础语义模糊匹配失败 - 预期[这是月季还是玫瑰]，实际[月季的简介]; TAG不匹配：一方为空 - 预期[]，实际[月季&简介]
2026-02-26 22:09:48,353 - INFO - CaseID:24 - QUERY字段：基础语义模糊匹配通过
2026-02-26 22:09:48,353 - INFO - CaseID:24 - 整体结果: PASS | 详情: 所有字段校验通过
2026-02-26 22:09:50,504 - INFO - CaseID:25 - 整体结果: FAILED | 详情: APINAME不匹配：预期[visual_search]，实际[QASearch]; CATEGORY不匹配：一方为空 - 预期[]，实际[地理通用]; QUERY不匹配：基础语义模糊匹配失败 - 预期[地里长的什么花]，实际[北京朝阳区2026年2月常见农田花卉]; TAG不匹配：一方为空 - 预期[]，实际[北京朝阳区&2026年2月&常见农田花卉]
2026-02-26 22:09:50,504 - INFO - CaseID:26 - 整体结果: FAILED | 详情: 模型输出核心字段全为空，判定不通过
2026-02-26 22:09:52,464 - INFO - CaseID:27 - QUERY字段：基础语义模糊匹配通过
2026-02-26 22:09:52,465 - INFO - CaseID:27 - 整体结果: PASS | 详情: 所有字段校验通过
2026-02-26 22:09:54,397 - INFO - CaseID:28 - QUERY字段：基础语义模糊匹配通过
2026-02-26 22:09:54,398 - INFO - CaseID:28 - 整体结果: FAILED | 详情: APINAME不匹配：预期[visual_search]，实际[QASearch]; CATEGORY不匹配：一方为空 - 预期[]，实际[生物]; TAG不匹配：一方为空 - 预期[]，实际[这个&一般&开花时间]
2026-02-26 22:09:56,737 - INFO - CaseID:29 - QUERY字段：基础语义模糊匹配通过
2026-02-26 22:09:56,737 - INFO - CaseID:29 - 整体结果: PASS | 详情: 所有字段校验通过
2026-02-26 22:10:01,308 - INFO - CaseID:30 - QUERY字段：语义匹配失败，但visual_search链路意图匹配通过
2026-02-26 22:10:01,309 - INFO - CaseID:30 - 整体结果: PASS | 详情: 所有字段校验通过
2026-02-26 22:10:01,309 - INFO - CaseID:31 - 整体结果: FAILED | 详情: 模型输出核心字段全为空，判定不通过
2026-02-26 22:10:03,019 - INFO - CaseID:32 - QUERY字段：基础语义模糊匹配通过
2026-02-26 22:10:03,019 - INFO - CaseID:32 - 整体结果: PASS | 详情: 所有字段校验通过
2026-02-26 22:10:05,401 - INFO - CaseID:33 - QUERY字段：基础语义模糊匹配通过
2026-02-26 22:10:05,401 - INFO - CaseID:33 - 整体结果: PASS | 详情: 所有字段校验通过
2026-02-26 22:10:07,299 - INFO - CaseID:34 - 整体结果: FAILED | 详情: APINAME不匹配：预期[visual_search]，实际[QASearch]; CATEGORY不匹配：一方为空 - 预期[]，实际[生物]; QUERY不匹配：基础语义模糊匹配失败 - 预期[这个和中华木绣球有什么区别]，实际[中华木绣球的植物学特征]; TAG不匹配：一方为空 - 预期[]，实际[中华木绣球&植物学特征]
2026-02-26 22:10:09,245 - INFO - CaseID:35 - QUERY字段：基础语义模糊匹配通过
2026-02-26 22:10:09,246 - INFO - CaseID:35 - 整体结果: PASS | 详情: 所有字段校验通过
2026-02-26 22:10:11,121 - INFO - CaseID:36 - QUERY字段：基础语义模糊匹配通过
2026-02-26 22:10:11,121 - INFO - CaseID:36 - 整体结果: PASS | 详情: 所有字段校验通过
2026-02-26 22:10:13,142 - INFO - CaseID:37 - 整体结果: FAILED | 详情: APINAME不匹配：预期[visual_search]，实际[QASearch]; CATEGORY不匹配：一方为空 - 预期[]，实际[生物]; QUERY不匹配：基础语义模糊匹配失败 - 预期[这个是布鲁诺绿菊吗]，实际[布鲁诺绿菊的特征]; TAG不匹配：一方为空 - 预期[]，实际[布鲁诺绿菊&特征]
2026-02-26 22:10:16,821 - INFO - CaseID:38 - QUERY字段：语义匹配失败，但visual_search链路意图匹配通过
2026-02-26 22:10:16,821 - INFO - CaseID:38 - 整体结果: PASS | 详情: 所有字段校验通过
2026-02-26 22:10:19,127 - INFO - CaseID:39 - QUERY字段：基础语义模糊匹配通过
2026-02-26 22:10:19,128 - INFO - CaseID:39 - 整体结果: PASS | 详情: 所有字段校验通过
2026-02-26 22:10:21,586 - INFO - CaseID:40 - QUERY字段：基础语义模糊匹配通过
2026-02-26 22:10:21,587 - INFO - CaseID:40 - 整体结果: FAILED | 详情: APINAME不匹配：预期[visual_search]，实际[calendar]
2026-02-26 22:10:23,545 - INFO - CaseID:41 - 整体结果: FAILED | 详情: APINAME不匹配：预期[visual_search]，实际[QASearch]; CATEGORY不匹配：一方为空 - 预期[]，实际[生物]; QUERY不匹配：基础语义模糊匹配失败 - 预期[为什么树干上开花]，实际[树干上开花的植物有哪些]; TAG不匹配：一方为空 - 预期[]，实际[树干上&开花&植物]
2026-02-26 22:10:25,502 - INFO - CaseID:42 - QUERY字段：基础语义模糊匹配通过
2026-02-26 22:10:25,502 - INFO - CaseID:42 - 整体结果: PASS | 详情: 所有字段校验通过
2026-02-26 22:10:30,205 - INFO - CaseID:43 - QUERY字段：语义匹配失败，但visual_search链路意图匹配通过
2026-02-26 22:10:30,206 - INFO - CaseID:43 - 整体结果: PASS | 详情: 所有字段校验通过
2026-02-26 22:10:32,081 - INFO - CaseID:44 - 整体结果: FAILED | 详情: APINAME不匹配：预期[visual_search]，实际[QASearch]; CATEGORY不匹配：一方为空 - 预期[]，实际[生物]; QUERY不匹配：基础语义模糊匹配失败 - 预期[这颗树的主要价值是什么]，实际[树的主要价值包括哪些方面]; TAG不匹配：一方为空 - 预期[]，实际[树&主要价值&方面]
2026-02-26 22:10:34,125 - INFO - CaseID:45 - QUERY字段：基础语义模糊匹配通过
2026-02-26 22:10:34,125 - INFO - CaseID:45 - 整体结果: PASS | 详情: 所有字段校验通过
2026-02-26 22:10:39,178 - INFO - CaseID:46 - QUERY字段：语义匹配失败，但visual_search链路意图匹配通过
2026-02-26 22:10:39,179 - INFO - CaseID:46 - 整体结果: PASS | 详情: 所有字段校验通过
2026-02-26 22:10:41,109 - INFO - CaseID:47 - QUERY字段：基础语义模糊匹配通过
2026-02-26 22:10:41,110 - INFO - CaseID:47 - 整体结果: FAILED | 详情: APINAME不匹配：预期[visual_search]，实际[calendar]
2026-02-26 22:10:42,910 - INFO - CaseID:48 - 整体结果: FAILED | 详情: APINAME不匹配：预期[visual_search]，实际[QASearch]; CATEGORY不匹配：一方为空 - 预期[]，实际[生物]; QUERY不匹配：基础语义模糊匹配失败 - 预期[这棵树看上去有多少岁]，实际[通过树的外观估算年龄的方法]; TAG不匹配：一方为空 - 预期[]，实际[通过树&外观&估算年龄&方法]
2026-02-26 22:10:44,914 - INFO - CaseID:49 - 整体结果: FAILED | 详情: APINAME不匹配：预期[visual_search]，实际[QASearch]; CATEGORY不匹配：一方为空 - 预期[]，实际[生物]; QUERY不匹配：基础语义模糊匹配失败 - 预期[柳树是在什么季节拍的呢]，实际[柳树在不同季节的特征]; TAG不匹配：一方为空 - 预期[]，实际[柳树&不同季节&特征]
2026-02-26 22:10:46,692 - INFO - CaseID:50 - QUERY字段：基础语义模糊匹配通过
2026-02-26 22:10:46,692 - INFO - CaseID:50 - 整体结果: PASS | 详情: 所有字段校验通过
2026-02-26 22:10:51,029 - INFO - CaseID:51 - QUERY字段：语义匹配失败，但visual_search链路意图匹配通过
2026-02-26 22:10:51,029 - INFO - CaseID:51 - 整体结果: PASS | 详情: 所有字段校验通过
2026-02-26 22:10:53,584 - INFO - CaseID:52 - QUERY字段：基础语义模糊匹配通过
2026-02-26 22:10:53,584 - INFO - CaseID:52 - 整体结果: PASS | 详情: 所有字段校验通过
2026-02-26 22:10:55,531 - INFO - CaseID:53 - 整体结果: FAILED | 详情: APINAME不匹配：预期[visual_search]，实际[QASearch]; CATEGORY不匹配：一方为空 - 预期[]，实际[城市]; QUERY不匹配：基础语义模糊匹配失败 - 预期[这是辽宁哪里的车]，实际[辽宁车牌代码]; TAG不匹配：一方为空 - 预期[]，实际[辽宁&车牌代码]
2026-02-26 22:10:59,353 - INFO - CaseID:54 - QUERY字段：语义匹配失败，但visual_search链路意图匹配通过
2026-02-26 22:10:59,354 - INFO - CaseID:54 - 整体结果: PASS | 详情: 所有字段校验通过
2026-02-26 22:11:01,183 - INFO - CaseID:55 - QUERY字段：基础语义模糊匹配通过
2026-02-26 22:11:01,183 - INFO - CaseID:55 - 整体结果: PASS | 详情: 所有字段校验通过
2026-02-26 22:11:03,070 - INFO - CaseID:56 - QUERY字段：基础语义模糊匹配通过
2026-02-26 22:11:03,070 - INFO - CaseID:56 - 整体结果: PASS | 详情: 所有字段校验通过
2026-02-26 22:11:04,930 - INFO - CaseID:57 - 整体结果: FAILED | 详情: APINAME不匹配：预期[visual_search]，实际[QASearch]; CATEGORY不匹配：一方为空 - 预期[]，实际[国家]; QUERY不匹配：基础语义模糊匹配失败 - 预期[这个车牌照代表什么]，实际[中国车牌号码的编码规则]; TAG不匹配：一方为空 - 预期[]，实际[中国&车牌号码&编码规则]
2026-02-26 22:11:08,952 - INFO - CaseID:58 - QUERY字段：语义匹配失败，但visual_search链路意图匹配通过
2026-02-26 22:11:08,953 - INFO - CaseID:58 - 整体结果: PASS | 详情: 所有字段校验通过
2026-02-26 22:11:10,817 - INFO - CaseID:59 - QUERY字段：基础语义模糊匹配通过
2026-02-26 22:11:10,818 - INFO - CaseID:59 - 整体结果: PASS | 详情: 所有字段校验通过
2026-02-26 22:11:12,781 - INFO - CaseID:60 - QUERY字段：基础语义模糊匹配通过
2026-02-26 22:11:12,781 - INFO - CaseID:60 - 整体结果: PASS | 详情: 所有字段校验通过
2026-02-26 22:11:14,536 - INFO - CaseID:61 - QUERY字段：基础语义模糊匹配通过
2026-02-26 22:11:14,536 - INFO - CaseID:61 - 整体结果: PASS | 详情: 所有字段校验通过
2026-02-26 22:11:16,628 - INFO - CaseID:62 - QUERY字段：基础语义模糊匹配通过
2026-02-26 22:11:16,628 - INFO - CaseID:62 - 整体结果: PASS | 详情: 所有字段校验通过
2026-02-26 22:11:20,689 - INFO - CaseID:63 - QUERY字段：语义匹配失败，但visual_search链路意图匹配通过
2026-02-26 22:11:20,690 - INFO - CaseID:63 - 整体结果: PASS | 详情: 所有字段校验通过
2026-02-26 22:11:22,482 - INFO - CaseID:64 - QUERY字段：基础语义模糊匹配通过
2026-02-26 22:11:22,482 - INFO - CaseID:64 - 整体结果: PASS | 详情: 所有字段校验通过
2026-02-26 22:11:24,313 - INFO - CaseID:65 - QUERY字段：基础语义模糊匹配通过
2026-02-26 22:11:24,313 - INFO - CaseID:65 - 整体结果: PASS | 详情: 所有字段校验通过
2026-02-26 22:11:26,835 - INFO - CaseID:66 - QUERY字段：基础语义模糊匹配通过
2026-02-26 22:11:26,835 - INFO - CaseID:66 - 整体结果: PASS | 详情: 所有字段校验通过
2026-02-26 22:11:28,812 - INFO - CaseID:67 - QUERY字段：基础语义模糊匹配通过
2026-02-26 22:11:28,812 - INFO - CaseID:67 - 整体结果: PASS | 详情: 所有字段校验通过
2026-02-26 22:11:30,771 - INFO - CaseID:68 - QUERY字段：基础语义模糊匹配通过
2026-02-26 22:11:30,771 - INFO - CaseID:68 - 整体结果: PASS | 详情: 所有字段校验通过
2026-02-26 22:11:32,710 - INFO - CaseID:69 - QUERY字段：基础语义模糊匹配通过
2026-02-26 22:11:32,711 - INFO - CaseID:69 - 整体结果: PASS | 详情: 所有字段校验通过
2026-02-26 22:11:34,718 - INFO - CaseID:70 - QUERY字段：基础语义模糊匹配通过
2026-02-26 22:11:34,719 - INFO - CaseID:70 - 整体结果: PASS | 详情: 所有字段校验通过
2026-02-26 22:11:38,293 - INFO - CaseID:71 - QUERY字段：语义匹配失败，但visual_search链路意图匹配通过
2026-02-26 22:11:38,293 - INFO - CaseID:71 - 整体结果: PASS | 详情: 所有字段校验通过
2026-02-26 22:11:40,459 - INFO - CaseID:72 - QUERY字段：基础语义模糊匹配通过
2026-02-26 22:11:40,459 - INFO - CaseID:72 - 整体结果: PASS | 详情: 所有字段校验通过
2026-02-26 22:11:42,248 - INFO - CaseID:73 - QUERY字段：基础语义模糊匹配通过
2026-02-26 22:11:42,248 - INFO - CaseID:73 - 整体结果: PASS | 详情: 所有字段校验通过
2026-02-26 22:11:44,536 - INFO - CaseID:74 - QUERY字段：基础语义模糊匹配通过
2026-02-26 22:11:44,536 - INFO - CaseID:74 - 整体结果: PASS | 详情: 所有字段校验通过
2026-02-26 22:11:46,651 - INFO - CaseID:75 - QUERY字段：基础语义模糊匹配通过
2026-02-26 22:11:46,651 - INFO - CaseID:75 - 整体结果: PASS | 详情: 所有字段校验通过
2026-02-26 22:11:48,652 - INFO - CaseID:76 - QUERY字段：基础语义模糊匹配通过
2026-02-26 22:11:48,652 - INFO - CaseID:76 - 整体结果: PASS | 详情: 所有字段校验通过
2026-02-26 22:11:50,477 - INFO - CaseID:77 - QUERY字段：基础语义模糊匹配通过
2026-02-26 22:11:50,477 - INFO - CaseID:77 - 整体结果: PASS | 详情: 所有字段校验通过
2026-02-26 22:11:52,534 - INFO - CaseID:78 - QUERY字段：基础语义模糊匹配通过
2026-02-26 22:11:52,535 - INFO - CaseID:78 - 整体结果: PASS | 详情: 所有字段校验通过
2026-02-26 22:11:54,567 - INFO - CaseID:79 - QUERY字段：基础语义模糊匹配通过
2026-02-26 22:11:54,568 - INFO - CaseID:79 - 整体结果: PASS | 详情: 所有字段校验通过
2026-02-26 22:11:59,113 - INFO - CaseID:80 - QUERY字段：语义匹配失败，但visual_search链路意图匹配通过
2026-02-26 22:11:59,114 - INFO - CaseID:80 - 整体结果: PASS | 详情: 所有字段校验通过
2026-02-26 22:12:02,342 - INFO - CaseID:81 - QUERY字段：基础语义模糊匹配通过
2026-02-26 22:12:02,343 - INFO - CaseID:81 - 整体结果: PASS | 详情: 所有字段校验通过
2026-02-26 22:12:04,397 - INFO - CaseID:82 - QUERY字段：基础语义模糊匹配通过
2026-02-26 22:12:04,398 - INFO - CaseID:82 - 整体结果: PASS | 详情: 所有字段校验通过
2026-02-26 22:12:06,304 - INFO - CaseID:83 - QUERY字段：基础语义模糊匹配通过
2026-02-26 22:12:06,305 - INFO - CaseID:83 - 整体结果: PASS | 详情: 所有字段校验通过
2026-02-26 22:12:08,048 - INFO - CaseID:84 - 整体结果: FAILED | 详情: APINAME不匹配：预期[visual_search]，实际[AUTOSearch]; CATEGORY不匹配：一方为空 - 预期[]，实际[汽车]; QUERY不匹配：基础语义模糊匹配失败 - 预期[这车是从哪个地方来的]，实际[理想汽车的生产制造地点]; TAG不匹配：一方为空 - 预期[]，实际[理想汽车&生产制造地点]
2026-02-26 22:12:10,003 - INFO - CaseID:85 - QUERY字段：基础语义模糊匹配通过
2026-02-26 22:12:10,004 - INFO - CaseID:85 - 整体结果: PASS | 详情: 所有字段校验通过
2026-02-26 22:12:11,786 - INFO - CaseID:86 - QUERY字段：基础语义模糊匹配通过
2026-02-26 22:12:11,786 - INFO - CaseID:86 - 整体结果: PASS | 详情: 所有字段校验通过
2026-02-26 22:12:15,525 - INFO - CaseID:87 - QUERY字段：语义匹配失败，但visual_search链路意图匹配通过
2026-02-26 22:12:15,525 - INFO - CaseID:87 - 整体结果: PASS | 详情: 所有字段校验通过
2026-02-26 22:12:17,451 - INFO - CaseID:88 - QUERY字段：基础语义模糊匹配通过
2026-02-26 22:12:17,451 - INFO - CaseID:88 - 整体结果: PASS | 详情: 所有字段校验通过
2026-02-26 22:12:17,452 - INFO - CaseID:89 - 整体结果: FAILED | 详情: 模型输出核心字段全为空，判定不通过
2026-02-26 22:12:19,347 - INFO - CaseID:90 - QUERY字段：基础语义模糊匹配通过
2026-02-26 22:12:19,347 - INFO - CaseID:90 - 整体结果: PASS | 详情: 所有字段校验通过
2026-02-26 22:12:21,473 - INFO - CaseID:91 - QUERY字段：基础语义模糊匹配通过
2026-02-26 22:12:21,473 - INFO - CaseID:91 - 整体结果: PASS | 详情: 所有字段校验通过
2026-02-26 22:12:23,663 - INFO - CaseID:92 - QUERY字段：基础语义模糊匹配通过
2026-02-26 22:12:23,664 - INFO - CaseID:92 - 整体结果: PASS | 详情: 所有字段校验通过
2026-02-26 22:12:26,362 - INFO - CaseID:93 - QUERY字段：基础语义模糊匹配通过
2026-02-26 22:12:26,362 - INFO - CaseID:93 - 整体结果: PASS | 详情: 所有字段校验通过
2026-02-26 22:12:28,411 - INFO - CaseID:94 - QUERY字段：基础语义模糊匹配通过
2026-02-26 22:12:28,411 - INFO - CaseID:94 - 整体结果: PASS | 详情: 所有字段校验通过
2026-02-26 22:12:30,457 - INFO - CaseID:95 - QUERY字段：基础语义模糊匹配通过
2026-02-26 22:12:30,457 - INFO - CaseID:95 - 整体结果: PASS | 详情: 所有字段校验通过
2026-02-26 22:12:32,504 - INFO - CaseID:96 - QUERY字段：基础语义模糊匹配通过
2026-02-26 22:12:32,504 - INFO - CaseID:96 - 整体结果: PASS | 详情: 所有字段校验通过
2026-02-26 22:12:34,472 - INFO - CaseID:97 - QUERY字段：基础语义模糊匹配通过
2026-02-26 22:12:34,472 - INFO - CaseID:97 - 整体结果: PASS | 详情: 所有字段校验通过
2026-02-26 22:12:36,189 - INFO - CaseID:98 - QUERY字段：基础语义模糊匹配通过
2026-02-26 22:12:36,190 - INFO - CaseID:98 - 整体结果: PASS | 详情: 所有字段校验通过
2026-02-26 22:12:39,285 - INFO - CaseID:99 - QUERY字段：基础语义模糊匹配通过
2026-02-26 22:12:39,286 - INFO - CaseID:99 - 整体结果: PASS | 详情: 所有字段校验通过
2026-02-26 22:12:39,286 - INFO - 已处理100行，休眠5秒降低压力...
2026-02-26 22:12:45,105 - INFO - CaseID:100 - QUERY字段：基础语义模糊匹配通过
2026-02-26 22:12:45,105 - INFO - CaseID:100 - 整体结果: PASS | 详情: 所有字段校验通过
2026-02-26 22:12:47,059 - INFO - CaseID:101 - QUERY字段：基础语义模糊匹配通过
2026-02-26 22:12:47,060 - INFO - CaseID:101 - 整体结果: PASS | 详情: 所有字段校验通过
2026-02-26 22:12:48,957 - INFO - CaseID:102 - 整体结果: FAILED | 详情: APINAME不匹配：预期[visual_search]，实际[QASearch]; CATEGORY不匹配：一方为空 - 预期[]，实际[国家]; QUERY不匹配：基础语义模糊匹配失败 - 预期[识别车牌上的文字信息]，实际[中国车牌号地区代码对照表]; TAG不匹配：一方为空 - 预期[]，实际[中国&车牌号&地区代码对照表]
2026-02-26 22:12:50,929 - INFO - CaseID:103 - QUERY字段：基础语义模糊匹配通过
2026-02-26 22:12:50,929 - INFO - CaseID:103 - 整体结果: PASS | 详情: 所有字段校验通过
2026-02-26 22:12:53,212 - INFO - CaseID:104 - QUERY字段：基础语义模糊匹配通过
2026-02-26 22:12:53,213 - INFO - CaseID:104 - 整体结果: PASS | 详情: 所有字段校验通过
2026-02-26 22:12:55,201 - INFO - CaseID:105 - QUERY字段：基础语义模糊匹配通过
2026-02-26 22:12:55,201 - INFO - CaseID:105 - 整体结果: PASS | 详情: 所有字段校验通过
2026-02-26 22:12:57,262 - INFO - CaseID:106 - QUERY字段：基础语义模糊匹配通过
2026-02-26 22:12:57,262 - INFO - CaseID:106 - 整体结果: PASS | 详情: 所有字段校验通过
2026-02-26 22:12:59,132 - INFO - CaseID:107 - QUERY字段：基础语义模糊匹配通过
2026-02-26 22:12:59,132 - INFO - CaseID:107 - 整体结果: PASS | 详情: 所有字段校验通过
2026-02-26 22:13:01,547 - INFO - CaseID:108 - QUERY字段：基础语义模糊匹配通过
2026-02-26 22:13:01,547 - INFO - CaseID:108 - 整体结果: PASS | 详情: 所有字段校验通过
2026-02-26 22:13:03,531 - INFO - CaseID:109 - QUERY字段：基础语义模糊匹配通过
2026-02-26 22:13:03,532 - INFO - CaseID:109 - 整体结果: PASS | 详情: 所有字段校验通过
2026-02-26 22:13:05,583 - INFO - CaseID:110 - QUERY字段：基础语义模糊匹配通过
2026-02-26 22:13:05,583 - INFO - CaseID:110 - 整体结果: PASS | 详情: 所有字段校验通过
2026-02-26 22:13:07,587 - INFO - CaseID:111 - QUERY字段：基础语义模糊匹配通过
2026-02-26 22:13:07,587 - INFO - CaseID:111 - 整体结果: PASS | 详情: 所有字段校验通过
2026-02-26 22:13:09,688 - INFO - CaseID:112 - QUERY字段：基础语义模糊匹配通过
2026-02-26 22:13:09,688 - INFO - CaseID:112 - 整体结果: PASS | 详情: 所有字段校验通过
2026-02-26 22:13:11,697 - INFO - CaseID:113 - QUERY字段：基础语义模糊匹配通过
2026-02-26 22:13:11,697 - INFO - CaseID:113 - 整体结果: PASS | 详情: 所有字段校验通过
2026-02-26 22:13:13,469 - INFO - CaseID:114 - QUERY字段：基础语义模糊匹配通过
2026-02-26 22:13:13,469 - INFO - CaseID:114 - 整体结果: PASS | 详情: 所有字段校验通过
2026-02-26 22:13:15,385 - INFO - CaseID:115 - QUERY字段：基础语义模糊匹配通过
2026-02-26 22:13:15,385 - INFO - CaseID:115 - 整体结果: PASS | 详情: 所有字段校验通过
2026-02-26 22:13:15,386 - INFO - CaseID:116 - 整体结果: FAILED | 详情: 模型输出核心字段全为空，判定不通过
2026-02-26 22:13:17,320 - INFO - CaseID:117 - QUERY字段：基础语义模糊匹配通过
2026-02-26 22:13:17,320 - INFO - CaseID:117 - 整体结果: PASS | 详情: 所有字段校验通过
2026-02-26 22:13:19,222 - INFO - CaseID:118 - QUERY字段：基础语义模糊匹配通过
2026-02-26 22:13:19,223 - INFO - CaseID:118 - 整体结果: PASS | 详情: 所有字段校验通过
2026-02-26 22:13:21,082 - INFO - CaseID:119 - QUERY字段：基础语义模糊匹配通过
2026-02-26 22:13:21,082 - INFO - CaseID:119 - 整体结果: PASS | 详情: 所有字段校验通过
2026-02-26 22:13:22,877 - INFO - CaseID:120 - QUERY字段：基础语义模糊匹配通过
2026-02-26 22:13:22,877 - INFO - CaseID:120 - 整体结果: PASS | 详情: 所有字段校验通过
2026-02-26 22:13:27,500 - INFO - CaseID:121 - QUERY字段：语义匹配失败，但visual_search链路意图匹配通过
2026-02-26 22:13:27,500 - INFO - CaseID:121 - 整体结果: PASS | 详情: 所有字段校验通过
2026-02-26 22:13:29,555 - INFO - CaseID:122 - QUERY字段：基础语义模糊匹配通过
2026-02-26 22:13:29,555 - INFO - CaseID:122 - 整体结果: PASS | 详情: 所有字段校验通过
2026-02-26 22:13:31,855 - INFO - CaseID:123 - QUERY字段：基础语义模糊匹配通过
2026-02-26 22:13:31,856 - INFO - CaseID:123 - 整体结果: PASS | 详情: 所有字段校验通过
2026-02-26 22:13:34,987 - INFO - CaseID:124 - QUERY字段：基础语义模糊匹配通过
2026-02-26 22:13:34,987 - INFO - CaseID:124 - 整体结果: PASS | 详情: 所有字段校验通过
2026-02-26 22:13:37,117 - INFO - CaseID:125 - QUERY字段：基础语义模糊匹配通过
2026-02-26 22:13:37,118 - INFO - CaseID:125 - 整体结果: PASS | 详情: 所有字段校验通过
2026-02-26 22:13:38,879 - INFO - CaseID:126 - QUERY字段：基础语义模糊匹配通过
2026-02-26 22:13:38,881 - INFO - CaseID:126 - 整体结果: PASS | 详情: 所有字段校验通过
2026-02-26 22:13:38,881 - INFO - CaseID:127 - 整体结果: FAILED | 详情: 模型输出核心字段全为空，判定不通过
2026-02-26 22:13:40,886 - INFO - CaseID:128 - QUERY字段：基础语义模糊匹配通过
2026-02-26 22:13:40,886 - INFO - CaseID:128 - 整体结果: FAILED | 详情: APINAME不匹配：预期[visual_search]，实际[QASearch]; CATEGORY不匹配：一方为空 - 预期[]，实际[生物]; TAG不匹配：一方为空 - 预期[]，实际[土耳其安哥拉猫&特征]
2026-02-26 22:13:42,860 - INFO - CaseID:129 - QUERY字段：基础语义模糊匹配通过
2026-02-26 22:13:42,860 - INFO - CaseID:129 - 整体结果: PASS | 详情: 所有字段校验通过
2026-02-26 22:13:45,416 - INFO - CaseID:130 - QUERY字段：基础语义模糊匹配通过
2026-02-26 22:13:45,416 - INFO - CaseID:130 - 整体结果: PASS | 详情: 所有字段校验通过
2026-02-26 22:13:47,672 - INFO - CaseID:131 - 整体结果: FAILED | 详情: APINAME不匹配：预期[visual_search]，实际[QASearch]; CATEGORY不匹配：一方为空 - 预期[]，实际[国家]; QUERY不匹配：基础语义模糊匹配失败 - 预期[识别当前摄像头画面中的物体或生物]，实际[中国本土的犬种]; TAG不匹配：一方为空 - 预期[]，实际[中国&本土&犬种]
2026-02-26 22:13:50,356 - INFO - CaseID:132 - QUERY字段：基础语义模糊匹配通过
2026-02-26 22:13:50,356 - INFO - CaseID:132 - 整体结果: PASS | 详情: 所有字段校验通过
2026-02-26 22:13:52,313 - INFO - CaseID:133 - QUERY字段：基础语义模糊匹配通过
2026-02-26 22:13:52,313 - INFO - CaseID:133 - 整体结果: PASS | 详情: 所有字段校验通过
2026-02-26 22:13:54,007 - INFO - CaseID:134 - QUERY字段：基础语义模糊匹配通过
2026-02-26 22:13:54,007 - INFO - CaseID:134 - 整体结果: PASS | 详情: 所有字段校验通过
2026-02-26 22:13:56,134 - INFO - CaseID:135 - 整体结果: FAILED | 详情: APINAME不匹配：预期[visual_search]，实际[QASearch]; CATEGORY不匹配：一方为空 - 预期[]，实际[生物]; QUERY不匹配：基础语义模糊匹配失败 - 预期[这个猫粘人吗]，实际[猫的粘人行为常见表现]; TAG不匹配：一方为空 - 预期[]，实际[猫&粘人行为&常见表现]
2026-02-26 22:13:57,894 - INFO - CaseID:136 - QUERY字段：基础语义模糊匹配通过
2026-02-26 22:13:57,894 - INFO - CaseID:136 - 整体结果: FAILED | 详情: APINAME不匹配：预期[visual_search]，实际[QASearch]; CATEGORY不匹配：一方为空 - 预期[]，实际[生物]; TAG不匹配：一方为空 - 预期[]，实际[猫&罕见品种]
2026-02-26 22:14:01,741 - INFO - CaseID:137 - QUERY字段：语义匹配失败，但visual_search链路意图匹配通过
2026-02-26 22:14:01,741 - INFO - CaseID:137 - 整体结果: PASS | 详情: 所有字段校验通过
2026-02-26 22:14:03,685 - INFO - CaseID:138 - 整体结果: FAILED | 详情: APINAME不匹配：预期[visual_search]，实际[QASearch]; CATEGORY不匹配：一方为空 - 预期[]，实际[生物]; QUERY不匹配：基础语义模糊匹配失败 - 预期[这只猫咪是什么品种]，实际[如何通过猫咪的外貌特征判断其品种]; TAG不匹配：一方为空 - 预期[]，实际[通过猫咪&外貌特征&判断&品种]
2026-02-26 22:14:03,686 - INFO - CaseID:139 - 整体结果: FAILED | 详情: 模型输出核心字段全为空，判定不通过
2026-02-26 22:14:05,636 - INFO - CaseID:140 - 整体结果: FAILED | 详情: APINAME不匹配：预期[visual_search]，实际[QASearch]; CATEGORY不匹配：一方为空 - 预期[]，实际[生物]; QUERY不匹配：基础语义模糊匹配失败 - 预期[这只猫的行为或特征是什么？]，实际[猫的智力表现]; TAG不匹配：一方为空 - 预期[]，实际[猫&智力表现]
2026-02-26 22:14:09,512 - INFO - CaseID:141 - QUERY字段：语义匹配失败，但visual_search链路意图匹配通过
2026-02-26 22:14:09,512 - INFO - CaseID:141 - 整体结果: PASS | 详情: 所有字段校验通过
2026-02-26 22:14:12,144 - INFO - CaseID:142 - QUERY字段：基础语义模糊匹配通过
2026-02-26 22:14:12,145 - INFO - CaseID:142 - 整体结果: PASS | 详情: 所有字段校验通过
2026-02-26 22:14:16,109 - INFO - CaseID:143 - QUERY字段：语义匹配失败，但visual_search链路意图匹配通过
2026-02-26 22:14:16,110 - INFO - CaseID:143 - 整体结果: PASS | 详情: 所有字段校验通过
2026-02-26 22:14:18,285 - INFO - CaseID:144 - 整体结果: FAILED | 详情: APINAME不匹配：预期[visual_search]，实际[QASearch]; CATEGORY不匹配：一方为空 - 预期[]，实际[生物]; QUERY不匹配：基础语义模糊匹配失败 - 预期[它的毛为啥那么长]，实际[动物毛发长度的生物学原因]; TAG不匹配：一方为空 - 预期[]，实际[动物&毛发长度&生物学原因]
2026-02-26 22:14:20,196 - INFO - CaseID:145 - QUERY字段：基础语义模糊匹配通过
2026-02-26 22:14:20,197 - INFO - CaseID:145 - 整体结果: PASS | 详情: 所有字段校验通过
2026-02-26 22:14:21,888 - INFO - CaseID:146 - QUERY字段：基础语义模糊匹配通过
2026-02-26 22:14:21,888 - INFO - CaseID:146 - 整体结果: PASS | 详情: 所有字段校验通过
2026-02-26 22:14:25,734 - INFO - CaseID:147 - QUERY字段：语义匹配失败，但visual_search链路意图匹配通过
2026-02-26 22:14:25,734 - INFO - CaseID:147 - 整体结果: PASS | 详情: 所有字段校验通过
2026-02-26 22:14:27,710 - INFO - CaseID:148 - 整体结果: FAILED | 详情: APINAME不匹配：预期[visual_search]，实际[QASearch]; CATEGORY不匹配：一方为空 - 预期[]，实际[生物]; QUERY不匹配：基础语义模糊匹配失败 - 预期[这条纹是美短猫吗]，实际[美短猫的毛色和纹路特征]; TAG不匹配：一方为空 - 预期[]，实际[美短猫&毛色&纹路]
2026-02-26 22:14:27,710 - INFO - CaseID:149 - 整体结果: FAILED | 详情: 模型输出核心字段全为空，判定不通过
2026-02-26 22:14:29,610 - INFO - CaseID:150 - QUERY字段：基础语义模糊匹配通过
2026-02-26 22:14:29,610 - INFO - CaseID:150 - 整体结果: PASS | 详情: 所有字段校验通过
2026-02-26 22:14:31,838 - INFO - CaseID:151 - QUERY字段：基础语义模糊匹配通过
2026-02-26 22:14:31,838 - INFO - CaseID:151 - 整体结果: PASS | 详情: 所有字段校验通过
2026-02-26 22:14:33,731 - INFO - CaseID:152 - 整体结果: FAILED | 详情: APINAME不匹配：预期[visual_search]，实际[AUTOSearch]; CATEGORY不匹配：一方为空 - 预期[]，实际[汽车]; QUERY不匹配：基础语义模糊匹配失败 - 预期[它是很容易掉毛吗]，实际[用户提到的它具体指什么]; TAG不匹配：一方为空 - 预期[]，实际[用户提到的它&具体指什么]
2026-02-26 22:14:35,654 - INFO - CaseID:153 - QUERY字段：基础语义模糊匹配通过
2026-02-26 22:14:35,654 - INFO - CaseID:153 - 整体结果: PASS | 详情: 所有字段校验通过
2026-02-26 22:14:35,655 - INFO - CaseID:154 - 整体结果: FAILED | 详情: 模型输出核心字段全为空，判定不通过
2026-02-26 22:14:37,589 - INFO - CaseID:155 - QUERY字段：基础语义模糊匹配通过
2026-02-26 22:14:37,590 - INFO - CaseID:155 - 整体结果: PASS | 详情: 所有字段校验通过
2026-02-26 22:14:39,535 - INFO - CaseID:156 - QUERY字段：基础语义模糊匹配通过
2026-02-26 22:14:39,535 - INFO - CaseID:156 - 整体结果: PASS | 详情: 所有字段校验通过
2026-02-26 22:14:44,581 - INFO - CaseID:157 - QUERY字段：语义匹配失败，但visual_search链路意图匹配通过
2026-02-26 22:14:44,582 - INFO - CaseID:157 - 整体结果: PASS | 详情: 所有字段校验通过
2026-02-26 22:14:46,545 - INFO - CaseID:158 - QUERY字段：基础语义模糊匹配通过
2026-02-26 22:14:46,546 - INFO - CaseID:158 - 整体结果: PASS | 详情: 所有字段校验通过
2026-02-26 22:14:50,382 - INFO - CaseID:159 - QUERY字段：语义匹配失败，但visual_search链路意图匹配通过
2026-02-26 22:14:50,382 - INFO - CaseID:159 - 整体结果: PASS | 详情: 所有字段校验通过
2026-02-26 22:14:52,601 - INFO - CaseID:160 - QUERY字段：基础语义模糊匹配通过
2026-02-26 22:14:52,602 - INFO - CaseID:160 - 整体结果: PASS | 详情: 所有字段校验通过
2026-02-26 22:14:54,432 - INFO - CaseID:161 - QUERY字段：基础语义模糊匹配通过
2026-02-26 22:14:54,433 - INFO - CaseID:161 - 整体结果: PASS | 详情: 所有字段校验通过
2026-02-26 22:14:56,377 - INFO - CaseID:162 - QUERY字段：基础语义模糊匹配通过
2026-02-26 22:14:56,377 - INFO - CaseID:162 - 整体结果: PASS | 详情: 所有字段校验通过
2026-02-26 22:14:56,378 - INFO - CaseID:163 - 整体结果: FAILED | 详情: 模型输出核心字段全为空，判定不通过
2026-02-26 22:14:58,305 - INFO - CaseID:164 - QUERY字段：基础语义模糊匹配通过
2026-02-26 22:14:58,305 - INFO - CaseID:164 - 整体结果: PASS | 详情: 所有字段校验通过
2026-02-26 22:14:58,306 - INFO - CaseID:165 - 整体结果: FAILED | 详情: 模型输出核心字段全为空，判定不通过
2026-02-26 22:15:00,345 - INFO - CaseID:166 - QUERY字段：基础语义模糊匹配通过
2026-02-26 22:15:00,345 - INFO - CaseID:166 - 整体结果: PASS | 详情: 所有字段校验通过
2026-02-26 22:15:00,346 - INFO - CaseID:167 - 整体结果: FAILED | 详情: 模型输出核心字段全为空，判定不通过
2026-02-26 22:15:00,346 - INFO - CaseID:168 - 整体结果: FAILED | 详情: 模型输出核心字段全为空，判定不通过
2026-02-26 22:15:04,571 - INFO - CaseID:169 - QUERY字段：语义匹配失败，但visual_search链路意图匹配通过
2026-02-26 22:15:04,572 - INFO - CaseID:169 - 整体结果: PASS | 详情: 所有字段校验通过
2026-02-26 22:15:06,656 - INFO - CaseID:170 - QUERY字段：基础语义模糊匹配通过
2026-02-26 22:15:06,656 - INFO - CaseID:170 - 整体结果: PASS | 详情: 所有字段校验通过
2026-02-26 22:15:10,436 - INFO - CaseID:171 - QUERY字段：语义匹配失败，但visual_search链路意图匹配通过
2026-02-26 22:15:10,437 - INFO - CaseID:171 - 整体结果: PASS | 详情: 所有字段校验通过
2026-02-26 22:15:12,407 - INFO - CaseID:172 - QUERY字段：基础语义模糊匹配通过
2026-02-26 22:15:12,408 - INFO - CaseID:172 - 整体结果: PASS | 详情: 所有字段校验通过
2026-02-26 22:15:16,251 - INFO - CaseID:173 - QUERY字段：语义匹配失败，但visual_search链路意图匹配通过
2026-02-26 22:15:16,251 - INFO - CaseID:173 - 整体结果: PASS | 详情: 所有字段校验通过
2026-02-26 22:15:16,252 - INFO - CaseID:174 - 整体结果: FAILED | 详情: 模型输出核心字段全为空，判定不通过
2026-02-26 22:15:18,088 - INFO - CaseID:175 - QUERY字段：基础语义模糊匹配通过
2026-02-26 22:15:18,088 - INFO - CaseID:175 - 整体结果: PASS | 详情: 所有字段校验通过
2026-02-26 22:15:20,059 - INFO - CaseID:176 - 整体结果: FAILED | 详情: APINAME不匹配：预期[visual_search]，实际[QASearch]; CATEGORY不匹配：一方为空 - 预期[]，实际[生物]; QUERY不匹配：基础语义模糊匹配失败 - 预期[识别当前摄像头画面中的植物或生物]，实际[这个具体指代的植物动物或物品]; TAG不匹配：一方为空 - 预期[]，实际[这个&具体指代&植物&动物&物品]
2026-02-26 22:15:21,905 - INFO - CaseID:177 - QUERY字段：基础语义模糊匹配通过
2026-02-26 22:15:21,905 - INFO - CaseID:177 - 整体结果: PASS | 详情: 所有字段校验通过
2026-02-26 22:15:25,706 - INFO - CaseID:178 - QUERY字段：基础语义模糊匹配通过
2026-02-26 22:15:25,706 - INFO - CaseID:178 - 整体结果: PASS | 详情: 所有字段校验通过
2026-02-26 22:15:27,628 - INFO - CaseID:179 - 整体结果: FAILED | 详情: APINAME不匹配：预期[visual_search]，实际[QASearch]; CATEGORY不匹配：一方为空 - 预期[]，实际[生物]; QUERY不匹配：基础语义模糊匹配失败 - 预期[这个叶子发黄怎么办]，实际[叶子发黄的常见原因]; TAG不匹配：一方为空 - 预期[]，实际[叶子发黄&常见原因]
2026-02-26 22:15:27,628 - INFO - CaseID:180 - 整体结果: FAILED | 详情: 模型输出核心字段全为空，判定不通过
2026-02-26 22:15:30,058 - INFO - CaseID:181 - QUERY字段：基础语义模糊匹配通过
2026-02-26 22:15:30,059 - INFO - CaseID:181 - 整体结果: PASS | 详情: 所有字段校验通过
2026-02-26 22:15:32,079 - INFO - CaseID:182 - QUERY字段：基础语义模糊匹配通过
2026-02-26 22:15:32,079 - INFO - CaseID:182 - 整体结果: PASS | 详情: 所有字段校验通过
2026-02-26 22:15:33,861 - INFO - CaseID:183 - QUERY字段：基础语义模糊匹配通过
2026-02-26 22:15:33,861 - INFO - CaseID:183 - 整体结果: PASS | 详情: 所有字段校验通过
2026-02-26 22:15:33,862 - INFO - CaseID:184 - 整体结果: FAILED | 详情: 模型输出核心字段全为空，判定不通过
2026-02-26 22:15:36,138 - INFO - CaseID:185 - QUERY字段：基础语义模糊匹配通过
2026-02-26 22:15:36,138 - INFO - CaseID:185 - 整体结果: PASS | 详情: 所有字段校验通过
2026-02-26 22:15:36,138 - INFO - CaseID:186 - 整体结果: FAILED | 详情: 模型输出核心字段全为空，判定不通过
2026-02-26 22:15:37,880 - INFO - CaseID:187 - QUERY字段：基础语义模糊匹配通过
2026-02-26 22:15:37,880 - INFO - CaseID:187 - 整体结果: PASS | 详情: 所有字段校验通过
2026-02-26 22:15:37,880 - INFO - CaseID:188 - 整体结果: FAILED | 详情: 模型输出核心字段全为空，判定不通过
