2026-02-28 09:29:05,826 - INFO - === 看世界规划对比工具（高性能原版逻辑）启动 ===
2026-02-28 09:29:05,969 - INFO - 成功加载飞书表格
2026-02-28 09:29:08,940 - INFO - 表格读取完成，共149行有效数据
2026-02-28 09:29:09,867 - INFO - CaseID:1 - QUERY字段：基础语义模糊匹配通过
2026-02-28 09:29:09,867 - INFO - CaseID:1 - 整体结果: PASS | 详情: 所有字段校验通过
2026-02-28 09:29:09,868 - INFO - CaseID:2 - CATEGORY字段：标准答案含「其他问答」，模型输出任意值通过
2026-02-28 09:29:11,298 - INFO - CaseID:2 - QUERY字段：基础语义模糊匹配通过
2026-02-28 09:29:11,298 - INFO - CaseID:2 - TAG字段：有交集（{'文蛤'}），判定通过
2026-02-28 09:29:11,298 - INFO - CaseID:2 - 整体结果: PASS | 详情: 所有字段校验通过
2026-02-28 09:29:12,685 - INFO - CaseID:3 - QUERY字段：基础语义模糊匹配通过
2026-02-28 09:29:12,686 - INFO - CaseID:3 - 整体结果: PASS | 详情: 所有字段校验通过
2026-02-28 09:29:14,777 - INFO - CaseID:4 - QUERY字段：基础语义模糊匹配通过
2026-02-28 09:29:14,778 - INFO - CaseID:4 - 整体结果: PASS | 详情: 所有字段校验通过
2026-02-28 09:29:14,778 - INFO - CaseID:5 - CATEGORY字段：标准答案含「其他问答」，模型输出任意值通过
2026-02-28 09:29:16,294 - INFO - CaseID:5 - QUERY字段：基础语义模糊匹配通过
2026-02-28 09:29:16,295 - INFO - CaseID:5 - TAG字段：有交集（{'生物学特性', '大熊猫'}），判定通过
2026-02-28 09:29:16,295 - INFO - CaseID:5 - 整体结果: PASS | 详情: 所有字段校验通过
2026-02-28 09:29:16,295 - INFO - CaseID:6 - CATEGORY字段：标准答案含「其他问答」，模型输出任意值通过
2026-02-28 09:29:17,645 - INFO - CaseID:6 - QUERY字段：基础语义模糊匹配通过
2026-02-28 09:29:17,646 - INFO - CaseID:6 - TAG字段：有交集（{'猕猴', '主要食物'}），判定通过
2026-02-28 09:29:17,646 - INFO - CaseID:6 - 整体结果: PASS | 详情: 所有字段校验通过
2026-02-28 09:29:18,669 - INFO - CaseID:7 - QUERY字段：基础语义模糊匹配通过
2026-02-28 09:29:18,669 - INFO - CaseID:7 - 整体结果: FAILED | 详情: APINAME不匹配：预期[visual_search]，实际[QASearch]; CATEGORY不匹配：一方为空 - 预期[]，实际[生物]; TAG不匹配：一方为空 - 预期[]，实际[猕猴&毛色]
2026-02-28 09:29:18,670 - INFO - CaseID:8 - CATEGORY字段：交集匹配（{'生物'}），判定通过
2026-02-28 09:29:20,200 - INFO - CaseID:8 - QUERY字段：基础语义模糊匹配通过
2026-02-28 09:29:20,200 - INFO - CaseID:8 - TAG字段：有交集（{'荷斯坦牛', '主要食物'}），判定通过
2026-02-28 09:29:20,200 - INFO - CaseID:8 - 整体结果: PASS | 详情: 所有字段校验通过
2026-02-28 09:29:20,201 - INFO - CaseID:9 - CATEGORY字段：标准答案含「其他问答」，模型输出任意值通过
2026-02-28 09:29:21,537 - INFO - CaseID:9 - TAG字段：有交集（{'黄牛'}），判定通过
2026-02-28 09:29:21,538 - INFO - CaseID:9 - 整体结果: FAILED | 详情: QUERY不匹配：基础语义模糊匹配失败 - 预期[黄牛的最长寿命是几年]，实际[黄牛的寿命]
2026-02-28 09:29:21,538 - INFO - CaseID:10 - CATEGORY字段：标准答案含「其他问答」，模型输出任意值通过
2026-02-28 09:29:23,518 - INFO - CaseID:10 - 整体结果: FAILED | 详情: QUERY不匹配：基础语义模糊匹配失败 - 预期[奶牛通常生活的地区]，实际[西门塔尔牛通常生活的地区]; TAG不匹配：无交集 - 预期[奶牛&来源地]，实际[西门塔尔牛&通常生活&地区]
2026-02-28 09:29:23,519 - INFO - CaseID:11 - CATEGORY字段：标准答案含「其他问答」，模型输出任意值通过
2026-02-28 09:29:24,890 - INFO - CaseID:11 - TAG字段：触发白名单（语义等价子串），判定通过
2026-02-28 09:29:24,891 - INFO - CaseID:11 - 整体结果: FAILED | 详情: QUERY不匹配：基础语义模糊匹配失败 - 预期[螳螂虾是生活在淡水环境里吗]，实际[皮皮虾后面的虾的生存环境]
2026-02-28 09:29:24,891 - INFO - CaseID:12 - CATEGORY字段：交集匹配（{'生物'}），判定通过
2026-02-28 09:29:26,575 - INFO - CaseID:12 - QUERY字段：基础语义模糊匹配通过
2026-02-28 09:29:26,576 - INFO - CaseID:12 - TAG字段：有交集（{'淡水蟹', '能够食用'}），判定通过
2026-02-28 09:29:26,576 - INFO - CaseID:12 - 整体结果: PASS | 详情: 所有字段校验通过
2026-02-28 09:29:26,576 - INFO - CaseID:13 - 整体结果: FAILED | 详情: 模型输出核心字段全为空，判定不通过
2026-02-28 09:29:26,576 - INFO - CaseID:14 - CATEGORY字段：交集匹配（{'生物'}），判定通过
2026-02-28 09:29:29,136 - INFO - CaseID:14 - QUERY字段：基础语义模糊匹配通过
2026-02-28 09:29:29,137 - INFO - CaseID:14 - TAG字段：有交集（{'生存环境', '寄居蟹'}），判定通过
2026-02-28 09:29:29,137 - INFO - CaseID:14 - 整体结果: PASS | 详情: 所有字段校验通过
2026-02-28 09:29:29,137 - INFO - CaseID:15 - CATEGORY字段：标准答案含「其他问答」，模型输出任意值通过
2026-02-28 09:29:30,342 - INFO - CaseID:15 - QUERY字段：基础语义模糊匹配通过
2026-02-28 09:29:30,342 - INFO - CaseID:15 - TAG字段：有交集（{'锦鲤'}），判定通过
2026-02-28 09:29:30,342 - INFO - CaseID:15 - 整体结果: PASS | 详情: 所有字段校验通过
2026-02-28 09:29:30,343 - INFO - CaseID:16 - CATEGORY字段：交集匹配（{'生物'}），判定通过
2026-02-28 09:29:31,776 - INFO - CaseID:16 - QUERY字段：基础语义模糊匹配通过
2026-02-28 09:29:31,777 - INFO - CaseID:16 - TAG字段：有交集（{'金鱼', '主要食物'}），判定通过
2026-02-28 09:29:31,777 - INFO - CaseID:16 - 整体结果: PASS | 详情: 所有字段校验通过
2026-02-28 09:29:31,777 - INFO - CaseID:17 - CATEGORY字段：交集匹配（{'生物'}），判定通过
2026-02-28 09:29:33,211 - INFO - CaseID:17 - QUERY字段：基础语义模糊匹配通过
2026-02-28 09:29:33,211 - INFO - CaseID:17 - TAG字段：有交集（{'骆驼', '国家', '主要分布'}），判定通过
2026-02-28 09:29:33,211 - INFO - CaseID:17 - 整体结果: PASS | 详情: 所有字段校验通过
2026-02-28 09:29:33,212 - INFO - CaseID:18 - CATEGORY字段：交集匹配（{'生物'}），判定通过
2026-02-28 09:29:34,906 - INFO - CaseID:18 - QUERY字段：基础语义模糊匹配通过
2026-02-28 09:29:34,906 - INFO - CaseID:18 - TAG字段：有交集（{'双峰驼', '作用', '驼峰'}），判定通过
2026-02-28 09:29:34,906 - INFO - CaseID:18 - 整体结果: PASS | 详情: 所有字段校验通过
2026-02-28 09:29:34,907 - INFO - CaseID:19 - CATEGORY字段：交集匹配（{'生物'}），判定通过
2026-02-28 09:29:36,286 - INFO - CaseID:19 - QUERY字段：基础语义模糊匹配通过
2026-02-28 09:29:36,287 - INFO - CaseID:19 - TAG字段：有交集（{'名字', '来源', '凤尾鱼'}），判定通过
2026-02-28 09:29:36,287 - INFO - CaseID:19 - 整体结果: PASS | 详情: 所有字段校验通过
2026-02-28 09:29:36,288 - INFO - CaseID:20 - CATEGORY字段：交集匹配（{'生物'}），判定通过
2026-02-28 09:29:37,896 - INFO - CaseID:20 - QUERY字段：基础语义模糊匹配通过
2026-02-28 09:29:37,897 - INFO - CaseID:20 - TAG字段：有交集（{'比目鱼'}），判定通过
2026-02-28 09:29:37,897 - INFO - CaseID:20 - 整体结果: PASS | 详情: 所有字段校验通过
2026-02-28 09:29:37,898 - INFO - CaseID:21 - CATEGORY字段：交集匹配（{'生物'}），判定通过
2026-02-28 09:29:39,361 - INFO - CaseID:21 - QUERY字段：基础语义模糊匹配通过
2026-02-28 09:29:39,361 - INFO - CaseID:21 - TAG字段：有交集（{'海鲈鱼', '肉食性动物'}），判定通过
2026-02-28 09:29:39,361 - INFO - CaseID:21 - 整体结果: PASS | 详情: 所有字段校验通过
2026-02-28 09:29:39,362 - INFO - CaseID:22 - CATEGORY字段：标准答案含「其他问答」，模型输出任意值通过
2026-02-28 09:29:40,412 - INFO - CaseID:22 - QUERY字段：基础语义模糊匹配通过
2026-02-28 09:29:40,412 - INFO - CaseID:22 - TAG字段：有交集（{'鲫鱼', '烹饪方法', '最好吃'}），判定通过
2026-02-28 09:29:40,412 - INFO - CaseID:22 - 整体结果: PASS | 详情: 所有字段校验通过
2026-02-28 09:29:40,413 - INFO - CaseID:23 - CATEGORY字段：交集匹配（{'生物'}），判定通过
2026-02-28 09:29:42,023 - INFO - CaseID:23 - QUERY字段：基础语义模糊匹配通过
2026-02-28 09:29:42,023 - INFO - CaseID:23 - TAG字段：有交集（{'概率', '大嘴鲈鱼', '捕获'}），判定通过
2026-02-28 09:29:42,023 - INFO - CaseID:23 - 整体结果: PASS | 详情: 所有字段校验通过
2026-02-28 09:29:42,024 - INFO - CaseID:24 - CATEGORY字段：交集匹配（{'生物'}），判定通过
2026-02-28 09:29:43,450 - INFO - CaseID:24 - QUERY字段：基础语义模糊匹配通过
2026-02-28 09:29:43,450 - INFO - CaseID:24 - TAG字段：有交集（{'小比目鱼', '科属'}），判定通过
2026-02-28 09:29:43,450 - INFO - CaseID:24 - 整体结果: PASS | 详情: 所有字段校验通过
2026-02-28 09:29:43,451 - INFO - CaseID:25 - 整体结果: FAILED | 详情: 模型输出核心字段全为空，判定不通过
2026-02-28 09:29:43,451 - INFO - CaseID:26 - CATEGORY字段：触发白名单（人物→影视），判定通过
2026-02-28 09:29:45,292 - INFO - CaseID:26 - QUERY字段：触发规划视角白名单，判定为语义相关
2026-02-28 09:29:45,292 - INFO - CaseID:26 - TAG字段：有交集（{'小猪佩奇'}），判定通过
2026-02-28 09:29:45,292 - INFO - CaseID:26 - 整体结果: PASS | 详情: 所有字段校验通过
2026-02-28 09:29:45,293 - INFO - CaseID:27 - APINAME字段：QASearch↔worthbuy，判定通过
2026-02-28 09:29:45,293 - INFO - CaseID:27 - CATEGORY字段：标准答案含「其他问答」，模型输出任意值通过
2026-02-28 09:29:46,647 - INFO - CaseID:27 - QUERY字段：基础语义模糊匹配通过
2026-02-28 09:29:46,648 - INFO - CaseID:27 - TAG字段：有交集（{'小猪佩奇玩偶'}），判定通过
2026-02-28 09:29:46,648 - INFO - CaseID:27 - 整体结果: PASS | 详情: 所有字段校验通过
2026-02-28 09:29:46,648 - INFO - CaseID:28 - APINAME字段：QASearch↔worthbuy，判定通过
2026-02-28 09:29:46,648 - INFO - CaseID:28 - CATEGORY字段：标准答案含「其他问答」，模型输出任意值通过
2026-02-28 09:29:48,366 - INFO - CaseID:28 - QUERY字段：基础语义模糊匹配通过
2026-02-28 09:29:48,367 - INFO - CaseID:28 - TAG字段：有交集（{'售价'}），判定通过
2026-02-28 09:29:48,367 - INFO - CaseID:28 - 整体结果: PASS | 详情: 所有字段校验通过
2026-02-28 09:29:48,367 - INFO - CaseID:29 - CATEGORY字段：交集匹配（{'影视'}），判定通过
2026-02-28 09:29:49,680 - INFO - CaseID:29 - QUERY字段：基础语义模糊匹配通过
2026-02-28 09:29:49,680 - INFO - CaseID:29 - TAG字段：有交集（{'小猪佩奇'}），判定通过
2026-02-28 09:29:49,680 - INFO - CaseID:29 - 整体结果: PASS | 详情: 所有字段校验通过
2026-02-28 09:29:49,681 - INFO - CaseID:30 - CATEGORY字段：交集匹配（{'人物'}），判定通过
2026-02-28 09:29:50,684 - INFO - CaseID:30 - QUERY字段：基础语义模糊匹配通过
2026-02-28 09:29:50,684 - INFO - CaseID:30 - TAG字段：有交集（{'最喜欢', '事情', '佩奇'}），判定通过
2026-02-28 09:29:50,685 - INFO - CaseID:30 - 整体结果: PASS | 详情: 所有字段校验通过
2026-02-28 09:29:50,685 - INFO - CaseID:31 - APINAME字段：QASearch↔worthbuy，判定通过
2026-02-28 09:29:50,685 - INFO - CaseID:31 - CATEGORY字段：标准答案含「其他问答」，模型输出任意值通过
2026-02-28 09:29:52,466 - INFO - CaseID:31 - QUERY字段：基础语义模糊匹配通过
2026-02-28 09:29:52,467 - INFO - CaseID:31 - TAG字段：有交集（{'适合年龄'}），判定通过
2026-02-28 09:29:52,467 - INFO - CaseID:31 - 整体结果: PASS | 详情: 所有字段校验通过
2026-02-28 09:29:53,844 - INFO - CaseID:32 - QUERY字段：基础语义模糊匹配通过
2026-02-28 09:29:53,845 - INFO - CaseID:32 - 整体结果: PASS | 详情: 所有字段校验通过
2026-02-28 09:29:55,332 - INFO - CaseID:33 - QUERY字段：基础语义模糊匹配通过
2026-02-28 09:29:55,333 - INFO - CaseID:33 - 整体结果: PASS | 详情: 所有字段校验通过
2026-02-28 09:29:56,720 - INFO - CaseID:34 - QUERY字段：基础语义模糊匹配通过
2026-02-28 09:29:56,721 - INFO - CaseID:34 - 整体结果: PASS | 详情: 所有字段校验通过
2026-02-28 09:29:58,604 - INFO - CaseID:35 - QUERY字段：基础语义模糊匹配通过
2026-02-28 09:29:58,604 - INFO - CaseID:35 - 整体结果: PASS | 详情: 所有字段校验通过
2026-02-28 09:30:00,242 - INFO - CaseID:36 - QUERY字段：基础语义模糊匹配通过
2026-02-28 09:30:00,243 - INFO - CaseID:36 - 整体结果: FAILED | 详情: APINAME不匹配：预期[visual_search]，实际[QASearch]; CATEGORY不匹配：一方为空 - 预期[]，实际[影视]; TAG不匹配：一方为空 - 预期[]，实际[粉红色&卡通猪玩偶&动画片&角色]
2026-02-28 09:30:00,243 - INFO - CaseID:37 - CATEGORY字段：交集匹配（{'人物'}），判定通过
2026-02-28 09:30:01,429 - INFO - CaseID:37 - QUERY字段：基础语义模糊匹配通过
2026-02-28 09:30:01,430 - INFO - CaseID:37 - TAG字段：有交集（{'skye', '配音演员'}），判定通过
2026-02-28 09:30:01,430 - INFO - CaseID:37 - 整体结果: PASS | 详情: 所有字段校验通过
2026-02-28 09:30:01,430 - INFO - CaseID:38 - CATEGORY字段：标准答案含「其他问答」，模型输出任意值通过
2026-02-28 09:30:03,358 - INFO - CaseID:38 - QUERY字段：基础语义模糊匹配通过
2026-02-28 09:30:03,358 - INFO - CaseID:38 - TAG字段：有交集（{'小狗毛绒玩具', '穿着粉色衣服', '别名'}），判定通过
2026-02-28 09:30:03,358 - INFO - CaseID:38 - 整体结果: PASS | 详情: 所有字段校验通过
2026-02-28 09:30:03,358 - INFO - CaseID:39 - CATEGORY字段：交集匹配（{'人物'}），判定通过
2026-02-28 09:30:04,696 - INFO - CaseID:39 - QUERY字段：基础语义模糊匹配通过
2026-02-28 09:30:04,696 - INFO - CaseID:39 - TAG字段：有交集（{'rubble', '职业'}），判定通过
2026-02-28 09:30:04,697 - INFO - CaseID:39 - 整体结果: PASS | 详情: 所有字段校验通过
2026-02-28 09:30:06,391 - INFO - CaseID:40 - QUERY字段：基础语义模糊匹配通过
2026-02-28 09:30:06,391 - INFO - CaseID:40 - 整体结果: PASS | 详情: 所有字段校验通过
2026-02-28 09:30:06,391 - INFO - CaseID:41 - CATEGORY字段：模型输出含「其他问答」，该字段通过
2026-02-28 09:30:07,765 - INFO - CaseID:41 - QUERY字段：基础语义模糊匹配通过
2026-02-28 09:30:07,766 - INFO - CaseID:41 - 整体结果: FAILED | 详情: APINAME不匹配：预期[visual_search]，实际[QASearch]; TAG不匹配：一方为空 - 预期[]，实际[小砾公仔&颜色]
2026-02-28 09:30:09,316 - INFO - CaseID:42 - QUERY字段：基础语义模糊匹配通过
2026-02-28 09:30:09,316 - INFO - CaseID:42 - 整体结果: FAILED | 详情: APINAME不匹配：预期[visual_search]，实际[AUTOSearch]; CATEGORY不匹配：一方为空 - 预期[]，实际[汽车]; TAG不匹配：一方为空 - 预期[]，实际[玩具小狗&材质]
2026-02-28 09:30:10,689 - INFO - CaseID:43 - QUERY字段：基础语义模糊匹配通过
2026-02-28 09:30:10,690 - INFO - CaseID:43 - 整体结果: FAILED | 详情: APINAME不匹配：预期[visual_search]，实际[QASearch]; CATEGORY不匹配：一方为空 - 预期[]，实际[生物]; TAG不匹配：一方为空 - 预期[]，实际[穿着消防员制服&小狗&名字]
2026-02-28 09:30:10,690 - INFO - CaseID:44 - CATEGORY字段：交集匹配（{'影视'}），判定通过
2026-02-28 09:30:12,329 - INFO - CaseID:44 - TAG字段：有交集（{'时效性', '汪汪队立大功'}），判定通过
2026-02-28 09:30:12,330 - INFO - CaseID:44 - 整体结果: FAILED | 详情: QUERY不匹配：基础语义模糊匹配失败 - 预期[汪汪队立大功目前出到第几季了]，实际[汪汪队立大功的集数]
2026-02-28 09:30:12,330 - INFO - CaseID:45 - CATEGORY字段：标准答案含「其他问答」，模型输出任意值通过
2026-02-28 09:30:13,880 - INFO - CaseID:45 - QUERY字段：基础语义模糊匹配通过
2026-02-28 09:30:13,881 - INFO - CaseID:45 - TAG字段：有交集（{'购买渠道', '汪汪队立大功'}），判定通过
2026-02-28 09:30:13,882 - INFO - CaseID:45 - 整体结果: PASS | 详情: 所有字段校验通过
2026-02-28 09:30:16,389 - INFO - CaseID:46 - QUERY字段：基础语义模糊匹配通过
2026-02-28 09:30:16,389 - INFO - CaseID:46 - 整体结果: PASS | 详情: 所有字段校验通过
2026-02-28 09:30:16,390 - INFO - CaseID:47 - CATEGORY字段：触发白名单（人物→公司），判定通过
2026-02-28 09:30:18,234 - INFO - CaseID:47 - QUERY字段：基础语义模糊匹配通过
2026-02-28 09:30:18,234 - INFO - CaseID:47 - TAG字段：有交集（{'rocky', '车辆编号'}），判定通过
2026-02-28 09:30:18,234 - INFO - CaseID:47 - 整体结果: PASS | 详情: 所有字段校验通过
2026-02-28 09:30:18,235 - INFO - CaseID:48 - CATEGORY字段：标准答案含「其他问答」，模型输出任意值通过
2026-02-28 09:30:19,571 - INFO - CaseID:48 - QUERY字段：基础语义模糊匹配通过
2026-02-28 09:30:19,571 - INFO - CaseID:48 - TAG字段：有交集（{'受众年龄', '汪汪队立大功'}），判定通过
2026-02-28 09:30:19,571 - INFO - CaseID:48 - 整体结果: PASS | 详情: 所有字段校验通过
2026-02-28 09:30:19,572 - INFO - CaseID:49 - CATEGORY字段：标准答案含「其他问答」，模型输出任意值通过
2026-02-28 09:30:21,083 - INFO - CaseID:49 - QUERY字段：基础语义模糊匹配通过
2026-02-28 09:30:21,084 - INFO - CaseID:49 - TAG字段：有交集（{'购买地点', '灰灰公仔'}），判定通过
2026-02-28 09:30:21,084 - INFO - CaseID:49 - 整体结果: PASS | 详情: 所有字段校验通过
2026-02-28 09:30:22,569 - INFO - CaseID:50 - QUERY字段：基础语义模糊匹配通过
2026-02-28 09:30:22,569 - INFO - CaseID:50 - 整体结果: PASS | 详情: 所有字段校验通过
2026-02-28 09:30:22,570 - INFO - CaseID:51 - CATEGORY字段：标准答案含「其他问答」，模型输出任意值通过
2026-02-28 09:30:24,001 - INFO - CaseID:51 - QUERY字段：基础语义模糊匹配通过
2026-02-28 09:30:24,001 - INFO - CaseID:51 - TAG字段：有交集（{'入耳式耳机', '功能'}），判定通过
2026-02-28 09:30:24,002 - INFO - CaseID:51 - 整体结果: FAILED | 详情: APINAME不匹配：预期[QASearch]，实际[AUTOSearch]
2026-02-28 09:30:24,002 - INFO - CaseID:52 - CATEGORY字段：标准答案含「其他问答」，模型输出任意值通过
2026-02-28 09:30:25,433 - INFO - CaseID:52 - QUERY字段：基础语义模糊匹配通过
2026-02-28 09:30:25,433 - INFO - CaseID:52 - TAG字段：有交集（{'入耳式耳机', '长时间佩戴', '舒服'}），判定通过
2026-02-28 09:30:25,433 - INFO - CaseID:52 - 整体结果: PASS | 详情: 所有字段校验通过
2026-02-28 09:30:26,868 - INFO - CaseID:53 - QUERY字段：基础语义模糊匹配通过
2026-02-28 09:30:26,869 - INFO - CaseID:53 - 整体结果: PASS | 详情: 所有字段校验通过
2026-02-28 09:30:26,869 - INFO - CaseID:54 - APINAME字段：QASearch↔worthbuy，判定通过
2026-02-28 09:30:26,870 - INFO - CaseID:54 - CATEGORY字段：标准答案含「其他问答」，模型输出任意值通过
2026-02-28 09:30:28,302 - INFO - CaseID:54 - QUERY字段：基础语义模糊匹配通过
2026-02-28 09:30:28,303 - INFO - CaseID:54 - TAG字段：有交集（{'无线耳机', '好处'}），判定通过
2026-02-28 09:30:28,303 - INFO - CaseID:54 - 整体结果: PASS | 详情: 所有字段校验通过
2026-02-28 09:30:30,034 - INFO - CaseID:55 - QUERY字段：基础语义模糊匹配通过
2026-02-28 09:30:30,035 - INFO - CaseID:55 - 整体结果: PASS | 详情: 所有字段校验通过
2026-02-28 09:30:32,335 - INFO - CaseID:56 - QUERY字段：基础语义模糊匹配通过
2026-02-28 09:30:32,335 - INFO - CaseID:56 - 整体结果: PASS | 详情: 所有字段校验通过
2026-02-28 09:30:32,335 - INFO - CaseID:57 - CATEGORY字段：标准答案含「其他问答」，模型输出任意值通过
2026-02-28 09:30:33,711 - INFO - CaseID:57 - TAG字段：有交集（{'遥控器'}），判定通过
2026-02-28 09:30:33,712 - INFO - CaseID:57 - 整体结果: FAILED | 详情: APINAME不匹配：预期[QASearch]，实际[AUTOSearch]; QUERY不匹配：基础语义模糊匹配失败 - 预期[遥控器的用途是什么]，实际[遥控器的简介]
2026-02-28 09:30:33,712 - INFO - CaseID:58 - CATEGORY字段：标准答案含「其他问答」，模型输出任意值通过
2026-02-28 09:30:34,742 - INFO - CaseID:58 - QUERY字段：基础语义模糊匹配通过
2026-02-28 09:30:34,743 - INFO - CaseID:58 - 整体结果: FAILED | 详情: APINAME不匹配：预期[QASearch]，实际[visual_search]; TAG不匹配：一方为空 - 预期[遥控器&控制&机器]，实际[]
2026-02-28 09:30:36,130 - INFO - CaseID:59 - QUERY字段：基础语义模糊匹配通过
2026-02-28 09:30:36,131 - INFO - CaseID:59 - 整体结果: PASS | 详情: 所有字段校验通过
2026-02-28 09:30:36,131 - INFO - CaseID:60 - CATEGORY字段：标准答案含「其他问答」，模型输出任意值通过
2026-02-28 09:30:37,721 - INFO - CaseID:60 - QUERY字段：基础语义模糊匹配通过
2026-02-28 09:30:37,721 - INFO - CaseID:60 - TAG字段：有交集（{'空调遥控器', '组成'}），判定通过
2026-02-28 09:30:37,721 - INFO - CaseID:60 - 整体结果: FAILED | 详情: APINAME不匹配：预期[QASearch]，实际[AUTOSearch]
2026-02-28 09:30:39,565 - INFO - CaseID:61 - QUERY字段：基础语义模糊匹配通过
2026-02-28 09:30:39,566 - INFO - CaseID:61 - 整体结果: PASS | 详情: 所有字段校验通过
2026-02-28 09:30:40,923 - INFO - CaseID:62 - QUERY字段：基础语义模糊匹配通过
2026-02-28 09:30:40,923 - INFO - CaseID:62 - 整体结果: PASS | 详情: 所有字段校验通过
2026-02-28 09:30:40,923 - INFO - CaseID:63 - CATEGORY字段：标准答案含「其他问答」，模型输出任意值通过
2026-02-28 09:30:42,436 - INFO - CaseID:63 - QUERY字段：基础语义模糊匹配通过
2026-02-28 09:30:42,437 - INFO - CaseID:63 - TAG字段：有交集（{'麦克风', '工作原理'}），判定通过
2026-02-28 09:30:42,437 - INFO - CaseID:63 - 整体结果: FAILED | 详情: APINAME不匹配：预期[QASearch]，实际[AUTOSearch]
2026-02-28 09:30:42,437 - INFO - CaseID:64 - CATEGORY字段：标准答案含「其他问答」，模型输出任意值通过
2026-02-28 09:30:43,773 - INFO - CaseID:64 - QUERY字段：基础语义模糊匹配通过
2026-02-28 09:30:43,773 - INFO - CaseID:64 - TAG字段：有交集（{'麦克风', '售价'}），判定通过
2026-02-28 09:30:43,773 - INFO - CaseID:64 - 整体结果: FAILED | 详情: APINAME不匹配：预期[QASearch]，实际[AUTOSearch]
2026-02-28 09:30:43,774 - INFO - CaseID:65 - CATEGORY字段：标准答案含「其他问答」，模型输出任意值通过
2026-02-28 09:30:44,814 - INFO - CaseID:65 - QUERY字段：基础语义模糊匹配通过
2026-02-28 09:30:44,815 - INFO - CaseID:65 - TAG字段：有交集（{'频率', '使用发夹', '女生'}），判定通过
2026-02-28 09:30:44,815 - INFO - CaseID:65 - 整体结果: PASS | 详情: 所有字段校验通过
2026-02-28 09:30:46,323 - INFO - CaseID:66 - QUERY字段：基础语义模糊匹配通过
2026-02-28 09:30:46,324 - INFO - CaseID:66 - 整体结果: PASS | 详情: 所有字段校验通过
2026-02-28 09:30:47,817 - INFO - CaseID:67 - QUERY字段：基础语义模糊匹配通过
2026-02-28 09:30:47,817 - INFO - CaseID:67 - 整体结果: PASS | 详情: 所有字段校验通过
2026-02-28 09:30:47,817 - INFO - CaseID:68 - CATEGORY字段：标准答案含「其他问答」，模型输出任意值通过
2026-02-28 09:30:49,884 - INFO - CaseID:68 - QUERY字段：基础语义模糊匹配通过
2026-02-28 09:30:49,885 - INFO - CaseID:68 - TAG字段：有交集（{'遮光效果', '墨镜'}），判定通过
2026-02-28 09:30:49,885 - INFO - CaseID:68 - 整体结果: PASS | 详情: 所有字段校验通过
2026-02-28 09:30:49,885 - INFO - CaseID:69 - APINAME字段：QASearch↔worthbuy，判定通过
2026-02-28 09:30:49,885 - INFO - CaseID:69 - CATEGORY字段：标准答案含「其他问答」，模型输出任意值通过
2026-02-28 09:30:51,444 - INFO - CaseID:69 - QUERY字段：基础语义模糊匹配通过
2026-02-28 09:30:51,444 - INFO - CaseID:69 - TAG字段：有交集（{'分类', '拉链袋'}），判定通过
2026-02-28 09:30:51,444 - INFO - CaseID:69 - 整体结果: PASS | 详情: 所有字段校验通过
2026-02-28 09:30:53,091 - INFO - CaseID:70 - QUERY字段：基础语义模糊匹配通过
2026-02-28 09:30:53,094 - INFO - CaseID:70 - 整体结果: PASS | 详情: 所有字段校验通过
2026-02-28 09:30:53,095 - INFO - CaseID:71 - APINAME字段：QASearch↔worthbuy，判定通过
2026-02-28 09:30:53,095 - INFO - CaseID:71 - CATEGORY字段：标准答案含「其他问答」，模型输出任意值通过
2026-02-28 09:30:54,916 - INFO - CaseID:71 - QUERY字段：基础语义模糊匹配通过
2026-02-28 09:30:54,917 - INFO - CaseID:71 - TAG字段：有交集（{'品牌', '混合坚果'}），判定通过
2026-02-28 09:30:54,917 - INFO - CaseID:71 - 整体结果: PASS | 详情: 所有字段校验通过
2026-02-28 09:30:54,917 - INFO - CaseID:72 - CATEGORY字段：交集匹配（{'生物'}），判定通过
2026-02-28 09:30:55,925 - INFO - CaseID:72 - QUERY字段：基础语义模糊匹配通过
2026-02-28 09:30:55,926 - INFO - CaseID:72 - TAG字段：有交集（{'生长环境', '腰果'}），判定通过
2026-02-28 09:30:55,926 - INFO - CaseID:72 - 整体结果: PASS | 详情: 所有字段校验通过
2026-02-28 09:30:55,926 - INFO - CaseID:73 - CATEGORY字段：交集匹配（{'健康'}），判定通过
2026-02-28 09:30:57,589 - INFO - CaseID:73 - QUERY字段：基础语义模糊匹配通过
2026-02-28 09:30:57,589 - INFO - CaseID:73 - TAG字段：有交集（{'营养价值', '腰果'}），判定通过
2026-02-28 09:30:57,589 - INFO - CaseID:73 - 整体结果: PASS | 详情: 所有字段校验通过
2026-02-28 09:30:57,590 - INFO - CaseID:74 - CATEGORY字段：标准答案含「其他问答」，模型输出任意值通过
2026-02-28 09:30:59,063 - INFO - CaseID:74 - QUERY字段：基础语义模糊匹配通过
2026-02-28 09:30:59,063 - INFO - CaseID:74 - TAG字段：有交集（{'琦王花生', '口感'}），判定通过
2026-02-28 09:30:59,064 - INFO - CaseID:74 - 整体结果: PASS | 详情: 所有字段校验通过
2026-02-28 09:31:00,904 - INFO - CaseID:75 - QUERY字段：基础语义模糊匹配通过
2026-02-28 09:31:00,905 - INFO - CaseID:75 - 整体结果: PASS | 详情: 所有字段校验通过
2026-02-28 09:31:00,905 - INFO - CaseID:76 - APINAME字段：QASearch↔worthbuy，判定通过
2026-02-28 09:31:00,905 - INFO - CaseID:76 - CATEGORY字段：标准答案含「其他问答」，模型输出任意值通过
2026-02-28 09:31:02,422 - INFO - CaseID:76 - QUERY字段：基础语义模糊匹配通过
2026-02-28 09:31:02,423 - INFO - CaseID:76 - TAG字段：有交集（{'星巴克'}），判定通过
2026-02-28 09:31:02,423 - INFO - CaseID:76 - 整体结果: PASS | 详情: 所有字段校验通过
2026-02-28 09:31:03,963 - INFO - CaseID:77 - QUERY字段：基础语义模糊匹配通过
2026-02-28 09:31:03,963 - INFO - CaseID:77 - 整体结果: PASS | 详情: 所有字段校验通过
2026-02-28 09:31:05,361 - INFO - CaseID:78 - QUERY字段：基础语义模糊匹配通过
2026-02-28 09:31:05,361 - INFO - CaseID:78 - 整体结果: PASS | 详情: 所有字段校验通过
2026-02-28 09:31:06,402 - INFO - CaseID:79 - QUERY字段：基础语义模糊匹配通过
2026-02-28 09:31:06,403 - INFO - CaseID:79 - 整体结果: PASS | 详情: 所有字段校验通过
2026-02-28 09:31:07,826 - INFO - CaseID:80 - QUERY字段：基础语义模糊匹配通过
2026-02-28 09:31:07,826 - INFO - CaseID:80 - 整体结果: FAILED | 详情: APINAME不匹配：预期[visual_search]，实际[worthbuy]; CATEGORY不匹配：一方为空 - 预期[]，实际[商品查询-确定商品]; TAG不匹配：一方为空 - 预期[]，实际[竹香乌龙茶&售价]
2026-02-28 09:31:07,827 - INFO - CaseID:81 - CATEGORY字段：交集匹配（{'健康'}），判定通过
2026-02-28 09:31:09,304 - INFO - CaseID:81 - QUERY字段：基础语义模糊匹配通过
2026-02-28 09:31:09,304 - INFO - CaseID:81 - TAG字段：有交集（{'原料', '竹叶青'}），判定通过
2026-02-28 09:31:09,304 - INFO - CaseID:81 - 整体结果: PASS | 详情: 所有字段校验通过
2026-02-28 09:31:09,304 - INFO - CaseID:82 - CATEGORY字段：模型输出含「其他问答」，该字段通过
2026-02-28 09:31:10,798 - INFO - CaseID:82 - QUERY字段：基础语义模糊匹配通过
2026-02-28 09:31:10,799 - INFO - CaseID:82 - 整体结果: FAILED | 详情: APINAME不匹配：预期[visual_search]，实际[QASearch]; TAG不匹配：一方为空 - 预期[]，实际[牛奶饮品&容量]
2026-02-28 09:31:12,098 - INFO - CaseID:83 - QUERY字段：基础语义模糊匹配通过
2026-02-28 09:31:12,098 - INFO - CaseID:83 - 整体结果: PASS | 详情: 所有字段校验通过
2026-02-28 09:31:12,099 - INFO - CaseID:84 - CATEGORY字段：标准答案含「其他问答」，模型输出任意值通过
2026-02-28 09:31:13,767 - INFO - CaseID:84 - QUERY字段：基础语义模糊匹配通过
2026-02-28 09:31:13,768 - INFO - CaseID:84 - TAG字段：有交集（{'营养价值', '绿茶饮品'}），判定通过
2026-02-28 09:31:13,768 - INFO - CaseID:84 - 整体结果: PASS | 详情: 所有字段校验通过
2026-02-28 09:31:15,101 - INFO - CaseID:85 - QUERY字段：基础语义模糊匹配通过
2026-02-28 09:31:15,101 - INFO - CaseID:85 - 整体结果: FAILED | 详情: APINAME不匹配：预期[visual_search]，实际[skill_search]
2026-02-28 09:31:15,101 - INFO - CaseID:86 - CATEGORY字段：交集匹配（{'生物'}），判定通过
2026-02-28 09:31:16,129 - INFO - CaseID:86 - QUERY字段：基础语义模糊匹配通过
2026-02-28 09:31:16,130 - INFO - CaseID:86 - TAG字段：有交集（{'布偶猫', '生活习性'}），判定通过
2026-02-28 09:31:16,130 - INFO - CaseID:86 - 整体结果: PASS | 详情: 所有字段校验通过
2026-02-28 09:31:16,130 - INFO - CaseID:87 - CATEGORY字段：交集匹配（{'生物'}），判定通过
2026-02-28 09:31:18,003 - INFO - CaseID:87 - QUERY字段：基础语义模糊匹配通过
2026-02-28 09:31:18,003 - INFO - CaseID:87 - TAG字段：有交集（{'生活习性', '喜马拉雅猫'}），判定通过
2026-02-28 09:31:18,004 - INFO - CaseID:87 - 整体结果: PASS | 详情: 所有字段校验通过
2026-02-28 09:31:18,004 - INFO - CaseID:88 - CATEGORY字段：标准答案含「其他问答」，模型输出任意值通过
2026-02-28 09:31:19,322 - INFO - CaseID:88 - QUERY字段：基础语义模糊匹配通过
2026-02-28 09:31:19,323 - INFO - CaseID:88 - TAG字段：有交集（{'布偶猫'}），判定通过
2026-02-28 09:31:19,323 - INFO - CaseID:88 - 整体结果: PASS | 详情: 所有字段校验通过
2026-02-28 09:31:19,323 - INFO - CaseID:89 - CATEGORY字段：标准答案含「其他问答」，模型输出任意值通过
2026-02-28 09:31:20,656 - INFO - CaseID:89 - QUERY字段：基础语义模糊匹配通过
2026-02-28 09:31:20,656 - INFO - CaseID:89 - TAG字段：有交集（{'布偶猫', '价格'}），判定通过
2026-02-28 09:31:20,656 - INFO - CaseID:89 - 整体结果: PASS | 详情: 所有字段校验通过
2026-02-28 09:31:20,656 - INFO - CaseID:90 - CATEGORY字段：交集匹配（{'生物'}），判定通过
2026-02-28 09:31:22,372 - INFO - CaseID:90 - QUERY字段：基础语义模糊匹配通过
2026-02-28 09:31:22,372 - INFO - CaseID:90 - TAG字段：有交集（{'土耳其安哥拉猫'}），判定通过
2026-02-28 09:31:22,372 - INFO - CaseID:90 - 整体结果: PASS | 详情: 所有字段校验通过
2026-02-28 09:31:22,373 - INFO - CaseID:91 - CATEGORY字段：交集匹配（{'生物'}），判定通过
2026-02-28 09:31:24,171 - INFO - CaseID:91 - QUERY字段：触发规划视角白名单，判定为语义相关
2026-02-28 09:31:24,171 - INFO - CaseID:91 - TAG字段：有交集（{'波斯猫'}），判定通过
2026-02-28 09:31:24,172 - INFO - CaseID:91 - 整体结果: PASS | 详情: 所有字段校验通过
2026-02-28 09:31:24,172 - INFO - CaseID:92 - CATEGORY字段：标准答案含「其他问答」，模型输出任意值通过
2026-02-28 09:31:25,700 - INFO - CaseID:92 - QUERY字段：基础语义模糊匹配通过
2026-02-28 09:31:25,700 - INFO - CaseID:92 - TAG字段：有交集（{'波斯猫', '眼睛', '颜色'}），判定通过
2026-02-28 09:31:25,700 - INFO - CaseID:92 - 整体结果: PASS | 详情: 所有字段校验通过
2026-02-28 09:31:26,712 - INFO - CaseID:93 - QUERY字段：基础语义模糊匹配通过
2026-02-28 09:31:26,712 - INFO - CaseID:93 - 整体结果: PASS | 详情: 所有字段校验通过
2026-02-28 09:31:26,713 - INFO - CaseID:94 - CATEGORY字段：标准答案含「其他问答」，模型输出任意值通过
2026-02-28 09:31:28,255 - INFO - CaseID:94 - QUERY字段：基础语义模糊匹配通过
2026-02-28 09:31:28,256 - INFO - CaseID:94 - TAG字段：有交集（{'波斯猫'}），判定通过
2026-02-28 09:31:28,256 - INFO - CaseID:94 - 整体结果: PASS | 详情: 所有字段校验通过
2026-02-28 09:31:28,256 - INFO - CaseID:95 - CATEGORY字段：标准答案含「其他问答」，模型输出任意值通过
2026-02-28 09:31:29,339 - INFO - CaseID:95 - QUERY字段：基础语义模糊匹配通过
2026-02-28 09:31:29,339 - INFO - CaseID:95 - TAG字段：有交集（{'培育'}），判定通过
2026-02-28 09:31:29,339 - INFO - CaseID:95 - 整体结果: PASS | 详情: 所有字段校验通过
2026-02-28 09:31:29,340 - INFO - CaseID:96 - CATEGORY字段：交集匹配（{'生物'}），判定通过
2026-02-28 09:31:30,984 - INFO - CaseID:96 - TAG字段：有交集（{'科属'}），判定通过
2026-02-28 09:31:30,984 - INFO - CaseID:96 - 整体结果: FAILED | 详情: QUERY不匹配：基础语义模糊匹配失败 - 预期[黄色月季花的科属]，实际[月季花的科属]
2026-02-28 09:31:30,984 - INFO - CaseID:97 - CATEGORY字段：交集匹配（{'生物'}），判定通过
2026-02-28 09:31:32,320 - INFO - CaseID:97 - QUERY字段：基础语义模糊匹配通过
2026-02-28 09:31:32,321 - INFO - CaseID:97 - TAG字段：有交集（{'玫瑰花', '花语'}），判定通过
2026-02-28 09:31:32,321 - INFO - CaseID:97 - 整体结果: PASS | 详情: 所有字段校验通过
2026-02-28 09:31:32,321 - INFO - CaseID:98 - CATEGORY字段：触发白名单（生物→健康），判定通过
2026-02-28 09:31:33,778 - INFO - CaseID:98 - QUERY字段：基础语义模糊匹配通过
2026-02-28 09:31:33,778 - INFO - CaseID:98 - TAG字段：有交集（{'葡萄藤', '有毒'}），判定通过
2026-02-28 09:31:33,778 - INFO - CaseID:98 - 整体结果: PASS | 详情: 所有字段校验通过
2026-02-28 09:31:33,778 - INFO - CaseID:99 - CATEGORY字段：交集匹配（{'生物'}），判定通过
2026-02-28 09:31:35,302 - INFO - CaseID:99 - QUERY字段：基础语义模糊匹配通过
2026-02-28 09:31:35,303 - INFO - CaseID:99 - TAG字段：有交集（{'木芙蓉', '气候条件', '适宜生长'}），判定通过
2026-02-28 09:31:35,303 - INFO - CaseID:99 - 整体结果: PASS | 详情: 所有字段校验通过
2026-02-28 09:31:35,304 - INFO - CaseID:100 - CATEGORY字段：交集匹配（{'生物'}），判定通过
2026-02-28 09:31:36,507 - INFO - CaseID:100 - QUERY字段：基础语义模糊匹配通过
2026-02-28 09:31:36,508 - INFO - CaseID:100 - TAG字段：有交集（{'木芙蓉'}），判定通过
2026-02-28 09:31:36,508 - INFO - CaseID:100 - 整体结果: PASS | 详情: 所有字段校验通过
2026-02-28 09:31:36,508 - INFO - CaseID:101 - CATEGORY字段：交集匹配（{'生物'}），判定通过
2026-02-28 09:31:37,941 - INFO - CaseID:101 - QUERY字段：基础语义模糊匹配通过
2026-02-28 09:31:37,942 - INFO - CaseID:101 - TAG字段：有交集（{'生长城市', '柚子树'}），判定通过
2026-02-28 09:31:37,942 - INFO - CaseID:101 - 整体结果: PASS | 详情: 所有字段校验通过
2026-02-28 09:31:37,943 - INFO - CaseID:102 - CATEGORY字段：交集匹配（{'健康'}），判定通过
2026-02-28 09:31:39,743 - INFO - CaseID:102 - QUERY字段：基础语义模糊匹配通过
2026-02-28 09:31:39,744 - INFO - CaseID:102 - TAG字段：有交集（{'医学作用', '柚子'}），判定通过
2026-02-28 09:31:39,744 - INFO - CaseID:102 - 整体结果: PASS | 详情: 所有字段校验通过
2026-02-28 09:31:39,744 - INFO - CaseID:103 - CATEGORY字段：标准答案含「其他问答」，模型输出任意值通过
2026-02-28 09:31:41,162 - INFO - CaseID:103 - QUERY字段：基础语义模糊匹配通过
2026-02-28 09:31:41,162 - INFO - CaseID:103 - TAG字段：有交集（{'百合科', '花卉'}），判定通过
2026-02-28 09:31:41,162 - INFO - CaseID:103 - 整体结果: PASS | 详情: 所有字段校验通过
2026-02-28 09:31:41,162 - INFO - CaseID:104 - CATEGORY字段：交集匹配（{'生物'}），判定通过
2026-02-28 09:31:42,493 - INFO - CaseID:104 - QUERY字段：基础语义模糊匹配通过
2026-02-28 09:31:42,494 - INFO - CaseID:104 - TAG字段：有交集（{'颜色', '开花', '郁金香'}），判定通过
2026-02-28 09:31:42,494 - INFO - CaseID:104 - 整体结果: PASS | 详情: 所有字段校验通过
2026-02-28 09:31:42,494 - INFO - CaseID:105 - CATEGORY字段：交集匹配（{'生物'}），判定通过
2026-02-28 09:31:44,061 - INFO - CaseID:105 - QUERY字段：基础语义模糊匹配通过
2026-02-28 09:31:44,061 - INFO - CaseID:105 - TAG字段：有交集（{'别名', '水仙百合'}），判定通过
2026-02-28 09:31:44,061 - INFO - CaseID:105 - 整体结果: PASS | 详情: 所有字段校验通过
2026-02-28 09:31:44,062 - INFO - CaseID:106 - CATEGORY字段：交集匹配（{'生物'}），判定通过
2026-02-28 09:31:45,363 - INFO - CaseID:106 - QUERY字段：基础语义模糊匹配通过
2026-02-28 09:31:45,363 - INFO - CaseID:106 - TAG字段：有交集（{'落羽杉', '通常', '高度'}），判定通过
2026-02-28 09:31:45,364 - INFO - CaseID:106 - 整体结果: PASS | 详情: 所有字段校验通过
2026-02-28 09:31:45,364 - INFO - CaseID:107 - CATEGORY字段：交集匹配（{'生物'}），判定通过
2026-02-28 09:31:46,535 - INFO - CaseID:107 - QUERY字段：基础语义模糊匹配通过
2026-02-28 09:31:46,536 - INFO - CaseID:107 - TAG字段：有交集（{'水杉'}），判定通过
2026-02-28 09:31:46,536 - INFO - CaseID:107 - 整体结果: PASS | 详情: 所有字段校验通过
2026-02-28 09:31:46,536 - INFO - CaseID:108 - CATEGORY字段：交集匹配（{'生物'}），判定通过
2026-02-28 09:31:47,972 - INFO - CaseID:108 - QUERY字段：基础语义模糊匹配通过
2026-02-28 09:31:47,973 - INFO - CaseID:108 - TAG字段：有交集（{'分布地区', '特点', '水杉'}），判定通过
2026-02-28 09:31:47,973 - INFO - CaseID:108 - 整体结果: PASS | 详情: 所有字段校验通过
2026-02-28 09:31:47,973 - INFO - CaseID:109 - CATEGORY字段：交集匹配（{'生物'}），判定通过
2026-02-28 09:31:49,320 - INFO - CaseID:109 - QUERY字段：基础语义模糊匹配通过
2026-02-28 09:31:49,320 - INFO - CaseID:109 - TAG字段：有交集（{'雏菊', '颜色'}），判定通过
2026-02-28 09:31:49,320 - INFO - CaseID:109 - 整体结果: PASS | 详情: 所有字段校验通过
2026-02-28 09:31:49,321 - INFO - CaseID:110 - CATEGORY字段：触发白名单（生物→健康），判定通过
2026-02-28 09:31:50,750 - INFO - CaseID:110 - QUERY字段：基础语义模糊匹配通过
2026-02-28 09:31:50,751 - INFO - CaseID:110 - TAG字段：有交集（{'功效', '洋甘菊'}），判定通过
2026-02-28 09:31:50,751 - INFO - CaseID:110 - 整体结果: PASS | 详情: 所有字段校验通过
2026-02-28 09:31:50,751 - INFO - CaseID:111 - CATEGORY字段：交集匹配（{'生物'}），判定通过
2026-02-28 09:31:52,193 - INFO - CaseID:111 - QUERY字段：基础语义模糊匹配通过
2026-02-28 09:31:52,193 - INFO - CaseID:111 - TAG字段：有交集（{'果实', '中药药材', '海棠树'}），判定通过
2026-02-28 09:31:52,194 - INFO - CaseID:111 - 整体结果: PASS | 详情: 所有字段校验通过
2026-02-28 09:31:52,194 - INFO - CaseID:112 - CATEGORY字段：交集匹配（{'生物'}），判定通过
2026-02-28 09:31:54,729 - INFO - CaseID:112 - QUERY字段：基础语义模糊匹配通过
2026-02-28 09:31:54,729 - INFO - CaseID:112 - TAG字段：有交集（{'适宜生长', '土壤类型', '海棠树'}），判定通过
2026-02-28 09:31:54,729 - INFO - CaseID:112 - 整体结果: PASS | 详情: 所有字段校验通过
2026-02-28 09:31:54,730 - INFO - CaseID:113 - CATEGORY字段：交集匹配（{'生物'}），判定通过
2026-02-28 09:31:56,477 - INFO - CaseID:113 - QUERY字段：基础语义模糊匹配通过
2026-02-28 09:31:56,478 - INFO - CaseID:113 - TAG字段：有交集（{'拉丁学名', '海棠树'}），判定通过
2026-02-28 09:31:56,478 - INFO - CaseID:113 - 整体结果: PASS | 详情: 所有字段校验通过
2026-02-28 09:31:56,478 - INFO - CaseID:114 - 整体结果: FAILED | 详情: 模型输出核心字段全为空，判定不通过
2026-02-28 09:31:56,478 - INFO - CaseID:115 - CATEGORY字段：交集匹配（{'生物'}），判定通过
2026-02-28 09:31:57,602 - INFO - CaseID:115 - QUERY字段：基础语义模糊匹配通过
2026-02-28 09:31:57,603 - INFO - CaseID:115 - TAG字段：有交集（{'玉兰树', '植物保护等级'}），判定通过
2026-02-28 09:31:57,603 - INFO - CaseID:115 - 整体结果: PASS | 详情: 所有字段校验通过
2026-02-28 09:31:57,604 - INFO - CaseID:116 - CATEGORY字段：交集匹配（{'生物'}），判定通过
2026-02-28 09:31:59,116 - INFO - CaseID:116 - QUERY字段：基础语义模糊匹配通过
2026-02-28 09:31:59,117 - INFO - CaseID:116 - TAG字段：有交集（{'玉兰树'}），判定通过
2026-02-28 09:31:59,117 - INFO - CaseID:116 - 整体结果: PASS | 详情: 所有字段校验通过
2026-02-28 09:31:59,118 - INFO - CaseID:117 - CATEGORY字段：交集匹配（{'生物'}），判定通过
2026-02-28 09:32:00,456 - INFO - CaseID:117 - QUERY字段：基础语义模糊匹配通过
2026-02-28 09:32:00,456 - INFO - CaseID:117 - TAG字段：有交集（{'喜光植物', '龟背竹'}），判定通过
2026-02-28 09:32:00,456 - INFO - CaseID:117 - 整体结果: PASS | 详情: 所有字段校验通过
2026-02-28 09:32:00,457 - INFO - CaseID:118 - CATEGORY字段：交集匹配（{'生物'}），判定通过
2026-02-28 09:32:01,867 - INFO - CaseID:118 - QUERY字段：基础语义模糊匹配通过
2026-02-28 09:32:01,867 - INFO - CaseID:118 - TAG字段：有交集（{'龟背竹', '科属'}），判定通过
2026-02-28 09:32:01,867 - INFO - CaseID:118 - 整体结果: PASS | 详情: 所有字段校验通过
2026-02-28 09:32:01,868 - INFO - CaseID:119 - CATEGORY字段：模型输出含「其他问答」，该字段通过
2026-02-28 09:32:03,589 - INFO - CaseID:119 - QUERY字段：基础语义模糊匹配通过
2026-02-28 09:32:03,590 - INFO - CaseID:119 - 整体结果: FAILED | 详情: APINAME不匹配：预期[visual_search]，实际[QASearch]; TAG不匹配：一方为空 - 预期[]，实际[黑色T恤&材质]
2026-02-28 09:32:05,168 - INFO - CaseID:120 - QUERY字段：基础语义模糊匹配通过
2026-02-28 09:32:05,168 - INFO - CaseID:120 - 整体结果: PASS | 详情: 所有字段校验通过
2026-02-28 09:32:07,367 - INFO - CaseID:121 - QUERY字段：基础语义模糊匹配通过
2026-02-28 09:32:07,367 - INFO - CaseID:121 - 整体结果: PASS | 详情: 所有字段校验通过
2026-02-28 09:32:07,368 - INFO - CaseID:122 - 整体结果: FAILED | 详情: 模型输出核心字段全为空，判定不通过
2026-02-28 09:32:07,368 - INFO - CaseID:123 - CATEGORY字段：触发白名单（地理→地理通用），判定通过
2026-02-28 09:32:08,366 - INFO - CaseID:123 - QUERY字段：基础语义模糊匹配通过
2026-02-28 09:32:08,366 - INFO - CaseID:123 - TAG字段：有交集（{'冬天', '平均温度', '北方'}），判定通过
2026-02-28 09:32:08,366 - INFO - CaseID:123 - 整体结果: PASS | 详情: 所有字段校验通过
2026-02-28 09:32:09,818 - INFO - CaseID:124 - QUERY字段：基础语义模糊匹配通过
2026-02-28 09:32:09,818 - INFO - CaseID:124 - 整体结果: PASS | 详情: 所有字段校验通过
2026-02-28 09:32:09,819 - INFO - CaseID:125 - CATEGORY字段：模型输出含「其他问答」，该字段通过
2026-02-28 09:32:10,903 - INFO - CaseID:125 - 整体结果: FAILED | 详情: APINAME不匹配：预期[visual_search]，实际[QASearch]; QUERY不匹配：基础语义模糊匹配失败 - 预期[这件夹克的款式怎么样]，实际[黑色防风防水夹克的款式]; TAG不匹配：一方为空 - 预期[]，实际[黑色&防风防水夹克&款式]
2026-02-28 09:32:12,338 - INFO - CaseID:126 - QUERY字段：基础语义模糊匹配通过
2026-02-28 09:32:12,338 - INFO - CaseID:126 - 整体结果: PASS | 详情: 所有字段校验通过
2026-02-28 09:32:12,339 - INFO - CaseID:127 - APINAME字段：QASearch↔worthbuy，判定通过
2026-02-28 09:32:12,339 - INFO - CaseID:127 - CATEGORY字段：标准答案含「其他问答」，模型输出任意值通过
2026-02-28 09:32:13,911 - INFO - CaseID:127 - QUERY字段：基础语义模糊匹配通过
2026-02-28 09:32:13,912 - INFO - CaseID:127 - TAG字段：有交集（{'类型推荐', '适合搭配', '牛仔裤'}），判定通过
2026-02-28 09:32:13,912 - INFO - CaseID:127 - 整体结果: PASS | 详情: 所有字段校验通过
2026-02-28 09:32:13,912 - INFO - CaseID:128 - CATEGORY字段：标准答案含「其他问答」，模型输出任意值通过
2026-02-28 09:32:15,489 - INFO - CaseID:128 - QUERY字段：基础语义模糊匹配通过
2026-02-28 09:32:15,490 - INFO - CaseID:128 - TAG字段：触发白名单（语义等价子串），判定通过
2026-02-28 09:32:15,490 - INFO - CaseID:128 - 整体结果: PASS | 详情: 所有字段校验通过
2026-02-28 09:32:17,255 - INFO - CaseID:129 - QUERY字段：基础语义模糊匹配通过
2026-02-28 09:32:17,255 - INFO - CaseID:129 - 整体结果: PASS | 详情: 所有字段校验通过
2026-02-28 09:32:17,256 - INFO - CaseID:130 - 整体结果: FAILED | 详情: 模型输出核心字段全为空，判定不通过
2026-02-28 09:32:17,256 - INFO - CaseID:131 - 整体结果: FAILED | 详情: 模型输出核心字段全为空，判定不通过
2026-02-28 09:32:17,256 - INFO - CaseID:132 - CATEGORY字段：模型输出含「其他问答」，该字段通过
2026-02-28 09:32:18,247 - INFO - CaseID:132 - QUERY字段：基础语义模糊匹配通过
2026-02-28 09:32:18,247 - INFO - CaseID:132 - 整体结果: FAILED | 详情: APINAME不匹配：预期[visual_search]，实际[QASearch]; TAG不匹配：一方为空 - 预期[]，实际[拼色毛衣&编织方法]
2026-02-28 09:32:19,696 - INFO - CaseID:133 - QUERY字段：基础语义模糊匹配通过
2026-02-28 09:32:19,697 - INFO - CaseID:133 - 整体结果: PASS | 详情: 所有字段校验通过
2026-02-28 09:32:19,697 - INFO - CaseID:134 - CATEGORY字段：模型输出含「其他问答」，该字段通过
2026-02-28 09:32:20,752 - INFO - CaseID:134 - 整体结果: FAILED | 详情: APINAME不匹配：预期[visual_search]，实际[QASearch]; QUERY不匹配：基础语义模糊匹配失败 - 预期[这件灰色和深蓝色的搭配的衣服是国内的品牌吗]，实际[这件灰色和深蓝色条纹搭配的国内品牌衣服是什么]; TAG不匹配：一方为空 - 预期[]，实际[灰色&深蓝色条纹&国内品牌&衣服]
2026-02-28 09:32:20,752 - INFO - CaseID:135 - 整体结果: FAILED | 详情: 模型输出核心字段全为空，判定不通过
2026-02-28 09:32:22,120 - INFO - CaseID:136 - 整体结果: FAILED | 详情: APINAME不匹配：预期[visual_search]，实际[worthbuy]; CATEGORY不匹配：一方为空 - 预期[]，实际[商品查询-不确定商品]; QUERY不匹配：基础语义模糊匹配失败 - 预期[这件衣服的材质是什么]，实际[深色和浅色拼接设计的衣服的材质]; TAG不匹配：一方为空 - 预期[]，实际[深色&浅色&拼接设计&衣服&材质]
2026-02-28 09:32:23,443 - INFO - CaseID:137 - QUERY字段：基础语义模糊匹配通过
2026-02-28 09:32:23,443 - INFO - CaseID:137 - 整体结果: PASS | 详情: 所有字段校验通过
2026-02-28 09:32:24,981 - INFO - CaseID:138 - QUERY字段：基础语义模糊匹配通过
2026-02-28 09:32:24,981 - INFO - CaseID:138 - 整体结果: PASS | 详情: 所有字段校验通过
2026-02-28 09:32:24,981 - INFO - CaseID:139 - 整体结果: FAILED | 详情: 模型输出核心字段全为空，判定不通过
2026-02-28 09:32:24,981 - INFO - CaseID:140 - CATEGORY字段：标准答案含「其他问答」，模型输出任意值通过
2026-02-28 09:32:26,326 - INFO - CaseID:140 - TAG字段：触发白名单（语义等价子串），判定通过
2026-02-28 09:32:26,327 - INFO - CaseID:140 - 整体结果: FAILED | 详情: QUERY不匹配：基础语义模糊匹配失败 - 预期[羽绒服的价格]，实际[用户提到的厚实羽绒服的具体品牌或型号]
2026-02-28 09:32:26,327 - INFO - CaseID:141 - 整体结果: FAILED | 详情: 模型输出核心字段全为空，判定不通过
2026-02-28 09:32:27,360 - INFO - CaseID:142 - QUERY字段：基础语义模糊匹配通过
2026-02-28 09:32:27,360 - INFO - CaseID:142 - 整体结果: FAILED | 详情: APINAME不匹配：预期[visual_search]，实际[worthbuy]; CATEGORY不匹配：一方为空 - 预期[]，实际[商品查询-不确定商品]; TAG不匹配：一方为空 - 预期[]，实际[浅色羽绒服&款式&短款&长款]
2026-02-28 09:32:28,756 - INFO - CaseID:143 - QUERY字段：基础语义模糊匹配通过
2026-02-28 09:32:28,757 - INFO - CaseID:143 - 整体结果: PASS | 详情: 所有字段校验通过
2026-02-28 09:32:28,758 - INFO - CaseID:144 - CATEGORY字段：模型输出含「其他问答」，该字段通过
2026-02-28 09:32:30,229 - INFO - CaseID:144 - QUERY字段：基础语义模糊匹配通过
2026-02-28 09:32:30,230 - INFO - CaseID:144 - 整体结果: FAILED | 详情: APINAME不匹配：预期[visual_search]，实际[QASearch]; TAG不匹配：一方为空 - 预期[]，实际[条纹衬衫&材质]
2026-02-28 09:32:30,230 - INFO - CaseID:145 - 整体结果: FAILED | 详情: 模型输出核心字段全为空，判定不通过
2026-02-28 09:32:31,799 - INFO - CaseID:146 - QUERY字段：基础语义模糊匹配通过
2026-02-28 09:32:31,799 - INFO - CaseID:146 - 整体结果: PASS | 详情: 所有字段校验通过
2026-02-28 09:32:31,800 - INFO - CaseID:147 - CATEGORY字段：模型输出含「其他问答」，该字段通过
2026-02-28 09:32:33,284 - INFO - CaseID:147 - QUERY字段：基础语义模糊匹配通过
2026-02-28 09:32:33,285 - INFO - CaseID:147 - 整体结果: FAILED | 详情: APINAME不匹配：预期[visual_search]，实际[QASearch]; TAG不匹配：一方为空 - 预期[]，实际[蓝色条纹衬衫&适合&年龄范围]
2026-02-28 09:32:33,285 - INFO - CaseID:148 - CATEGORY字段：交集匹配（{'人物'}），判定通过
2026-02-28 09:32:35,222 - INFO - CaseID:148 - QUERY字段：基础语义模糊匹配通过
2026-02-28 09:32:35,224 - INFO - CaseID:148 - TAG字段：有交集（{'rocky'}），判定通过
2026-02-28 09:32:35,224 - INFO - CaseID:148 - 整体结果: PASS | 详情: 所有字段校验通过
2026-02-28 09:32:35,224 - INFO - CaseID:149 - CATEGORY字段：触发白名单（人物→影视），判定通过
2026-02-28 09:32:37,732 - INFO - CaseID:149 - QUERY字段：基础语义模糊匹配通过
2026-02-28 09:32:37,732 - INFO - CaseID:149 - TAG字段：有交集（{'小克', '动画'}），判定通过
2026-02-28 09:32:37,732 - INFO - CaseID:149 - 整体结果: PASS | 详情: 所有字段校验通过
2026-02-28 09:32:44,652 - INFO - 
=== 执行完成 ===
2026-02-28 09:32:44,653 - INFO - 总耗时：218.83s ≈ 3.6min
2026-02-28 09:32:44,653 - INFO - 总用例：149  PASS：111  通过率：74.50%
