2026-02-28 09:45:58,997 - INFO - === 看世界规划对比工具（高性能原版逻辑）启动 ===
2026-02-28 09:45:59,122 - INFO - 成功加载飞书表格
2026-02-28 09:46:00,624 - INFO - 表格读取完成，共149行有效数据
2026-02-28 09:46:01,287 - INFO - CaseID:1 - QUERY字段：基础语义模糊匹配通过
2026-02-28 09:46:01,287 - INFO - CaseID:1 - 整体结果: PASS | 详情: 所有字段校验通过
2026-02-28 09:46:01,288 - INFO - CaseID:2 - CATEGORY字段：标准答案含「其他问答」，模型输出任意值通过
2026-02-28 09:46:03,057 - INFO - CaseID:2 - QUERY字段：基础语义模糊匹配通过
2026-02-28 09:46:03,058 - INFO - CaseID:2 - TAG字段：有交集（{'文蛤'}），判定通过
2026-02-28 09:46:03,058 - INFO - CaseID:2 - 整体结果: PASS | 详情: 所有字段校验通过
2026-02-28 09:46:04,509 - INFO - CaseID:3 - QUERY字段：基础语义模糊匹配通过
2026-02-28 09:46:04,510 - INFO - CaseID:3 - 整体结果: PASS | 详情: 所有字段校验通过
2026-02-28 09:46:05,935 - INFO - CaseID:4 - QUERY字段：基础语义模糊匹配通过
2026-02-28 09:46:05,935 - INFO - CaseID:4 - 整体结果: PASS | 详情: 所有字段校验通过
2026-02-28 09:46:05,936 - INFO - CaseID:5 - CATEGORY字段：标准答案含「其他问答」，模型输出任意值通过
2026-02-28 09:46:07,656 - INFO - CaseID:5 - QUERY字段：基础语义模糊匹配通过
2026-02-28 09:46:07,658 - INFO - CaseID:5 - TAG字段：有交集（{'大熊猫', '生物学特性'}），判定通过
2026-02-28 09:46:07,662 - INFO - CaseID:5 - 整体结果: PASS | 详情: 所有字段校验通过
2026-02-28 09:46:07,663 - INFO - CaseID:6 - CATEGORY字段：标准答案含「其他问答」，模型输出任意值通过
2026-02-28 09:46:09,317 - INFO - CaseID:6 - QUERY字段：基础语义模糊匹配通过
2026-02-28 09:46:09,317 - INFO - CaseID:6 - TAG字段：有交集（{'猕猴', '主要食物'}），判定通过
2026-02-28 09:46:09,317 - INFO - CaseID:6 - 整体结果: PASS | 详情: 所有字段校验通过
2026-02-28 09:46:10,684 - INFO - CaseID:7 - QUERY字段：基础语义模糊匹配通过
2026-02-28 09:46:10,685 - INFO - CaseID:7 - 整体结果: FAILED | 详情: APINAME不匹配：预期[visual_search]，实际[QASearch]; CATEGORY不匹配：一方为空 - 预期[]，实际[生物]; TAG不匹配：一方为空 - 预期[]，实际[猕猴&毛色]
2026-02-28 09:46:10,685 - INFO - CaseID:8 - CATEGORY字段：交集匹配（{'生物'}），判定通过
2026-02-28 09:46:11,751 - INFO - CaseID:8 - QUERY字段：基础语义模糊匹配通过
2026-02-28 09:46:11,751 - INFO - CaseID:8 - TAG字段：有交集（{'荷斯坦牛', '主要食物'}），判定通过
2026-02-28 09:46:11,751 - INFO - CaseID:8 - 整体结果: PASS | 详情: 所有字段校验通过
2026-02-28 09:46:11,751 - INFO - CaseID:9 - CATEGORY字段：标准答案含「其他问答」，模型输出任意值通过
2026-02-28 09:46:13,283 - INFO - CaseID:9 - TAG字段：有交集（{'黄牛'}），判定通过
2026-02-28 09:46:13,283 - INFO - CaseID:9 - 整体结果: FAILED | 详情: QUERY不匹配：基础语义模糊匹配失败 - 预期[黄牛的最长寿命是几年]，实际[黄牛的寿命]
2026-02-28 09:46:13,283 - INFO - CaseID:10 - CATEGORY字段：标准答案含「其他问答」，模型输出任意值通过
2026-02-28 09:46:14,674 - INFO - CaseID:10 - 整体结果: FAILED | 详情: QUERY不匹配：基础语义模糊匹配失败 - 预期[奶牛通常生活的地区]，实际[西门塔尔牛通常生活的地区]; TAG不匹配：无交集 - 预期[奶牛&来源地]，实际[西门塔尔牛&通常生活&地区]
2026-02-28 09:46:14,675 - INFO - CaseID:11 - CATEGORY字段：标准答案含「其他问答」，模型输出任意值通过
2026-02-28 09:46:16,108 - INFO - CaseID:11 - TAG字段：触发白名单（语义等价子串），判定通过
2026-02-28 09:46:16,108 - INFO - CaseID:11 - 整体结果: FAILED | 详情: QUERY不匹配：基础语义模糊匹配失败 - 预期[螳螂虾是生活在淡水环境里吗]，实际[皮皮虾后面的虾的生存环境]
2026-02-28 09:46:16,109 - INFO - CaseID:12 - CATEGORY字段：交集匹配（{'生物'}），判定通过
2026-02-28 09:46:17,656 - INFO - CaseID:12 - QUERY字段：基础语义模糊匹配通过
2026-02-28 09:46:17,656 - INFO - CaseID:12 - TAG字段：有交集（{'能够食用', '淡水蟹'}），判定通过
2026-02-28 09:46:17,656 - INFO - CaseID:12 - 整体结果: PASS | 详情: 所有字段校验通过
2026-02-28 09:46:17,657 - INFO - CaseID:13 - 整体结果: FAILED | 详情: 模型输出核心字段全为空，判定不通过
2026-02-28 09:46:17,657 - INFO - CaseID:14 - CATEGORY字段：交集匹配（{'生物'}），判定通过
2026-02-28 09:46:19,187 - INFO - CaseID:14 - QUERY字段：基础语义模糊匹配通过
2026-02-28 09:46:19,188 - INFO - CaseID:14 - TAG字段：有交集（{'寄居蟹', '生存环境'}），判定通过
2026-02-28 09:46:19,188 - INFO - CaseID:14 - 整体结果: PASS | 详情: 所有字段校验通过
2026-02-28 09:46:19,188 - INFO - CaseID:15 - CATEGORY字段：标准答案含「其他问答」，模型输出任意值通过
2026-02-28 09:46:20,673 - INFO - CaseID:15 - QUERY字段：基础语义模糊匹配通过
2026-02-28 09:46:20,673 - INFO - CaseID:15 - TAG字段：有交集（{'锦鲤'}），判定通过
2026-02-28 09:46:20,673 - INFO - CaseID:15 - 整体结果: PASS | 详情: 所有字段校验通过
2026-02-28 09:46:20,673 - INFO - CaseID:16 - CATEGORY字段：交集匹配（{'生物'}），判定通过
2026-02-28 09:46:21,679 - INFO - CaseID:16 - QUERY字段：基础语义模糊匹配通过
2026-02-28 09:46:21,679 - INFO - CaseID:16 - TAG字段：有交集（{'金鱼', '主要食物'}），判定通过
2026-02-28 09:46:21,679 - INFO - CaseID:16 - 整体结果: PASS | 详情: 所有字段校验通过
2026-02-28 09:46:21,679 - INFO - CaseID:17 - CATEGORY字段：交集匹配（{'生物'}），判定通过
2026-02-28 09:46:23,096 - INFO - CaseID:17 - QUERY字段：基础语义模糊匹配通过
2026-02-28 09:46:23,096 - INFO - CaseID:17 - TAG字段：有交集（{'主要分布', '国家', '骆驼'}），判定通过
2026-02-28 09:46:23,096 - INFO - CaseID:17 - 整体结果: PASS | 详情: 所有字段校验通过
2026-02-28 09:46:23,096 - INFO - CaseID:18 - CATEGORY字段：交集匹配（{'生物'}），判定通过
2026-02-28 09:46:24,564 - INFO - CaseID:18 - QUERY字段：基础语义模糊匹配通过
2026-02-28 09:46:24,564 - INFO - CaseID:18 - TAG字段：有交集（{'驼峰', '双峰驼', '作用'}），判定通过
2026-02-28 09:46:24,565 - INFO - CaseID:18 - 整体结果: PASS | 详情: 所有字段校验通过
2026-02-28 09:46:24,565 - INFO - CaseID:19 - CATEGORY字段：交集匹配（{'生物'}），判定通过
2026-02-28 09:46:26,525 - INFO - CaseID:19 - QUERY字段：基础语义模糊匹配通过
2026-02-28 09:46:26,526 - INFO - CaseID:19 - TAG字段：有交集（{'来源', '凤尾鱼', '名字'}），判定通过
2026-02-28 09:46:26,526 - INFO - CaseID:19 - 整体结果: PASS | 详情: 所有字段校验通过
2026-02-28 09:46:26,526 - INFO - CaseID:20 - CATEGORY字段：交集匹配（{'生物'}），判定通过
2026-02-28 09:46:28,048 - INFO - CaseID:20 - QUERY字段：基础语义模糊匹配通过
2026-02-28 09:46:28,048 - INFO - CaseID:20 - TAG字段：有交集（{'比目鱼'}），判定通过
2026-02-28 09:46:28,048 - INFO - CaseID:20 - 整体结果: PASS | 详情: 所有字段校验通过
2026-02-28 09:46:28,048 - INFO - CaseID:21 - CATEGORY字段：交集匹配（{'生物'}），判定通过
2026-02-28 09:46:29,552 - INFO - CaseID:21 - QUERY字段：基础语义模糊匹配通过
2026-02-28 09:46:29,553 - INFO - CaseID:21 - TAG字段：有交集（{'肉食性动物', '海鲈鱼'}），判定通过
2026-02-28 09:46:29,553 - INFO - CaseID:21 - 整体结果: PASS | 详情: 所有字段校验通过
2026-02-28 09:46:29,553 - INFO - CaseID:22 - CATEGORY字段：标准答案含「其他问答」，模型输出任意值通过
2026-02-28 09:46:31,011 - INFO - CaseID:22 - QUERY字段：基础语义模糊匹配通过
2026-02-28 09:46:31,012 - INFO - CaseID:22 - TAG字段：有交集（{'烹饪方法', '鲫鱼', '最好吃'}），判定通过
2026-02-28 09:46:31,012 - INFO - CaseID:22 - 整体结果: PASS | 详情: 所有字段校验通过
2026-02-28 09:46:31,012 - INFO - CaseID:23 - CATEGORY字段：交集匹配（{'生物'}），判定通过
2026-02-28 09:46:32,035 - INFO - CaseID:23 - QUERY字段：基础语义模糊匹配通过
2026-02-28 09:46:32,035 - INFO - CaseID:23 - TAG字段：有交集（{'捕获', '概率', '大嘴鲈鱼'}），判定通过
2026-02-28 09:46:32,035 - INFO - CaseID:23 - 整体结果: PASS | 详情: 所有字段校验通过
2026-02-28 09:46:32,036 - INFO - CaseID:24 - CATEGORY字段：交集匹配（{'生物'}），判定通过
2026-02-28 09:46:33,775 - INFO - CaseID:24 - QUERY字段：基础语义模糊匹配通过
2026-02-28 09:46:33,775 - INFO - CaseID:24 - TAG字段：有交集（{'科属', '小比目鱼'}），判定通过
2026-02-28 09:46:33,775 - INFO - CaseID:24 - 整体结果: PASS | 详情: 所有字段校验通过
2026-02-28 09:46:33,776 - INFO - CaseID:25 - 整体结果: FAILED | 详情: 模型输出核心字段全为空，判定不通过
2026-02-28 09:46:33,776 - INFO - CaseID:26 - CATEGORY字段：触发白名单（人物→影视），判定通过
2026-02-28 09:46:35,088 - INFO - CaseID:26 - QUERY字段：触发规划视角白名单，判定为语义相关
2026-02-28 09:46:35,089 - INFO - CaseID:26 - TAG字段：有交集（{'小猪佩奇'}），判定通过
2026-02-28 09:46:35,089 - INFO - CaseID:26 - 整体结果: PASS | 详情: 所有字段校验通过
2026-02-28 09:46:35,089 - INFO - CaseID:27 - APINAME字段：QASearch↔worthbuy，判定通过
2026-02-28 09:46:35,090 - INFO - CaseID:27 - CATEGORY字段：标准答案含「其他问答」，模型输出任意值通过
2026-02-28 09:46:36,648 - INFO - CaseID:27 - QUERY字段：基础语义模糊匹配通过
2026-02-28 09:46:36,649 - INFO - CaseID:27 - TAG字段：有交集（{'小猪佩奇玩偶'}），判定通过
2026-02-28 09:46:36,649 - INFO - CaseID:27 - 整体结果: PASS | 详情: 所有字段校验通过
2026-02-28 09:46:36,649 - INFO - CaseID:28 - APINAME字段：QASearch↔worthbuy，判定通过
2026-02-28 09:46:36,649 - INFO - CaseID:28 - CATEGORY字段：标准答案含「其他问答」，模型输出任意值通过
2026-02-28 09:46:38,001 - INFO - CaseID:28 - QUERY字段：基础语义模糊匹配通过
2026-02-28 09:46:38,002 - INFO - CaseID:28 - TAG字段：有交集（{'售价'}），判定通过
2026-02-28 09:46:38,002 - INFO - CaseID:28 - 整体结果: PASS | 详情: 所有字段校验通过
2026-02-28 09:46:38,002 - INFO - CaseID:29 - CATEGORY字段：交集匹配（{'影视'}），判定通过
2026-02-28 09:46:39,719 - INFO - CaseID:29 - QUERY字段：基础语义模糊匹配通过
2026-02-28 09:46:39,719 - INFO - CaseID:29 - TAG字段：有交集（{'小猪佩奇'}），判定通过
2026-02-28 09:46:39,720 - INFO - CaseID:29 - 整体结果: PASS | 详情: 所有字段校验通过
2026-02-28 09:46:39,720 - INFO - CaseID:30 - CATEGORY字段：交集匹配（{'人物'}），判定通过
2026-02-28 09:46:41,086 - INFO - CaseID:30 - QUERY字段：基础语义模糊匹配通过
2026-02-28 09:46:41,087 - INFO - CaseID:30 - TAG字段：有交集（{'佩奇', '最喜欢', '事情'}），判定通过
2026-02-28 09:46:41,087 - INFO - CaseID:30 - 整体结果: PASS | 详情: 所有字段校验通过
2026-02-28 09:46:41,087 - INFO - CaseID:31 - APINAME字段：QASearch↔worthbuy，判定通过
2026-02-28 09:46:41,087 - INFO - CaseID:31 - CATEGORY字段：标准答案含「其他问答」，模型输出任意值通过
2026-02-28 09:46:42,097 - INFO - CaseID:31 - QUERY字段：基础语义模糊匹配通过
2026-02-28 09:46:42,097 - INFO - CaseID:31 - TAG字段：有交集（{'适合年龄'}），判定通过
2026-02-28 09:46:42,098 - INFO - CaseID:31 - 整体结果: PASS | 详情: 所有字段校验通过
2026-02-28 09:46:43,609 - INFO - CaseID:32 - QUERY字段：基础语义模糊匹配通过
2026-02-28 09:46:43,609 - INFO - CaseID:32 - 整体结果: PASS | 详情: 所有字段校验通过
2026-02-28 09:46:45,124 - INFO - CaseID:33 - QUERY字段：基础语义模糊匹配通过
2026-02-28 09:46:45,125 - INFO - CaseID:33 - 整体结果: PASS | 详情: 所有字段校验通过
2026-02-28 09:46:46,497 - INFO - CaseID:34 - QUERY字段：基础语义模糊匹配通过
2026-02-28 09:46:46,497 - INFO - CaseID:34 - 整体结果: PASS | 详情: 所有字段校验通过
2026-02-28 09:46:47,925 - INFO - CaseID:35 - QUERY字段：基础语义模糊匹配通过
2026-02-28 09:46:47,926 - INFO - CaseID:35 - 整体结果: PASS | 详情: 所有字段校验通过
2026-02-28 09:46:49,476 - INFO - CaseID:36 - QUERY字段：基础语义模糊匹配通过
2026-02-28 09:46:49,477 - INFO - CaseID:36 - 整体结果: FAILED | 详情: APINAME不匹配：预期[visual_search]，实际[QASearch]; CATEGORY不匹配：一方为空 - 预期[]，实际[影视]; TAG不匹配：一方为空 - 预期[]，实际[粉红色&卡通猪玩偶&动画片&角色]
2026-02-28 09:46:49,478 - INFO - CaseID:37 - CATEGORY字段：交集匹配（{'人物'}），判定通过
2026-02-28 09:46:50,982 - INFO - CaseID:37 - QUERY字段：基础语义模糊匹配通过
2026-02-28 09:46:50,982 - INFO - CaseID:37 - TAG字段：有交集（{'skye', '配音演员'}），判定通过
2026-02-28 09:46:50,982 - INFO - CaseID:37 - 整体结果: PASS | 详情: 所有字段校验通过
2026-02-28 09:46:50,983 - INFO - CaseID:38 - CATEGORY字段：标准答案含「其他问答」，模型输出任意值通过
2026-02-28 09:46:52,023 - INFO - CaseID:38 - QUERY字段：基础语义模糊匹配通过
2026-02-28 09:46:52,024 - INFO - CaseID:38 - TAG字段：有交集（{'小狗毛绒玩具', '别名', '穿着粉色衣服'}），判定通过
2026-02-28 09:46:52,024 - INFO - CaseID:38 - 整体结果: PASS | 详情: 所有字段校验通过
2026-02-28 09:46:52,024 - INFO - CaseID:39 - CATEGORY字段：交集匹配（{'人物'}），判定通过
2026-02-28 09:46:53,648 - INFO - CaseID:39 - QUERY字段：基础语义模糊匹配通过
2026-02-28 09:46:53,649 - INFO - CaseID:39 - TAG字段：有交集（{'rubble', '职业'}），判定通过
2026-02-28 09:46:53,649 - INFO - CaseID:39 - 整体结果: PASS | 详情: 所有字段校验通过
2026-02-28 09:46:54,877 - INFO - CaseID:40 - QUERY字段：基础语义模糊匹配通过
2026-02-28 09:46:54,877 - INFO - CaseID:40 - 整体结果: PASS | 详情: 所有字段校验通过
2026-02-28 09:46:54,878 - INFO - CaseID:41 - CATEGORY字段：模型输出含「其他问答」，该字段通过
2026-02-28 09:46:56,278 - INFO - CaseID:41 - QUERY字段：基础语义模糊匹配通过
2026-02-28 09:46:56,278 - INFO - CaseID:41 - 整体结果: FAILED | 详情: APINAME不匹配：预期[visual_search]，实际[QASearch]; TAG不匹配：一方为空 - 预期[]，实际[小砾公仔&颜色]
2026-02-28 09:46:57,635 - INFO - CaseID:42 - QUERY字段：基础语义模糊匹配通过
2026-02-28 09:46:57,636 - INFO - CaseID:42 - 整体结果: FAILED | 详情: APINAME不匹配：预期[visual_search]，实际[AUTOSearch]; CATEGORY不匹配：一方为空 - 预期[]，实际[汽车]; TAG不匹配：一方为空 - 预期[]，实际[玩具小狗&材质]
2026-02-28 09:46:59,133 - INFO - CaseID:43 - QUERY字段：基础语义模糊匹配通过
2026-02-28 09:46:59,134 - INFO - CaseID:43 - 整体结果: FAILED | 详情: APINAME不匹配：预期[visual_search]，实际[QASearch]; CATEGORY不匹配：一方为空 - 预期[]，实际[生物]; TAG不匹配：一方为空 - 预期[]，实际[穿着消防员制服&小狗&名字]
2026-02-28 09:46:59,134 - INFO - CaseID:44 - CATEGORY字段：交集匹配（{'影视'}），判定通过
2026-02-28 09:47:00,610 - INFO - CaseID:44 - TAG字段：有交集（{'时效性', '汪汪队立大功'}），判定通过
2026-02-28 09:47:00,610 - INFO - CaseID:44 - 整体结果: FAILED | 详情: QUERY不匹配：基础语义模糊匹配失败 - 预期[汪汪队立大功目前出到第几季了]，实际[汪汪队立大功的集数]
2026-02-28 09:47:00,611 - INFO - CaseID:45 - CATEGORY字段：标准答案含「其他问答」，模型输出任意值通过
2026-02-28 09:47:01,633 - INFO - CaseID:45 - QUERY字段：基础语义模糊匹配通过
2026-02-28 09:47:01,634 - INFO - CaseID:45 - TAG字段：有交集（{'购买渠道', '汪汪队立大功'}），判定通过
2026-02-28 09:47:01,634 - INFO - CaseID:45 - 整体结果: PASS | 详情: 所有字段校验通过
2026-02-28 09:47:03,133 - INFO - CaseID:46 - QUERY字段：基础语义模糊匹配通过
2026-02-28 09:47:03,133 - INFO - CaseID:46 - 整体结果: PASS | 详情: 所有字段校验通过
2026-02-28 09:47:03,133 - INFO - CaseID:47 - CATEGORY字段：触发白名单（人物→公司），判定通过
2026-02-28 09:47:04,649 - INFO - CaseID:47 - QUERY字段：基础语义模糊匹配通过
2026-02-28 09:47:04,649 - INFO - CaseID:47 - TAG字段：有交集（{'rocky', '车辆编号'}），判定通过
2026-02-28 09:47:04,649 - INFO - CaseID:47 - 整体结果: PASS | 详情: 所有字段校验通过
2026-02-28 09:47:04,649 - INFO - CaseID:48 - CATEGORY字段：标准答案含「其他问答」，模型输出任意值通过
2026-02-28 09:47:06,070 - INFO - CaseID:48 - QUERY字段：基础语义模糊匹配通过
2026-02-28 09:47:06,070 - INFO - CaseID:48 - TAG字段：有交集（{'汪汪队立大功', '受众年龄'}），判定通过
2026-02-28 09:47:06,070 - INFO - CaseID:48 - 整体结果: PASS | 详情: 所有字段校验通过
2026-02-28 09:47:06,071 - INFO - CaseID:49 - CATEGORY字段：标准答案含「其他问答」，模型输出任意值通过
2026-02-28 09:47:07,538 - INFO - CaseID:49 - QUERY字段：基础语义模糊匹配通过
2026-02-28 09:47:07,539 - INFO - CaseID:49 - TAG字段：有交集（{'购买地点', '灰灰公仔'}），判定通过
2026-02-28 09:47:07,539 - INFO - CaseID:49 - 整体结果: PASS | 详情: 所有字段校验通过
2026-02-28 09:47:09,104 - INFO - CaseID:50 - QUERY字段：基础语义模糊匹配通过
2026-02-28 09:47:09,105 - INFO - CaseID:50 - 整体结果: PASS | 详情: 所有字段校验通过
2026-02-28 09:47:09,106 - INFO - CaseID:51 - CATEGORY字段：标准答案含「其他问答」，模型输出任意值通过
2026-02-28 09:47:10,383 - INFO - CaseID:51 - QUERY字段：基础语义模糊匹配通过
2026-02-28 09:47:10,384 - INFO - CaseID:51 - TAG字段：有交集（{'入耳式耳机', '功能'}），判定通过
2026-02-28 09:47:10,384 - INFO - CaseID:51 - 整体结果: FAILED | 详情: APINAME不匹配：预期[QASearch]，实际[AUTOSearch]
2026-02-28 09:47:10,384 - INFO - CaseID:52 - CATEGORY字段：标准答案含「其他问答」，模型输出任意值通过
2026-02-28 09:47:11,386 - INFO - CaseID:52 - QUERY字段：基础语义模糊匹配通过
2026-02-28 09:47:11,387 - INFO - CaseID:52 - TAG字段：有交集（{'入耳式耳机', '长时间佩戴', '舒服'}），判定通过
2026-02-28 09:47:11,387 - INFO - CaseID:52 - 整体结果: PASS | 详情: 所有字段校验通过
2026-02-28 09:47:12,969 - INFO - CaseID:53 - QUERY字段：基础语义模糊匹配通过
2026-02-28 09:47:12,970 - INFO - CaseID:53 - 整体结果: PASS | 详情: 所有字段校验通过
2026-02-28 09:47:12,970 - INFO - CaseID:54 - APINAME字段：QASearch↔worthbuy，判定通过
2026-02-28 09:47:12,970 - INFO - CaseID:54 - CATEGORY字段：标准答案含「其他问答」，模型输出任意值通过
2026-02-28 09:47:14,125 - INFO - CaseID:54 - QUERY字段：基础语义模糊匹配通过
2026-02-28 09:47:14,125 - INFO - CaseID:54 - TAG字段：有交集（{'无线耳机', '好处'}），判定通过
2026-02-28 09:47:14,125 - INFO - CaseID:54 - 整体结果: PASS | 详情: 所有字段校验通过
2026-02-28 09:47:15,558 - INFO - CaseID:55 - QUERY字段：基础语义模糊匹配通过
2026-02-28 09:47:15,559 - INFO - CaseID:55 - 整体结果: PASS | 详情: 所有字段校验通过
2026-02-28 09:47:17,811 - INFO - CaseID:56 - QUERY字段：基础语义模糊匹配通过
2026-02-28 09:47:17,811 - INFO - CaseID:56 - 整体结果: PASS | 详情: 所有字段校验通过
2026-02-28 09:47:17,811 - INFO - CaseID:57 - CATEGORY字段：标准答案含「其他问答」，模型输出任意值通过
2026-02-28 09:47:19,341 - INFO - CaseID:57 - TAG字段：有交集（{'遥控器'}），判定通过
2026-02-28 09:47:19,341 - INFO - CaseID:57 - 整体结果: FAILED | 详情: APINAME不匹配：预期[QASearch]，实际[AUTOSearch]; QUERY不匹配：基础语义模糊匹配失败 - 预期[遥控器的用途是什么]，实际[遥控器的简介]
2026-02-28 09:47:19,342 - INFO - CaseID:58 - CATEGORY字段：标准答案含「其他问答」，模型输出任意值通过
2026-02-28 09:47:20,740 - INFO - CaseID:58 - QUERY字段：基础语义模糊匹配通过
2026-02-28 09:47:20,740 - INFO - CaseID:58 - 整体结果: FAILED | 详情: APINAME不匹配：预期[QASearch]，实际[visual_search]; TAG不匹配：一方为空 - 预期[遥控器&控制&机器]，实际[]
2026-02-28 09:47:21,753 - INFO - CaseID:59 - QUERY字段：基础语义模糊匹配通过
2026-02-28 09:47:21,754 - INFO - CaseID:59 - 整体结果: PASS | 详情: 所有字段校验通过
2026-02-28 09:47:21,755 - INFO - CaseID:60 - CATEGORY字段：标准答案含「其他问答」，模型输出任意值通过
2026-02-28 09:47:23,262 - INFO - CaseID:60 - QUERY字段：基础语义模糊匹配通过
2026-02-28 09:47:23,262 - INFO - CaseID:60 - TAG字段：有交集（{'空调遥控器', '组成'}），判定通过
2026-02-28 09:47:23,263 - INFO - CaseID:60 - 整体结果: FAILED | 详情: APINAME不匹配：预期[QASearch]，实际[AUTOSearch]
2026-02-28 09:47:24,367 - INFO - CaseID:61 - QUERY字段：基础语义模糊匹配通过
2026-02-28 09:47:24,367 - INFO - CaseID:61 - 整体结果: PASS | 详情: 所有字段校验通过
2026-02-28 09:47:25,799 - INFO - CaseID:62 - QUERY字段：基础语义模糊匹配通过
2026-02-28 09:47:25,799 - INFO - CaseID:62 - 整体结果: PASS | 详情: 所有字段校验通过
2026-02-28 09:47:25,800 - INFO - CaseID:63 - CATEGORY字段：标准答案含「其他问答」，模型输出任意值通过
2026-02-28 09:47:27,233 - INFO - CaseID:63 - QUERY字段：基础语义模糊匹配通过
2026-02-28 09:47:27,233 - INFO - CaseID:63 - TAG字段：有交集（{'工作原理', '麦克风'}），判定通过
2026-02-28 09:47:27,234 - INFO - CaseID:63 - 整体结果: FAILED | 详情: APINAME不匹配：预期[QASearch]，实际[AUTOSearch]
2026-02-28 09:47:27,234 - INFO - CaseID:64 - CATEGORY字段：标准答案含「其他问答」，模型输出任意值通过
2026-02-28 09:47:29,617 - INFO - CaseID:64 - QUERY字段：基础语义模糊匹配通过
2026-02-28 09:47:29,618 - INFO - CaseID:64 - TAG字段：有交集（{'售价', '麦克风'}），判定通过
2026-02-28 09:47:29,618 - INFO - CaseID:64 - 整体结果: FAILED | 详情: APINAME不匹配：预期[QASearch]，实际[AUTOSearch]
2026-02-28 09:47:29,619 - INFO - CaseID:65 - CATEGORY字段：标准答案含「其他问答」，模型输出任意值通过
2026-02-28 09:47:31,879 - INFO - CaseID:65 - QUERY字段：基础语义模糊匹配通过
2026-02-28 09:47:31,880 - INFO - CaseID:65 - TAG字段：有交集（{'女生', '频率', '使用发夹'}），判定通过
2026-02-28 09:47:31,880 - INFO - CaseID:65 - 整体结果: PASS | 详情: 所有字段校验通过
2026-02-28 09:47:32,967 - INFO - CaseID:66 - QUERY字段：基础语义模糊匹配通过
2026-02-28 09:47:32,968 - INFO - CaseID:66 - 整体结果: PASS | 详情: 所有字段校验通过
2026-02-28 09:47:34,378 - INFO - CaseID:67 - QUERY字段：基础语义模糊匹配通过
2026-02-28 09:47:34,379 - INFO - CaseID:67 - 整体结果: PASS | 详情: 所有字段校验通过
2026-02-28 09:47:34,379 - INFO - CaseID:68 - CATEGORY字段：标准答案含「其他问答」，模型输出任意值通过
2026-02-28 09:47:35,400 - INFO - CaseID:68 - QUERY字段：基础语义模糊匹配通过
2026-02-28 09:47:35,401 - INFO - CaseID:68 - TAG字段：有交集（{'墨镜', '遮光效果'}），判定通过
2026-02-28 09:47:35,401 - INFO - CaseID:68 - 整体结果: PASS | 详情: 所有字段校验通过
2026-02-28 09:47:35,401 - INFO - CaseID:69 - APINAME字段：QASearch↔worthbuy，判定通过
2026-02-28 09:47:35,402 - INFO - CaseID:69 - CATEGORY字段：标准答案含「其他问答」，模型输出任意值通过
2026-02-28 09:47:36,987 - INFO - CaseID:69 - QUERY字段：基础语义模糊匹配通过
2026-02-28 09:47:36,988 - INFO - CaseID:69 - TAG字段：有交集（{'拉链袋', '分类'}），判定通过
2026-02-28 09:47:36,988 - INFO - CaseID:69 - 整体结果: PASS | 详情: 所有字段校验通过
2026-02-28 09:47:38,401 - INFO - CaseID:70 - QUERY字段：基础语义模糊匹配通过
2026-02-28 09:47:38,401 - INFO - CaseID:70 - 整体结果: PASS | 详情: 所有字段校验通过
2026-02-28 09:47:38,402 - INFO - CaseID:71 - APINAME字段：QASearch↔worthbuy，判定通过
2026-02-28 09:47:38,402 - INFO - CaseID:71 - CATEGORY字段：标准答案含「其他问答」，模型输出任意值通过
2026-02-28 09:47:39,901 - INFO - CaseID:71 - QUERY字段：基础语义模糊匹配通过
2026-02-28 09:47:39,901 - INFO - CaseID:71 - TAG字段：有交集（{'混合坚果', '品牌'}），判定通过
2026-02-28 09:47:39,901 - INFO - CaseID:71 - 整体结果: PASS | 详情: 所有字段校验通过
2026-02-28 09:47:39,902 - INFO - CaseID:72 - CATEGORY字段：交集匹配（{'生物'}），判定通过
2026-02-28 09:47:41,260 - INFO - CaseID:72 - QUERY字段：基础语义模糊匹配通过
2026-02-28 09:47:41,261 - INFO - CaseID:72 - TAG字段：有交集（{'腰果', '生长环境'}），判定通过
2026-02-28 09:47:41,261 - INFO - CaseID:72 - 整体结果: PASS | 详情: 所有字段校验通过
2026-02-28 09:47:41,262 - INFO - CaseID:73 - CATEGORY字段：交集匹配（{'健康'}），判定通过
2026-02-28 09:47:42,991 - INFO - CaseID:73 - QUERY字段：基础语义模糊匹配通过
2026-02-28 09:47:42,992 - INFO - CaseID:73 - TAG字段：有交集（{'腰果', '营养价值'}），判定通过
2026-02-28 09:47:42,992 - INFO - CaseID:73 - 整体结果: PASS | 详情: 所有字段校验通过
2026-02-28 09:47:42,992 - INFO - CaseID:74 - CATEGORY字段：标准答案含「其他问答」，模型输出任意值通过
2026-02-28 09:47:44,432 - INFO - CaseID:74 - QUERY字段：基础语义模糊匹配通过
2026-02-28 09:47:44,433 - INFO - CaseID:74 - TAG字段：有交集（{'口感', '琦王花生'}），判定通过
2026-02-28 09:47:44,433 - INFO - CaseID:74 - 整体结果: PASS | 详情: 所有字段校验通过
2026-02-28 09:47:45,668 - INFO - CaseID:75 - QUERY字段：基础语义模糊匹配通过
2026-02-28 09:47:45,669 - INFO - CaseID:75 - 整体结果: PASS | 详情: 所有字段校验通过
2026-02-28 09:47:45,669 - INFO - CaseID:76 - APINAME字段：QASearch↔worthbuy，判定通过
2026-02-28 09:47:45,670 - INFO - CaseID:76 - CATEGORY字段：标准答案含「其他问答」，模型输出任意值通过
2026-02-28 09:47:47,455 - INFO - CaseID:76 - QUERY字段：基础语义模糊匹配通过
2026-02-28 09:47:47,456 - INFO - CaseID:76 - TAG字段：有交集（{'星巴克'}），判定通过
2026-02-28 09:47:47,456 - INFO - CaseID:76 - 整体结果: PASS | 详情: 所有字段校验通过
2026-02-28 09:47:48,874 - INFO - CaseID:77 - QUERY字段：基础语义模糊匹配通过
2026-02-28 09:47:48,875 - INFO - CaseID:77 - 整体结果: PASS | 详情: 所有字段校验通过
2026-02-28 09:47:50,599 - INFO - CaseID:78 - QUERY字段：基础语义模糊匹配通过
2026-02-28 09:47:50,600 - INFO - CaseID:78 - 整体结果: PASS | 详情: 所有字段校验通过
2026-02-28 09:47:52,423 - INFO - CaseID:79 - QUERY字段：基础语义模糊匹配通过
2026-02-28 09:47:52,424 - INFO - CaseID:79 - 整体结果: PASS | 详情: 所有字段校验通过
2026-02-28 09:47:53,422 - INFO - CaseID:80 - QUERY字段：基础语义模糊匹配通过
2026-02-28 09:47:53,423 - INFO - CaseID:80 - 整体结果: FAILED | 详情: APINAME不匹配：预期[visual_search]，实际[worthbuy]; CATEGORY不匹配：一方为空 - 预期[]，实际[商品查询-确定商品]; TAG不匹配：一方为空 - 预期[]，实际[竹香乌龙茶&售价]
2026-02-28 09:47:53,423 - INFO - CaseID:81 - CATEGORY字段：交集匹配（{'健康'}），判定通过
2026-02-28 09:47:54,808 - INFO - CaseID:81 - QUERY字段：基础语义模糊匹配通过
2026-02-28 09:47:54,808 - INFO - CaseID:81 - TAG字段：有交集（{'原料', '竹叶青'}），判定通过
2026-02-28 09:47:54,809 - INFO - CaseID:81 - 整体结果: PASS | 详情: 所有字段校验通过
2026-02-28 09:47:54,809 - INFO - CaseID:82 - CATEGORY字段：模型输出含「其他问答」，该字段通过
2026-02-28 09:47:56,276 - INFO - CaseID:82 - QUERY字段：基础语义模糊匹配通过
2026-02-28 09:47:56,276 - INFO - CaseID:82 - 整体结果: FAILED | 详情: APINAME不匹配：预期[visual_search]，实际[QASearch]; TAG不匹配：一方为空 - 预期[]，实际[牛奶饮品&容量]
2026-02-28 09:47:57,668 - INFO - CaseID:83 - QUERY字段：基础语义模糊匹配通过
2026-02-28 09:47:57,668 - INFO - CaseID:83 - 整体结果: PASS | 详情: 所有字段校验通过
2026-02-28 09:47:57,669 - INFO - CaseID:84 - CATEGORY字段：标准答案含「其他问答」，模型输出任意值通过
2026-02-28 09:47:59,433 - INFO - CaseID:84 - QUERY字段：基础语义模糊匹配通过
2026-02-28 09:47:59,434 - INFO - CaseID:84 - TAG字段：有交集（{'营养价值', '绿茶饮品'}），判定通过
2026-02-28 09:47:59,434 - INFO - CaseID:84 - 整体结果: PASS | 详情: 所有字段校验通过
2026-02-28 09:48:01,402 - INFO - CaseID:85 - QUERY字段：基础语义模糊匹配通过
2026-02-28 09:48:01,403 - INFO - CaseID:85 - 整体结果: FAILED | 详情: APINAME不匹配：预期[visual_search]，实际[skill_search]
2026-02-28 09:48:01,403 - INFO - CaseID:86 - CATEGORY字段：交集匹配（{'生物'}），判定通过
2026-02-28 09:48:02,867 - INFO - CaseID:86 - QUERY字段：基础语义模糊匹配通过
2026-02-28 09:48:02,868 - INFO - CaseID:86 - TAG字段：有交集（{'布偶猫', '生活习性'}），判定通过
2026-02-28 09:48:02,868 - INFO - CaseID:86 - 整体结果: PASS | 详情: 所有字段校验通过
2026-02-28 09:48:02,868 - INFO - CaseID:87 - CATEGORY字段：交集匹配（{'生物'}），判定通过
2026-02-28 09:48:04,097 - INFO - CaseID:87 - QUERY字段：基础语义模糊匹配通过
2026-02-28 09:48:04,098 - INFO - CaseID:87 - TAG字段：有交集（{'喜马拉雅猫', '生活习性'}），判定通过
2026-02-28 09:48:04,098 - INFO - CaseID:87 - 整体结果: PASS | 详情: 所有字段校验通过
2026-02-28 09:48:04,098 - INFO - CaseID:88 - CATEGORY字段：标准答案含「其他问答」，模型输出任意值通过
2026-02-28 09:48:05,503 - INFO - CaseID:88 - QUERY字段：基础语义模糊匹配通过
2026-02-28 09:48:05,504 - INFO - CaseID:88 - TAG字段：有交集（{'布偶猫'}），判定通过
2026-02-28 09:48:05,504 - INFO - CaseID:88 - 整体结果: PASS | 详情: 所有字段校验通过
2026-02-28 09:48:05,504 - INFO - CaseID:89 - CATEGORY字段：标准答案含「其他问答」，模型输出任意值通过
2026-02-28 09:48:06,865 - INFO - CaseID:89 - QUERY字段：基础语义模糊匹配通过
2026-02-28 09:48:06,866 - INFO - CaseID:89 - TAG字段：有交集（{'价格', '布偶猫'}），判定通过
2026-02-28 09:48:06,866 - INFO - CaseID:89 - 整体结果: PASS | 详情: 所有字段校验通过
2026-02-28 09:48:06,866 - INFO - CaseID:90 - CATEGORY字段：交集匹配（{'生物'}），判定通过
2026-02-28 09:48:08,398 - INFO - CaseID:90 - QUERY字段：基础语义模糊匹配通过
2026-02-28 09:48:08,398 - INFO - CaseID:90 - TAG字段：有交集（{'土耳其安哥拉猫'}），判定通过
2026-02-28 09:48:08,398 - INFO - CaseID:90 - 整体结果: PASS | 详情: 所有字段校验通过
2026-02-28 09:48:08,399 - INFO - CaseID:91 - CATEGORY字段：交集匹配（{'生物'}），判定通过
2026-02-28 09:48:09,737 - INFO - CaseID:91 - QUERY字段：触发规划视角白名单，判定为语义相关
2026-02-28 09:48:09,738 - INFO - CaseID:91 - TAG字段：有交集（{'波斯猫'}），判定通过
2026-02-28 09:48:09,738 - INFO - CaseID:91 - 整体结果: PASS | 详情: 所有字段校验通过
2026-02-28 09:48:09,739 - INFO - CaseID:92 - CATEGORY字段：标准答案含「其他问答」，模型输出任意值通过
2026-02-28 09:48:11,300 - INFO - CaseID:92 - QUERY字段：基础语义模糊匹配通过
2026-02-28 09:48:11,301 - INFO - CaseID:92 - TAG字段：有交集（{'眼睛', '波斯猫', '颜色'}），判定通过
2026-02-28 09:48:11,301 - INFO - CaseID:92 - 整体结果: PASS | 详情: 所有字段校验通过
2026-02-28 09:48:12,567 - INFO - CaseID:93 - QUERY字段：基础语义模糊匹配通过
2026-02-28 09:48:12,568 - INFO - CaseID:93 - 整体结果: PASS | 详情: 所有字段校验通过
2026-02-28 09:48:12,568 - INFO - CaseID:94 - CATEGORY字段：标准答案含「其他问答」，模型输出任意值通过
2026-02-28 09:48:13,724 - INFO - CaseID:94 - QUERY字段：基础语义模糊匹配通过
2026-02-28 09:48:13,724 - INFO - CaseID:94 - TAG字段：有交集（{'波斯猫'}），判定通过
2026-02-28 09:48:13,725 - INFO - CaseID:94 - 整体结果: PASS | 详情: 所有字段校验通过
2026-02-28 09:48:13,725 - INFO - CaseID:95 - CATEGORY字段：标准答案含「其他问答」，模型输出任意值通过
2026-02-28 09:48:15,091 - INFO - CaseID:95 - QUERY字段：基础语义模糊匹配通过
2026-02-28 09:48:15,093 - INFO - CaseID:95 - TAG字段：有交集（{'培育'}），判定通过
2026-02-28 09:48:15,093 - INFO - CaseID:95 - 整体结果: PASS | 详情: 所有字段校验通过
2026-02-28 09:48:15,094 - INFO - CaseID:96 - CATEGORY字段：交集匹配（{'生物'}），判定通过
2026-02-28 09:48:16,778 - INFO - CaseID:96 - QUERY字段：触发规划视角白名单，判定为语义相关
2026-02-28 09:48:16,779 - INFO - CaseID:96 - TAG字段：有交集（{'科属'}），判定通过
2026-02-28 09:48:16,779 - INFO - CaseID:96 - 整体结果: PASS | 详情: 所有字段校验通过
2026-02-28 09:48:16,780 - INFO - CaseID:97 - CATEGORY字段：交集匹配（{'生物'}），判定通过
2026-02-28 09:48:18,580 - INFO - CaseID:97 - QUERY字段：基础语义模糊匹配通过
2026-02-28 09:48:18,580 - INFO - CaseID:97 - TAG字段：有交集（{'玫瑰花', '花语'}），判定通过
2026-02-28 09:48:18,580 - INFO - CaseID:97 - 整体结果: PASS | 详情: 所有字段校验通过
2026-02-28 09:48:18,581 - INFO - CaseID:98 - CATEGORY字段：触发白名单（生物→健康），判定通过
2026-02-28 09:48:19,876 - INFO - CaseID:98 - QUERY字段：基础语义模糊匹配通过
2026-02-28 09:48:19,877 - INFO - CaseID:98 - TAG字段：有交集（{'葡萄藤', '有毒'}），判定通过
2026-02-28 09:48:19,877 - INFO - CaseID:98 - 整体结果: PASS | 详情: 所有字段校验通过
2026-02-28 09:48:19,878 - INFO - CaseID:99 - CATEGORY字段：交集匹配（{'生物'}），判定通过
2026-02-28 09:48:21,373 - INFO - CaseID:99 - QUERY字段：基础语义模糊匹配通过
2026-02-28 09:48:21,374 - INFO - CaseID:99 - TAG字段：有交集（{'适宜生长', '木芙蓉', '气候条件'}），判定通过
2026-02-28 09:48:21,374 - INFO - CaseID:99 - 整体结果: PASS | 详情: 所有字段校验通过
2026-02-28 09:48:21,374 - INFO - CaseID:100 - CATEGORY字段：交集匹配（{'生物'}），判定通过
2026-02-28 09:48:22,734 - INFO - CaseID:100 - QUERY字段：基础语义模糊匹配通过
2026-02-28 09:48:22,735 - INFO - CaseID:100 - TAG字段：有交集（{'木芙蓉'}），判定通过
2026-02-28 09:48:22,735 - INFO - CaseID:100 - 整体结果: PASS | 详情: 所有字段校验通过
2026-02-28 09:48:22,735 - INFO - CaseID:101 - CATEGORY字段：交集匹配（{'生物'}），判定通过
2026-02-28 09:48:23,717 - INFO - CaseID:101 - QUERY字段：基础语义模糊匹配通过
2026-02-28 09:48:23,717 - INFO - CaseID:101 - TAG字段：有交集（{'柚子树', '生长城市'}），判定通过
2026-02-28 09:48:23,717 - INFO - CaseID:101 - 整体结果: PASS | 详情: 所有字段校验通过
2026-02-28 09:48:23,718 - INFO - CaseID:102 - CATEGORY字段：交集匹配（{'健康'}），判定通过
2026-02-28 09:48:25,191 - INFO - CaseID:102 - QUERY字段：基础语义模糊匹配通过
2026-02-28 09:48:25,192 - INFO - CaseID:102 - TAG字段：有交集（{'柚子', '医学作用'}），判定通过
2026-02-28 09:48:25,192 - INFO - CaseID:102 - 整体结果: PASS | 详情: 所有字段校验通过
2026-02-28 09:48:25,193 - INFO - CaseID:103 - CATEGORY字段：标准答案含「其他问答」，模型输出任意值通过
2026-02-28 09:48:26,329 - INFO - CaseID:103 - QUERY字段：基础语义模糊匹配通过
2026-02-28 09:48:26,330 - INFO - CaseID:103 - TAG字段：有交集（{'百合科', '花卉'}），判定通过
2026-02-28 09:48:26,330 - INFO - CaseID:103 - 整体结果: PASS | 详情: 所有字段校验通过
2026-02-28 09:48:26,330 - INFO - CaseID:104 - CATEGORY字段：交集匹配（{'生物'}），判定通过
2026-02-28 09:48:28,184 - INFO - CaseID:104 - QUERY字段：基础语义模糊匹配通过
2026-02-28 09:48:28,184 - INFO - CaseID:104 - TAG字段：有交集（{'郁金香', '颜色', '开花'}），判定通过
2026-02-28 09:48:28,184 - INFO - CaseID:104 - 整体结果: PASS | 详情: 所有字段校验通过
2026-02-28 09:48:28,184 - INFO - CaseID:105 - CATEGORY字段：交集匹配（{'生物'}），判定通过
2026-02-28 09:48:29,561 - INFO - CaseID:105 - QUERY字段：基础语义模糊匹配通过
2026-02-28 09:48:29,562 - INFO - CaseID:105 - TAG字段：有交集（{'水仙百合', '别名'}），判定通过
2026-02-28 09:48:29,562 - INFO - CaseID:105 - 整体结果: PASS | 详情: 所有字段校验通过
2026-02-28 09:48:29,563 - INFO - CaseID:106 - CATEGORY字段：交集匹配（{'生物'}），判定通过
2026-02-28 09:48:31,154 - INFO - CaseID:106 - QUERY字段：基础语义模糊匹配通过
2026-02-28 09:48:31,155 - INFO - CaseID:106 - TAG字段：有交集（{'高度', '落羽杉', '通常'}），判定通过
2026-02-28 09:48:31,155 - INFO - CaseID:106 - 整体结果: PASS | 详情: 所有字段校验通过
2026-02-28 09:48:31,155 - INFO - CaseID:107 - CATEGORY字段：交集匹配（{'生物'}），判定通过
2026-02-28 09:48:33,405 - INFO - CaseID:107 - QUERY字段：基础语义模糊匹配通过
2026-02-28 09:48:33,411 - INFO - CaseID:107 - TAG字段：有交集（{'水杉'}），判定通过
2026-02-28 09:48:33,415 - INFO - CaseID:107 - 整体结果: PASS | 详情: 所有字段校验通过
2026-02-28 09:48:33,421 - INFO - CaseID:108 - CATEGORY字段：交集匹配（{'生物'}），判定通过
2026-02-28 09:48:34,391 - INFO - CaseID:108 - QUERY字段：基础语义模糊匹配通过
2026-02-28 09:48:34,391 - INFO - CaseID:108 - TAG字段：有交集（{'水杉', '特点', '分布地区'}），判定通过
2026-02-28 09:48:34,392 - INFO - CaseID:108 - 整体结果: PASS | 详情: 所有字段校验通过
2026-02-28 09:48:34,392 - INFO - CaseID:109 - CATEGORY字段：交集匹配（{'生物'}），判定通过
2026-02-28 09:48:36,317 - INFO - CaseID:109 - QUERY字段：基础语义模糊匹配通过
2026-02-28 09:48:36,318 - INFO - CaseID:109 - TAG字段：有交集（{'雏菊', '颜色'}），判定通过
2026-02-28 09:48:36,318 - INFO - CaseID:109 - 整体结果: PASS | 详情: 所有字段校验通过
2026-02-28 09:48:36,318 - INFO - CaseID:110 - CATEGORY字段：触发白名单（生物→健康），判定通过
2026-02-28 09:48:37,442 - INFO - CaseID:110 - QUERY字段：基础语义模糊匹配通过
2026-02-28 09:48:37,443 - INFO - CaseID:110 - TAG字段：有交集（{'功效', '洋甘菊'}），判定通过
2026-02-28 09:48:37,443 - INFO - CaseID:110 - 整体结果: PASS | 详情: 所有字段校验通过
2026-02-28 09:48:37,443 - INFO - CaseID:111 - CATEGORY字段：交集匹配（{'生物'}），判定通过
2026-02-28 09:48:39,164 - INFO - CaseID:111 - QUERY字段：基础语义模糊匹配通过
2026-02-28 09:48:39,164 - INFO - CaseID:111 - TAG字段：有交集（{'果实', '中药药材', '海棠树'}），判定通过
2026-02-28 09:48:39,165 - INFO - CaseID:111 - 整体结果: PASS | 详情: 所有字段校验通过
2026-02-28 09:48:39,165 - INFO - CaseID:112 - CATEGORY字段：交集匹配（{'生物'}），判定通过
2026-02-28 09:48:40,549 - INFO - CaseID:112 - QUERY字段：基础语义模糊匹配通过
2026-02-28 09:48:40,550 - INFO - CaseID:112 - TAG字段：有交集（{'适宜生长', '土壤类型', '海棠树'}），判定通过
2026-02-28 09:48:40,550 - INFO - CaseID:112 - 整体结果: PASS | 详情: 所有字段校验通过
2026-02-28 09:48:40,550 - INFO - CaseID:113 - CATEGORY字段：交集匹配（{'生物'}），判定通过
2026-02-28 09:48:42,189 - INFO - CaseID:113 - QUERY字段：基础语义模糊匹配通过
2026-02-28 09:48:42,190 - INFO - CaseID:113 - TAG字段：有交集（{'拉丁学名', '海棠树'}），判定通过
2026-02-28 09:48:42,190 - INFO - CaseID:113 - 整体结果: PASS | 详情: 所有字段校验通过
2026-02-28 09:48:42,191 - INFO - CaseID:114 - 整体结果: FAILED | 详情: 模型输出核心字段全为空，判定不通过
2026-02-28 09:48:42,191 - INFO - CaseID:115 - CATEGORY字段：交集匹配（{'生物'}），判定通过
2026-02-28 09:48:43,625 - INFO - CaseID:115 - QUERY字段：基础语义模糊匹配通过
2026-02-28 09:48:43,626 - INFO - CaseID:115 - TAG字段：有交集（{'玉兰树', '植物保护等级'}），判定通过
2026-02-28 09:48:43,626 - INFO - CaseID:115 - 整体结果: PASS | 详情: 所有字段校验通过
2026-02-28 09:48:43,626 - INFO - CaseID:116 - CATEGORY字段：交集匹配（{'生物'}），判定通过
2026-02-28 09:48:44,575 - INFO - CaseID:116 - QUERY字段：基础语义模糊匹配通过
2026-02-28 09:48:44,575 - INFO - CaseID:116 - TAG字段：有交集（{'玉兰树'}），判定通过
2026-02-28 09:48:44,575 - INFO - CaseID:116 - 整体结果: PASS | 详情: 所有字段校验通过
2026-02-28 09:48:44,575 - INFO - CaseID:117 - CATEGORY字段：交集匹配（{'生物'}），判定通过
2026-02-28 09:48:46,238 - INFO - CaseID:117 - QUERY字段：基础语义模糊匹配通过
2026-02-28 09:48:46,238 - INFO - CaseID:117 - TAG字段：有交集（{'喜光植物', '龟背竹'}），判定通过
2026-02-28 09:48:46,238 - INFO - CaseID:117 - 整体结果: PASS | 详情: 所有字段校验通过
2026-02-28 09:48:46,239 - INFO - CaseID:118 - CATEGORY字段：交集匹配（{'生物'}），判定通过
2026-02-28 09:48:47,882 - INFO - CaseID:118 - QUERY字段：基础语义模糊匹配通过
2026-02-28 09:48:47,882 - INFO - CaseID:118 - TAG字段：有交集（{'科属', '龟背竹'}），判定通过
2026-02-28 09:48:47,882 - INFO - CaseID:118 - 整体结果: PASS | 详情: 所有字段校验通过
2026-02-28 09:48:47,882 - INFO - CaseID:119 - CATEGORY字段：模型输出含「其他问答」，该字段通过
2026-02-28 09:48:49,360 - INFO - CaseID:119 - QUERY字段：基础语义模糊匹配通过
2026-02-28 09:48:49,361 - INFO - CaseID:119 - 整体结果: FAILED | 详情: APINAME不匹配：预期[visual_search]，实际[QASearch]; TAG不匹配：一方为空 - 预期[]，实际[黑色T恤&材质]
2026-02-28 09:48:50,793 - INFO - CaseID:120 - QUERY字段：基础语义模糊匹配通过
2026-02-28 09:48:50,793 - INFO - CaseID:120 - 整体结果: PASS | 详情: 所有字段校验通过
2026-02-28 09:48:53,226 - INFO - CaseID:121 - QUERY字段：基础语义模糊匹配通过
2026-02-28 09:48:53,227 - INFO - CaseID:121 - 整体结果: PASS | 详情: 所有字段校验通过
2026-02-28 09:48:53,227 - INFO - CaseID:122 - 整体结果: FAILED | 详情: 模型输出核心字段全为空，判定不通过
2026-02-28 09:48:53,228 - INFO - CaseID:123 - CATEGORY字段：触发白名单（地理→地理通用），判定通过
2026-02-28 09:48:54,539 - INFO - CaseID:123 - QUERY字段：基础语义模糊匹配通过
2026-02-28 09:48:54,540 - INFO - CaseID:123 - TAG字段：有交集（{'北方', '平均温度', '冬天'}），判定通过
2026-02-28 09:48:54,540 - INFO - CaseID:123 - 整体结果: PASS | 详情: 所有字段校验通过
2026-02-28 09:48:55,707 - INFO - CaseID:124 - QUERY字段：基础语义模糊匹配通过
2026-02-28 09:48:55,707 - INFO - CaseID:124 - 整体结果: PASS | 详情: 所有字段校验通过
2026-02-28 09:48:55,708 - INFO - CaseID:125 - CATEGORY字段：模型输出含「其他问答」，该字段通过
2026-02-28 09:48:57,135 - INFO - CaseID:125 - 整体结果: FAILED | 详情: APINAME不匹配：预期[visual_search]，实际[QASearch]; QUERY不匹配：基础语义模糊匹配失败 - 预期[这件夹克的款式怎么样]，实际[黑色防风防水夹克的款式]; TAG不匹配：一方为空 - 预期[]，实际[黑色&防风防水夹克&款式]
2026-02-28 09:48:58,485 - INFO - CaseID:126 - QUERY字段：基础语义模糊匹配通过
2026-02-28 09:48:58,485 - INFO - CaseID:126 - 整体结果: PASS | 详情: 所有字段校验通过
2026-02-28 09:48:58,486 - INFO - CaseID:127 - APINAME字段：QASearch↔worthbuy，判定通过
2026-02-28 09:48:58,486 - INFO - CaseID:127 - CATEGORY字段：标准答案含「其他问答」，模型输出任意值通过
2026-02-28 09:49:00,007 - INFO - CaseID:127 - QUERY字段：基础语义模糊匹配通过
2026-02-28 09:49:00,007 - INFO - CaseID:127 - TAG字段：有交集（{'牛仔裤', '类型推荐', '适合搭配'}），判定通过
2026-02-28 09:49:00,008 - INFO - CaseID:127 - 整体结果: PASS | 详情: 所有字段校验通过
2026-02-28 09:49:00,008 - INFO - CaseID:128 - CATEGORY字段：标准答案含「其他问答」，模型输出任意值通过
2026-02-28 09:49:01,804 - INFO - CaseID:128 - QUERY字段：基础语义模糊匹配通过
2026-02-28 09:49:01,804 - INFO - CaseID:128 - TAG字段：触发白名单（语义等价子串），判定通过
2026-02-28 09:49:01,804 - INFO - CaseID:128 - 整体结果: PASS | 详情: 所有字段校验通过
2026-02-28 09:49:03,491 - INFO - CaseID:129 - QUERY字段：基础语义模糊匹配通过
2026-02-28 09:49:03,492 - INFO - CaseID:129 - 整体结果: PASS | 详情: 所有字段校验通过
2026-02-28 09:49:03,492 - INFO - CaseID:130 - 整体结果: FAILED | 详情: 模型输出核心字段全为空，判定不通过
2026-02-28 09:49:03,493 - INFO - CaseID:131 - 整体结果: FAILED | 详情: 模型输出核心字段全为空，判定不通过
2026-02-28 09:49:03,493 - INFO - CaseID:132 - CATEGORY字段：模型输出含「其他问答」，该字段通过
2026-02-28 09:49:05,127 - INFO - CaseID:132 - QUERY字段：基础语义模糊匹配通过
2026-02-28 09:49:05,127 - INFO - CaseID:132 - 整体结果: FAILED | 详情: APINAME不匹配：预期[visual_search]，实际[QASearch]; TAG不匹配：一方为空 - 预期[]，实际[拼色毛衣&编织方法]
2026-02-28 09:49:06,123 - INFO - CaseID:133 - QUERY字段：基础语义模糊匹配通过
2026-02-28 09:49:06,123 - INFO - CaseID:133 - 整体结果: PASS | 详情: 所有字段校验通过
2026-02-28 09:49:06,123 - INFO - CaseID:134 - CATEGORY字段：模型输出含「其他问答」，该字段通过
2026-02-28 09:49:07,512 - INFO - CaseID:134 - 整体结果: FAILED | 详情: APINAME不匹配：预期[visual_search]，实际[QASearch]; QUERY不匹配：基础语义模糊匹配失败 - 预期[这件灰色和深蓝色的搭配的衣服是国内的品牌吗]，实际[这件灰色和深蓝色条纹搭配的国内品牌衣服是什么]; TAG不匹配：一方为空 - 预期[]，实际[灰色&深蓝色条纹&国内品牌&衣服]
2026-02-28 09:49:07,513 - INFO - CaseID:135 - 整体结果: FAILED | 详情: 模型输出核心字段全为空，判定不通过
2026-02-28 09:49:09,032 - INFO - CaseID:136 - 整体结果: FAILED | 详情: APINAME不匹配：预期[visual_search]，实际[worthbuy]; CATEGORY不匹配：一方为空 - 预期[]，实际[商品查询-不确定商品]; QUERY不匹配：基础语义模糊匹配失败 - 预期[这件衣服的材质是什么]，实际[深色和浅色拼接设计的衣服的材质]; TAG不匹配：一方为空 - 预期[]，实际[深色&浅色&拼接设计&衣服&材质]
2026-02-28 09:49:10,838 - INFO - CaseID:137 - QUERY字段：基础语义模糊匹配通过
2026-02-28 09:49:10,838 - INFO - CaseID:137 - 整体结果: PASS | 详情: 所有字段校验通过
2026-02-28 09:49:12,136 - INFO - CaseID:138 - QUERY字段：基础语义模糊匹配通过
2026-02-28 09:49:12,136 - INFO - CaseID:138 - 整体结果: PASS | 详情: 所有字段校验通过
2026-02-28 09:49:12,136 - INFO - CaseID:139 - 整体结果: FAILED | 详情: 模型输出核心字段全为空，判定不通过
2026-02-28 09:49:12,137 - INFO - CaseID:140 - CATEGORY字段：标准答案含「其他问答」，模型输出任意值通过
2026-02-28 09:49:13,715 - INFO - CaseID:140 - TAG字段：触发白名单（语义等价子串），判定通过
2026-02-28 09:49:13,716 - INFO - CaseID:140 - 整体结果: FAILED | 详情: QUERY不匹配：基础语义模糊匹配失败 - 预期[羽绒服的价格]，实际[用户提到的厚实羽绒服的具体品牌或型号]
2026-02-28 09:49:13,716 - INFO - CaseID:141 - 整体结果: FAILED | 详情: 模型输出核心字段全为空，判定不通过
2026-02-28 09:49:15,126 - INFO - CaseID:142 - QUERY字段：基础语义模糊匹配通过
2026-02-28 09:49:15,126 - INFO - CaseID:142 - 整体结果: FAILED | 详情: APINAME不匹配：预期[visual_search]，实际[worthbuy]; CATEGORY不匹配：一方为空 - 预期[]，实际[商品查询-不确定商品]; TAG不匹配：一方为空 - 预期[]，实际[浅色羽绒服&款式&短款&长款]
2026-02-28 09:49:16,098 - INFO - CaseID:143 - QUERY字段：基础语义模糊匹配通过
2026-02-28 09:49:16,098 - INFO - CaseID:143 - 整体结果: PASS | 详情: 所有字段校验通过
2026-02-28 09:49:16,099 - INFO - CaseID:144 - CATEGORY字段：模型输出含「其他问答」，该字段通过
2026-02-28 09:49:17,541 - INFO - CaseID:144 - QUERY字段：基础语义模糊匹配通过
2026-02-28 09:49:17,541 - INFO - CaseID:144 - 整体结果: FAILED | 详情: APINAME不匹配：预期[visual_search]，实际[QASearch]; TAG不匹配：一方为空 - 预期[]，实际[条纹衬衫&材质]
2026-02-28 09:49:17,542 - INFO - CaseID:145 - 整体结果: FAILED | 详情: 模型输出核心字段全为空，判定不通过
2026-02-28 09:49:18,557 - INFO - CaseID:146 - QUERY字段：基础语义模糊匹配通过
2026-02-28 09:49:18,557 - INFO - CaseID:146 - 整体结果: PASS | 详情: 所有字段校验通过
2026-02-28 09:49:18,557 - INFO - CaseID:147 - CATEGORY字段：模型输出含「其他问答」，该字段通过
2026-02-28 09:49:19,960 - INFO - CaseID:147 - QUERY字段：基础语义模糊匹配通过
2026-02-28 09:49:19,961 - INFO - CaseID:147 - 整体结果: FAILED | 详情: APINAME不匹配：预期[visual_search]，实际[QASearch]; TAG不匹配：一方为空 - 预期[]，实际[蓝色条纹衬衫&适合&年龄范围]
2026-02-28 09:49:19,961 - INFO - CaseID:148 - CATEGORY字段：交集匹配（{'人物'}），判定通过
2026-02-28 09:49:22,116 - INFO - CaseID:148 - QUERY字段：基础语义模糊匹配通过
2026-02-28 09:49:22,116 - INFO - CaseID:148 - TAG字段：有交集（{'rocky'}），判定通过
2026-02-28 09:49:22,116 - INFO - CaseID:148 - 整体结果: PASS | 详情: 所有字段校验通过
2026-02-28 09:49:22,116 - INFO - CaseID:149 - CATEGORY字段：触发白名单（人物→影视），判定通过
2026-02-28 09:49:24,036 - INFO - CaseID:149 - QUERY字段：基础语义模糊匹配通过
2026-02-28 09:49:24,036 - INFO - CaseID:149 - TAG字段：有交集（{'小克', '动画'}），判定通过
2026-02-28 09:49:24,036 - INFO - CaseID:149 - 整体结果: PASS | 详情: 所有字段校验通过
2026-02-28 09:49:25,814 - INFO - 
=== 执行完成 ===
2026-02-28 09:49:25,815 - INFO - 总耗时：206.82s ≈ 3.4min
2026-02-28 09:49:25,815 - INFO - 总用例：149  PASS：112  通过率：75.17%
