2026-02-26 22:43:18,656 - INFO - === 看世界规划对比工具（新旧用例双轨适配版，优化CATEGORY和TAG）启动 ===
2026-02-26 22:43:18,799 - INFO - 成功加载飞书表格
2026-02-26 22:43:21,530 - INFO - CaseID:1 - QUERY字段：基础语义模糊匹配通过
2026-02-26 22:43:21,530 - INFO - CaseID:1 - 整体结果: PASS | 详情: 所有字段校验通过
2026-02-26 22:43:23,840 - INFO - CaseID:2 - QUERY字段：基础语义模糊匹配通过
2026-02-26 22:43:23,840 - INFO - CaseID:2 - 整体结果: PASS | 详情: 所有字段校验通过
2026-02-26 22:43:25,928 - INFO - CaseID:3 - QUERY字段：基础语义模糊匹配通过
2026-02-26 22:43:25,928 - INFO - CaseID:3 - 整体结果: PASS | 详情: 所有字段校验通过
2026-02-26 22:43:28,074 - INFO - CaseID:4 - QUERY字段：基础语义模糊匹配通过
2026-02-26 22:43:28,074 - INFO - CaseID:4 - 整体结果: PASS | 详情: 所有字段校验通过
2026-02-26 22:43:30,434 - INFO - CaseID:5 - QUERY字段：基础语义模糊匹配通过
2026-02-26 22:43:30,434 - INFO - CaseID:5 - 整体结果: PASS | 详情: 所有字段校验通过
2026-02-26 22:43:32,751 - INFO - CaseID:6 - QUERY字段：基础语义模糊匹配通过
2026-02-26 22:43:32,752 - INFO - CaseID:6 - 整体结果: PASS | 详情: 所有字段校验通过
2026-02-26 22:43:34,683 - INFO - CaseID:7 - QUERY字段：基础语义模糊匹配通过
2026-02-26 22:43:34,683 - INFO - CaseID:7 - 整体结果: PASS | 详情: 所有字段校验通过
2026-02-26 22:43:36,899 - INFO - CaseID:8 - QUERY字段：基础语义模糊匹配通过
2026-02-26 22:43:36,899 - INFO - CaseID:8 - 整体结果: PASS | 详情: 所有字段校验通过
2026-02-26 22:43:39,066 - INFO - CaseID:9 - QUERY字段：基础语义模糊匹配通过
2026-02-26 22:43:39,066 - INFO - CaseID:9 - 整体结果: PASS | 详情: 所有字段校验通过
2026-02-26 22:44:15,043 - INFO - CaseID:10 - QUERY字段：基础语义模糊匹配通过
2026-02-26 22:44:15,045 - INFO - CaseID:10 - 整体结果: PASS | 详情: 所有字段校验通过
2026-02-26 22:44:16,865 - INFO - CaseID:11 - QUERY字段：基础语义模糊匹配通过
2026-02-26 22:44:16,865 - INFO - CaseID:11 - 整体结果: PASS | 详情: 所有字段校验通过
2026-02-26 22:44:19,681 - INFO - CaseID:12 - QUERY字段：基础语义模糊匹配通过
2026-02-26 22:44:19,687 - INFO - CaseID:12 - 整体结果: PASS | 详情: 所有字段校验通过
2026-02-26 22:44:19,687 - INFO - CaseID:13 - 整体结果: FAILED | 详情: 模型输出核心字段全为空，判定不通过
2026-02-26 22:44:19,687 - INFO - CaseID:14 - 整体结果: FAILED | 详情: 模型输出核心字段全为空，判定不通过
2026-02-26 22:44:21,557 - INFO - CaseID:15 - QUERY字段：基础语义模糊匹配通过
2026-02-26 22:44:21,557 - INFO - CaseID:15 - 整体结果: FAILED | 详情: APINAME不匹配：预期[visual_search]，实际[QASearch]; CATEGORY不匹配：一方为空 - 预期[]，实际[生物]; TAG不匹配：一方为空 - 预期[]，实际[这棵树&开花时间]
2026-02-26 22:44:24,408 - INFO - CaseID:16 - 整体结果: FAILED | 详情: APINAME不匹配：预期[visual_search]，实际[QASearch]; CATEGORY不匹配：一方为空 - 预期[]，实际[生物]; QUERY不匹配：基础语义模糊匹配失败 - 预期[这棵树多少年会开花结果]，实际[常见树木开花结果的年份]; TAG不匹配：一方为空 - 预期[]，实际[常见树木&开花结果&年份]
2026-02-26 22:44:26,536 - INFO - CaseID:17 - QUERY字段：基础语义模糊匹配通过
2026-02-26 22:44:26,536 - INFO - CaseID:17 - 整体结果: PASS | 详情: 所有字段校验通过
2026-02-26 22:44:28,390 - INFO - CaseID:18 - QUERY字段：基础语义模糊匹配通过
2026-02-26 22:44:28,390 - INFO - CaseID:18 - 整体结果: FAILED | 详情: APINAME不匹配：预期[visual_search]，实际[QASearch]; CATEGORY不匹配：一方为空 - 预期[]，实际[生物]; TAG不匹配：一方为空 - 预期[]，实际[发财树&养护方法]
2026-02-26 22:44:31,460 - INFO - CaseID:19 - QUERY字段：基础语义模糊匹配通过
2026-02-26 22:44:31,460 - INFO - CaseID:19 - 整体结果: PASS | 详情: 所有字段校验通过
2026-02-26 22:44:33,222 - INFO - CaseID:20 - QUERY字段：基础语义模糊匹配通过
2026-02-26 22:44:33,222 - INFO - CaseID:20 - 整体结果: FAILED | 详情: APINAME不匹配：预期[visual_search]，实际[QASearch]; CATEGORY不匹配：一方为空 - 预期[]，实际[生物]; TAG不匹配：一方为空 - 预期[]，实际[紫色&球形&花]
2026-02-26 22:44:35,234 - INFO - CaseID:21 - QUERY字段：基础语义模糊匹配通过
2026-02-26 22:44:35,234 - INFO - CaseID:21 - 整体结果: PASS | 详情: 所有字段校验通过
2026-02-26 22:44:37,153 - INFO - CaseID:22 - QUERY字段：基础语义模糊匹配通过
2026-02-26 22:44:37,153 - INFO - CaseID:22 - 整体结果: PASS | 详情: 所有字段校验通过
2026-02-26 22:44:39,097 - INFO - CaseID:23 - 整体结果: FAILED | 详情: APINAME不匹配：预期[visual_search]，实际[QASearch]; CATEGORY不匹配：一方为空 - 预期[]，实际[生物]; QUERY不匹配：基础语义模糊匹配失败 - 预期[这是月季还是玫瑰]，实际[月季的简介]; TAG不匹配：一方为空 - 预期[]，实际[月季&简介]
2026-02-26 22:44:41,608 - INFO - CaseID:24 - QUERY字段：基础语义模糊匹配通过
2026-02-26 22:44:41,608 - INFO - CaseID:24 - 整体结果: PASS | 详情: 所有字段校验通过
2026-02-26 22:44:43,444 - INFO - CaseID:25 - 整体结果: FAILED | 详情: APINAME不匹配：预期[visual_search]，实际[QASearch]; CATEGORY不匹配：一方为空 - 预期[]，实际[地理通用]; QUERY不匹配：基础语义模糊匹配失败 - 预期[地里长的什么花]，实际[北京朝阳区2026年2月常见农田花卉]; TAG不匹配：一方为空 - 预期[]，实际[北京朝阳区&2026年2月&常见农田花卉]
2026-02-26 22:44:43,445 - INFO - CaseID:26 - 整体结果: FAILED | 详情: 模型输出核心字段全为空，判定不通过
2026-02-26 22:44:46,091 - INFO - CaseID:27 - QUERY字段：基础语义模糊匹配通过
2026-02-26 22:44:46,093 - INFO - CaseID:27 - 整体结果: PASS | 详情: 所有字段校验通过
2026-02-26 22:44:48,053 - INFO - CaseID:28 - QUERY字段：基础语义模糊匹配通过
2026-02-26 22:44:48,053 - INFO - CaseID:28 - 整体结果: FAILED | 详情: APINAME不匹配：预期[visual_search]，实际[QASearch]; CATEGORY不匹配：一方为空 - 预期[]，实际[生物]; TAG不匹配：一方为空 - 预期[]，实际[这个&一般&开花时间]
2026-02-26 22:44:50,731 - INFO - CaseID:29 - QUERY字段：基础语义模糊匹配通过
2026-02-26 22:44:50,732 - INFO - CaseID:29 - 整体结果: PASS | 详情: 所有字段校验通过
2026-02-26 22:44:54,663 - INFO - CaseID:30 - QUERY字段：语义匹配失败，但visual_search链路意图匹配通过
2026-02-26 22:44:54,664 - INFO - CaseID:30 - 整体结果: PASS | 详情: 所有字段校验通过
2026-02-26 22:44:54,664 - INFO - CaseID:31 - 整体结果: FAILED | 详情: 模型输出核心字段全为空，判定不通过
2026-02-26 22:44:56,650 - INFO - CaseID:32 - QUERY字段：基础语义模糊匹配通过
2026-02-26 22:44:56,650 - INFO - CaseID:32 - 整体结果: PASS | 详情: 所有字段校验通过
2026-02-26 22:44:58,714 - INFO - CaseID:33 - QUERY字段：基础语义模糊匹配通过
2026-02-26 22:44:58,715 - INFO - CaseID:33 - 整体结果: PASS | 详情: 所有字段校验通过
2026-02-26 22:45:00,719 - INFO - CaseID:34 - 整体结果: FAILED | 详情: APINAME不匹配：预期[visual_search]，实际[QASearch]; CATEGORY不匹配：一方为空 - 预期[]，实际[生物]; QUERY不匹配：基础语义模糊匹配失败 - 预期[这个和中华木绣球有什么区别]，实际[中华木绣球的植物学特征]; TAG不匹配：一方为空 - 预期[]，实际[中华木绣球&植物学特征]
2026-02-26 22:45:02,854 - INFO - CaseID:35 - QUERY字段：基础语义模糊匹配通过
2026-02-26 22:45:02,854 - INFO - CaseID:35 - 整体结果: PASS | 详情: 所有字段校验通过
2026-02-26 22:45:05,273 - INFO - CaseID:36 - QUERY字段：基础语义模糊匹配通过
2026-02-26 22:45:05,274 - INFO - CaseID:36 - 整体结果: PASS | 详情: 所有字段校验通过
2026-02-26 22:45:07,215 - INFO - CaseID:37 - 整体结果: FAILED | 详情: APINAME不匹配：预期[visual_search]，实际[QASearch]; CATEGORY不匹配：一方为空 - 预期[]，实际[生物]; QUERY不匹配：基础语义模糊匹配失败 - 预期[这个是布鲁诺绿菊吗]，实际[布鲁诺绿菊的特征]; TAG不匹配：一方为空 - 预期[]，实际[布鲁诺绿菊&特征]
2026-02-26 22:45:11,195 - INFO - CaseID:38 - QUERY字段：语义匹配失败，但visual_search链路意图匹配通过
2026-02-26 22:45:11,196 - INFO - CaseID:38 - 整体结果: PASS | 详情: 所有字段校验通过
2026-02-26 22:45:13,295 - INFO - CaseID:39 - QUERY字段：基础语义模糊匹配通过
2026-02-26 22:45:13,295 - INFO - CaseID:39 - 整体结果: PASS | 详情: 所有字段校验通过
2026-02-26 22:45:15,335 - INFO - CaseID:40 - QUERY字段：基础语义模糊匹配通过
2026-02-26 22:45:15,335 - INFO - CaseID:40 - 整体结果: FAILED | 详情: APINAME不匹配：预期[visual_search]，实际[calendar]
2026-02-26 22:45:17,035 - INFO - CaseID:41 - 整体结果: FAILED | 详情: APINAME不匹配：预期[visual_search]，实际[QASearch]; CATEGORY不匹配：一方为空 - 预期[]，实际[生物]; QUERY不匹配：基础语义模糊匹配失败 - 预期[为什么树干上开花]，实际[树干上开花的植物有哪些]; TAG不匹配：一方为空 - 预期[]，实际[树干上&开花&植物]
2026-02-26 22:45:19,480 - INFO - CaseID:42 - QUERY字段：基础语义模糊匹配通过
2026-02-26 22:45:19,480 - INFO - CaseID:42 - 整体结果: PASS | 详情: 所有字段校验通过
2026-02-26 22:45:24,216 - INFO - CaseID:43 - 整体结果: FAILED | 详情: QUERY不匹配：语义和visual_search链路意图均不一致 - 预期[识别当前摄像头画面中的物体或场景]，实际[这个一般哪里有]
2026-02-26 22:45:26,149 - INFO - CaseID:44 - QUERY字段：基础语义模糊匹配通过
2026-02-26 22:45:26,150 - INFO - CaseID:44 - 整体结果: FAILED | 详情: APINAME不匹配：预期[visual_search]，实际[QASearch]; CATEGORY不匹配：一方为空 - 预期[]，实际[生物]; TAG不匹配：一方为空 - 预期[]，实际[树&主要价值&方面]
2026-02-26 22:45:28,227 - INFO - CaseID:45 - QUERY字段：基础语义模糊匹配通过
2026-02-26 22:45:28,228 - INFO - CaseID:45 - 整体结果: PASS | 详情: 所有字段校验通过
2026-02-26 22:45:32,001 - INFO - CaseID:46 - QUERY字段：语义匹配失败，但visual_search链路意图匹配通过
2026-02-26 22:45:32,001 - INFO - CaseID:46 - 整体结果: PASS | 详情: 所有字段校验通过
2026-02-26 22:45:34,013 - INFO - CaseID:47 - QUERY字段：基础语义模糊匹配通过
2026-02-26 22:45:34,014 - INFO - CaseID:47 - 整体结果: FAILED | 详情: APINAME不匹配：预期[visual_search]，实际[calendar]
2026-02-26 22:45:36,154 - INFO - CaseID:48 - 整体结果: FAILED | 详情: APINAME不匹配：预期[visual_search]，实际[QASearch]; CATEGORY不匹配：一方为空 - 预期[]，实际[生物]; QUERY不匹配：基础语义模糊匹配失败 - 预期[这棵树看上去有多少岁]，实际[通过树的外观估算年龄的方法]; TAG不匹配：一方为空 - 预期[]，实际[通过树&外观&估算年龄&方法]
2026-02-26 22:45:38,174 - INFO - CaseID:49 - 整体结果: FAILED | 详情: APINAME不匹配：预期[visual_search]，实际[QASearch]; CATEGORY不匹配：一方为空 - 预期[]，实际[生物]; QUERY不匹配：基础语义模糊匹配失败 - 预期[柳树是在什么季节拍的呢]，实际[柳树在不同季节的特征]; TAG不匹配：一方为空 - 预期[]，实际[柳树&不同季节&特征]
2026-02-26 22:45:40,585 - INFO - CaseID:50 - QUERY字段：基础语义模糊匹配通过
2026-02-26 22:45:40,586 - INFO - CaseID:50 - 整体结果: PASS | 详情: 所有字段校验通过
2026-02-26 22:45:44,988 - INFO - CaseID:51 - QUERY字段：语义匹配失败，但visual_search链路意图匹配通过
2026-02-26 22:45:44,989 - INFO - CaseID:51 - 整体结果: PASS | 详情: 所有字段校验通过
2026-02-26 22:45:46,826 - INFO - CaseID:52 - QUERY字段：基础语义模糊匹配通过
2026-02-26 22:45:46,827 - INFO - CaseID:52 - 整体结果: PASS | 详情: 所有字段校验通过
2026-02-26 22:45:48,728 - INFO - CaseID:53 - 整体结果: FAILED | 详情: APINAME不匹配：预期[visual_search]，实际[QASearch]; CATEGORY不匹配：一方为空 - 预期[]，实际[城市]; QUERY不匹配：基础语义模糊匹配失败 - 预期[这是辽宁哪里的车]，实际[辽宁车牌代码]; TAG不匹配：一方为空 - 预期[]，实际[辽宁&车牌代码]
2026-02-26 22:45:53,040 - INFO - CaseID:54 - QUERY字段：语义匹配失败，但visual_search链路意图匹配通过
2026-02-26 22:45:53,040 - INFO - CaseID:54 - 整体结果: PASS | 详情: 所有字段校验通过
2026-02-26 22:45:55,020 - INFO - CaseID:55 - QUERY字段：基础语义模糊匹配通过
2026-02-26 22:45:55,021 - INFO - CaseID:55 - 整体结果: PASS | 详情: 所有字段校验通过
2026-02-26 22:45:56,763 - INFO - CaseID:56 - QUERY字段：基础语义模糊匹配通过
2026-02-26 22:45:56,764 - INFO - CaseID:56 - 整体结果: PASS | 详情: 所有字段校验通过
2026-02-26 22:45:58,765 - INFO - CaseID:57 - 整体结果: FAILED | 详情: APINAME不匹配：预期[visual_search]，实际[QASearch]; CATEGORY不匹配：一方为空 - 预期[]，实际[国家]; QUERY不匹配：基础语义模糊匹配失败 - 预期[这个车牌照代表什么]，实际[中国车牌号码的编码规则]; TAG不匹配：一方为空 - 预期[]，实际[中国&车牌号码&编码规则]
2026-02-26 22:46:03,220 - INFO - CaseID:58 - QUERY字段：语义匹配失败，但visual_search链路意图匹配通过
2026-02-26 22:46:03,221 - INFO - CaseID:58 - 整体结果: PASS | 详情: 所有字段校验通过
2026-02-26 22:46:05,110 - INFO - CaseID:59 - QUERY字段：基础语义模糊匹配通过
2026-02-26 22:46:05,111 - INFO - CaseID:59 - 整体结果: PASS | 详情: 所有字段校验通过
2026-02-26 22:46:07,822 - INFO - CaseID:60 - QUERY字段：基础语义模糊匹配通过
2026-02-26 22:46:07,822 - INFO - CaseID:60 - 整体结果: PASS | 详情: 所有字段校验通过
2026-02-26 22:46:09,779 - INFO - CaseID:61 - QUERY字段：基础语义模糊匹配通过
2026-02-26 22:46:09,779 - INFO - CaseID:61 - 整体结果: PASS | 详情: 所有字段校验通过
2026-02-26 22:46:11,504 - INFO - CaseID:62 - QUERY字段：基础语义模糊匹配通过
2026-02-26 22:46:11,505 - INFO - CaseID:62 - 整体结果: PASS | 详情: 所有字段校验通过
2026-02-26 22:46:15,397 - INFO - CaseID:63 - QUERY字段：语义匹配失败，但visual_search链路意图匹配通过
2026-02-26 22:46:15,397 - INFO - CaseID:63 - 整体结果: PASS | 详情: 所有字段校验通过
2026-02-26 22:46:17,927 - INFO - CaseID:64 - QUERY字段：基础语义模糊匹配通过
2026-02-26 22:46:17,927 - INFO - CaseID:64 - 整体结果: PASS | 详情: 所有字段校验通过
2026-02-26 22:46:19,818 - INFO - CaseID:65 - QUERY字段：基础语义模糊匹配通过
2026-02-26 22:46:19,819 - INFO - CaseID:65 - 整体结果: PASS | 详情: 所有字段校验通过
2026-02-26 22:46:21,784 - INFO - CaseID:66 - QUERY字段：基础语义模糊匹配通过
2026-02-26 22:46:21,784 - INFO - CaseID:66 - 整体结果: PASS | 详情: 所有字段校验通过
2026-02-26 22:46:23,799 - INFO - CaseID:67 - QUERY字段：基础语义模糊匹配通过
2026-02-26 22:46:23,799 - INFO - CaseID:67 - 整体结果: PASS | 详情: 所有字段校验通过
2026-02-26 22:46:25,570 - INFO - CaseID:68 - QUERY字段：基础语义模糊匹配通过
2026-02-26 22:46:25,570 - INFO - CaseID:68 - 整体结果: PASS | 详情: 所有字段校验通过
2026-02-26 22:46:27,515 - INFO - CaseID:69 - QUERY字段：基础语义模糊匹配通过
2026-02-26 22:46:27,516 - INFO - CaseID:69 - 整体结果: PASS | 详情: 所有字段校验通过
2026-02-26 22:46:29,395 - INFO - CaseID:70 - QUERY字段：基础语义模糊匹配通过
2026-02-26 22:46:29,396 - INFO - CaseID:70 - 整体结果: PASS | 详情: 所有字段校验通过
2026-02-26 22:46:33,320 - INFO - CaseID:71 - QUERY字段：语义匹配失败，但visual_search链路意图匹配通过
2026-02-26 22:46:33,320 - INFO - CaseID:71 - 整体结果: PASS | 详情: 所有字段校验通过
2026-02-26 22:46:35,339 - INFO - CaseID:72 - QUERY字段：基础语义模糊匹配通过
2026-02-26 22:46:35,339 - INFO - CaseID:72 - 整体结果: PASS | 详情: 所有字段校验通过
2026-02-26 22:46:37,192 - INFO - CaseID:73 - QUERY字段：基础语义模糊匹配通过
2026-02-26 22:46:37,192 - INFO - CaseID:73 - 整体结果: PASS | 详情: 所有字段校验通过
2026-02-26 22:46:39,281 - INFO - CaseID:74 - QUERY字段：基础语义模糊匹配通过
2026-02-26 22:46:39,281 - INFO - CaseID:74 - 整体结果: PASS | 详情: 所有字段校验通过
2026-02-26 22:46:41,265 - INFO - CaseID:75 - QUERY字段：基础语义模糊匹配通过
2026-02-26 22:46:41,265 - INFO - CaseID:75 - 整体结果: PASS | 详情: 所有字段校验通过
2026-02-26 22:46:43,113 - INFO - CaseID:76 - QUERY字段：基础语义模糊匹配通过
2026-02-26 22:46:43,114 - INFO - CaseID:76 - 整体结果: PASS | 详情: 所有字段校验通过
