2026-02-27 07:44:48,571 - INFO - === 看世界规划对比工具（单线程稳定版）启动 ===
2026-02-27 07:44:48,759 - INFO - 成功加载飞书表格
2026-02-27 07:44:49,985 - INFO - 已读取100行数据
2026-02-27 07:44:50,492 - INFO - 表格读取完成，共读取149行有效数据
2026-02-27 07:44:51,464 - INFO - CaseID:1 - 整体结果: FAILED | 详情: APINAME不匹配：预期[visual_search]，实际[worthbuy]; CATEGORY不匹配：一方为空 - 预期[]，实际[商品推荐]; QUERY不匹配：基础语义模糊匹配失败 - 预期[她背的帆布包是什么品牌的]，实际[印有黑猫图案的帆布包品牌]; TAG不匹配：一方为空 - 预期[]，实际[印有黑猫图案&帆布包&品牌]
2026-02-27 07:44:51,464 - INFO - CaseID:2 - CATEGORY字段：标准答案含「其他问答」，模型输出任意值通过
2026-02-27 07:44:55,240 - INFO - CaseID:2 - QUERY字段：基础语义模糊匹配通过
2026-02-27 07:44:55,241 - INFO - CaseID:2 - TAG字段：有交集（{'文蛤'}），判定通过
2026-02-27 07:44:55,241 - INFO - CaseID:2 - 整体结果: PASS | 详情: 所有字段校验通过
2026-02-27 07:44:59,525 - INFO - CaseID:3 - QUERY字段：基础语义模糊匹配通过
2026-02-27 07:44:59,525 - INFO - CaseID:3 - 整体结果: PASS | 详情: 所有字段校验通过
2026-02-27 07:45:03,431 - INFO - CaseID:4 - 整体结果: FAILED | 详情: APINAME不匹配：预期[visual_search]，实际[QASearch]; CATEGORY不匹配：一方为空 - 预期[]，实际[生物]; QUERY不匹配：基础语义模糊匹配失败 - 预期[这只白色鸽子是什么品种的鸽子]，实际[白色鸽子的常见品种]; TAG不匹配：一方为空 - 预期[]，实际[白色鸽子&常见品种]
2026-02-27 07:45:03,432 - INFO - CaseID:5 - CATEGORY字段：标准答案含「其他问答」，模型输出任意值通过
2026-02-27 07:45:08,062 - INFO - CaseID:5 - QUERY字段：基础语义模糊匹配通过
2026-02-27 07:45:08,062 - INFO - CaseID:5 - TAG字段：有交集（{'大熊猫', '生物学特性'}），判定通过
2026-02-27 07:45:08,063 - INFO - CaseID:5 - 整体结果: PASS | 详情: 所有字段校验通过
2026-02-27 07:45:08,063 - INFO - CaseID:6 - CATEGORY字段：标准答案含「其他问答」，模型输出任意值通过
2026-02-27 07:45:11,930 - INFO - CaseID:6 - QUERY字段：基础语义模糊匹配通过
2026-02-27 07:45:11,930 - INFO - CaseID:6 - TAG字段：有交集（{'主要食物', '猕猴'}），判定通过
2026-02-27 07:45:11,931 - INFO - CaseID:6 - 整体结果: PASS | 详情: 所有字段校验通过
2026-02-27 07:45:16,325 - INFO - CaseID:7 - QUERY字段：基础语义模糊匹配通过
2026-02-27 07:45:16,326 - INFO - CaseID:7 - 整体结果: FAILED | 详情: APINAME不匹配：预期[visual_search]，实际[QASearch]; CATEGORY不匹配：一方为空 - 预期[]，实际[生物]; TAG不匹配：一方为空 - 预期[]，实际[猕猴&毛色]
2026-02-27 07:45:16,327 - INFO - CaseID:8 - CATEGORY字段：交集匹配（{'生物'}），判定通过
2026-02-27 07:45:20,328 - INFO - CaseID:8 - QUERY字段：基础语义模糊匹配通过
2026-02-27 07:45:20,329 - INFO - CaseID:8 - TAG字段：有交集（{'荷斯坦牛', '主要食物'}），判定通过
2026-02-27 07:45:20,329 - INFO - CaseID:8 - 整体结果: PASS | 详情: 所有字段校验通过
2026-02-27 07:45:20,329 - INFO - CaseID:9 - CATEGORY字段：标准答案含「其他问答」，模型输出任意值通过
2026-02-27 07:45:24,300 - INFO - CaseID:9 - QUERY字段：基础语义模糊匹配通过
2026-02-27 07:45:24,300 - INFO - CaseID:9 - TAG字段：有交集（{'黄牛', '最长寿命'}），判定通过
2026-02-27 07:45:24,300 - INFO - CaseID:9 - 整体结果: PASS | 详情: 所有字段校验通过
2026-02-27 07:45:24,300 - INFO - CaseID:10 - CATEGORY字段：标准答案含「其他问答」，模型输出任意值通过
2026-02-27 07:45:28,620 - INFO - CaseID:10 - 整体结果: FAILED | 详情: QUERY不匹配：基础语义模糊匹配失败 - 预期[奶牛通常生活的地区]，实际[西门塔尔牛通常生活的地区]; TAG不匹配：无交集 - 预期[奶牛&来源地]，实际[西门塔尔牛&通常生活&地区]
2026-02-27 07:45:28,621 - INFO - CaseID:11 - CATEGORY字段：标准答案含「其他问答」，模型输出任意值通过
2026-02-27 07:45:32,525 - INFO - CaseID:11 - QUERY字段：基础语义模糊匹配通过
2026-02-27 07:45:32,525 - INFO - CaseID:11 - TAG字段：有交集（{'螳螂虾'}），判定通过
2026-02-27 07:45:32,525 - INFO - CaseID:11 - 整体结果: PASS | 详情: 所有字段校验通过
2026-02-27 07:45:32,525 - INFO - CaseID:12 - CATEGORY字段：交集匹配（{'生物'}），判定通过
2026-02-27 07:45:37,154 - INFO - CaseID:12 - QUERY字段：基础语义模糊匹配通过
2026-02-27 07:45:37,154 - INFO - CaseID:12 - TAG字段：有交集（{'淡水蟹'}），判定通过
2026-02-27 07:45:37,155 - INFO - CaseID:12 - 整体结果: PASS | 详情: 所有字段校验通过
2026-02-27 07:45:37,155 - INFO - CaseID:13 - CATEGORY字段：交集匹配（{'生物'}），判定通过
2026-02-27 07:45:40,996 - INFO - CaseID:13 - QUERY字段：基础语义模糊匹配通过
2026-02-27 07:45:40,997 - INFO - CaseID:13 - TAG字段：有交集（{'中华绒螯蟹', '最简单的烹饪方法'}），判定通过
2026-02-27 07:45:40,997 - INFO - CaseID:13 - 整体结果: PASS | 详情: 所有字段校验通过
2026-02-27 07:45:40,997 - INFO - CaseID:14 - CATEGORY字段：交集匹配（{'生物'}），判定通过
2026-02-27 07:45:45,254 - INFO - CaseID:14 - QUERY字段：基础语义模糊匹配通过
2026-02-27 07:45:45,254 - INFO - CaseID:14 - TAG字段：有交集（{'生存环境', '寄居蟹'}），判定通过
2026-02-27 07:45:45,254 - INFO - CaseID:14 - 整体结果: PASS | 详情: 所有字段校验通过
2026-02-27 07:45:45,255 - INFO - CaseID:15 - CATEGORY字段：标准答案含「其他问答」，模型输出任意值通过
2026-02-27 07:45:49,142 - INFO - CaseID:15 - QUERY字段：基础语义模糊匹配通过
2026-02-27 07:45:49,143 - INFO - CaseID:15 - TAG字段：有交集（{'锦鲤', '重量'}），判定通过
2026-02-27 07:45:49,143 - INFO - CaseID:15 - 整体结果: PASS | 详情: 所有字段校验通过
2026-02-27 07:45:49,144 - INFO - CaseID:16 - CATEGORY字段：交集匹配（{'生物'}），判定通过
2026-02-27 07:45:52,715 - INFO - CaseID:16 - QUERY字段：基础语义模糊匹配通过
2026-02-27 07:45:52,715 - INFO - CaseID:16 - TAG字段：有交集（{'主要食物', '金鱼'}），判定通过
2026-02-27 07:45:52,715 - INFO - CaseID:16 - 整体结果: PASS | 详情: 所有字段校验通过
2026-02-27 07:45:52,716 - INFO - CaseID:17 - CATEGORY字段：交集匹配（{'生物'}），判定通过
2026-02-27 07:45:57,096 - INFO - CaseID:17 - QUERY字段：基础语义模糊匹配通过
2026-02-27 07:45:57,096 - INFO - CaseID:17 - TAG字段：有交集（{'国家', '骆驼', '主要分布'}），判定通过
2026-02-27 07:45:57,096 - INFO - CaseID:17 - 整体结果: PASS | 详情: 所有字段校验通过
2026-02-27 07:45:57,097 - INFO - CaseID:18 - CATEGORY字段：交集匹配（{'生物'}），判定通过
2026-02-27 07:46:01,313 - INFO - CaseID:18 - QUERY字段：基础语义模糊匹配通过
2026-02-27 07:46:01,314 - INFO - CaseID:18 - TAG字段：有交集（{'驼峰', '双峰驼', '作用'}），判定通过
2026-02-27 07:46:01,315 - INFO - CaseID:18 - 整体结果: PASS | 详情: 所有字段校验通过
2026-02-27 07:46:01,315 - INFO - CaseID:19 - CATEGORY字段：交集匹配（{'生物'}），判定通过
2026-02-27 07:46:05,158 - INFO - CaseID:19 - QUERY字段：基础语义模糊匹配通过
2026-02-27 07:46:05,158 - INFO - CaseID:19 - TAG字段：有交集（{'凤尾鱼', '名字', '来源'}），判定通过
2026-02-27 07:46:05,158 - INFO - CaseID:19 - 整体结果: PASS | 详情: 所有字段校验通过
2026-02-27 07:46:05,159 - INFO - CaseID:20 - CATEGORY字段：交集匹配（{'生物'}），判定通过
2026-02-27 07:46:09,012 - INFO - CaseID:20 - QUERY字段：基础语义模糊匹配通过
2026-02-27 07:46:09,013 - INFO - CaseID:20 - TAG字段：有交集（{'比目鱼'}），判定通过
2026-02-27 07:46:09,013 - INFO - CaseID:20 - 整体结果: PASS | 详情: 所有字段校验通过
2026-02-27 07:46:09,014 - INFO - CaseID:21 - CATEGORY字段：交集匹配（{'生物'}），判定通过
2026-02-27 07:46:13,270 - INFO - CaseID:21 - TAG字段：有交集（{'海鲈鱼'}），判定通过
2026-02-27 07:46:13,270 - INFO - CaseID:21 - 整体结果: FAILED | 详情: QUERY不匹配：基础语义模糊匹配失败 - 预期[海鲈鱼是否是肉食性动物]，实际[海鲈鱼的食性]
2026-02-27 07:46:13,270 - INFO - CaseID:22 - CATEGORY字段：标准答案含「其他问答」，模型输出任意值通过
2026-02-27 07:46:17,147 - INFO - CaseID:22 - QUERY字段：基础语义模糊匹配通过
2026-02-27 07:46:17,148 - INFO - CaseID:22 - TAG字段：有交集（{'烹饪方法', '最好吃', '鲫鱼'}），判定通过
2026-02-27 07:46:17,148 - INFO - CaseID:22 - 整体结果: PASS | 详情: 所有字段校验通过
2026-02-27 07:46:17,148 - INFO - CaseID:23 - CATEGORY字段：交集匹配（{'生物'}），判定通过
2026-02-27 07:46:20,684 - INFO - CaseID:23 - TAG字段：有交集（{'大嘴鲈鱼'}），判定通过
2026-02-27 07:46:20,684 - INFO - CaseID:23 - 整体结果: FAILED | 详情: QUERY不匹配：基础语义模糊匹配失败 - 预期[大嘴鲈鱼捕获的概率]，实际[不同季节大嘴鲈鱼捕获率]
2026-02-27 07:46:20,684 - INFO - CaseID:24 - CATEGORY字段：交集匹配（{'生物'}），判定通过
2026-02-27 07:46:24,741 - INFO - CaseID:24 - QUERY字段：基础语义模糊匹配通过
2026-02-27 07:46:24,741 - INFO - CaseID:24 - TAG字段：有交集（{'科属', '小比目鱼'}），判定通过
2026-02-27 07:46:24,742 - INFO - CaseID:24 - 整体结果: PASS | 详情: 所有字段校验通过
2026-02-27 07:46:24,742 - INFO - CaseID:25 - CATEGORY字段：交集匹配（{'生物'}），判定通过
2026-02-27 07:46:29,035 - INFO - CaseID:25 - QUERY字段：基础语义模糊匹配通过
2026-02-27 07:46:29,035 - INFO - CaseID:25 - TAG字段：有交集（{'生活习性', '鲫鱼'}），判定通过
2026-02-27 07:46:29,035 - INFO - CaseID:25 - 整体结果: PASS | 详情: 所有字段校验通过
2026-02-27 07:46:32,894 - INFO - CaseID:26 - QUERY字段：基础语义模糊匹配通过
2026-02-27 07:46:32,895 - INFO - CaseID:26 - TAG字段：有交集（{'小猪佩奇', '动画片'}），判定通过
2026-02-27 07:46:32,895 - INFO - CaseID:26 - 整体结果: FAILED | 详情: CATEGORY不匹配：无交集 - 预期[人物]，实际[影视]
2026-02-27 07:46:32,895 - INFO - CaseID:27 - APINAME字段：QASearch↔worthbuy，判定通过
2026-02-27 07:46:32,895 - INFO - CaseID:27 - CATEGORY字段：标准答案含「其他问答」，模型输出任意值通过
2026-02-27 07:46:36,826 - INFO - CaseID:27 - QUERY字段：基础语义模糊匹配通过
2026-02-27 07:46:36,826 - INFO - CaseID:27 - TAG字段：有交集（{'小猪佩奇玩偶'}），判定通过
2026-02-27 07:46:36,827 - INFO - CaseID:27 - 整体结果: PASS | 详情: 所有字段校验通过
2026-02-27 07:46:36,827 - INFO - CaseID:28 - APINAME字段：QASearch↔worthbuy，判定通过
2026-02-27 07:46:36,827 - INFO - CaseID:28 - CATEGORY字段：标准答案含「其他问答」，模型输出任意值通过
2026-02-27 07:46:40,767 - INFO - CaseID:28 - QUERY字段：基础语义模糊匹配通过
2026-02-27 07:46:40,769 - INFO - CaseID:28 - 整体结果: FAILED | 详情: TAG不匹配：无交集 - 预期[小猪佩奇&玩偶&售价]，实际[小猪佩奇玩偶&官方售价]
2026-02-27 07:46:40,770 - INFO - CaseID:29 - CATEGORY字段：交集匹配（{'影视'}），判定通过
2026-02-27 07:46:45,320 - INFO - CaseID:29 - QUERY字段：基础语义模糊匹配通过
2026-02-27 07:46:45,321 - INFO - CaseID:29 - TAG字段：有交集（{'小猪佩奇'}），判定通过
2026-02-27 07:46:45,321 - INFO - CaseID:29 - 整体结果: PASS | 详情: 所有字段校验通过
2026-02-27 07:46:45,322 - INFO - CaseID:30 - CATEGORY字段：交集匹配（{'人物'}），判定通过
2026-02-27 07:46:48,834 - INFO - CaseID:30 - QUERY字段：基础语义模糊匹配通过
2026-02-27 07:46:48,834 - INFO - CaseID:30 - TAG字段：有交集（{'最喜欢', '事情', '佩奇'}），判定通过
2026-02-27 07:46:48,835 - INFO - CaseID:30 - 整体结果: PASS | 详情: 所有字段校验通过
2026-02-27 07:46:48,835 - INFO - CaseID:31 - APINAME字段：QASearch↔worthbuy，判定通过
2026-02-27 07:46:48,835 - INFO - CaseID:31 - CATEGORY字段：标准答案含「其他问答」，模型输出任意值通过
2026-02-27 07:46:52,753 - INFO - CaseID:31 - QUERY字段：基础语义模糊匹配通过
2026-02-27 07:46:52,753 - INFO - CaseID:31 - 整体结果: FAILED | 详情: TAG不匹配：无交集 - 预期[小猪佩奇&玩偶&适合年龄]，实际[小猪佩奇玩偶&适合&年龄范围]
2026-02-27 07:46:56,688 - INFO - CaseID:32 - QUERY字段：基础语义模糊匹配通过
2026-02-27 07:46:56,689 - INFO - CaseID:32 - 整体结果: FAILED | 详情: APINAME不匹配：预期[visual_search]，实际[worthbuy]; CATEGORY不匹配：一方为空 - 预期[]，实际[商品查询-确定商品]; TAG不匹配：一方为空 - 预期[]，实际[小猪佩奇玩偶&常见材质]
2026-02-27 07:46:56,689 - INFO - CaseID:33 - CATEGORY字段：模型输出含「其他问答」，该字段通过
2026-02-27 07:47:00,681 - INFO - CaseID:33 - QUERY字段：基础语义模糊匹配通过
2026-02-27 07:47:00,682 - INFO - CaseID:33 - 整体结果: FAILED | 详情: APINAME不匹配：预期[visual_search]，实际[QASearch]; TAG不匹配：一方为空 - 预期[]，实际[猪爸&玩偶&颜色]
2026-02-27 07:47:05,047 - INFO - CaseID:34 - QUERY字段：基础语义模糊匹配通过
2026-02-27 07:47:05,047 - INFO - CaseID:34 - 整体结果: FAILED | 详情: APINAME不匹配：预期[visual_search]，实际[worthbuy]; CATEGORY不匹配：一方为空 - 预期[]，实际[商品查询-不确定商品]; TAG不匹配：一方为空 - 预期[]，实际[粉红色&卡通猪玩偶&常见尺寸]
2026-02-27 07:47:08,971 - INFO - CaseID:35 - QUERY字段：基础语义模糊匹配通过
2026-02-27 07:47:08,972 - INFO - CaseID:35 - 整体结果: FAILED | 详情: APINAME不匹配：预期[visual_search]，实际[worthbuy]; CATEGORY不匹配：一方为空 - 预期[]，实际[商品查询-不确定商品]; TAG不匹配：一方为空 - 预期[]，实际[小猪玩偶&常见材质]
2026-02-27 07:47:12,936 - INFO - CaseID:36 - QUERY字段：基础语义模糊匹配通过
2026-02-27 07:47:12,936 - INFO - CaseID:36 - 整体结果: FAILED | 详情: APINAME不匹配：预期[visual_search]，实际[QASearch]; CATEGORY不匹配：一方为空 - 预期[]，实际[影视]; TAG不匹配：一方为空 - 预期[]，实际[粉红色卡通猪玩偶&动画片&角色]
2026-02-27 07:47:16,773 - INFO - CaseID:37 - QUERY字段：基础语义模糊匹配通过
2026-02-27 07:47:16,774 - INFO - CaseID:37 - TAG字段：有交集（{'配音演员'}），判定通过
2026-02-27 07:47:16,774 - INFO - CaseID:37 - 整体结果: FAILED | 详情: CATEGORY不匹配：无交集 - 预期[人物]，实际[影视]
2026-02-27 07:47:16,774 - INFO - CaseID:38 - CATEGORY字段：标准答案含「其他问答」，模型输出任意值通过
2026-02-27 07:47:21,160 - INFO - CaseID:38 - QUERY字段：基础语义模糊匹配通过
2026-02-27 07:47:21,161 - INFO - CaseID:38 - TAG字段：有交集（{'小狗毛绒玩具', '别名', '穿着粉色衣服'}），判定通过
2026-02-27 07:47:21,161 - INFO - CaseID:38 - 整体结果: PASS | 详情: 所有字段校验通过
2026-02-27 07:47:21,161 - INFO - CaseID:39 - CATEGORY字段：交集匹配（{'人物'}），判定通过
2026-02-27 07:47:25,116 - INFO - CaseID:39 - QUERY字段：基础语义模糊匹配通过
2026-02-27 07:47:25,117 - INFO - CaseID:39 - TAG字段：有交集（{'职业', 'rubble'}），判定通过
2026-02-27 07:47:25,117 - INFO - CaseID:39 - 整体结果: PASS | 详情: 所有字段校验通过
2026-02-27 07:47:29,030 - INFO - CaseID:40 - QUERY字段：基础语义模糊匹配通过
2026-02-27 07:47:29,032 - INFO - CaseID:40 - 整体结果: FAILED | 详情: APINAME不匹配：预期[visual_search]，实际[worthbuy]; CATEGORY不匹配：一方为空 - 预期[]，实际[商品查询-确定商品]; TAG不匹配：一方为空 - 预期[]，实际[汪汪队立大功&公仔&衣服&颜色]
2026-02-27 07:47:29,032 - INFO - CaseID:41 - CATEGORY字段：模型输出含「其他问答」，该字段通过
2026-02-27 07:47:32,937 - INFO - CaseID:41 - QUERY字段：基础语义模糊匹配通过
2026-02-27 07:47:32,937 - INFO - CaseID:41 - 整体结果: FAILED | 详情: APINAME不匹配：预期[visual_search]，实际[QASearch]; TAG不匹配：一方为空 - 预期[]，实际[小砾公仔&颜色]
2026-02-27 07:47:36,922 - INFO - CaseID:42 - 整体结果: FAILED | 详情: APINAME不匹配：预期[visual_search]，实际[QASearch]; CATEGORY不匹配：一方为空 - 预期[]，实际[影视]; QUERY不匹配：基础语义模糊匹配失败 - 预期[这个玩具小狗的材质是什么]，实际[汪汪队立大功玩具小狗的材质]; TAG不匹配：一方为空 - 预期[]，实际[汪汪队立大功&玩具小狗&材质]
2026-02-27 07:47:40,818 - INFO - CaseID:43 - QUERY字段：基础语义模糊匹配通过
2026-02-27 07:47:40,819 - INFO - CaseID:43 - 整体结果: FAILED | 详情: APINAME不匹配：预期[visual_search]，实际[QASearch]; CATEGORY不匹配：一方为空 - 预期[]，实际[影视]; TAG不匹配：一方为空 - 预期[]，实际[汪汪队立大功&消防员制服&小狗角色]
2026-02-27 07:47:40,819 - INFO - CaseID:44 - CATEGORY字段：交集匹配（{'影视'}），判定通过
2026-02-27 07:47:44,567 - INFO - CaseID:44 - TAG字段：有交集（{'时效性', '汪汪队立大功'}），判定通过
2026-02-27 07:47:44,568 - INFO - CaseID:44 - 整体结果: FAILED | 详情: QUERY不匹配：基础语义模糊匹配失败 - 预期[汪汪队立大功目前出到第几季了]，实际[汪汪队立大功截至2026年的最新季数]
2026-02-27 07:47:44,568 - INFO - CaseID:45 - CATEGORY字段：交集匹配（{'商品查询-不确定商品'}），判定通过
2026-02-27 07:47:48,903 - INFO - CaseID:45 - QUERY字段：基础语义模糊匹配通过
2026-02-27 07:47:48,904 - INFO - CaseID:45 - TAG字段：有交集（{'汪汪队立大功', '毛绒玩具'}），判定通过
2026-02-27 07:47:48,904 - INFO - CaseID:45 - 整体结果: PASS | 详情: 所有字段校验通过
2026-02-27 07:47:52,773 - INFO - CaseID:46 - 整体结果: FAILED | 详情: APINAME不匹配：预期[visual_search]，实际[worthbuy]; CATEGORY不匹配：一方为空 - 预期[]，实际[商品查询-不确定商品]; QUERY不匹配：基础语义模糊匹配失败 - 预期[这个公仔穿着什么制服]，实际[汪汪队立大功公仔的制服]; TAG不匹配：一方为空 - 预期[]，实际[汪汪队立大功&公仔&制服]
2026-02-27 07:47:58,235 - INFO - CaseID:47 - QUERY字段：基础语义模糊匹配通过
2026-02-27 07:47:58,237 - INFO - CaseID:47 - TAG字段：有交集（{'车辆编号', 'rocky'}），判定通过
2026-02-27 07:47:58,237 - INFO - CaseID:47 - 整体结果: FAILED | 详情: CATEGORY不匹配：无交集 - 预期[人物]，实际[影视]
2026-02-27 07:47:58,237 - INFO - CaseID:48 - CATEGORY字段：标准答案含「其他问答」，模型输出任意值通过
2026-02-27 07:48:02,300 - INFO - CaseID:48 - QUERY字段：基础语义模糊匹配通过
2026-02-27 07:48:02,300 - INFO - CaseID:48 - TAG字段：有交集（{'受众年龄', '汪汪队立大功'}），判定通过
2026-02-27 07:48:02,301 - INFO - CaseID:48 - 整体结果: PASS | 详情: 所有字段校验通过
2026-02-27 07:48:02,301 - INFO - CaseID:49 - APINAME字段：QASearch↔worthbuy，判定通过
2026-02-27 07:48:02,301 - INFO - CaseID:49 - CATEGORY字段：标准答案含「其他问答」，模型输出任意值通过
2026-02-27 07:48:06,244 - INFO - CaseID:49 - QUERY字段：基础语义模糊匹配通过
2026-02-27 07:48:06,245 - INFO - CaseID:49 - TAG字段：有交集（{'灰灰公仔', '购买地点'}），判定通过
2026-02-27 07:48:06,245 - INFO - CaseID:49 - 整体结果: PASS | 详情: 所有字段校验通过
2026-02-27 07:48:10,243 - INFO - CaseID:50 - QUERY字段：基础语义模糊匹配通过
2026-02-27 07:48:10,244 - INFO - CaseID:50 - 整体结果: FAILED | 详情: APINAME不匹配：预期[visual_search]，实际[AUTOSearch]; CATEGORY不匹配：一方为空 - 预期[]，实际[汽车]; TAG不匹配：一方为空 - 预期[]，实际[白色无线耳机充电盒&品牌]
2026-02-27 07:48:10,244 - INFO - CaseID:51 - CATEGORY字段：标准答案含「其他问答」，模型输出任意值通过
2026-02-27 07:48:13,739 - INFO - CaseID:51 - TAG字段：有交集（{'入耳式耳机'}），判定通过
2026-02-27 07:48:13,739 - INFO - CaseID:51 - 整体结果: FAILED | 详情: QUERY不匹配：基础语义模糊匹配失败 - 预期[入耳式耳机的功能]，实际[入耳式耳机的常见功能]
2026-02-27 07:48:13,740 - INFO - CaseID:52 - CATEGORY字段：标准答案含「其他问答」，模型输出任意值通过
2026-02-27 07:48:17,998 - INFO - CaseID:52 - QUERY字段：基础语义模糊匹配通过
2026-02-27 07:48:17,998 - INFO - CaseID:52 - TAG字段：有交集（{'入耳式耳机', '长时间佩戴'}），判定通过
2026-02-27 07:48:17,998 - INFO - CaseID:52 - 整体结果: PASS | 详情: 所有字段校验通过
2026-02-27 07:48:22,822 - INFO - CaseID:53 - QUERY字段：基础语义模糊匹配通过
2026-02-27 07:48:22,823 - INFO - CaseID:53 - 整体结果: PASS | 详情: 所有字段校验通过
2026-02-27 07:48:22,823 - INFO - CaseID:54 - APINAME字段：QASearch↔worthbuy，判定通过
2026-02-27 07:48:22,824 - INFO - CaseID:54 - CATEGORY字段：标准答案含「其他问答」，模型输出任意值通过
2026-02-27 07:48:26,681 - INFO - CaseID:54 - TAG字段：有交集（{'好处'}），判定通过
2026-02-27 07:48:26,681 - INFO - CaseID:54 - 整体结果: FAILED | 详情: QUERY不匹配：基础语义模糊匹配失败 - 预期[无线耳机的好处]，实际[华为无线耳机的好处]
2026-02-27 07:48:30,591 - INFO - CaseID:55 - QUERY字段：基础语义模糊匹配通过
2026-02-27 07:48:30,592 - INFO - CaseID:55 - 整体结果: PASS | 详情: 所有字段校验通过
2026-02-27 07:48:34,541 - INFO - CaseID:56 - QUERY字段：基础语义模糊匹配通过
2026-02-27 07:48:34,542 - INFO - CaseID:56 - 整体结果: FAILED | 详情: APINAME不匹配：预期[visual_search]，实际[AUTOSearch]; CATEGORY不匹配：一方为空 - 预期[]，实际[汽车]; TAG不匹配：一方为空 - 预期[]，实际[空调遥控器&空调品牌]
2026-02-27 07:48:34,542 - INFO - CaseID:57 - CATEGORY字段：标准答案含「其他问答」，模型输出任意值通过
2026-02-27 07:48:38,460 - INFO - CaseID:57 - QUERY字段：基础语义模糊匹配通过
2026-02-27 07:48:38,461 - INFO - CaseID:57 - TAG字段：有交集（{'遥控器'}），判定通过
2026-02-27 07:48:38,461 - INFO - CaseID:57 - 整体结果: FAILED | 详情: APINAME不匹配：预期[QASearch]，实际[AUTOSearch]
2026-02-27 07:48:38,461 - INFO - CaseID:58 - CATEGORY字段：标准答案含「其他问答」，模型输出任意值通过
2026-02-27 07:48:42,154 - INFO - CaseID:58 - QUERY字段：基础语义模糊匹配通过
2026-02-27 07:48:42,154 - INFO - CaseID:58 - TAG字段：有交集（{'遥控器'}），判定通过
2026-02-27 07:48:42,154 - INFO - CaseID:58 - 整体结果: FAILED | 详情: APINAME不匹配：预期[QASearch]，实际[AUTOSearch]
2026-02-27 07:48:46,564 - INFO - CaseID:59 - QUERY字段：基础语义模糊匹配通过
2026-02-27 07:48:46,565 - INFO - CaseID:59 - 整体结果: PASS | 详情: 所有字段校验通过
2026-02-27 07:48:46,566 - INFO - CaseID:60 - CATEGORY字段：标准答案含「其他问答」，模型输出任意值通过
2026-02-27 07:48:50,978 - INFO - CaseID:60 - QUERY字段：基础语义模糊匹配通过
2026-02-27 07:48:50,979 - INFO - CaseID:60 - TAG字段：有交集（{'空调遥控器'}），判定通过
2026-02-27 07:48:50,979 - INFO - CaseID:60 - 整体结果: FAILED | 详情: APINAME不匹配：预期[QASearch]，实际[AUTOSearch]
2026-02-27 07:48:56,826 - INFO - CaseID:61 - QUERY字段：基础语义模糊匹配通过
2026-02-27 07:48:56,827 - INFO - CaseID:61 - 整体结果: PASS | 详情: 所有字段校验通过
2026-02-27 07:49:00,721 - INFO - CaseID:62 - QUERY字段：基础语义模糊匹配通过
2026-02-27 07:49:00,721 - INFO - CaseID:62 - 整体结果: PASS | 详情: 所有字段校验通过
2026-02-27 07:49:00,721 - INFO - CaseID:63 - CATEGORY字段：标准答案含「其他问答」，模型输出任意值通过
2026-02-27 07:49:04,382 - INFO - CaseID:63 - QUERY字段：基础语义模糊匹配通过
2026-02-27 07:49:04,382 - INFO - CaseID:63 - TAG字段：有交集（{'工作原理', '麦克风'}），判定通过
2026-02-27 07:49:04,382 - INFO - CaseID:63 - 整体结果: FAILED | 详情: APINAME不匹配：预期[QASearch]，实际[AUTOSearch]
2026-02-27 07:49:04,383 - INFO - CaseID:64 - APINAME字段：QASearch↔worthbuy，判定通过
2026-02-27 07:49:04,383 - INFO - CaseID:64 - CATEGORY字段：标准答案含「其他问答」，模型输出任意值通过
2026-02-27 07:49:08,289 - INFO - CaseID:64 - TAG字段：有交集（{'麦克风'}），判定通过
2026-02-27 07:49:08,290 - INFO - CaseID:64 - 整体结果: FAILED | 详情: QUERY不匹配：基础语义模糊匹配失败 - 预期[麦克风的售价是多少]，实际[常见麦克风的市场价格范围]
2026-02-27 07:49:08,290 - INFO - CaseID:65 - CATEGORY字段：标准答案含「其他问答」，模型输出任意值通过
2026-02-27 07:49:11,971 - INFO - CaseID:65 - QUERY字段：基础语义模糊匹配通过
2026-02-27 07:49:11,972 - INFO - CaseID:65 - TAG字段：有交集（{'女生'}），判定通过
2026-02-27 07:49:11,972 - INFO - CaseID:65 - 整体结果: PASS | 详情: 所有字段校验通过
2026-02-27 07:49:16,107 - INFO - CaseID:66 - QUERY字段：基础语义模糊匹配通过
2026-02-27 07:49:16,108 - INFO - CaseID:66 - 整体结果: PASS | 详情: 所有字段校验通过
2026-02-27 07:49:19,933 - INFO - CaseID:67 - 整体结果: FAILED | 详情: APINAME不匹配：预期[visual_search]，实际[worthbuy]; CATEGORY不匹配：一方为空 - 预期[]，实际[商品推荐]; QUERY不匹配：基础语义模糊匹配失败 - 预期[这个紫色的发夹是什么图案的]，实际[紫色发夹常见的图案类型]; TAG不匹配：一方为空 - 预期[]，实际[紫色发夹&常见&图案类型]
2026-02-27 07:49:19,934 - INFO - CaseID:68 - APINAME字段：QASearch↔worthbuy，判定通过
2026-02-27 07:49:19,934 - INFO - CaseID:68 - CATEGORY字段：标准答案含「其他问答」，模型输出任意值通过
2026-02-27 07:49:25,066 - INFO - CaseID:68 - TAG字段：有交集（{'墨镜'}），判定通过
2026-02-27 07:49:25,067 - INFO - CaseID:68 - 整体结果: FAILED | 详情: QUERY不匹配：基础语义模糊匹配失败 - 预期[墨镜的遮光效果如何]，实际[常见墨镜的遮光等级分类]
2026-02-27 07:49:25,067 - INFO - CaseID:69 - CATEGORY字段：交集匹配（{'商品查询-确定商品'}），判定通过
2026-02-27 07:49:28,966 - INFO - CaseID:69 - QUERY字段：基础语义模糊匹配通过
2026-02-27 07:49:28,967 - INFO - CaseID:69 - TAG字段：有交集（{'牛仔布拉链袋'}），判定通过
2026-02-27 07:49:28,967 - INFO - CaseID:69 - 整体结果: PASS | 详情: 所有字段校验通过
2026-02-27 07:49:32,909 - INFO - CaseID:70 - 整体结果: FAILED | 详情: APINAME不匹配：预期[visual_search]，实际[worthbuy]; CATEGORY不匹配：一方为空 - 预期[]，实际[商品查询-确定商品]; QUERY不匹配：基础语义模糊匹配失败 - 预期[这个腰果零食是什么品牌的]，实际[紫皮腰果零食的品牌是什么]; TAG不匹配：一方为空 - 预期[]，实际[紫皮腰果零食&品牌]
2026-02-27 07:49:32,909 - INFO - CaseID:71 - APINAME字段：QASearch↔worthbuy，判定通过
2026-02-27 07:49:32,910 - INFO - CaseID:71 - CATEGORY字段：标准答案含「其他问答」，模型输出任意值通过
2026-02-27 07:49:37,294 - INFO - CaseID:71 - QUERY字段：基础语义模糊匹配通过
2026-02-27 07:49:37,294 - INFO - CaseID:71 - 整体结果: FAILED | 详情: TAG不匹配：无交集 - 预期[混合坚果&品牌]，实际[罐装混合坚果&常见品牌]
2026-02-27 07:49:37,294 - INFO - CaseID:72 - CATEGORY字段：交集匹配（{'生物'}），判定通过
2026-02-27 07:49:41,247 - INFO - CaseID:72 - QUERY字段：基础语义模糊匹配通过
2026-02-27 07:49:41,248 - INFO - CaseID:72 - TAG字段：有交集（{'腰果', '生长环境'}），判定通过
2026-02-27 07:49:41,248 - INFO - CaseID:72 - 整体结果: PASS | 详情: 所有字段校验通过
2026-02-27 07:49:41,248 - INFO - CaseID:73 - CATEGORY字段：交集匹配（{'健康'}），判定通过
2026-02-27 07:49:45,131 - INFO - CaseID:73 - QUERY字段：基础语义模糊匹配通过
2026-02-27 07:49:45,132 - INFO - CaseID:73 - TAG字段：有交集（{'腰果', '营养价值'}），判定通过
2026-02-27 07:49:45,132 - INFO - CaseID:73 - 整体结果: PASS | 详情: 所有字段校验通过
2026-02-27 07:49:45,132 - INFO - CaseID:74 - CATEGORY字段：标准答案含「其他问答」，模型输出任意值通过
2026-02-27 07:49:48,989 - INFO - CaseID:74 - QUERY字段：基础语义模糊匹配通过
2026-02-27 07:49:48,989 - INFO - CaseID:74 - TAG字段：有交集（{'琦王花生', '口感'}），判定通过
2026-02-27 07:49:48,989 - INFO - CaseID:74 - 整体结果: PASS | 详情: 所有字段校验通过
2026-02-27 07:49:52,899 - INFO - CaseID:75 - 整体结果: FAILED | 详情: APINAME不匹配：预期[visual_search]，实际[AUTOSearch]; CATEGORY不匹配：一方为空 - 预期[]，实际[汽车]; QUERY不匹配：基础语义模糊匹配失败 - 预期[这杯星巴克的饮料是中杯的还是大杯的]，实际[星巴克中杯的容量标准]; TAG不匹配：一方为空 - 预期[]，实际[星巴克中杯&容量标准]
2026-02-27 07:49:52,900 - INFO - CaseID:76 - CATEGORY字段：标准答案含「其他问答」，模型输出任意值通过
2026-02-27 07:49:57,101 - INFO - CaseID:76 - TAG字段：有交集（{'星巴克'}），判定通过
2026-02-27 07:49:57,102 - INFO - CaseID:76 - 整体结果: FAILED | 详情: QUERY不匹配：基础语义模糊匹配失败 - 预期[星巴克的热饮推荐]，实际[星巴克2026年冬季热饮推荐]
2026-02-27 07:50:00,711 - INFO - CaseID:77 - QUERY字段：基础语义模糊匹配通过
2026-02-27 07:50:00,712 - INFO - CaseID:77 - 整体结果: PASS | 详情: 所有字段校验通过
2026-02-27 07:50:00,712 - INFO - CaseID:78 - CATEGORY字段：模型输出含「其他问答」，该字段通过
2026-02-27 07:50:04,638 - INFO - CaseID:78 - QUERY字段：基础语义模糊匹配通过
2026-02-27 07:50:04,638 - INFO - CaseID:78 - 整体结果: FAILED | 详情: APINAME不匹配：预期[visual_search]，实际[QASearch]; TAG不匹配：一方为空 - 预期[]，实际[星巴克&常见饮料&杯壁颜色]
2026-02-27 07:50:08,262 - INFO - CaseID:79 - QUERY字段：基础语义模糊匹配通过
2026-02-27 07:50:08,263 - INFO - CaseID:79 - 整体结果: FAILED | 详情: APINAME不匹配：预期[visual_search]，实际[worthbuy]; CATEGORY不匹配：一方为空 - 预期[]，实际[商品查询-确定商品]; TAG不匹配：一方为空 - 预期[]，实际[竹香乌龙茶饮料&品牌]
2026-02-27 07:50:08,263 - INFO - CaseID:80 - CATEGORY字段：模型输出含「其他问答」，该字段通过
2026-02-27 07:50:12,682 - INFO - CaseID:80 - 整体结果: FAILED | 详情: APINAME不匹配：预期[visual_search]，实际[QASearch]; QUERY不匹配：基础语义模糊匹配失败 - 预期[这杯竹香乌龙茶的售价是多少]，实际[竹香乌龙茶在不同销售渠道的当前售价]; TAG不匹配：一方为空 - 预期[]，实际[竹香乌龙茶&不同销售渠道&当前售价]
2026-02-27 07:50:12,682 - INFO - CaseID:81 - CATEGORY字段：交集匹配（{'健康'}），判定通过
2026-02-27 07:50:17,598 - INFO - CaseID:81 - 整体结果: FAILED | 详情: QUERY不匹配：基础语义模糊匹配失败 - 预期[竹叶青的原料]，实际[竹叶青饮料的原料成分]; TAG不匹配：无交集 - 预期[竹叶青&原料]，实际[竹叶青饮料&原料成分]
2026-02-27 07:50:21,488 - INFO - CaseID:82 - 整体结果: FAILED | 详情: APINAME不匹配：预期[visual_search]，实际[worthbuy]; CATEGORY不匹配：一方为空 - 预期[]，实际[商品查询-不确定商品]; QUERY不匹配：基础语义模糊匹配失败 - 预期[这盒牛奶饮品的容量是多少？]，实际[盒装牛奶饮品的常见容量规格]; TAG不匹配：一方为空 - 预期[]，实际[盒装牛奶饮品&常见容量规格]
2026-02-27 07:50:25,483 - INFO - CaseID:83 - 整体结果: FAILED | 详情: APINAME不匹配：预期[visual_search]，实际[worthbuy]; CATEGORY不匹配：一方为空 - 预期[]，实际[商品推荐]; QUERY不匹配：基础语义模糊匹配失败 - 预期[这个牛奶包装盒上面有什么图案]，实际[常见牛奶包装盒上的图案类型]; TAG不匹配：一方为空 - 预期[]，实际[常见&牛奶包装盒&图案类型]
2026-02-27 07:50:25,484 - INFO - CaseID:84 - CATEGORY字段：标准答案含「其他问答」，模型输出任意值通过
2026-02-27 07:50:29,475 - INFO - CaseID:84 - QUERY字段：基础语义模糊匹配通过
2026-02-27 07:50:29,476 - INFO - CaseID:84 - TAG字段：有交集（{'绿茶饮品', '营养价值'}），判定通过
2026-02-27 07:50:29,476 - INFO - CaseID:84 - 整体结果: PASS | 详情: 所有字段校验通过
2026-02-27 07:50:29,476 - INFO - CaseID:85 - CATEGORY字段：模型输出含「其他问答」，该字段通过
2026-02-27 07:50:33,470 - INFO - CaseID:85 - 整体结果: FAILED | 详情: APINAME不匹配：预期[visual_search]，实际[QASearch]; QUERY不匹配：基础语义模糊匹配失败 - 预期[这盒牛奶的品牌是什么？]，实际[牛奶包装上的品牌名称]; TAG不匹配：一方为空 - 预期[]，实际[牛奶&包装&品牌名称]
2026-02-27 07:50:33,471 - INFO - CaseID:86 - CATEGORY字段：交集匹配（{'生物'}），判定通过
2026-02-27 07:50:37,163 - INFO - CaseID:86 - QUERY字段：基础语义模糊匹配通过
2026-02-27 07:50:37,163 - INFO - CaseID:86 - TAG字段：有交集（{'生活习性', '布偶猫'}），判定通过
2026-02-27 07:50:37,164 - INFO - CaseID:86 - 整体结果: PASS | 详情: 所有字段校验通过
2026-02-27 07:50:37,164 - INFO - CaseID:87 - CATEGORY字段：交集匹配（{'生物'}），判定通过
2026-02-27 07:50:41,447 - INFO - CaseID:87 - QUERY字段：基础语义模糊匹配通过
2026-02-27 07:50:41,447 - INFO - CaseID:87 - TAG字段：有交集（{'生活习性', '喜马拉雅猫'}），判定通过
2026-02-27 07:50:41,447 - INFO - CaseID:87 - 整体结果: PASS | 详情: 所有字段校验通过
2026-02-27 07:50:41,448 - INFO - CaseID:88 - CATEGORY字段：标准答案含「其他问答」，模型输出任意值通过
2026-02-27 07:50:45,346 - INFO - CaseID:88 - QUERY字段：基础语义模糊匹配通过
2026-02-27 07:50:45,346 - INFO - CaseID:88 - TAG字段：有交集（{'布偶猫'}），判定通过
2026-02-27 07:50:45,346 - INFO - CaseID:88 - 整体结果: PASS | 详情: 所有字段校验通过
2026-02-27 07:50:45,347 - INFO - CaseID:89 - APINAME字段：QASearch↔worthbuy，判定通过
2026-02-27 07:50:45,347 - INFO - CaseID:89 - CATEGORY字段：标准答案含「其他问答」，模型输出任意值通过
2026-02-27 07:50:50,067 - INFO - CaseID:89 - TAG字段：有交集（{'布偶猫'}），判定通过
2026-02-27 07:50:50,067 - INFO - CaseID:89 - 整体结果: FAILED | 详情: QUERY不匹配：基础语义模糊匹配失败 - 预期[布偶猫的价格]，实际[布偶猫的价格范围]
2026-02-27 07:50:50,068 - INFO - CaseID:90 - CATEGORY字段：交集匹配（{'生物'}），判定通过
2026-02-27 07:50:53,944 - INFO - CaseID:90 - QUERY字段：基础语义模糊匹配通过
2026-02-27 07:50:53,944 - INFO - CaseID:90 - TAG字段：有交集（{'土耳其安哥拉猫'}），判定通过
2026-02-27 07:50:53,945 - INFO - CaseID:90 - 整体结果: PASS | 详情: 所有字段校验通过
2026-02-27 07:50:53,945 - INFO - CaseID:91 - CATEGORY字段：交集匹配（{'生物'}），判定通过
2026-02-27 07:50:57,465 - INFO - CaseID:91 - TAG字段：有交集（{'波斯猫'}），判定通过
2026-02-27 07:50:57,465 - INFO - CaseID:91 - 整体结果: FAILED | 详情: QUERY不匹配：基础语义模糊匹配失败 - 预期[波斯猫是一种什么动物]，实际[波斯猫的动物学分类]
2026-02-27 07:50:57,466 - INFO - CaseID:92 - CATEGORY字段：标准答案含「其他问答」，模型输出任意值通过
2026-02-27 07:51:01,370 - INFO - CaseID:92 - QUERY字段：基础语义模糊匹配通过
2026-02-27 07:51:01,370 - INFO - CaseID:92 - TAG字段：有交集（{'眼睛', '波斯猫', '颜色'}），判定通过
2026-02-27 07:51:01,371 - INFO - CaseID:92 - 整体结果: PASS | 详情: 所有字段校验通过
2026-02-27 07:51:05,010 - INFO - CaseID:93 - QUERY字段：基础语义模糊匹配通过
2026-02-27 07:51:05,011 - INFO - CaseID:93 - 整体结果: FAILED | 详情: APINAME不匹配：预期[visual_search]，实际[QASearch]; CATEGORY不匹配：一方为空 - 预期[]，实际[生物]; TAG不匹配：一方为空 - 预期[]，实际[白色长毛猫&常见&眼睛颜色]
2026-02-27 07:51:05,011 - INFO - CaseID:94 - CATEGORY字段：标准答案含「其他问答」，模型输出任意值通过
2026-02-27 07:51:08,873 - INFO - CaseID:94 - QUERY字段：基础语义模糊匹配通过
2026-02-27 07:51:08,873 - INFO - CaseID:94 - TAG字段：有交集（{'波斯猫'}），判定通过
2026-02-27 07:51:08,873 - INFO - CaseID:94 - 整体结果: PASS | 详情: 所有字段校验通过
2026-02-27 07:51:08,874 - INFO - CaseID:95 - CATEGORY字段：标准答案含「其他问答」，模型输出任意值通过
2026-02-27 07:51:12,792 - INFO - CaseID:95 - QUERY字段：基础语义模糊匹配通过
2026-02-27 07:51:12,793 - INFO - CaseID:95 - 整体结果: FAILED | 详情: TAG不匹配：无交集 - 预期[黄色&玫瑰花&培育&特点]，实际[黄色玫瑰花&培育要点]
2026-02-27 07:51:12,793 - INFO - CaseID:96 - CATEGORY字段：交集匹配（{'生物'}），判定通过
2026-02-27 07:51:17,400 - INFO - CaseID:96 - TAG字段：有交集（{'科属'}），判定通过
2026-02-27 07:51:17,400 - INFO - CaseID:96 - 整体结果: FAILED | 详情: QUERY不匹配：基础语义模糊匹配失败 - 预期[黄色月季花的科属]，实际[月季花的科属]
2026-02-27 07:51:17,401 - INFO - CaseID:97 - CATEGORY字段：交集匹配（{'生物'}），判定通过
2026-02-27 07:51:21,387 - INFO - CaseID:97 - QUERY字段：基础语义模糊匹配通过
2026-02-27 07:51:21,387 - INFO - CaseID:97 - TAG字段：有交集（{'花语', '玫瑰花'}），判定通过
2026-02-27 07:51:21,387 - INFO - CaseID:97 - 整体结果: PASS | 详情: 所有字段校验通过
2026-02-27 07:51:24,898 - INFO - CaseID:98 - QUERY字段：基础语义模糊匹配通过
2026-02-27 07:51:24,899 - INFO - CaseID:98 - TAG字段：有交集（{'有毒', '葡萄藤'}），判定通过
2026-02-27 07:51:24,899 - INFO - CaseID:98 - 整体结果: FAILED | 详情: CATEGORY不匹配：无交集 - 预期[生物]，实际[健康]
2026-02-27 07:51:24,899 - INFO - CaseID:99 - CATEGORY字段：交集匹配（{'生物'}），判定通过
2026-02-27 07:51:28,835 - INFO - CaseID:99 - QUERY字段：基础语义模糊匹配通过
2026-02-27 07:51:28,835 - INFO - CaseID:99 - TAG字段：有交集（{'气候条件', '适宜生长', '木芙蓉'}），判定通过
2026-02-27 07:51:28,836 - INFO - CaseID:99 - 整体结果: PASS | 详情: 所有字段校验通过
2026-02-27 07:51:28,836 - INFO - CaseID:100 - CATEGORY字段：交集匹配（{'生物'}），判定通过
2026-02-27 07:51:32,549 - INFO - CaseID:100 - QUERY字段：基础语义模糊匹配通过
2026-02-27 07:51:32,550 - INFO - CaseID:100 - TAG字段：有交集（{'木芙蓉'}），判定通过
2026-02-27 07:51:32,550 - INFO - CaseID:100 - 整体结果: PASS | 详情: 所有字段校验通过
2026-02-27 07:51:32,550 - INFO - CaseID:101 - CATEGORY字段：交集匹配（{'生物'}），判定通过
2026-02-27 07:51:37,766 - INFO - CaseID:101 - QUERY字段：基础语义模糊匹配通过
2026-02-27 07:51:37,767 - INFO - CaseID:101 - TAG字段：有交集（{'柚子树'}），判定通过
2026-02-27 07:51:37,767 - INFO - CaseID:101 - 整体结果: PASS | 详情: 所有字段校验通过
2026-02-27 07:51:37,767 - INFO - CaseID:102 - CATEGORY字段：交集匹配（{'健康'}），判定通过
2026-02-27 07:51:41,732 - INFO - CaseID:102 - QUERY字段：基础语义模糊匹配通过
2026-02-27 07:51:41,732 - INFO - CaseID:102 - TAG字段：有交集（{'医学作用', '柚子'}），判定通过
2026-02-27 07:51:41,732 - INFO - CaseID:102 - 整体结果: PASS | 详情: 所有字段校验通过
2026-02-27 07:51:41,733 - INFO - CaseID:103 - CATEGORY字段：标准答案含「其他问答」，模型输出任意值通过
2026-02-27 07:51:46,367 - INFO - CaseID:103 - QUERY字段：基础语义模糊匹配通过
2026-02-27 07:51:46,367 - INFO - CaseID:103 - TAG字段：有交集（{'开花'}），判定通过
2026-02-27 07:51:46,367 - INFO - CaseID:103 - 整体结果: PASS | 详情: 所有字段校验通过
2026-02-27 07:51:46,368 - INFO - CaseID:104 - CATEGORY字段：交集匹配（{'生物'}），判定通过
2026-02-27 07:51:50,229 - INFO - CaseID:104 - QUERY字段：基础语义模糊匹配通过
2026-02-27 07:51:50,229 - INFO - CaseID:104 - TAG字段：有交集（{'郁金香'}），判定通过
2026-02-27 07:51:50,229 - INFO - CaseID:104 - 整体结果: PASS | 详情: 所有字段校验通过
2026-02-27 07:51:50,230 - INFO - CaseID:105 - CATEGORY字段：交集匹配（{'生物'}），判定通过
2026-02-27 07:51:53,782 - INFO - CaseID:105 - QUERY字段：基础语义模糊匹配通过
2026-02-27 07:51:53,782 - INFO - CaseID:105 - TAG字段：有交集（{'别名', '水仙百合'}），判定通过
2026-02-27 07:51:53,782 - INFO - CaseID:105 - 整体结果: PASS | 详情: 所有字段校验通过
2026-02-27 07:51:53,783 - INFO - CaseID:106 - CATEGORY字段：交集匹配（{'生物'}），判定通过
2026-02-27 07:51:57,741 - INFO - CaseID:106 - QUERY字段：基础语义模糊匹配通过
2026-02-27 07:51:57,741 - INFO - CaseID:106 - TAG字段：有交集（{'落羽杉'}），判定通过
2026-02-27 07:51:57,742 - INFO - CaseID:106 - 整体结果: PASS | 详情: 所有字段校验通过
2026-02-27 07:51:57,742 - INFO - CaseID:107 - CATEGORY字段：交集匹配（{'生物'}），判定通过
2026-02-27 07:52:01,535 - INFO - CaseID:107 - QUERY字段：基础语义模糊匹配通过
2026-02-27 07:52:01,536 - INFO - CaseID:107 - TAG字段：有交集（{'水杉'}），判定通过
2026-02-27 07:52:01,536 - INFO - CaseID:107 - 整体结果: PASS | 详情: 所有字段校验通过
2026-02-27 07:52:01,536 - INFO - CaseID:108 - CATEGORY字段：交集匹配（{'生物'}），判定通过
2026-02-27 07:52:05,425 - INFO - CaseID:108 - QUERY字段：基础语义模糊匹配通过
2026-02-27 07:52:05,426 - INFO - CaseID:108 - TAG字段：有交集（{'水杉'}），判定通过
2026-02-27 07:52:05,426 - INFO - CaseID:108 - 整体结果: PASS | 详情: 所有字段校验通过
2026-02-27 07:52:05,427 - INFO - CaseID:109 - CATEGORY字段：交集匹配（{'生物'}），判定通过
2026-02-27 07:52:09,317 - INFO - CaseID:109 - QUERY字段：基础语义模糊匹配通过
2026-02-27 07:52:09,317 - INFO - CaseID:109 - TAG字段：有交集（{'雏菊', '颜色'}），判定通过
2026-02-27 07:52:09,317 - INFO - CaseID:109 - 整体结果: PASS | 详情: 所有字段校验通过
2026-02-27 07:52:13,208 - INFO - CaseID:110 - QUERY字段：基础语义模糊匹配通过
2026-02-27 07:52:13,209 - INFO - CaseID:110 - TAG字段：有交集（{'功效', '洋甘菊'}），判定通过
2026-02-27 07:52:13,209 - INFO - CaseID:110 - 整体结果: FAILED | 详情: CATEGORY不匹配：无交集 - 预期[生物]，实际[健康]
2026-02-27 07:52:17,129 - INFO - CaseID:111 - QUERY字段：基础语义模糊匹配通过
2026-02-27 07:52:17,129 - INFO - CaseID:111 - TAG字段：有交集（{'海棠树', '中药药材', '果实'}），判定通过
2026-02-27 07:52:17,130 - INFO - CaseID:111 - 整体结果: FAILED | 详情: CATEGORY不匹配：无交集 - 预期[生物]，实际[健康]
2026-02-27 07:52:17,130 - INFO - CaseID:112 - CATEGORY字段：交集匹配（{'生物'}），判定通过
2026-02-27 07:52:21,095 - INFO - CaseID:112 - QUERY字段：基础语义模糊匹配通过
2026-02-27 07:52:21,096 - INFO - CaseID:112 - TAG字段：有交集（{'海棠树', '土壤类型', '适宜生长'}），判定通过
2026-02-27 07:52:21,096 - INFO - CaseID:112 - 整体结果: PASS | 详情: 所有字段校验通过
2026-02-27 07:52:21,097 - INFO - CaseID:113 - CATEGORY字段：交集匹配（{'生物'}），判定通过
2026-02-27 07:52:25,087 - INFO - CaseID:113 - QUERY字段：基础语义模糊匹配通过
2026-02-27 07:52:25,088 - INFO - CaseID:113 - TAG字段：有交集（{'海棠树', '拉丁学名'}），判定通过
2026-02-27 07:52:25,088 - INFO - CaseID:113 - 整体结果: PASS | 详情: 所有字段校验通过
2026-02-27 07:52:25,088 - INFO - CaseID:114 - CATEGORY字段：交集匹配（{'生物'}），判定通过
2026-02-27 07:52:28,766 - INFO - CaseID:114 - QUERY字段：基础语义模糊匹配通过
2026-02-27 07:52:28,767 - INFO - CaseID:114 - TAG字段：有交集（{'叶子', '植物', '病斑'}），判定通过
2026-02-27 07:52:28,767 - INFO - CaseID:114 - 整体结果: PASS | 详情: 所有字段校验通过
2026-02-27 07:52:28,768 - INFO - CaseID:115 - CATEGORY字段：交集匹配（{'生物'}），判定通过
2026-02-27 07:52:32,631 - INFO - CaseID:115 - QUERY字段：基础语义模糊匹配通过
2026-02-27 07:52:32,631 - INFO - CaseID:115 - TAG字段：有交集（{'植物保护等级', '玉兰树'}），判定通过
2026-02-27 07:52:32,632 - INFO - CaseID:115 - 整体结果: PASS | 详情: 所有字段校验通过
2026-02-27 07:52:32,632 - INFO - CaseID:116 - CATEGORY字段：交集匹配（{'生物'}），判定通过
2026-02-27 07:52:36,478 - INFO - CaseID:116 - QUERY字段：基础语义模糊匹配通过
2026-02-27 07:52:36,479 - INFO - CaseID:116 - TAG字段：有交集（{'高度', '玉兰树'}），判定通过
2026-02-27 07:52:36,479 - INFO - CaseID:116 - 整体结果: PASS | 详情: 所有字段校验通过
2026-02-27 07:52:36,480 - INFO - CaseID:117 - CATEGORY字段：交集匹配（{'生物'}），判定通过
2026-02-27 07:52:41,223 - INFO - CaseID:117 - QUERY字段：基础语义模糊匹配通过
2026-02-27 07:52:41,224 - INFO - CaseID:117 - TAG字段：有交集（{'龟背竹'}），判定通过
2026-02-27 07:52:41,224 - INFO - CaseID:117 - 整体结果: PASS | 详情: 所有字段校验通过
2026-02-27 07:52:41,225 - INFO - CaseID:118 - CATEGORY字段：交集匹配（{'生物'}），判定通过
2026-02-27 07:52:45,156 - INFO - CaseID:118 - QUERY字段：基础语义模糊匹配通过
2026-02-27 07:52:45,157 - INFO - CaseID:118 - TAG字段：有交集（{'龟背竹'}），判定通过
2026-02-27 07:52:45,157 - INFO - CaseID:118 - 整体结果: PASS | 详情: 所有字段校验通过
2026-02-27 07:52:48,666 - INFO - CaseID:119 - 整体结果: FAILED | 详情: APINAME不匹配：预期[visual_search]，实际[worthbuy]; CATEGORY不匹配：一方为空 - 预期[]，实际[商品推荐]; QUERY不匹配：基础语义模糊匹配失败 - 预期[这件黑色T恤的材质怎么样]，实际[黑色T恤背面带数字9图案的常见材质类型]; TAG不匹配：一方为空 - 预期[]，实际[黑色T恤&背面&数字9图案&常见材质类型]
2026-02-27 07:52:52,625 - INFO - CaseID:120 - 整体结果: FAILED | 详情: APINAME不匹配：预期[visual_search]，实际[worthbuy]; CATEGORY不匹配：一方为空 - 预期[]，实际[商品查询-确定商品]; QUERY不匹配：基础语义模糊匹配失败 - 预期[这件黑色T恤的材质是什么]，实际[字节跳动纪念T恤的材质]; TAG不匹配：一方为空 - 预期[]，实际[字节跳动纪念T恤&材质]
2026-02-27 07:52:56,300 - INFO - CaseID:121 - QUERY字段：基础语义模糊匹配通过
2026-02-27 07:52:56,300 - INFO - CaseID:121 - 整体结果: PASS | 详情: 所有字段校验通过
2026-02-27 07:53:00,631 - INFO - CaseID:122 - QUERY字段：基础语义模糊匹配通过
2026-02-27 07:53:00,632 - INFO - CaseID:122 - 整体结果: PASS | 详情: 所有字段校验通过
2026-02-27 07:53:04,512 - INFO - CaseID:123 - QUERY字段：基础语义模糊匹配通过
2026-02-27 07:53:04,512 - INFO - CaseID:123 - TAG字段：有交集（{'平均温度'}），判定通过
2026-02-27 07:53:04,513 - INFO - CaseID:123 - 整体结果: FAILED | 详情: CATEGORY不匹配：无交集 - 预期[地理]，实际[地理通用]
2026-02-27 07:53:04,513 - INFO - CaseID:124 - 整体结果: FAILED | 详情: 模型输出核心字段全为空，判定不通过
2026-02-27 07:53:09,188 - INFO - CaseID:125 - 整体结果: FAILED | 详情: APINAME不匹配：预期[visual_search]，实际[worthbuy]; CATEGORY不匹配：一方为空 - 预期[]，实际[商品查询-确定商品]; QUERY不匹配：基础语义模糊匹配失败 - 预期[这件夹克的款式怎么样]，实际[黑色防风防水夹克的款式特点]; TAG不匹配：一方为空 - 预期[]，实际[黑色&防风防水夹克&款式特点]
2026-02-27 07:53:13,124 - INFO - CaseID:126 - QUERY字段：基础语义模糊匹配通过
2026-02-27 07:53:13,124 - INFO - CaseID:126 - 整体结果: PASS | 详情: 所有字段校验通过
2026-02-27 07:53:13,125 - INFO - CaseID:127 - APINAME字段：QASearch↔worthbuy，判定通过
2026-02-27 07:53:13,125 - INFO - CaseID:127 - CATEGORY字段：标准答案含「其他问答」，模型输出任意值通过
2026-02-27 07:53:17,004 - INFO - CaseID:127 - 整体结果: FAILED | 详情: QUERY不匹配：基础语义模糊匹配失败 - 预期[适合搭配的牛仔裤的类型推荐]，实际[当前季节和气候适合的牛仔裤类型]; TAG不匹配：无交集 - 预期[适合搭配&牛仔裤&类型推荐]，实际[当前季节&气候&适合&牛仔裤类型]
2026-02-27 07:53:17,004 - INFO - CaseID:128 - APINAME字段：QASearch↔worthbuy，判定通过
2026-02-27 07:53:17,004 - INFO - CaseID:128 - CATEGORY字段：标准答案含「其他问答」，模型输出任意值通过
2026-02-27 07:53:20,898 - INFO - CaseID:128 - TAG字段：有交集（{'灰色休闲服'}），判定通过
2026-02-27 07:53:20,898 - INFO - CaseID:128 - 整体结果: FAILED | 详情: QUERY不匹配：基础语义模糊匹配失败 - 预期[灰色休闲服在哪里可以买到]，实际[灰色休闲服线下购买地点北京]
2026-02-27 07:53:28,327 - INFO - CaseID:129 - QUERY字段：语义匹配失败，但visual_search链路意图匹配通过
2026-02-27 07:53:28,328 - INFO - CaseID:129 - 整体结果: PASS | 详情: 所有字段校验通过
2026-02-27 07:53:28,329 - INFO - CaseID:130 - APINAME字段：QASearch↔worthbuy，判定通过
2026-02-27 07:53:28,329 - INFO - CaseID:130 - CATEGORY字段：标准答案含「其他问答」，模型输出任意值通过
2026-02-27 07:53:32,161 - INFO - CaseID:130 - QUERY字段：基础语义模糊匹配通过
2026-02-27 07:53:32,162 - INFO - CaseID:130 - TAG字段：有交集（{'适合搭配', '灰色上衣', '颜色', '裤子'}），判定通过
2026-02-27 07:53:32,162 - INFO - CaseID:130 - 整体结果: PASS | 详情: 所有字段校验通过
2026-02-27 07:53:32,163 - INFO - CaseID:131 - APINAME字段：QASearch↔worthbuy，判定通过
2026-02-27 07:53:32,163 - INFO - CaseID:131 - CATEGORY字段：标准答案含「其他问答」，模型输出任意值通过
2026-02-27 07:53:36,051 - INFO - CaseID:131 - 整体结果: FAILED | 详情: QUERY不匹配：基础语义模糊匹配失败 - 预期[选择外套时是版型重要还是材质重要]，实际[外套选择中材质的重要性]; TAG不匹配：无交集 - 预期[选择外套&版型重要&材质重要]，实际[外套选择&材质&重要性]
2026-02-27 07:53:39,926 - INFO - CaseID:132 - 整体结果: FAILED | 详情: APINAME不匹配：预期[visual_search]，实际[worthbuy]; CATEGORY不匹配：一方为空 - 预期[]，实际[商品推荐]; QUERY不匹配：基础语义模糊匹配失败 - 预期[这件拼色毛衣用的是什么编织方法]，实际[拼色毛衣常见的编织方法]; TAG不匹配：一方为空 - 预期[]，实际[拼色毛衣&常见&编织方法]
2026-02-27 07:53:43,408 - INFO - CaseID:133 - QUERY字段：基础语义模糊匹配通过
2026-02-27 07:53:43,408 - INFO - CaseID:133 - 整体结果: PASS | 详情: 所有字段校验通过
2026-02-27 07:53:48,134 - INFO - CaseID:134 - 整体结果: FAILED | 详情: APINAME不匹配：预期[visual_search]，实际[worthbuy]; CATEGORY不匹配：一方为空 - 预期[]，实际[商品推荐]; QUERY不匹配：基础语义模糊匹配失败 - 预期[这件灰色和深蓝色的搭配的衣服是国内的品牌吗]，实际[灰色和深蓝色条纹衣服常见品牌]; TAG不匹配：一方为空 - 预期[]，实际[灰色&深蓝色条纹衣服&常见品牌]
2026-02-27 07:53:51,857 - INFO - CaseID:135 - QUERY字段：基础语义模糊匹配通过
2026-02-27 07:53:51,858 - INFO - CaseID:135 - 整体结果: FAILED | 详情: APINAME不匹配：预期[visual_search]，实际[worthbuy]; CATEGORY不匹配：一方为空 - 预期[]，实际[商品推荐]; TAG不匹配：一方为空 - 预期[]，实际[红白格纹外套&搭配&包包&建议]
2026-02-27 07:53:56,187 - INFO - CaseID:136 - QUERY字段：基础语义模糊匹配通过
2026-02-27 07:53:56,187 - INFO - CaseID:136 - 整体结果: FAILED | 详情: APINAME不匹配：预期[visual_search]，实际[skill_search]
2026-02-27 07:54:00,531 - INFO - CaseID:137 - QUERY字段：基础语义模糊匹配通过
2026-02-27 07:54:00,531 - INFO - CaseID:137 - 整体结果: PASS | 详情: 所有字段校验通过
2026-02-27 07:54:05,275 - INFO - CaseID:138 - QUERY字段：基础语义模糊匹配通过
2026-02-27 07:54:05,276 - INFO - CaseID:138 - 整体结果: PASS | 详情: 所有字段校验通过
2026-02-27 07:54:09,918 - INFO - CaseID:139 - 整体结果: FAILED | 详情: APINAME不匹配：预期[visual_search]，实际[skill_search]; QUERY不匹配：基础语义模糊匹配失败 - 预期[这件衣服适合什么场合]，实际[这件衣服的款式颜色和材质是什么]
2026-02-27 07:54:09,919 - INFO - CaseID:140 - CATEGORY字段：标准答案含「其他问答」，模型输出任意值通过
2026-02-27 07:54:13,846 - INFO - CaseID:140 - TAG字段：有交集（{'羽绒服'}），判定通过
2026-02-27 07:54:13,847 - INFO - CaseID:140 - 整体结果: FAILED | 详情: QUERY不匹配：基础语义模糊匹配失败 - 预期[羽绒服的价格]，实际[用户之前提到的羽绒服的具体品牌或型号是什么]
2026-02-27 07:54:13,847 - INFO - CaseID:141 - APINAME字段：QASearch↔worthbuy，判定通过
2026-02-27 07:54:13,847 - INFO - CaseID:141 - CATEGORY字段：标准答案含「其他问答」，模型输出任意值通过
2026-02-27 07:54:17,832 - INFO - CaseID:141 - QUERY字段：基础语义模糊匹配通过
2026-02-27 07:54:17,833 - INFO - CaseID:141 - TAG字段：有交集（{'内搭', '浅色羽绒服', '版型'}），判定通过
2026-02-27 07:54:17,833 - INFO - CaseID:141 - 整体结果: PASS | 详情: 所有字段校验通过
2026-02-27 07:54:21,622 - INFO - CaseID:142 - QUERY字段：基础语义模糊匹配通过
2026-02-27 07:54:21,622 - INFO - CaseID:142 - 整体结果: FAILED | 详情: APINAME不匹配：预期[visual_search]，实际[worthbuy]; CATEGORY不匹配：一方为空 - 预期[]，实际[商品查询-不确定商品]; TAG不匹配：一方为空 - 预期[]，实际[浅色羽绒服&短款&长款]
2026-02-27 07:54:25,647 - INFO - CaseID:143 - QUERY字段：基础语义模糊匹配通过
2026-02-27 07:54:25,648 - INFO - CaseID:143 - 整体结果: PASS | 详情: 所有字段校验通过
2026-02-27 07:54:29,505 - INFO - CaseID:144 - 整体结果: FAILED | 详情: APINAME不匹配：预期[visual_search]，实际[worthbuy]; CATEGORY不匹配：一方为空 - 预期[]，实际[商品查询-不确定商品]; QUERY不匹配：基础语义模糊匹配失败 - 预期[这件条纹衬衫的材质是什么]，实际[条纹衬衫的常见材质类型]; TAG不匹配：一方为空 - 预期[]，实际[条纹衬衫&常见材质类型]
2026-02-27 07:54:34,127 - INFO - CaseID:145 - QUERY字段：基础语义模糊匹配通过
2026-02-27 07:54:34,127 - INFO - CaseID:145 - 整体结果: FAILED | 详情: APINAME不匹配：预期[visual_search]，实际[skill_search]
2026-02-27 07:54:34,127 - INFO - CaseID:146 - CATEGORY字段：模型输出含「其他问答」，该字段通过
2026-02-27 07:54:38,012 - INFO - CaseID:146 - 整体结果: FAILED | 详情: APINAME不匹配：预期[visual_search]，实际[QASearch]; QUERY不匹配：基础语义模糊匹配失败 - 预期[这件格子衬衫的款式如何]，实际[格子衬衫的常见款式特点]; TAG不匹配：一方为空 - 预期[]，实际[格子衬衫&常见款式&特点]
2026-02-27 07:54:41,585 - INFO - CaseID:147 - QUERY字段：基础语义模糊匹配通过
2026-02-27 07:54:41,585 - INFO - CaseID:147 - 整体结果: FAILED | 详情: APINAME不匹配：预期[visual_search]，实际[worthbuy]; CATEGORY不匹配：一方为空 - 预期[]，实际[商品推荐]; TAG不匹配：一方为空 - 预期[]，实际[蓝色条纹衬衫&适合&年龄段]
2026-02-27 07:54:46,189 - INFO - CaseID:148 - TAG字段：有交集（{'rocky'}），判定通过
2026-02-27 07:54:46,190 - INFO - CaseID:148 - 整体结果: FAILED | 详情: CATEGORY不匹配：无交集 - 预期[人物]，实际[影视]; QUERY不匹配：基础语义模糊匹配失败 - 预期[Rocky的中文名字]，实际[汪汪队立大功Rocky的中文名字]
2026-02-27 07:54:51,830 - INFO - CaseID:149 - TAG字段：有交集（{'小克', '动画'}），判定通过
2026-02-27 07:54:51,831 - INFO - CaseID:149 - 整体结果: FAILED | 详情: CATEGORY不匹配：无交集 - 预期[人物]，实际[影视]; QUERY不匹配：基础语义模糊匹配失败 - 预期[小克在动画里的人物性格是什么样的]，实际[小克在动画《汪汪队立大功》中的人物性格特点]
2026-02-27 07:54:59,392 - INFO - 
=== 执行完成（总耗时：610.82秒）===
2026-02-27 07:54:59,394 - INFO - 总用例数：149 | 通过：76（51.01%） | 失败：73
