2026-02-27 09:47:30,157 - INFO - === 看世界规划对比工具（单线程稳定版）启动 ===
2026-02-27 09:47:30,394 - INFO - 成功加载飞书表格
2026-02-27 09:47:33,611 - INFO - 已读取100行数据
2026-02-27 09:47:34,114 - INFO - 表格读取完成，共读取149行有效数据
2026-02-27 09:47:34,114 - INFO - CaseID:1 - 整体结果: FAILED | 详情: APINAME不匹配：预期[visionqa]，实际[visual_search]; QUERY不匹配：基础语义模糊匹配失败 - 预期[]，实际[她背的帆布包是什么品牌的]
2026-02-27 09:47:34,114 - INFO - CaseID:2 - CATEGORY字段：标准答案含「其他问答」，模型输出任意值通过
2026-02-27 09:47:35,099 - INFO - CaseID:2 - QUERY字段：基础语义模糊匹配通过
2026-02-27 09:47:35,100 - INFO - CaseID:2 - TAG字段：有交集（{'文蛤'}），判定通过
2026-02-27 09:47:35,100 - INFO - CaseID:2 - 整体结果: PASS | 详情: 所有字段校验通过
2026-02-27 09:47:35,100 - INFO - CaseID:3 - 整体结果: FAILED | 详情: APINAME不匹配：预期[visionqa]，实际[visual_search]; QUERY不匹配：基础语义模糊匹配失败 - 预期[]，实际[这个螃蟹是什么品种的]
2026-02-27 09:47:35,100 - INFO - CaseID:4 - 整体结果: FAILED | 详情: APINAME不匹配：预期[visionqa]，实际[visual_search]; QUERY不匹配：基础语义模糊匹配失败 - 预期[]，实际[这只白色鸽子是什么品种]
2026-02-27 09:47:35,100 - INFO - CaseID:5 - CATEGORY字段：标准答案含「其他问答」，模型输出任意值通过
2026-02-27 09:47:38,891 - INFO - CaseID:5 - QUERY字段：基础语义模糊匹配通过
2026-02-27 09:47:38,891 - INFO - CaseID:5 - TAG字段：有交集（{'大熊猫', '生物学特性'}），判定通过
2026-02-27 09:47:38,891 - INFO - CaseID:5 - 整体结果: PASS | 详情: 所有字段校验通过
2026-02-27 09:47:38,892 - INFO - CaseID:6 - CATEGORY字段：标准答案含「其他问答」，模型输出任意值通过
2026-02-27 09:47:42,882 - INFO - CaseID:6 - QUERY字段：基础语义模糊匹配通过
2026-02-27 09:47:42,884 - INFO - CaseID:6 - TAG字段：有交集（{'猕猴', '主要食物'}），判定通过
2026-02-27 09:47:42,884 - INFO - CaseID:6 - 整体结果: PASS | 详情: 所有字段校验通过
2026-02-27 09:47:42,885 - INFO - CaseID:7 - 整体结果: FAILED | 详情: APINAME不匹配：预期[visionqa]，实际[QASearch]; CATEGORY不匹配：一方为空 - 预期[]，实际[生物]; QUERY不匹配：基础语义模糊匹配失败 - 预期[]，实际[猕猴的毛色]; TAG不匹配：一方为空 - 预期[]，实际[猕猴&毛色]
2026-02-27 09:47:42,885 - INFO - CaseID:8 - CATEGORY字段：标准答案含「其他问答」，模型输出任意值通过
2026-02-27 09:47:46,470 - INFO - CaseID:8 - TAG字段：有交集（{'主要食物'}），判定通过
2026-02-27 09:47:46,470 - INFO - CaseID:8 - 整体结果: FAILED | 详情: QUERY不匹配：基础语义模糊匹配失败 - 预期[奶牛的主要食物是什么]，实际[荷斯坦牛的主要食物]
2026-02-27 09:47:46,470 - INFO - CaseID:9 - CATEGORY字段：标准答案含「其他问答」，模型输出任意值通过
2026-02-27 09:47:50,660 - INFO - CaseID:9 - TAG字段：有交集（{'黄牛'}），判定通过
2026-02-27 09:47:50,661 - INFO - CaseID:9 - 整体结果: FAILED | 详情: QUERY不匹配：基础语义模糊匹配失败 - 预期[黄牛的最长寿命是几年]，实际[黄牛的寿命]
2026-02-27 09:47:50,661 - INFO - CaseID:10 - CATEGORY字段：标准答案含「其他问答」，模型输出任意值通过
2026-02-27 09:47:54,511 - INFO - CaseID:10 - 整体结果: FAILED | 详情: QUERY不匹配：基础语义模糊匹配失败 - 预期[奶牛的来源地]，实际[西门塔尔牛通常生活的地区]; TAG不匹配：无交集 - 预期[奶牛&来源地]，实际[西门塔尔牛&通常生活&地区]
2026-02-27 09:47:54,512 - INFO - CaseID:11 - CATEGORY字段：标准答案含「其他问答」，模型输出任意值通过
2026-02-27 09:47:58,554 - INFO - CaseID:11 - 整体结果: FAILED | 详情: QUERY不匹配：基础语义模糊匹配失败 - 预期[螳螂虾是生活在淡水环境里吗]，实际[皮皮虾后面的虾的生存环境]; TAG不匹配：无交集 - 预期[螳螂虾&生活水域]，实际[皮皮虾&后面&虾&生存环境]
2026-02-27 09:47:58,555 - INFO - CaseID:12 - CATEGORY字段：标准答案含「其他问答」，模型输出任意值通过
2026-02-27 09:48:02,507 - INFO - CaseID:12 - TAG字段：有交集（{'能够食用'}），判定通过
2026-02-27 09:48:02,508 - INFO - CaseID:12 - 整体结果: FAILED | 详情: QUERY不匹配：基础语义模糊匹配失败 - 预期[溪蟹和河蟹是否能够食用]，实际[淡水蟹是否能够食用]
2026-02-27 09:48:02,508 - INFO - CaseID:13 - 整体结果: FAILED | 详情: 模型输出核心字段全为空，判定不通过
2026-02-27 09:48:02,509 - INFO - CaseID:14 - CATEGORY字段：交集匹配（{'生物'}），判定通过
2026-02-27 09:48:06,127 - INFO - CaseID:14 - QUERY字段：基础语义模糊匹配通过
2026-02-27 09:48:06,128 - INFO - CaseID:14 - TAG字段：有交集（{'生存环境', '寄居蟹'}），判定通过
2026-02-27 09:48:06,128 - INFO - CaseID:14 - 整体结果: PASS | 详情: 所有字段校验通过
2026-02-27 09:48:06,128 - INFO - CaseID:15 - CATEGORY字段：标准答案含「其他问答」，模型输出任意值通过
