2026-02-27 09:55:35,721 - INFO - === 看世界规划对比工具（单线程稳定版）启动 ===
2026-02-27 09:55:35,869 - INFO - 成功加载飞书表格
2026-02-27 09:55:37,121 - INFO - 已读取100行数据
2026-02-27 09:55:37,623 - INFO - 表格读取完成，共读取149行有效数据
2026-02-27 09:55:38,560 - INFO - CaseID:1 - QUERY字段：基础语义模糊匹配通过
2026-02-27 09:55:38,560 - INFO - CaseID:1 - 整体结果: PASS | 详情: 所有字段校验通过
2026-02-27 09:55:38,560 - INFO - CaseID:2 - CATEGORY字段：标准答案含「其他问答」，模型输出任意值通过
2026-02-27 09:55:42,567 - INFO - CaseID:2 - QUERY字段：基础语义模糊匹配通过
2026-02-27 09:55:42,567 - INFO - CaseID:2 - TAG字段：有交集（{'文蛤'}），判定通过
2026-02-27 09:55:42,567 - INFO - CaseID:2 - 整体结果: PASS | 详情: 所有字段校验通过
2026-02-27 09:55:46,487 - INFO - CaseID:3 - QUERY字段：基础语义模糊匹配通过
2026-02-27 09:55:46,488 - INFO - CaseID:3 - 整体结果: PASS | 详情: 所有字段校验通过
2026-02-27 09:55:50,804 - INFO - CaseID:4 - QUERY字段：基础语义模糊匹配通过
2026-02-27 09:55:50,805 - INFO - CaseID:4 - 整体结果: PASS | 详情: 所有字段校验通过
2026-02-27 09:55:50,806 - INFO - CaseID:5 - CATEGORY字段：标准答案含「其他问答」，模型输出任意值通过
2026-02-27 09:55:54,750 - INFO - CaseID:5 - QUERY字段：基础语义模糊匹配通过
2026-02-27 09:55:54,751 - INFO - CaseID:5 - TAG字段：有交集（{'大熊猫', '生物学特性'}），判定通过
2026-02-27 09:55:54,751 - INFO - CaseID:5 - 整体结果: PASS | 详情: 所有字段校验通过
2026-02-27 09:55:54,751 - INFO - CaseID:6 - CATEGORY字段：标准答案含「其他问答」，模型输出任意值通过
2026-02-27 09:55:59,229 - INFO - CaseID:6 - QUERY字段：基础语义模糊匹配通过
2026-02-27 09:55:59,230 - INFO - CaseID:6 - TAG字段：有交集（{'猕猴', '主要食物'}），判定通过
2026-02-27 09:55:59,230 - INFO - CaseID:6 - 整体结果: PASS | 详情: 所有字段校验通过
2026-02-27 09:56:03,093 - INFO - CaseID:7 - QUERY字段：基础语义模糊匹配通过
2026-02-27 09:56:03,094 - INFO - CaseID:7 - 整体结果: FAILED | 详情: APINAME不匹配：预期[visual_search]，实际[QASearch]; CATEGORY不匹配：一方为空 - 预期[]，实际[生物]; TAG不匹配：一方为空 - 预期[]，实际[猕猴&毛色]
2026-02-27 09:56:03,094 - INFO - CaseID:8 - CATEGORY字段：交集匹配（{'生物'}），判定通过
2026-02-27 09:56:06,973 - INFO - CaseID:8 - QUERY字段：基础语义模糊匹配通过
2026-02-27 09:56:06,974 - INFO - CaseID:8 - TAG字段：有交集（{'荷斯坦牛', '主要食物'}），判定通过
2026-02-27 09:56:06,974 - INFO - CaseID:8 - 整体结果: PASS | 详情: 所有字段校验通过
2026-02-27 09:56:06,974 - INFO - CaseID:9 - CATEGORY字段：标准答案含「其他问答」，模型输出任意值通过
2026-02-27 09:56:11,011 - INFO - CaseID:9 - TAG字段：有交集（{'黄牛'}），判定通过
2026-02-27 09:56:11,012 - INFO - CaseID:9 - 整体结果: FAILED | 详情: QUERY不匹配：基础语义模糊匹配失败 - 预期[黄牛的最长寿命是几年]，实际[黄牛的寿命]
2026-02-27 09:56:11,012 - INFO - CaseID:10 - CATEGORY字段：标准答案含「其他问答」，模型输出任意值通过
2026-02-27 09:56:15,664 - INFO - CaseID:10 - 整体结果: FAILED | 详情: QUERY不匹配：基础语义模糊匹配失败 - 预期[奶牛通常生活的地区]，实际[西门塔尔牛通常生活的地区]; TAG不匹配：无交集 - 预期[奶牛&来源地]，实际[西门塔尔牛&通常生活&地区]
2026-02-27 09:56:15,664 - INFO - CaseID:11 - CATEGORY字段：标准答案含「其他问答」，模型输出任意值通过
2026-02-27 09:56:19,683 - INFO - CaseID:11 - 整体结果: FAILED | 详情: QUERY不匹配：基础语义模糊匹配失败 - 预期[螳螂虾是生活在淡水环境里吗]，实际[皮皮虾后面的虾的生存环境]; TAG不匹配：无交集 - 预期[螳螂虾&生活水域]，实际[皮皮虾&后面&虾&生存环境]
2026-02-27 09:56:19,684 - INFO - CaseID:12 - CATEGORY字段：交集匹配（{'生物'}），判定通过
2026-02-27 09:56:23,277 - INFO - CaseID:12 - QUERY字段：基础语义模糊匹配通过
2026-02-27 09:56:23,278 - INFO - CaseID:12 - TAG字段：有交集（{'淡水蟹', '能够食用'}），判定通过
2026-02-27 09:56:23,279 - INFO - CaseID:12 - 整体结果: PASS | 详情: 所有字段校验通过
2026-02-27 09:56:23,279 - INFO - CaseID:13 - 整体结果: FAILED | 详情: 模型输出核心字段全为空，判定不通过
2026-02-27 09:56:23,279 - INFO - CaseID:14 - CATEGORY字段：交集匹配（{'生物'}），判定通过
2026-02-27 09:56:27,646 - INFO - CaseID:14 - QUERY字段：基础语义模糊匹配通过
2026-02-27 09:56:27,646 - INFO - CaseID:14 - TAG字段：有交集（{'寄居蟹', '生存环境'}），判定通过
2026-02-27 09:56:27,646 - INFO - CaseID:14 - 整体结果: PASS | 详情: 所有字段校验通过
2026-02-27 09:56:27,646 - INFO - CaseID:15 - CATEGORY字段：标准答案含「其他问答」，模型输出任意值通过
2026-02-27 09:56:31,355 - INFO - CaseID:15 - QUERY字段：基础语义模糊匹配通过
2026-02-27 09:56:31,355 - INFO - CaseID:15 - TAG字段：有交集（{'锦鲤'}），判定通过
2026-02-27 09:56:31,356 - INFO - CaseID:15 - 整体结果: PASS | 详情: 所有字段校验通过
2026-02-27 09:56:31,356 - INFO - CaseID:16 - CATEGORY字段：交集匹配（{'生物'}），判定通过
2026-02-27 09:56:35,229 - INFO - CaseID:16 - QUERY字段：基础语义模糊匹配通过
2026-02-27 09:56:35,229 - INFO - CaseID:16 - TAG字段：有交集（{'金鱼', '主要食物'}），判定通过
2026-02-27 09:56:35,229 - INFO - CaseID:16 - 整体结果: PASS | 详情: 所有字段校验通过
2026-02-27 09:56:35,230 - INFO - CaseID:17 - CATEGORY字段：交集匹配（{'生物'}），判定通过
2026-02-27 09:56:39,601 - INFO - CaseID:17 - QUERY字段：基础语义模糊匹配通过
2026-02-27 09:56:39,602 - INFO - CaseID:17 - TAG字段：有交集（{'主要分布', '国家', '骆驼'}），判定通过
2026-02-27 09:56:39,602 - INFO - CaseID:17 - 整体结果: PASS | 详情: 所有字段校验通过
2026-02-27 09:56:39,602 - INFO - CaseID:18 - CATEGORY字段：交集匹配（{'生物'}），判定通过
2026-02-27 09:56:43,646 - INFO - CaseID:18 - QUERY字段：基础语义模糊匹配通过
2026-02-27 09:56:43,646 - INFO - CaseID:18 - TAG字段：有交集（{'驼峰', '双峰驼', '作用'}），判定通过
2026-02-27 09:56:43,646 - INFO - CaseID:18 - 整体结果: PASS | 详情: 所有字段校验通过
2026-02-27 09:56:43,647 - INFO - CaseID:19 - CATEGORY字段：交集匹配（{'生物'}），判定通过
2026-02-27 09:56:47,546 - INFO - CaseID:19 - QUERY字段：基础语义模糊匹配通过
2026-02-27 09:56:47,547 - INFO - CaseID:19 - TAG字段：有交集（{'凤尾鱼', '来源', '名字'}），判定通过
2026-02-27 09:56:47,547 - INFO - CaseID:19 - 整体结果: PASS | 详情: 所有字段校验通过
2026-02-27 09:56:47,547 - INFO - CaseID:20 - CATEGORY字段：交集匹配（{'生物'}），判定通过
2026-02-27 09:56:51,101 - INFO - CaseID:20 - QUERY字段：基础语义模糊匹配通过
2026-02-27 09:56:51,101 - INFO - CaseID:20 - TAG字段：有交集（{'比目鱼'}），判定通过
2026-02-27 09:56:51,101 - INFO - CaseID:20 - 整体结果: PASS | 详情: 所有字段校验通过
2026-02-27 09:56:51,102 - INFO - CaseID:21 - CATEGORY字段：交集匹配（{'生物'}），判定通过
2026-02-27 09:56:55,114 - INFO - CaseID:21 - QUERY字段：基础语义模糊匹配通过
2026-02-27 09:56:55,115 - INFO - CaseID:21 - TAG字段：有交集（{'肉食性动物', '海鲈鱼'}），判定通过
2026-02-27 09:56:55,115 - INFO - CaseID:21 - 整体结果: PASS | 详情: 所有字段校验通过
2026-02-27 09:56:55,116 - INFO - CaseID:22 - CATEGORY字段：标准答案含「其他问答」，模型输出任意值通过
2026-02-27 09:56:59,542 - INFO - CaseID:22 - QUERY字段：基础语义模糊匹配通过
2026-02-27 09:56:59,543 - INFO - CaseID:22 - TAG字段：有交集（{'鲫鱼', '最好吃', '烹饪方法'}），判定通过
2026-02-27 09:56:59,543 - INFO - CaseID:22 - 整体结果: PASS | 详情: 所有字段校验通过
2026-02-27 09:56:59,544 - INFO - CaseID:23 - CATEGORY字段：交集匹配（{'生物'}），判定通过
2026-02-27 09:57:03,491 - INFO - CaseID:23 - QUERY字段：基础语义模糊匹配通过
2026-02-27 09:57:03,491 - INFO - CaseID:23 - TAG字段：有交集（{'捕获', '大嘴鲈鱼', '概率'}），判定通过
2026-02-27 09:57:03,491 - INFO - CaseID:23 - 整体结果: PASS | 详情: 所有字段校验通过
2026-02-27 09:57:03,492 - INFO - CaseID:24 - CATEGORY字段：交集匹配（{'生物'}），判定通过
2026-02-27 09:57:07,471 - INFO - CaseID:24 - QUERY字段：基础语义模糊匹配通过
2026-02-27 09:57:07,472 - INFO - CaseID:24 - TAG字段：有交集（{'科属', '小比目鱼'}），判定通过
2026-02-27 09:57:07,472 - INFO - CaseID:24 - 整体结果: PASS | 详情: 所有字段校验通过
2026-02-27 09:57:07,472 - INFO - CaseID:25 - 整体结果: FAILED | 详情: 模型输出核心字段全为空，判定不通过
2026-02-27 09:57:11,374 - INFO - CaseID:26 - TAG字段：有交集（{'小猪佩奇'}），判定通过
2026-02-27 09:57:11,375 - INFO - CaseID:26 - 整体结果: FAILED | 详情: CATEGORY不匹配：无交集 - 预期[人物]，实际[影视]; QUERY不匹配：基础语义模糊匹配失败 - 预期[小猪佩奇是哪国的动画片]，实际[小猪佩奇的制片地区]
2026-02-27 09:57:11,376 - INFO - CaseID:27 - APINAME字段：QASearch↔worthbuy，判定通过
2026-02-27 09:57:11,376 - INFO - CaseID:27 - CATEGORY字段：标准答案含「其他问答」，模型输出任意值通过
2026-02-27 09:57:15,513 - INFO - CaseID:27 - QUERY字段：基础语义模糊匹配通过
2026-02-27 09:57:15,514 - INFO - CaseID:27 - TAG字段：有交集（{'小猪佩奇玩偶'}），判定通过
2026-02-27 09:57:15,514 - INFO - CaseID:27 - 整体结果: PASS | 详情: 所有字段校验通过
2026-02-27 09:57:15,514 - INFO - CaseID:28 - APINAME字段：QASearch↔worthbuy，判定通过
2026-02-27 09:57:15,515 - INFO - CaseID:28 - CATEGORY字段：标准答案含「其他问答」，模型输出任意值通过
2026-02-27 09:57:19,024 - INFO - CaseID:28 - QUERY字段：基础语义模糊匹配通过
2026-02-27 09:57:19,025 - INFO - CaseID:28 - TAG字段：有交集（{'售价'}），判定通过
2026-02-27 09:57:19,025 - INFO - CaseID:28 - 整体结果: PASS | 详情: 所有字段校验通过
2026-02-27 09:57:19,026 - INFO - CaseID:29 - CATEGORY字段：交集匹配（{'影视'}），判定通过
2026-02-27 09:57:23,172 - INFO - CaseID:29 - QUERY字段：基础语义模糊匹配通过
2026-02-27 09:57:23,172 - INFO - CaseID:29 - TAG字段：有交集（{'小猪佩奇'}），判定通过
2026-02-27 09:57:23,173 - INFO - CaseID:29 - 整体结果: PASS | 详情: 所有字段校验通过
2026-02-27 09:57:23,173 - INFO - CaseID:30 - CATEGORY字段：交集匹配（{'人物'}），判定通过
2026-02-27 09:57:26,905 - INFO - CaseID:30 - QUERY字段：基础语义模糊匹配通过
2026-02-27 09:57:26,906 - INFO - CaseID:30 - TAG字段：有交集（{'佩奇', '最喜欢', '事情'}），判定通过
2026-02-27 09:57:26,906 - INFO - CaseID:30 - 整体结果: PASS | 详情: 所有字段校验通过
2026-02-27 09:57:26,906 - INFO - CaseID:31 - APINAME字段：QASearch↔worthbuy，判定通过
2026-02-27 09:57:26,907 - INFO - CaseID:31 - CATEGORY字段：标准答案含「其他问答」，模型输出任意值通过
2026-02-27 09:57:30,888 - INFO - CaseID:31 - QUERY字段：基础语义模糊匹配通过
2026-02-27 09:57:30,888 - INFO - CaseID:31 - TAG字段：有交集（{'适合年龄'}），判定通过
2026-02-27 09:57:30,888 - INFO - CaseID:31 - 整体结果: PASS | 详情: 所有字段校验通过
2026-02-27 09:57:34,844 - INFO - CaseID:32 - QUERY字段：基础语义模糊匹配通过
2026-02-27 09:57:34,845 - INFO - CaseID:32 - 整体结果: PASS | 详情: 所有字段校验通过
2026-02-27 09:57:38,757 - INFO - CaseID:33 - QUERY字段：基础语义模糊匹配通过
2026-02-27 09:57:38,764 - INFO - CaseID:33 - 整体结果: PASS | 详情: 所有字段校验通过
2026-02-27 09:57:42,790 - INFO - CaseID:34 - QUERY字段：基础语义模糊匹配通过
2026-02-27 09:57:42,790 - INFO - CaseID:34 - 整体结果: PASS | 详情: 所有字段校验通过
2026-02-27 09:57:46,420 - INFO - CaseID:35 - QUERY字段：基础语义模糊匹配通过
2026-02-27 09:57:46,420 - INFO - CaseID:35 - 整体结果: PASS | 详情: 所有字段校验通过
2026-02-27 09:57:50,388 - INFO - CaseID:36 - QUERY字段：基础语义模糊匹配通过
2026-02-27 09:57:50,389 - INFO - CaseID:36 - 整体结果: FAILED | 详情: APINAME不匹配：预期[visual_search]，实际[QASearch]; CATEGORY不匹配：一方为空 - 预期[]，实际[影视]; TAG不匹配：一方为空 - 预期[]，实际[粉红色&卡通猪玩偶&动画片&角色]
2026-02-27 09:57:50,390 - INFO - CaseID:37 - CATEGORY字段：交集匹配（{'人物'}），判定通过
2026-02-27 09:57:54,135 - INFO - CaseID:37 - QUERY字段：基础语义模糊匹配通过
2026-02-27 09:57:54,135 - INFO - CaseID:37 - TAG字段：有交集（{'skye', '配音演员'}），判定通过
2026-02-27 09:57:54,135 - INFO - CaseID:37 - 整体结果: PASS | 详情: 所有字段校验通过
2026-02-27 09:57:54,135 - INFO - CaseID:38 - CATEGORY字段：标准答案含「其他问答」，模型输出任意值通过
2026-02-27 09:57:58,075 - INFO - CaseID:38 - QUERY字段：基础语义模糊匹配通过
2026-02-27 09:57:58,075 - INFO - CaseID:38 - TAG字段：有交集（{'穿着粉色衣服', '小狗毛绒玩具', '别名'}），判定通过
2026-02-27 09:57:58,075 - INFO - CaseID:38 - 整体结果: PASS | 详情: 所有字段校验通过
2026-02-27 09:57:58,076 - INFO - CaseID:39 - CATEGORY字段：交集匹配（{'人物'}），判定通过
2026-02-27 09:58:02,083 - INFO - CaseID:39 - QUERY字段：基础语义模糊匹配通过
2026-02-27 09:58:02,084 - INFO - CaseID:39 - TAG字段：有交集（{'rubble', '职业'}），判定通过
2026-02-27 09:58:02,084 - INFO - CaseID:39 - 整体结果: PASS | 详情: 所有字段校验通过
2026-02-27 09:58:05,975 - INFO - CaseID:40 - QUERY字段：基础语义模糊匹配通过
2026-02-27 09:58:05,975 - INFO - CaseID:40 - 整体结果: PASS | 详情: 所有字段校验通过
2026-02-27 09:58:05,976 - INFO - CaseID:41 - CATEGORY字段：模型输出含「其他问答」，该字段通过
2026-02-27 09:58:09,911 - INFO - CaseID:41 - QUERY字段：基础语义模糊匹配通过
2026-02-27 09:58:09,911 - INFO - CaseID:41 - 整体结果: FAILED | 详情: APINAME不匹配：预期[visual_search]，实际[QASearch]; TAG不匹配：一方为空 - 预期[]，实际[小砾公仔&颜色]
2026-02-27 09:58:13,455 - INFO - CaseID:42 - QUERY字段：基础语义模糊匹配通过
2026-02-27 09:58:13,456 - INFO - CaseID:42 - 整体结果: FAILED | 详情: APINAME不匹配：预期[visual_search]，实际[AUTOSearch]; CATEGORY不匹配：一方为空 - 预期[]，实际[汽车]; TAG不匹配：一方为空 - 预期[]，实际[玩具小狗&材质]
2026-02-27 09:58:17,544 - INFO - CaseID:43 - QUERY字段：基础语义模糊匹配通过
2026-02-27 09:58:17,544 - INFO - CaseID:43 - 整体结果: FAILED | 详情: APINAME不匹配：预期[visual_search]，实际[QASearch]; CATEGORY不匹配：一方为空 - 预期[]，实际[生物]; TAG不匹配：一方为空 - 预期[]，实际[穿着消防员制服&小狗&名字]
2026-02-27 09:58:17,545 - INFO - CaseID:44 - CATEGORY字段：交集匹配（{'影视'}），判定通过
2026-02-27 09:58:21,359 - INFO - CaseID:44 - TAG字段：有交集（{'时效性', '汪汪队立大功'}），判定通过
2026-02-27 09:58:21,360 - INFO - CaseID:44 - 整体结果: FAILED | 详情: QUERY不匹配：基础语义模糊匹配失败 - 预期[汪汪队立大功目前出到第几季了]，实际[汪汪队立大功的集数]
2026-02-27 09:58:25,708 - INFO - CaseID:45 - QUERY字段：基础语义模糊匹配通过
2026-02-27 09:58:25,710 - INFO - CaseID:45 - TAG字段：有交集（{'毛绒玩具', '购买渠道', '汪汪队立大功'}），判定通过
2026-02-27 09:58:25,712 - INFO - CaseID:45 - 整体结果: FAILED | 详情: APINAME不匹配：预期[worthbuy]，实际[QASearch]; CATEGORY不匹配：无交集 - 预期[商品查询-不确定商品]，实际[影视]
2026-02-27 09:58:29,928 - INFO - CaseID:46 - QUERY字段：基础语义模糊匹配通过
2026-02-27 09:58:29,928 - INFO - CaseID:46 - 整体结果: PASS | 详情: 所有字段校验通过
2026-02-27 09:58:33,791 - INFO - CaseID:47 - QUERY字段：基础语义模糊匹配通过
2026-02-27 09:58:33,791 - INFO - CaseID:47 - TAG字段：有交集（{'车辆编号', 'rocky'}），判定通过
2026-02-27 09:58:33,791 - INFO - CaseID:47 - 整体结果: FAILED | 详情: CATEGORY不匹配：无交集 - 预期[人物]，实际[公司]
2026-02-27 09:58:33,792 - INFO - CaseID:48 - CATEGORY字段：标准答案含「其他问答」，模型输出任意值通过
2026-02-27 09:58:37,716 - INFO - CaseID:48 - QUERY字段：基础语义模糊匹配通过
2026-02-27 09:58:37,717 - INFO - CaseID:48 - TAG字段：有交集（{'受众年龄', '汪汪队立大功'}），判定通过
2026-02-27 09:58:37,717 - INFO - CaseID:48 - 整体结果: PASS | 详情: 所有字段校验通过
2026-02-27 09:58:37,717 - INFO - CaseID:49 - CATEGORY字段：标准答案含「其他问答」，模型输出任意值通过
2026-02-27 09:58:41,267 - INFO - CaseID:49 - QUERY字段：基础语义模糊匹配通过
2026-02-27 09:58:41,268 - INFO - CaseID:49 - TAG字段：有交集（{'灰灰公仔', '购买地点'}），判定通过
2026-02-27 09:58:41,268 - INFO - CaseID:49 - 整体结果: PASS | 详情: 所有字段校验通过
2026-02-27 09:58:45,296 - INFO - CaseID:50 - QUERY字段：基础语义模糊匹配通过
2026-02-27 09:58:45,297 - INFO - CaseID:50 - 整体结果: PASS | 详情: 所有字段校验通过
2026-02-27 09:58:45,297 - INFO - CaseID:51 - CATEGORY字段：标准答案含「其他问答」，模型输出任意值通过
2026-02-27 09:58:49,124 - INFO - CaseID:51 - QUERY字段：基础语义模糊匹配通过
2026-02-27 09:58:49,124 - INFO - CaseID:51 - TAG字段：有交集（{'功能', '入耳式耳机'}），判定通过
2026-02-27 09:58:49,124 - INFO - CaseID:51 - 整体结果: FAILED | 详情: APINAME不匹配：预期[QASearch]，实际[AUTOSearch]
2026-02-27 09:58:49,124 - INFO - CaseID:52 - CATEGORY字段：标准答案含「其他问答」，模型输出任意值通过
2026-02-27 09:58:53,281 - INFO - CaseID:52 - QUERY字段：基础语义模糊匹配通过
2026-02-27 09:58:53,282 - INFO - CaseID:52 - TAG字段：有交集（{'长时间佩戴', '舒服', '入耳式耳机'}），判定通过
2026-02-27 09:58:53,282 - INFO - CaseID:52 - 整体结果: PASS | 详情: 所有字段校验通过
2026-02-27 09:58:57,173 - INFO - CaseID:53 - QUERY字段：基础语义模糊匹配通过
2026-02-27 09:58:57,174 - INFO - CaseID:53 - 整体结果: PASS | 详情: 所有字段校验通过
2026-02-27 09:58:57,174 - INFO - CaseID:54 - APINAME字段：QASearch↔worthbuy，判定通过
2026-02-27 09:58:57,174 - INFO - CaseID:54 - CATEGORY字段：标准答案含「其他问答」，模型输出任意值通过
2026-02-27 09:59:01,488 - INFO - CaseID:54 - QUERY字段：基础语义模糊匹配通过
2026-02-27 09:59:01,488 - INFO - CaseID:54 - TAG字段：有交集（{'好处', '无线耳机'}），判定通过
2026-02-27 09:59:01,488 - INFO - CaseID:54 - 整体结果: PASS | 详情: 所有字段校验通过
2026-02-27 09:59:05,375 - INFO - CaseID:55 - QUERY字段：基础语义模糊匹配通过
2026-02-27 09:59:05,376 - INFO - CaseID:55 - 整体结果: PASS | 详情: 所有字段校验通过
2026-02-27 09:59:08,905 - INFO - CaseID:56 - QUERY字段：基础语义模糊匹配通过
2026-02-27 09:59:08,908 - INFO - CaseID:56 - 整体结果: PASS | 详情: 所有字段校验通过
2026-02-27 09:59:08,909 - INFO - CaseID:57 - CATEGORY字段：标准答案含「其他问答」，模型输出任意值通过
2026-02-27 09:59:12,892 - INFO - CaseID:57 - TAG字段：有交集（{'遥控器'}），判定通过
2026-02-27 09:59:12,893 - INFO - CaseID:57 - 整体结果: FAILED | 详情: APINAME不匹配：预期[QASearch]，实际[AUTOSearch]; QUERY不匹配：基础语义模糊匹配失败 - 预期[遥控器的用途是什么]，实际[遥控器的简介]
2026-02-27 09:59:12,893 - INFO - CaseID:58 - CATEGORY字段：标准答案含「其他问答」，模型输出任意值通过
2026-02-27 09:59:16,634 - INFO - CaseID:58 - QUERY字段：基础语义模糊匹配通过
2026-02-27 09:59:16,635 - INFO - CaseID:58 - 整体结果: FAILED | 详情: APINAME不匹配：预期[QASearch]，实际[visual_search]; TAG不匹配：一方为空 - 预期[遥控器&控制&机器]，实际[]
2026-02-27 09:59:20,540 - INFO - CaseID:59 - QUERY字段：基础语义模糊匹配通过
2026-02-27 09:59:20,540 - INFO - CaseID:59 - 整体结果: PASS | 详情: 所有字段校验通过
2026-02-27 09:59:20,540 - INFO - CaseID:60 - CATEGORY字段：标准答案含「其他问答」，模型输出任意值通过
2026-02-27 09:59:24,514 - INFO - CaseID:60 - QUERY字段：基础语义模糊匹配通过
2026-02-27 09:59:24,515 - INFO - CaseID:60 - TAG字段：有交集（{'组成', '空调遥控器'}），判定通过
2026-02-27 09:59:24,515 - INFO - CaseID:60 - 整体结果: FAILED | 详情: APINAME不匹配：预期[QASearch]，实际[AUTOSearch]
2026-02-27 09:59:29,125 - INFO - CaseID:61 - QUERY字段：基础语义模糊匹配通过
2026-02-27 09:59:29,126 - INFO - CaseID:61 - 整体结果: PASS | 详情: 所有字段校验通过
2026-02-27 09:59:33,100 - INFO - CaseID:62 - QUERY字段：基础语义模糊匹配通过
2026-02-27 09:59:33,101 - INFO - CaseID:62 - 整体结果: PASS | 详情: 所有字段校验通过
2026-02-27 09:59:33,101 - INFO - CaseID:63 - CATEGORY字段：标准答案含「其他问答」，模型输出任意值通过
2026-02-27 09:59:36,703 - INFO - CaseID:63 - QUERY字段：基础语义模糊匹配通过
2026-02-27 09:59:36,703 - INFO - CaseID:63 - TAG字段：有交集（{'麦克风', '工作原理'}），判定通过
2026-02-27 09:59:36,703 - INFO - CaseID:63 - 整体结果: FAILED | 详情: APINAME不匹配：预期[QASearch]，实际[AUTOSearch]
2026-02-27 09:59:36,704 - INFO - CaseID:64 - CATEGORY字段：标准答案含「其他问答」，模型输出任意值通过
2026-02-27 09:59:40,635 - INFO - CaseID:64 - QUERY字段：基础语义模糊匹配通过
2026-02-27 09:59:40,635 - INFO - CaseID:64 - TAG字段：有交集（{'售价', '麦克风'}），判定通过
2026-02-27 09:59:40,635 - INFO - CaseID:64 - 整体结果: FAILED | 详情: APINAME不匹配：预期[QASearch]，实际[AUTOSearch]
2026-02-27 09:59:40,636 - INFO - CaseID:65 - CATEGORY字段：标准答案含「其他问答」，模型输出任意值通过
2026-02-27 09:59:44,483 - INFO - CaseID:65 - QUERY字段：基础语义模糊匹配通过
2026-02-27 09:59:44,484 - INFO - CaseID:65 - TAG字段：有交集（{'使用发夹', '女生', '频率'}），判定通过
2026-02-27 09:59:44,484 - INFO - CaseID:65 - 整体结果: PASS | 详情: 所有字段校验通过
2026-02-27 09:59:48,346 - INFO - CaseID:66 - QUERY字段：基础语义模糊匹配通过
2026-02-27 09:59:48,347 - INFO - CaseID:66 - 整体结果: PASS | 详情: 所有字段校验通过
2026-02-27 09:59:52,270 - INFO - CaseID:67 - QUERY字段：基础语义模糊匹配通过
2026-02-27 09:59:52,270 - INFO - CaseID:67 - 整体结果: PASS | 详情: 所有字段校验通过
2026-02-27 09:59:52,270 - INFO - CaseID:68 - CATEGORY字段：标准答案含「其他问答」，模型输出任意值通过
2026-02-27 09:59:56,160 - INFO - CaseID:68 - QUERY字段：基础语义模糊匹配通过
2026-02-27 09:59:56,160 - INFO - CaseID:68 - TAG字段：有交集（{'墨镜', '遮光效果'}），判定通过
2026-02-27 09:59:56,160 - INFO - CaseID:68 - 整体结果: PASS | 详情: 所有字段校验通过
2026-02-27 10:00:00,222 - INFO - CaseID:69 - QUERY字段：基础语义模糊匹配通过
2026-02-27 10:00:00,223 - INFO - CaseID:69 - TAG字段：有交集（{'分类'}），判定通过
2026-02-27 10:00:00,223 - INFO - CaseID:69 - 整体结果: FAILED | 详情: CATEGORY不匹配：无交集 - 预期[商品查询-确定商品]，实际[商品查询-不确定商品]
2026-02-27 10:00:03,790 - INFO - CaseID:70 - QUERY字段：基础语义模糊匹配通过
2026-02-27 10:00:03,791 - INFO - CaseID:70 - 整体结果: PASS | 详情: 所有字段校验通过
2026-02-27 10:00:03,791 - INFO - CaseID:71 - APINAME字段：QASearch↔worthbuy，判定通过
2026-02-27 10:00:03,791 - INFO - CaseID:71 - CATEGORY字段：标准答案含「其他问答」，模型输出任意值通过
2026-02-27 10:00:07,734 - INFO - CaseID:71 - QUERY字段：基础语义模糊匹配通过
2026-02-27 10:00:07,735 - INFO - CaseID:71 - TAG字段：有交集（{'品牌', '混合坚果'}），判定通过
2026-02-27 10:00:07,735 - INFO - CaseID:71 - 整体结果: PASS | 详情: 所有字段校验通过
2026-02-27 10:00:07,736 - INFO - CaseID:72 - CATEGORY字段：交集匹配（{'生物'}），判定通过
2026-02-27 10:00:11,549 - INFO - CaseID:72 - QUERY字段：基础语义模糊匹配通过
2026-02-27 10:00:11,549 - INFO - CaseID:72 - TAG字段：有交集（{'生长环境', '腰果'}），判定通过
2026-02-27 10:00:11,549 - INFO - CaseID:72 - 整体结果: PASS | 详情: 所有字段校验通过
2026-02-27 10:00:11,550 - INFO - CaseID:73 - CATEGORY字段：交集匹配（{'健康'}），判定通过
2026-02-27 10:00:15,579 - INFO - CaseID:73 - QUERY字段：基础语义模糊匹配通过
2026-02-27 10:00:15,581 - INFO - CaseID:73 - TAG字段：有交集（{'营养价值', '腰果'}），判定通过
2026-02-27 10:00:15,581 - INFO - CaseID:73 - 整体结果: PASS | 详情: 所有字段校验通过
2026-02-27 10:00:15,582 - INFO - CaseID:74 - CATEGORY字段：标准答案含「其他问答」，模型输出任意值通过
2026-02-27 10:00:20,732 - INFO - CaseID:74 - QUERY字段：基础语义模糊匹配通过
2026-02-27 10:00:20,732 - INFO - CaseID:74 - TAG字段：有交集（{'琦王花生', '口感'}），判定通过
2026-02-27 10:00:20,732 - INFO - CaseID:74 - 整体结果: PASS | 详情: 所有字段校验通过
2026-02-27 10:00:25,466 - INFO - CaseID:75 - QUERY字段：基础语义模糊匹配通过
2026-02-27 10:00:25,468 - INFO - CaseID:75 - 整体结果: PASS | 详情: 所有字段校验通过
2026-02-27 10:00:25,468 - INFO - CaseID:76 - APINAME字段：QASearch↔worthbuy，判定通过
2026-02-27 10:00:25,468 - INFO - CaseID:76 - CATEGORY字段：标准答案含「其他问答」，模型输出任意值通过
2026-02-27 10:00:29,414 - INFO - CaseID:76 - QUERY字段：基础语义模糊匹配通过
2026-02-27 10:00:29,415 - INFO - CaseID:76 - TAG字段：有交集（{'星巴克'}），判定通过
2026-02-27 10:00:29,415 - INFO - CaseID:76 - 整体结果: PASS | 详情: 所有字段校验通过
2026-02-27 10:00:33,228 - INFO - CaseID:77 - QUERY字段：基础语义模糊匹配通过
2026-02-27 10:00:33,229 - INFO - CaseID:77 - 整体结果: PASS | 详情: 所有字段校验通过
2026-02-27 10:00:37,529 - INFO - CaseID:78 - QUERY字段：基础语义模糊匹配通过
2026-02-27 10:00:37,530 - INFO - CaseID:78 - 整体结果: PASS | 详情: 所有字段校验通过
2026-02-27 10:00:41,270 - INFO - CaseID:79 - QUERY字段：基础语义模糊匹配通过
2026-02-27 10:00:41,270 - INFO - CaseID:79 - 整体结果: PASS | 详情: 所有字段校验通过
2026-02-27 10:00:45,261 - INFO - CaseID:80 - QUERY字段：基础语义模糊匹配通过
2026-02-27 10:00:45,261 - INFO - CaseID:80 - 整体结果: FAILED | 详情: APINAME不匹配：预期[visual_search]，实际[worthbuy]; CATEGORY不匹配：一方为空 - 预期[]，实际[商品查询-确定商品]; TAG不匹配：一方为空 - 预期[]，实际[竹香乌龙茶&售价]
2026-02-27 10:00:45,262 - INFO - CaseID:81 - CATEGORY字段：交集匹配（{'健康'}），判定通过
2026-02-27 10:00:49,383 - INFO - CaseID:81 - QUERY字段：基础语义模糊匹配通过
2026-02-27 10:00:49,384 - INFO - CaseID:81 - TAG字段：有交集（{'原料', '竹叶青'}），判定通过
2026-02-27 10:00:49,384 - INFO - CaseID:81 - 整体结果: PASS | 详情: 所有字段校验通过
2026-02-27 10:00:49,385 - INFO - CaseID:82 - CATEGORY字段：模型输出含「其他问答」，该字段通过
2026-02-27 10:00:53,309 - INFO - CaseID:82 - QUERY字段：基础语义模糊匹配通过
2026-02-27 10:00:53,309 - INFO - CaseID:82 - 整体结果: FAILED | 详情: APINAME不匹配：预期[visual_search]，实际[QASearch]; TAG不匹配：一方为空 - 预期[]，实际[牛奶饮品&容量]
2026-02-27 10:00:57,271 - INFO - CaseID:83 - QUERY字段：基础语义模糊匹配通过
2026-02-27 10:00:57,271 - INFO - CaseID:83 - 整体结果: PASS | 详情: 所有字段校验通过
2026-02-27 10:00:57,271 - INFO - CaseID:84 - CATEGORY字段：标准答案含「其他问答」，模型输出任意值通过
2026-02-27 10:01:00,909 - INFO - CaseID:84 - QUERY字段：基础语义模糊匹配通过
2026-02-27 10:01:00,910 - INFO - CaseID:84 - TAG字段：有交集（{'绿茶饮品', '营养价值'}），判定通过
2026-02-27 10:01:00,910 - INFO - CaseID:84 - 整体结果: PASS | 详情: 所有字段校验通过
2026-02-27 10:01:04,976 - INFO - CaseID:85 - QUERY字段：基础语义模糊匹配通过
2026-02-27 10:01:04,977 - INFO - CaseID:85 - 整体结果: FAILED | 详情: APINAME不匹配：预期[visual_search]，实际[skill_search]
2026-02-27 10:01:04,978 - INFO - CaseID:86 - CATEGORY字段：交集匹配（{'生物'}），判定通过
2026-02-27 10:01:08,895 - INFO - CaseID:86 - QUERY字段：基础语义模糊匹配通过
2026-02-27 10:01:08,895 - INFO - CaseID:86 - TAG字段：有交集（{'布偶猫', '生活习性'}），判定通过
2026-02-27 10:01:08,895 - INFO - CaseID:86 - 整体结果: PASS | 详情: 所有字段校验通过
2026-02-27 10:01:08,896 - INFO - CaseID:87 - CATEGORY字段：交集匹配（{'生物'}），判定通过
2026-02-27 10:01:12,839 - INFO - CaseID:87 - QUERY字段：基础语义模糊匹配通过
2026-02-27 10:01:12,840 - INFO - CaseID:87 - TAG字段：有交集（{'喜马拉雅猫', '生活习性'}），判定通过
2026-02-27 10:01:12,840 - INFO - CaseID:87 - 整体结果: PASS | 详情: 所有字段校验通过
2026-02-27 10:01:12,841 - INFO - CaseID:88 - CATEGORY字段：标准答案含「其他问答」，模型输出任意值通过
2026-02-27 10:01:16,868 - INFO - CaseID:88 - QUERY字段：基础语义模糊匹配通过
2026-02-27 10:01:16,869 - INFO - CaseID:88 - TAG字段：有交集（{'布偶猫'}），判定通过
2026-02-27 10:01:16,870 - INFO - CaseID:88 - 整体结果: PASS | 详情: 所有字段校验通过
2026-02-27 10:01:16,871 - INFO - CaseID:89 - CATEGORY字段：标准答案含「其他问答」，模型输出任意值通过
2026-02-27 10:01:20,946 - INFO - CaseID:89 - QUERY字段：基础语义模糊匹配通过
2026-02-27 10:01:20,947 - INFO - CaseID:89 - TAG字段：有交集（{'布偶猫', '价格'}），判定通过
2026-02-27 10:01:20,947 - INFO - CaseID:89 - 整体结果: PASS | 详情: 所有字段校验通过
2026-02-27 10:01:20,948 - INFO - CaseID:90 - CATEGORY字段：交集匹配（{'生物'}），判定通过
2026-02-27 10:01:25,023 - INFO - CaseID:90 - QUERY字段：基础语义模糊匹配通过
2026-02-27 10:01:25,024 - INFO - CaseID:90 - TAG字段：有交集（{'土耳其安哥拉猫'}），判定通过
2026-02-27 10:01:25,024 - INFO - CaseID:90 - 整体结果: PASS | 详情: 所有字段校验通过
2026-02-27 10:01:25,024 - INFO - CaseID:91 - CATEGORY字段：交集匹配（{'生物'}），判定通过
2026-02-27 10:01:28,645 - INFO - CaseID:91 - TAG字段：有交集（{'波斯猫'}），判定通过
2026-02-27 10:01:28,646 - INFO - CaseID:91 - 整体结果: FAILED | 详情: QUERY不匹配：基础语义模糊匹配失败 - 预期[波斯猫是一种什么动物]，实际[波斯猫的简介]
2026-02-27 10:01:28,646 - INFO - CaseID:92 - CATEGORY字段：标准答案含「其他问答」，模型输出任意值通过
2026-02-27 10:01:32,415 - INFO - CaseID:92 - QUERY字段：基础语义模糊匹配通过
2026-02-27 10:01:32,415 - INFO - CaseID:92 - TAG字段：有交集（{'眼睛', '波斯猫', '颜色'}），判定通过
2026-02-27 10:01:32,415 - INFO - CaseID:92 - 整体结果: PASS | 详情: 所有字段校验通过
2026-02-27 10:01:36,199 - INFO - CaseID:93 - QUERY字段：基础语义模糊匹配通过
2026-02-27 10:01:36,199 - INFO - CaseID:93 - 整体结果: PASS | 详情: 所有字段校验通过
2026-02-27 10:01:36,199 - INFO - CaseID:94 - CATEGORY字段：标准答案含「其他问答」，模型输出任意值通过
2026-02-27 10:01:39,850 - INFO - CaseID:94 - QUERY字段：基础语义模糊匹配通过
2026-02-27 10:01:39,851 - INFO - CaseID:94 - TAG字段：有交集（{'波斯猫'}），判定通过
2026-02-27 10:01:39,851 - INFO - CaseID:94 - 整体结果: PASS | 详情: 所有字段校验通过
2026-02-27 10:01:39,851 - INFO - CaseID:95 - CATEGORY字段：标准答案含「其他问答」，模型输出任意值通过
2026-02-27 10:01:43,512 - INFO - CaseID:95 - QUERY字段：基础语义模糊匹配通过
2026-02-27 10:01:43,513 - INFO - CaseID:95 - TAG字段：有交集（{'培育'}），判定通过
2026-02-27 10:01:43,513 - INFO - CaseID:95 - 整体结果: PASS | 详情: 所有字段校验通过
2026-02-27 10:01:43,513 - INFO - CaseID:96 - CATEGORY字段：交集匹配（{'生物'}），判定通过
2026-02-27 10:01:47,404 - INFO - CaseID:96 - TAG字段：有交集（{'科属'}），判定通过
2026-02-27 10:01:47,404 - INFO - CaseID:96 - 整体结果: FAILED | 详情: QUERY不匹配：基础语义模糊匹配失败 - 预期[黄色月季花的科属]，实际[月季花的科属]
2026-02-27 10:01:47,405 - INFO - CaseID:97 - CATEGORY字段：交集匹配（{'生物'}），判定通过
2026-02-27 10:01:51,052 - INFO - CaseID:97 - QUERY字段：基础语义模糊匹配通过
2026-02-27 10:01:51,052 - INFO - CaseID:97 - TAG字段：有交集（{'花语', '玫瑰花'}），判定通过
2026-02-27 10:01:51,052 - INFO - CaseID:97 - 整体结果: PASS | 详情: 所有字段校验通过
2026-02-27 10:01:54,593 - INFO - CaseID:98 - QUERY字段：基础语义模糊匹配通过
2026-02-27 10:01:54,594 - INFO - CaseID:98 - TAG字段：有交集（{'有毒', '葡萄藤'}），判定通过
2026-02-27 10:01:54,594 - INFO - CaseID:98 - 整体结果: FAILED | 详情: CATEGORY不匹配：无交集 - 预期[生物]，实际[健康]
2026-02-27 10:01:54,594 - INFO - CaseID:99 - CATEGORY字段：交集匹配（{'生物'}），判定通过
2026-02-27 10:01:58,265 - INFO - CaseID:99 - QUERY字段：基础语义模糊匹配通过
2026-02-27 10:01:58,266 - INFO - CaseID:99 - TAG字段：有交集（{'适宜生长', '木芙蓉', '气候条件'}），判定通过
2026-02-27 10:01:58,266 - INFO - CaseID:99 - 整体结果: PASS | 详情: 所有字段校验通过
2026-02-27 10:01:58,267 - INFO - CaseID:100 - CATEGORY字段：交集匹配（{'生物'}），判定通过
2026-02-27 10:02:02,162 - INFO - CaseID:100 - QUERY字段：基础语义模糊匹配通过
2026-02-27 10:02:02,164 - INFO - CaseID:100 - TAG字段：有交集（{'木芙蓉'}），判定通过
2026-02-27 10:02:02,164 - INFO - CaseID:100 - 整体结果: PASS | 详情: 所有字段校验通过
2026-02-27 10:02:02,164 - INFO - CaseID:101 - CATEGORY字段：交集匹配（{'生物'}），判定通过
2026-02-27 10:02:06,337 - INFO - CaseID:101 - QUERY字段：基础语义模糊匹配通过
2026-02-27 10:02:06,338 - INFO - CaseID:101 - TAG字段：有交集（{'柚子树', '生长城市'}），判定通过
2026-02-27 10:02:06,338 - INFO - CaseID:101 - 整体结果: PASS | 详情: 所有字段校验通过
2026-02-27 10:02:06,339 - INFO - CaseID:102 - CATEGORY字段：交集匹配（{'健康'}），判定通过
2026-02-27 10:02:10,361 - INFO - CaseID:102 - QUERY字段：基础语义模糊匹配通过
2026-02-27 10:02:10,361 - INFO - CaseID:102 - TAG字段：有交集（{'柚子', '医学作用'}），判定通过
2026-02-27 10:02:10,362 - INFO - CaseID:102 - 整体结果: PASS | 详情: 所有字段校验通过
2026-02-27 10:02:10,362 - INFO - CaseID:103 - CATEGORY字段：标准答案含「其他问答」，模型输出任意值通过
2026-02-27 10:02:14,400 - INFO - CaseID:103 - QUERY字段：基础语义模糊匹配通过
2026-02-27 10:02:14,401 - INFO - CaseID:103 - TAG字段：有交集（{'百合科', '花卉'}），判定通过
2026-02-27 10:02:14,402 - INFO - CaseID:103 - 整体结果: PASS | 详情: 所有字段校验通过
2026-02-27 10:02:14,402 - INFO - CaseID:104 - CATEGORY字段：交集匹配（{'生物'}），判定通过
2026-02-27 10:02:18,295 - INFO - CaseID:104 - QUERY字段：基础语义模糊匹配通过
2026-02-27 10:02:18,296 - INFO - CaseID:104 - TAG字段：有交集（{'郁金香', '开花', '颜色'}），判定通过
2026-02-27 10:02:18,296 - INFO - CaseID:104 - 整体结果: PASS | 详情: 所有字段校验通过
2026-02-27 10:02:18,296 - INFO - CaseID:105 - CATEGORY字段：交集匹配（{'生物'}），判定通过
2026-02-27 10:02:22,058 - INFO - CaseID:105 - QUERY字段：基础语义模糊匹配通过
2026-02-27 10:02:22,058 - INFO - CaseID:105 - TAG字段：有交集（{'水仙百合', '别名'}），判定通过
2026-02-27 10:02:22,058 - INFO - CaseID:105 - 整体结果: PASS | 详情: 所有字段校验通过
2026-02-27 10:02:22,059 - INFO - CaseID:106 - CATEGORY字段：交集匹配（{'生物'}），判定通过
2026-02-27 10:02:25,869 - INFO - CaseID:106 - QUERY字段：基础语义模糊匹配通过
2026-02-27 10:02:25,870 - INFO - CaseID:106 - TAG字段：有交集（{'通常', '落羽杉', '高度'}），判定通过
2026-02-27 10:02:25,870 - INFO - CaseID:106 - 整体结果: PASS | 详情: 所有字段校验通过
2026-02-27 10:02:25,870 - INFO - CaseID:107 - CATEGORY字段：交集匹配（{'生物'}），判定通过
2026-02-27 10:02:29,562 - INFO - CaseID:107 - QUERY字段：基础语义模糊匹配通过
2026-02-27 10:02:29,563 - INFO - CaseID:107 - TAG字段：有交集（{'水杉'}），判定通过
2026-02-27 10:02:29,563 - INFO - CaseID:107 - 整体结果: PASS | 详情: 所有字段校验通过
2026-02-27 10:02:29,563 - INFO - CaseID:108 - CATEGORY字段：交集匹配（{'生物'}），判定通过
2026-02-27 10:02:33,238 - INFO - CaseID:108 - QUERY字段：基础语义模糊匹配通过
2026-02-27 10:02:33,238 - INFO - CaseID:108 - TAG字段：有交集（{'特点', '分布地区', '水杉'}），判定通过
2026-02-27 10:02:33,239 - INFO - CaseID:108 - 整体结果: PASS | 详情: 所有字段校验通过
2026-02-27 10:02:33,239 - INFO - CaseID:109 - CATEGORY字段：交集匹配（{'生物'}），判定通过
2026-02-27 10:02:36,929 - INFO - CaseID:109 - QUERY字段：基础语义模糊匹配通过
2026-02-27 10:02:36,930 - INFO - CaseID:109 - TAG字段：有交集（{'雏菊', '颜色'}），判定通过
2026-02-27 10:02:36,930 - INFO - CaseID:109 - 整体结果: PASS | 详情: 所有字段校验通过
2026-02-27 10:02:41,027 - INFO - CaseID:110 - QUERY字段：基础语义模糊匹配通过
2026-02-27 10:02:41,027 - INFO - CaseID:110 - TAG字段：有交集（{'功效', '洋甘菊'}），判定通过
2026-02-27 10:02:41,027 - INFO - CaseID:110 - 整体结果: FAILED | 详情: CATEGORY不匹配：无交集 - 预期[生物]，实际[健康]
2026-02-27 10:02:41,028 - INFO - CaseID:111 - CATEGORY字段：交集匹配（{'生物'}），判定通过
2026-02-27 10:02:44,712 - INFO - CaseID:111 - QUERY字段：基础语义模糊匹配通过
2026-02-27 10:02:44,714 - INFO - CaseID:111 - TAG字段：有交集（{'海棠树', '中药药材', '果实'}），判定通过
2026-02-27 10:02:44,714 - INFO - CaseID:111 - 整体结果: PASS | 详情: 所有字段校验通过
2026-02-27 10:02:44,714 - INFO - CaseID:112 - CATEGORY字段：交集匹配（{'生物'}），判定通过
2026-02-27 10:02:48,260 - INFO - CaseID:112 - QUERY字段：基础语义模糊匹配通过
2026-02-27 10:02:48,260 - INFO - CaseID:112 - TAG字段：有交集（{'适宜生长', '土壤类型', '海棠树'}），判定通过
2026-02-27 10:02:48,260 - INFO - CaseID:112 - 整体结果: PASS | 详情: 所有字段校验通过
2026-02-27 10:02:48,261 - INFO - CaseID:113 - CATEGORY字段：交集匹配（{'生物'}），判定通过
2026-02-27 10:02:52,081 - INFO - CaseID:113 - QUERY字段：基础语义模糊匹配通过
2026-02-27 10:02:52,081 - INFO - CaseID:113 - TAG字段：有交集（{'海棠树', '拉丁学名'}），判定通过
2026-02-27 10:02:52,081 - INFO - CaseID:113 - 整体结果: PASS | 详情: 所有字段校验通过
2026-02-27 10:02:52,082 - INFO - CaseID:114 - 整体结果: FAILED | 详情: 模型输出核心字段全为空，判定不通过
2026-02-27 10:02:52,082 - INFO - CaseID:115 - CATEGORY字段：交集匹配（{'生物'}），判定通过
2026-02-27 10:02:55,973 - INFO - CaseID:115 - QUERY字段：基础语义模糊匹配通过
2026-02-27 10:02:55,973 - INFO - CaseID:115 - TAG字段：有交集（{'玉兰树', '植物保护等级'}），判定通过
2026-02-27 10:02:55,974 - INFO - CaseID:115 - 整体结果: PASS | 详情: 所有字段校验通过
2026-02-27 10:02:55,974 - INFO - CaseID:116 - CATEGORY字段：交集匹配（{'生物'}），判定通过
2026-02-27 10:02:59,658 - INFO - CaseID:116 - QUERY字段：基础语义模糊匹配通过
2026-02-27 10:02:59,659 - INFO - CaseID:116 - TAG字段：有交集（{'玉兰树'}），判定通过
2026-02-27 10:02:59,660 - INFO - CaseID:116 - 整体结果: PASS | 详情: 所有字段校验通过
2026-02-27 10:02:59,660 - INFO - CaseID:117 - CATEGORY字段：交集匹配（{'生物'}），判定通过
2026-02-27 10:03:03,551 - INFO - CaseID:117 - QUERY字段：基础语义模糊匹配通过
2026-02-27 10:03:03,551 - INFO - CaseID:117 - TAG字段：有交集（{'喜光植物', '龟背竹'}），判定通过
2026-02-27 10:03:03,552 - INFO - CaseID:117 - 整体结果: PASS | 详情: 所有字段校验通过
2026-02-27 10:03:03,552 - INFO - CaseID:118 - CATEGORY字段：交集匹配（{'生物'}），判定通过
2026-02-27 10:03:07,529 - INFO - CaseID:118 - QUERY字段：基础语义模糊匹配通过
2026-02-27 10:03:07,530 - INFO - CaseID:118 - TAG字段：有交集（{'科属', '龟背竹'}），判定通过
2026-02-27 10:03:07,531 - INFO - CaseID:118 - 整体结果: PASS | 详情: 所有字段校验通过
2026-02-27 10:03:07,531 - INFO - CaseID:119 - CATEGORY字段：模型输出含「其他问答」，该字段通过
2026-02-27 10:03:11,429 - INFO - CaseID:119 - QUERY字段：基础语义模糊匹配通过
2026-02-27 10:03:11,429 - INFO - CaseID:119 - 整体结果: FAILED | 详情: APINAME不匹配：预期[visual_search]，实际[QASearch]; TAG不匹配：一方为空 - 预期[]，实际[黑色T恤&材质]
2026-02-27 10:03:15,220 - INFO - CaseID:120 - QUERY字段：基础语义模糊匹配通过
2026-02-27 10:03:15,220 - INFO - CaseID:120 - 整体结果: PASS | 详情: 所有字段校验通过
2026-02-27 10:03:19,116 - INFO - CaseID:121 - QUERY字段：基础语义模糊匹配通过
2026-02-27 10:03:19,117 - INFO - CaseID:121 - 整体结果: PASS | 详情: 所有字段校验通过
2026-02-27 10:03:19,118 - INFO - CaseID:122 - 整体结果: FAILED | 详情: 模型输出核心字段全为空，判定不通过
2026-02-27 10:03:23,556 - INFO - CaseID:123 - QUERY字段：基础语义模糊匹配通过
2026-02-27 10:03:23,557 - INFO - CaseID:123 - TAG字段：有交集（{'北方', '平均温度', '冬天'}），判定通过
2026-02-27 10:03:23,557 - INFO - CaseID:123 - 整体结果: FAILED | 详情: CATEGORY不匹配：无交集 - 预期[地理]，实际[地理通用]
2026-02-27 10:03:27,442 - INFO - CaseID:124 - QUERY字段：基础语义模糊匹配通过
2026-02-27 10:03:27,443 - INFO - CaseID:124 - 整体结果: PASS | 详情: 所有字段校验通过
2026-02-27 10:03:27,443 - INFO - CaseID:125 - CATEGORY字段：模型输出含「其他问答」，该字段通过
2026-02-27 10:03:31,172 - INFO - CaseID:125 - 整体结果: FAILED | 详情: APINAME不匹配：预期[visual_search]，实际[QASearch]; QUERY不匹配：基础语义模糊匹配失败 - 预期[这件夹克的款式怎么样]，实际[黑色防风防水夹克的款式]; TAG不匹配：一方为空 - 预期[]，实际[黑色&防风防水夹克&款式]
2026-02-27 10:03:35,499 - INFO - CaseID:126 - QUERY字段：基础语义模糊匹配通过
2026-02-27 10:03:35,499 - INFO - CaseID:126 - 整体结果: PASS | 详情: 所有字段校验通过
2026-02-27 10:03:35,499 - INFO - CaseID:127 - APINAME字段：QASearch↔worthbuy，判定通过
2026-02-27 10:03:35,499 - INFO - CaseID:127 - CATEGORY字段：标准答案含「其他问答」，模型输出任意值通过
2026-02-27 10:03:39,050 - INFO - CaseID:127 - QUERY字段：基础语义模糊匹配通过
2026-02-27 10:03:39,050 - INFO - CaseID:127 - TAG字段：有交集（{'适合搭配', '牛仔裤', '类型推荐'}），判定通过
2026-02-27 10:03:39,050 - INFO - CaseID:127 - 整体结果: PASS | 详情: 所有字段校验通过
2026-02-27 10:03:39,050 - INFO - CaseID:128 - CATEGORY字段：标准答案含「其他问答」，模型输出任意值通过
2026-02-27 10:03:42,671 - INFO - CaseID:128 - QUERY字段：基础语义模糊匹配通过
2026-02-27 10:03:42,672 - INFO - CaseID:128 - 整体结果: FAILED | 详情: TAG不匹配：无交集 - 预期[灰色休闲服&购买渠道]，实际[购买灰色休闲服&渠道]
2026-02-27 10:03:46,384 - INFO - CaseID:129 - QUERY字段：基础语义模糊匹配通过
2026-02-27 10:03:46,385 - INFO - CaseID:129 - 整体结果: PASS | 详情: 所有字段校验通过
2026-02-27 10:03:46,386 - INFO - CaseID:130 - 整体结果: FAILED | 详情: 模型输出核心字段全为空，判定不通过
2026-02-27 10:03:46,386 - INFO - CaseID:131 - 整体结果: FAILED | 详情: 模型输出核心字段全为空，判定不通过
2026-02-27 10:03:46,387 - INFO - CaseID:132 - CATEGORY字段：模型输出含「其他问答」，该字段通过
2026-02-27 10:03:50,133 - INFO - CaseID:132 - QUERY字段：基础语义模糊匹配通过
2026-02-27 10:03:50,134 - INFO - CaseID:132 - 整体结果: FAILED | 详情: APINAME不匹配：预期[visual_search]，实际[QASearch]; TAG不匹配：一方为空 - 预期[]，实际[拼色毛衣&编织方法]
2026-02-27 10:03:53,931 - INFO - CaseID:133 - QUERY字段：基础语义模糊匹配通过
2026-02-27 10:03:53,933 - INFO - CaseID:133 - 整体结果: PASS | 详情: 所有字段校验通过
2026-02-27 10:03:53,933 - INFO - CaseID:134 - CATEGORY字段：模型输出含「其他问答」，该字段通过
2026-02-27 10:03:57,611 - INFO - CaseID:134 - 整体结果: FAILED | 详情: APINAME不匹配：预期[visual_search]，实际[QASearch]; QUERY不匹配：基础语义模糊匹配失败 - 预期[这件灰色和深蓝色的搭配的衣服是国内的品牌吗]，实际[这件灰色和深蓝色条纹搭配的国内品牌衣服是什么]; TAG不匹配：一方为空 - 预期[]，实际[灰色&深蓝色条纹&国内品牌&衣服]
2026-02-27 10:03:57,612 - INFO - CaseID:135 - 整体结果: FAILED | 详情: 模型输出核心字段全为空，判定不通过
2026-02-27 10:04:01,498 - INFO - CaseID:136 - 整体结果: FAILED | 详情: APINAME不匹配：预期[visual_search]，实际[worthbuy]; CATEGORY不匹配：一方为空 - 预期[]，实际[商品查询-不确定商品]; QUERY不匹配：基础语义模糊匹配失败 - 预期[这件衣服的材质是什么]，实际[深色和浅色拼接设计的衣服的材质]; TAG不匹配：一方为空 - 预期[]，实际[深色&浅色&拼接设计&衣服&材质]
2026-02-27 10:04:05,033 - INFO - CaseID:137 - QUERY字段：基础语义模糊匹配通过
2026-02-27 10:04:05,034 - INFO - CaseID:137 - 整体结果: PASS | 详情: 所有字段校验通过
2026-02-27 10:04:08,641 - INFO - CaseID:138 - QUERY字段：基础语义模糊匹配通过
2026-02-27 10:04:08,642 - INFO - CaseID:138 - 整体结果: PASS | 详情: 所有字段校验通过
2026-02-27 10:04:08,642 - INFO - CaseID:139 - 整体结果: FAILED | 详情: 模型输出核心字段全为空，判定不通过
2026-02-27 10:04:08,642 - INFO - CaseID:140 - CATEGORY字段：标准答案含「其他问答」，模型输出任意值通过
2026-02-27 10:04:12,365 - INFO - CaseID:140 - 整体结果: FAILED | 详情: QUERY不匹配：基础语义模糊匹配失败 - 预期[羽绒服的价格]，实际[用户提到的厚实羽绒服的具体品牌或型号]; TAG不匹配：无交集 - 预期[羽绒服&价格]，实际[用户提到&厚实羽绒服&具体品牌或型号]
2026-02-27 10:04:12,366 - INFO - CaseID:141 - 整体结果: FAILED | 详情: 模型输出核心字段全为空，判定不通过
2026-02-27 10:04:16,177 - INFO - CaseID:142 - QUERY字段：基础语义模糊匹配通过
2026-02-27 10:04:16,177 - INFO - CaseID:142 - 整体结果: FAILED | 详情: APINAME不匹配：预期[visual_search]，实际[worthbuy]; CATEGORY不匹配：一方为空 - 预期[]，实际[商品查询-不确定商品]; TAG不匹配：一方为空 - 预期[]，实际[浅色羽绒服&款式&短款&长款]
2026-02-27 10:04:19,941 - INFO - CaseID:143 - QUERY字段：基础语义模糊匹配通过
2026-02-27 10:04:19,942 - INFO - CaseID:143 - 整体结果: PASS | 详情: 所有字段校验通过
2026-02-27 10:04:19,942 - INFO - CaseID:144 - CATEGORY字段：模型输出含「其他问答」，该字段通过
2026-02-27 10:04:24,037 - INFO - CaseID:144 - QUERY字段：基础语义模糊匹配通过
2026-02-27 10:04:24,038 - INFO - CaseID:144 - 整体结果: FAILED | 详情: APINAME不匹配：预期[visual_search]，实际[QASearch]; TAG不匹配：一方为空 - 预期[]，实际[条纹衬衫&材质]
2026-02-27 10:04:24,039 - INFO - CaseID:145 - 整体结果: FAILED | 详情: 模型输出核心字段全为空，判定不通过
2026-02-27 10:04:28,133 - INFO - CaseID:146 - QUERY字段：基础语义模糊匹配通过
2026-02-27 10:04:28,133 - INFO - CaseID:146 - 整体结果: PASS | 详情: 所有字段校验通过
2026-02-27 10:04:28,134 - INFO - CaseID:147 - CATEGORY字段：模型输出含「其他问答」，该字段通过
2026-02-27 10:04:31,820 - INFO - CaseID:147 - QUERY字段：基础语义模糊匹配通过
2026-02-27 10:04:31,821 - INFO - CaseID:147 - 整体结果: FAILED | 详情: APINAME不匹配：预期[visual_search]，实际[QASearch]; TAG不匹配：一方为空 - 预期[]，实际[蓝色条纹衬衫&适合&年龄范围]
2026-02-27 10:04:31,821 - INFO - CaseID:148 - CATEGORY字段：交集匹配（{'人物'}），判定通过
2026-02-27 10:04:35,380 - INFO - CaseID:148 - QUERY字段：基础语义模糊匹配通过
2026-02-27 10:04:35,381 - INFO - CaseID:148 - TAG字段：有交集（{'rocky'}），判定通过
2026-02-27 10:04:35,381 - INFO - CaseID:148 - 整体结果: PASS | 详情: 所有字段校验通过
2026-02-27 10:04:39,075 - INFO - CaseID:149 - QUERY字段：基础语义模糊匹配通过
2026-02-27 10:04:39,076 - INFO - CaseID:149 - TAG字段：有交集（{'动画', '小克'}），判定通过
2026-02-27 10:04:39,076 - INFO - CaseID:149 - 整体结果: FAILED | 详情: CATEGORY不匹配：无交集 - 预期[人物]，实际[影视]
2026-02-27 10:04:44,538 - INFO - 
=== 执行完成（总耗时：548.82秒）===
2026-02-27 10:04:44,539 - INFO - 总用例数：149 | 通过：101（67.79%） | 失败：48
