2026-02-27 17:08:49,596 - INFO - === 看世界规划对比工具（高性能原版逻辑）启动 ===
2026-02-27 17:08:49,734 - INFO - 成功加载飞书表格
2026-02-27 17:08:52,199 - INFO - 表格读取完成，共149行有效数据
2026-02-27 17:08:52,883 - INFO - CaseID:1 - QUERY字段：基础语义模糊匹配通过
2026-02-27 17:08:52,884 - INFO - CaseID:1 - 整体结果: PASS | 详情: 所有字段校验通过
2026-02-27 17:08:52,884 - INFO - CaseID:2 - CATEGORY字段：标准答案含「其他问答」，模型输出任意值通过
2026-02-27 17:08:54,118 - INFO - CaseID:2 - QUERY字段：基础语义模糊匹配通过
2026-02-27 17:08:54,118 - INFO - CaseID:2 - TAG字段：有交集（{'文蛤'}），判定通过
2026-02-27 17:08:54,119 - INFO - CaseID:2 - 整体结果: PASS | 详情: 所有字段校验通过
2026-02-27 17:08:55,926 - INFO - CaseID:3 - QUERY字段：基础语义模糊匹配通过
2026-02-27 17:08:55,926 - INFO - CaseID:3 - 整体结果: PASS | 详情: 所有字段校验通过
2026-02-27 17:08:57,288 - INFO - CaseID:4 - QUERY字段：基础语义模糊匹配通过
2026-02-27 17:08:57,288 - INFO - CaseID:4 - 整体结果: PASS | 详情: 所有字段校验通过
2026-02-27 17:08:57,289 - INFO - CaseID:5 - CATEGORY字段：标准答案含「其他问答」，模型输出任意值通过
2026-02-27 17:08:58,398 - INFO - CaseID:5 - QUERY字段：基础语义模糊匹配通过
2026-02-27 17:08:58,398 - INFO - CaseID:5 - TAG字段：有交集（{'大熊猫', '生物学特性'}），判定通过
2026-02-27 17:08:58,398 - INFO - CaseID:5 - 整体结果: PASS | 详情: 所有字段校验通过
2026-02-27 17:08:58,399 - INFO - CaseID:6 - CATEGORY字段：标准答案含「其他问答」，模型输出任意值通过
2026-02-27 17:08:59,593 - INFO - CaseID:6 - QUERY字段：基础语义模糊匹配通过
2026-02-27 17:08:59,593 - INFO - CaseID:6 - TAG字段：有交集（{'猕猴', '主要食物'}），判定通过
2026-02-27 17:08:59,593 - INFO - CaseID:6 - 整体结果: PASS | 详情: 所有字段校验通过
2026-02-27 17:09:00,895 - INFO - CaseID:7 - QUERY字段：基础语义模糊匹配通过
2026-02-27 17:09:00,895 - INFO - CaseID:7 - 整体结果: FAILED | 详情: APINAME不匹配：预期[visual_search]，实际[QASearch]; CATEGORY不匹配：一方为空 - 预期[]，实际[生物]; TAG不匹配：一方为空 - 预期[]，实际[猕猴&毛色]
2026-02-27 17:09:00,895 - INFO - CaseID:8 - CATEGORY字段：交集匹配（{'生物'}），判定通过
2026-02-27 17:09:02,776 - INFO - CaseID:8 - QUERY字段：基础语义模糊匹配通过
2026-02-27 17:09:02,777 - INFO - CaseID:8 - TAG字段：有交集（{'荷斯坦牛', '主要食物'}），判定通过
2026-02-27 17:09:02,777 - INFO - CaseID:8 - 整体结果: PASS | 详情: 所有字段校验通过
2026-02-27 17:09:02,777 - INFO - CaseID:9 - CATEGORY字段：标准答案含「其他问答」，模型输出任意值通过
2026-02-27 17:09:03,843 - INFO - CaseID:9 - TAG字段：有交集（{'黄牛'}），判定通过
2026-02-27 17:09:03,843 - INFO - CaseID:9 - 整体结果: FAILED | 详情: QUERY不匹配：基础语义模糊匹配失败 - 预期[黄牛的最长寿命是几年]，实际[黄牛的寿命]
2026-02-27 17:09:03,844 - INFO - CaseID:10 - CATEGORY字段：标准答案含「其他问答」，模型输出任意值通过
2026-02-27 17:09:05,291 - INFO - CaseID:10 - 整体结果: FAILED | 详情: QUERY不匹配：基础语义模糊匹配失败 - 预期[奶牛通常生活的地区]，实际[西门塔尔牛通常生活的地区]; TAG不匹配：无交集 - 预期[奶牛&来源地]，实际[西门塔尔牛&通常生活&地区]
2026-02-27 17:09:05,292 - INFO - CaseID:11 - CATEGORY字段：标准答案含「其他问答」，模型输出任意值通过
2026-02-27 17:09:06,350 - INFO - CaseID:11 - TAG字段：触发白名单（语义等价子串），判定通过
2026-02-27 17:09:06,351 - INFO - CaseID:11 - 整体结果: FAILED | 详情: QUERY不匹配：基础语义模糊匹配失败 - 预期[螳螂虾是生活在淡水环境里吗]，实际[皮皮虾后面的虾的生存环境]
2026-02-27 17:09:06,351 - INFO - CaseID:12 - CATEGORY字段：交集匹配（{'生物'}），判定通过
2026-02-27 17:09:07,822 - INFO - CaseID:12 - QUERY字段：基础语义模糊匹配通过
2026-02-27 17:09:07,822 - INFO - CaseID:12 - TAG字段：有交集（{'能够食用', '淡水蟹'}），判定通过
2026-02-27 17:09:07,822 - INFO - CaseID:12 - 整体结果: PASS | 详情: 所有字段校验通过
2026-02-27 17:09:07,823 - INFO - CaseID:13 - 整体结果: FAILED | 详情: 模型输出核心字段全为空，判定不通过
2026-02-27 17:09:07,823 - INFO - CaseID:14 - CATEGORY字段：交集匹配（{'生物'}），判定通过
2026-02-27 17:09:09,015 - INFO - CaseID:14 - QUERY字段：基础语义模糊匹配通过
2026-02-27 17:09:09,015 - INFO - CaseID:14 - TAG字段：有交集（{'生存环境', '寄居蟹'}），判定通过
2026-02-27 17:09:09,015 - INFO - CaseID:14 - 整体结果: PASS | 详情: 所有字段校验通过
2026-02-27 17:09:09,016 - INFO - CaseID:15 - CATEGORY字段：标准答案含「其他问答」，模型输出任意值通过
2026-02-27 17:09:10,449 - INFO - CaseID:15 - QUERY字段：基础语义模糊匹配通过
2026-02-27 17:09:10,449 - INFO - CaseID:15 - TAG字段：有交集（{'锦鲤'}），判定通过
2026-02-27 17:09:10,449 - INFO - CaseID:15 - 整体结果: PASS | 详情: 所有字段校验通过
2026-02-27 17:09:10,449 - INFO - CaseID:16 - CATEGORY字段：交集匹配（{'生物'}），判定通过
2026-02-27 17:09:12,043 - INFO - CaseID:16 - QUERY字段：基础语义模糊匹配通过
2026-02-27 17:09:12,043 - INFO - CaseID:16 - TAG字段：有交集（{'主要食物', '金鱼'}），判定通过
2026-02-27 17:09:12,043 - INFO - CaseID:16 - 整体结果: PASS | 详情: 所有字段校验通过
2026-02-27 17:09:12,044 - INFO - CaseID:17 - CATEGORY字段：交集匹配（{'生物'}），判定通过
2026-02-27 17:09:13,210 - INFO - CaseID:17 - QUERY字段：基础语义模糊匹配通过
2026-02-27 17:09:13,210 - INFO - CaseID:17 - TAG字段：有交集（{'骆驼', '主要分布', '国家'}），判定通过
2026-02-27 17:09:13,210 - INFO - CaseID:17 - 整体结果: PASS | 详情: 所有字段校验通过
2026-02-27 17:09:13,210 - INFO - CaseID:18 - CATEGORY字段：交集匹配（{'生物'}），判定通过
2026-02-27 17:09:14,718 - INFO - CaseID:18 - QUERY字段：基础语义模糊匹配通过
2026-02-27 17:09:14,718 - INFO - CaseID:18 - TAG字段：有交集（{'驼峰', '双峰驼', '作用'}），判定通过
2026-02-27 17:09:14,719 - INFO - CaseID:18 - 整体结果: PASS | 详情: 所有字段校验通过
2026-02-27 17:09:14,719 - INFO - CaseID:19 - CATEGORY字段：交集匹配（{'生物'}），判定通过
2026-02-27 17:09:15,810 - INFO - CaseID:19 - QUERY字段：基础语义模糊匹配通过
2026-02-27 17:09:15,810 - INFO - CaseID:19 - TAG字段：有交集（{'凤尾鱼', '名字', '来源'}），判定通过
2026-02-27 17:09:15,811 - INFO - CaseID:19 - 整体结果: PASS | 详情: 所有字段校验通过
2026-02-27 17:09:15,811 - INFO - CaseID:20 - CATEGORY字段：交集匹配（{'生物'}），判定通过
2026-02-27 17:09:17,024 - INFO - CaseID:20 - QUERY字段：基础语义模糊匹配通过
2026-02-27 17:09:17,024 - INFO - CaseID:20 - TAG字段：有交集（{'比目鱼'}），判定通过
2026-02-27 17:09:17,024 - INFO - CaseID:20 - 整体结果: PASS | 详情: 所有字段校验通过
2026-02-27 17:09:17,025 - INFO - CaseID:21 - CATEGORY字段：交集匹配（{'生物'}），判定通过
2026-02-27 17:09:18,616 - INFO - CaseID:21 - QUERY字段：基础语义模糊匹配通过
2026-02-27 17:09:18,617 - INFO - CaseID:21 - TAG字段：有交集（{'海鲈鱼', '肉食性动物'}），判定通过
2026-02-27 17:09:18,617 - INFO - CaseID:21 - 整体结果: PASS | 详情: 所有字段校验通过
2026-02-27 17:09:18,617 - INFO - CaseID:22 - CATEGORY字段：标准答案含「其他问答」，模型输出任意值通过
2026-02-27 17:09:20,121 - INFO - CaseID:22 - QUERY字段：基础语义模糊匹配通过
2026-02-27 17:09:20,122 - INFO - CaseID:22 - TAG字段：有交集（{'烹饪方法', '鲫鱼', '最好吃'}），判定通过
2026-02-27 17:09:20,122 - INFO - CaseID:22 - 整体结果: PASS | 详情: 所有字段校验通过
2026-02-27 17:09:20,122 - INFO - CaseID:23 - CATEGORY字段：交集匹配（{'生物'}），判定通过
2026-02-27 17:09:21,475 - INFO - CaseID:23 - QUERY字段：基础语义模糊匹配通过
2026-02-27 17:09:21,476 - INFO - CaseID:23 - TAG字段：有交集（{'概率', '捕获', '大嘴鲈鱼'}），判定通过
2026-02-27 17:09:21,476 - INFO - CaseID:23 - 整体结果: PASS | 详情: 所有字段校验通过
2026-02-27 17:09:21,476 - INFO - CaseID:24 - CATEGORY字段：交集匹配（{'生物'}），判定通过
2026-02-27 17:09:22,589 - INFO - CaseID:24 - QUERY字段：基础语义模糊匹配通过
2026-02-27 17:09:22,589 - INFO - CaseID:24 - TAG字段：有交集（{'小比目鱼', '科属'}），判定通过
2026-02-27 17:09:22,589 - INFO - CaseID:24 - 整体结果: PASS | 详情: 所有字段校验通过
2026-02-27 17:09:22,590 - INFO - CaseID:25 - 整体结果: FAILED | 详情: 模型输出核心字段全为空，判定不通过
2026-02-27 17:09:22,590 - INFO - CaseID:26 - CATEGORY字段：触发白名单（人物→影视），判定通过
2026-02-27 17:09:24,019 - INFO - CaseID:26 - TAG字段：有交集（{'小猪佩奇'}），判定通过
2026-02-27 17:09:24,020 - INFO - CaseID:26 - 整体结果: FAILED | 详情: QUERY不匹配：基础语义模糊匹配失败 - 预期[小猪佩奇是哪国的动画片]，实际[小猪佩奇的制片地区]
2026-02-27 17:09:24,020 - INFO - CaseID:27 - APINAME字段：QASearch↔worthbuy，判定通过
2026-02-27 17:09:24,020 - INFO - CaseID:27 - CATEGORY字段：标准答案含「其他问答」，模型输出任意值通过
2026-02-27 17:09:25,398 - INFO - CaseID:27 - QUERY字段：基础语义模糊匹配通过
2026-02-27 17:09:25,398 - INFO - CaseID:27 - TAG字段：有交集（{'小猪佩奇玩偶'}），判定通过
2026-02-27 17:09:25,399 - INFO - CaseID:27 - 整体结果: PASS | 详情: 所有字段校验通过
2026-02-27 17:09:25,399 - INFO - CaseID:28 - APINAME字段：QASearch↔worthbuy，判定通过
2026-02-27 17:09:25,399 - INFO - CaseID:28 - CATEGORY字段：标准答案含「其他问答」，模型输出任意值通过
2026-02-27 17:09:26,613 - INFO - CaseID:28 - QUERY字段：基础语义模糊匹配通过
2026-02-27 17:09:26,614 - INFO - CaseID:28 - TAG字段：有交集（{'售价'}），判定通过
2026-02-27 17:09:26,614 - INFO - CaseID:28 - 整体结果: PASS | 详情: 所有字段校验通过
2026-02-27 17:09:26,614 - INFO - CaseID:29 - CATEGORY字段：交集匹配（{'影视'}），判定通过
2026-02-27 17:09:27,799 - INFO - CaseID:29 - QUERY字段：基础语义模糊匹配通过
2026-02-27 17:09:27,799 - INFO - CaseID:29 - TAG字段：有交集（{'小猪佩奇'}），判定通过
2026-02-27 17:09:27,799 - INFO - CaseID:29 - 整体结果: PASS | 详情: 所有字段校验通过
2026-02-27 17:09:27,800 - INFO - CaseID:30 - CATEGORY字段：交集匹配（{'人物'}），判定通过
2026-02-27 17:09:28,972 - INFO - CaseID:30 - QUERY字段：基础语义模糊匹配通过
2026-02-27 17:09:28,973 - INFO - CaseID:30 - TAG字段：有交集（{'佩奇', '事情', '最喜欢'}），判定通过
2026-02-27 17:09:28,973 - INFO - CaseID:30 - 整体结果: PASS | 详情: 所有字段校验通过
2026-02-27 17:09:28,973 - INFO - CaseID:31 - APINAME字段：QASearch↔worthbuy，判定通过
2026-02-27 17:09:28,973 - INFO - CaseID:31 - CATEGORY字段：标准答案含「其他问答」，模型输出任意值通过
2026-02-27 17:09:30,122 - INFO - CaseID:31 - QUERY字段：基础语义模糊匹配通过
2026-02-27 17:09:30,123 - INFO - CaseID:31 - TAG字段：有交集（{'适合年龄'}），判定通过
2026-02-27 17:09:30,123 - INFO - CaseID:31 - 整体结果: PASS | 详情: 所有字段校验通过
2026-02-27 17:09:31,791 - INFO - CaseID:32 - QUERY字段：基础语义模糊匹配通过
2026-02-27 17:09:31,791 - INFO - CaseID:32 - 整体结果: PASS | 详情: 所有字段校验通过
2026-02-27 17:09:34,205 - INFO - CaseID:33 - QUERY字段：基础语义模糊匹配通过
2026-02-27 17:09:34,205 - INFO - CaseID:33 - 整体结果: PASS | 详情: 所有字段校验通过
2026-02-27 17:09:35,438 - INFO - CaseID:34 - QUERY字段：基础语义模糊匹配通过
2026-02-27 17:09:35,438 - INFO - CaseID:34 - 整体结果: PASS | 详情: 所有字段校验通过
2026-02-27 17:09:36,581 - INFO - CaseID:35 - QUERY字段：基础语义模糊匹配通过
2026-02-27 17:09:36,581 - INFO - CaseID:35 - 整体结果: PASS | 详情: 所有字段校验通过
2026-02-27 17:09:37,789 - INFO - CaseID:36 - QUERY字段：基础语义模糊匹配通过
2026-02-27 17:09:37,789 - INFO - CaseID:36 - 整体结果: FAILED | 详情: APINAME不匹配：预期[visual_search]，实际[QASearch]; CATEGORY不匹配：一方为空 - 预期[]，实际[影视]; TAG不匹配：一方为空 - 预期[]，实际[粉红色&卡通猪玩偶&动画片&角色]
2026-02-27 17:09:37,790 - INFO - CaseID:37 - CATEGORY字段：交集匹配（{'人物'}），判定通过
2026-02-27 17:09:39,127 - INFO - CaseID:37 - QUERY字段：基础语义模糊匹配通过
2026-02-27 17:09:39,127 - INFO - CaseID:37 - TAG字段：有交集（{'skye', '配音演员'}），判定通过
2026-02-27 17:09:39,127 - INFO - CaseID:37 - 整体结果: PASS | 详情: 所有字段校验通过
2026-02-27 17:09:39,128 - INFO - CaseID:38 - CATEGORY字段：标准答案含「其他问答」，模型输出任意值通过
2026-02-27 17:09:40,351 - INFO - CaseID:38 - QUERY字段：基础语义模糊匹配通过
2026-02-27 17:09:40,352 - INFO - CaseID:38 - TAG字段：有交集（{'小狗毛绒玩具', '穿着粉色衣服', '别名'}），判定通过
2026-02-27 17:09:40,352 - INFO - CaseID:38 - 整体结果: PASS | 详情: 所有字段校验通过
2026-02-27 17:09:40,352 - INFO - CaseID:39 - CATEGORY字段：交集匹配（{'人物'}），判定通过
2026-02-27 17:09:41,522 - INFO - CaseID:39 - QUERY字段：基础语义模糊匹配通过
2026-02-27 17:09:41,522 - INFO - CaseID:39 - TAG字段：有交集（{'职业', 'rubble'}），判定通过
2026-02-27 17:09:41,522 - INFO - CaseID:39 - 整体结果: PASS | 详情: 所有字段校验通过
2026-02-27 17:09:42,999 - INFO - CaseID:40 - QUERY字段：基础语义模糊匹配通过
2026-02-27 17:09:43,000 - INFO - CaseID:40 - 整体结果: PASS | 详情: 所有字段校验通过
2026-02-27 17:09:43,000 - INFO - CaseID:41 - CATEGORY字段：模型输出含「其他问答」，该字段通过
2026-02-27 17:09:44,500 - INFO - CaseID:41 - QUERY字段：基础语义模糊匹配通过
2026-02-27 17:09:44,501 - INFO - CaseID:41 - 整体结果: FAILED | 详情: APINAME不匹配：预期[visual_search]，实际[QASearch]; TAG不匹配：一方为空 - 预期[]，实际[小砾公仔&颜色]
2026-02-27 17:09:45,718 - INFO - CaseID:42 - QUERY字段：基础语义模糊匹配通过
2026-02-27 17:09:45,718 - INFO - CaseID:42 - 整体结果: FAILED | 详情: APINAME不匹配：预期[visual_search]，实际[AUTOSearch]; CATEGORY不匹配：一方为空 - 预期[]，实际[汽车]; TAG不匹配：一方为空 - 预期[]，实际[玩具小狗&材质]
2026-02-27 17:09:46,910 - INFO - CaseID:43 - QUERY字段：基础语义模糊匹配通过
2026-02-27 17:09:46,910 - INFO - CaseID:43 - 整体结果: FAILED | 详情: APINAME不匹配：预期[visual_search]，实际[QASearch]; CATEGORY不匹配：一方为空 - 预期[]，实际[生物]; TAG不匹配：一方为空 - 预期[]，实际[穿着消防员制服&小狗&名字]
2026-02-27 17:09:46,910 - INFO - CaseID:44 - CATEGORY字段：交集匹配（{'影视'}），判定通过
2026-02-27 17:09:48,821 - INFO - CaseID:44 - TAG字段：有交集（{'汪汪队立大功', '时效性'}），判定通过
2026-02-27 17:09:48,821 - INFO - CaseID:44 - 整体结果: FAILED | 详情: QUERY不匹配：基础语义模糊匹配失败 - 预期[汪汪队立大功目前出到第几季了]，实际[汪汪队立大功的集数]
2026-02-27 17:09:48,821 - INFO - CaseID:45 - CATEGORY字段：标准答案含「其他问答」，模型输出任意值通过
2026-02-27 17:09:49,977 - INFO - CaseID:45 - QUERY字段：基础语义模糊匹配通过
2026-02-27 17:09:49,978 - INFO - CaseID:45 - TAG字段：有交集（{'汪汪队立大功', '购买渠道'}），判定通过
2026-02-27 17:09:49,978 - INFO - CaseID:45 - 整体结果: PASS | 详情: 所有字段校验通过
2026-02-27 17:09:51,137 - INFO - CaseID:46 - QUERY字段：基础语义模糊匹配通过
2026-02-27 17:09:51,137 - INFO - CaseID:46 - 整体结果: PASS | 详情: 所有字段校验通过
2026-02-27 17:09:51,137 - INFO - CaseID:47 - CATEGORY字段：触发白名单（人物→公司），判定通过
2026-02-27 17:09:53,105 - INFO - CaseID:47 - QUERY字段：基础语义模糊匹配通过
2026-02-27 17:09:53,105 - INFO - CaseID:47 - TAG字段：有交集（{'rocky', '车辆编号'}），判定通过
2026-02-27 17:09:53,106 - INFO - CaseID:47 - 整体结果: PASS | 详情: 所有字段校验通过
2026-02-27 17:09:53,106 - INFO - CaseID:48 - CATEGORY字段：标准答案含「其他问答」，模型输出任意值通过
2026-02-27 17:09:54,549 - INFO - CaseID:48 - QUERY字段：基础语义模糊匹配通过
2026-02-27 17:09:54,550 - INFO - CaseID:48 - TAG字段：有交集（{'汪汪队立大功', '受众年龄'}），判定通过
2026-02-27 17:09:54,551 - INFO - CaseID:48 - 整体结果: PASS | 详情: 所有字段校验通过
2026-02-27 17:09:54,551 - INFO - CaseID:49 - CATEGORY字段：标准答案含「其他问答」，模型输出任意值通过
2026-02-27 17:09:56,337 - INFO - CaseID:49 - QUERY字段：基础语义模糊匹配通过
2026-02-27 17:09:56,338 - INFO - CaseID:49 - TAG字段：有交集（{'购买地点', '灰灰公仔'}），判定通过
2026-02-27 17:09:56,338 - INFO - CaseID:49 - 整体结果: PASS | 详情: 所有字段校验通过
2026-02-27 17:09:57,492 - INFO - CaseID:50 - QUERY字段：基础语义模糊匹配通过
2026-02-27 17:09:57,492 - INFO - CaseID:50 - 整体结果: PASS | 详情: 所有字段校验通过
2026-02-27 17:09:57,492 - INFO - CaseID:51 - CATEGORY字段：标准答案含「其他问答」，模型输出任意值通过
2026-02-27 17:09:59,480 - INFO - CaseID:51 - QUERY字段：基础语义模糊匹配通过
2026-02-27 17:09:59,480 - INFO - CaseID:51 - TAG字段：有交集（{'功能', '入耳式耳机'}），判定通过
2026-02-27 17:09:59,480 - INFO - CaseID:51 - 整体结果: FAILED | 详情: APINAME不匹配：预期[QASearch]，实际[AUTOSearch]
2026-02-27 17:09:59,481 - INFO - CaseID:52 - CATEGORY字段：标准答案含「其他问答」，模型输出任意值通过
2026-02-27 17:10:00,720 - INFO - CaseID:52 - QUERY字段：基础语义模糊匹配通过
2026-02-27 17:10:00,721 - INFO - CaseID:52 - TAG字段：有交集（{'舒服', '入耳式耳机', '长时间佩戴'}），判定通过
2026-02-27 17:10:00,721 - INFO - CaseID:52 - 整体结果: PASS | 详情: 所有字段校验通过
2026-02-27 17:10:01,838 - INFO - CaseID:53 - QUERY字段：基础语义模糊匹配通过
2026-02-27 17:10:01,838 - INFO - CaseID:53 - 整体结果: PASS | 详情: 所有字段校验通过
2026-02-27 17:10:01,838 - INFO - CaseID:54 - APINAME字段：QASearch↔worthbuy，判定通过
2026-02-27 17:10:01,839 - INFO - CaseID:54 - CATEGORY字段：标准答案含「其他问答」，模型输出任意值通过
2026-02-27 17:10:03,801 - INFO - CaseID:54 - QUERY字段：基础语义模糊匹配通过
2026-02-27 17:10:03,801 - INFO - CaseID:54 - TAG字段：有交集（{'好处', '无线耳机'}），判定通过
2026-02-27 17:10:03,801 - INFO - CaseID:54 - 整体结果: PASS | 详情: 所有字段校验通过
2026-02-27 17:10:05,537 - INFO - CaseID:55 - QUERY字段：基础语义模糊匹配通过
2026-02-27 17:10:05,537 - INFO - CaseID:55 - 整体结果: PASS | 详情: 所有字段校验通过
2026-02-27 17:10:06,834 - INFO - CaseID:56 - QUERY字段：基础语义模糊匹配通过
2026-02-27 17:10:06,834 - INFO - CaseID:56 - 整体结果: PASS | 详情: 所有字段校验通过
2026-02-27 17:10:06,835 - INFO - CaseID:57 - CATEGORY字段：标准答案含「其他问答」，模型输出任意值通过
2026-02-27 17:10:08,014 - INFO - CaseID:57 - TAG字段：有交集（{'遥控器'}），判定通过
2026-02-27 17:10:08,014 - INFO - CaseID:57 - 整体结果: FAILED | 详情: APINAME不匹配：预期[QASearch]，实际[AUTOSearch]; QUERY不匹配：基础语义模糊匹配失败 - 预期[遥控器的用途是什么]，实际[遥控器的简介]
2026-02-27 17:10:08,015 - INFO - CaseID:58 - CATEGORY字段：标准答案含「其他问答」，模型输出任意值通过
2026-02-27 17:10:09,637 - INFO - CaseID:58 - QUERY字段：基础语义模糊匹配通过
2026-02-27 17:10:09,637 - INFO - CaseID:58 - 整体结果: FAILED | 详情: APINAME不匹配：预期[QASearch]，实际[visual_search]; TAG不匹配：一方为空 - 预期[遥控器&控制&机器]，实际[]
2026-02-27 17:10:10,881 - INFO - CaseID:59 - QUERY字段：基础语义模糊匹配通过
2026-02-27 17:10:10,882 - INFO - CaseID:59 - 整体结果: PASS | 详情: 所有字段校验通过
2026-02-27 17:10:10,882 - INFO - CaseID:60 - CATEGORY字段：标准答案含「其他问答」，模型输出任意值通过
2026-02-27 17:10:12,019 - INFO - CaseID:60 - QUERY字段：基础语义模糊匹配通过
2026-02-27 17:10:12,019 - INFO - CaseID:60 - TAG字段：有交集（{'空调遥控器', '组成'}），判定通过
2026-02-27 17:10:12,019 - INFO - CaseID:60 - 整体结果: FAILED | 详情: APINAME不匹配：预期[QASearch]，实际[AUTOSearch]
2026-02-27 17:10:13,854 - INFO - CaseID:61 - QUERY字段：基础语义模糊匹配通过
2026-02-27 17:10:13,854 - INFO - CaseID:61 - 整体结果: PASS | 详情: 所有字段校验通过
2026-02-27 17:10:15,255 - INFO - CaseID:62 - QUERY字段：基础语义模糊匹配通过
2026-02-27 17:10:15,255 - INFO - CaseID:62 - 整体结果: PASS | 详情: 所有字段校验通过
2026-02-27 17:10:15,256 - INFO - CaseID:63 - CATEGORY字段：标准答案含「其他问答」，模型输出任意值通过
2026-02-27 17:10:16,415 - INFO - CaseID:63 - QUERY字段：基础语义模糊匹配通过
2026-02-27 17:10:16,415 - INFO - CaseID:63 - TAG字段：有交集（{'麦克风', '工作原理'}），判定通过
2026-02-27 17:10:16,416 - INFO - CaseID:63 - 整体结果: FAILED | 详情: APINAME不匹配：预期[QASearch]，实际[AUTOSearch]
2026-02-27 17:10:16,416 - INFO - CaseID:64 - CATEGORY字段：标准答案含「其他问答」，模型输出任意值通过
2026-02-27 17:10:17,828 - INFO - CaseID:64 - QUERY字段：基础语义模糊匹配通过
2026-02-27 17:10:17,829 - INFO - CaseID:64 - TAG字段：有交集（{'麦克风', '售价'}），判定通过
2026-02-27 17:10:17,829 - INFO - CaseID:64 - 整体结果: FAILED | 详情: APINAME不匹配：预期[QASearch]，实际[AUTOSearch]
2026-02-27 17:10:17,829 - INFO - CaseID:65 - CATEGORY字段：标准答案含「其他问答」，模型输出任意值通过
2026-02-27 17:10:19,006 - INFO - CaseID:65 - QUERY字段：基础语义模糊匹配通过
2026-02-27 17:10:19,006 - INFO - CaseID:65 - TAG字段：有交集（{'频率', '女生', '使用发夹'}），判定通过
2026-02-27 17:10:19,006 - INFO - CaseID:65 - 整体结果: PASS | 详情: 所有字段校验通过
2026-02-27 17:10:20,172 - INFO - CaseID:66 - QUERY字段：基础语义模糊匹配通过
2026-02-27 17:10:20,172 - INFO - CaseID:66 - 整体结果: PASS | 详情: 所有字段校验通过
2026-02-27 17:10:21,520 - INFO - CaseID:67 - QUERY字段：基础语义模糊匹配通过
2026-02-27 17:10:21,520 - INFO - CaseID:67 - 整体结果: PASS | 详情: 所有字段校验通过
2026-02-27 17:10:21,520 - INFO - CaseID:68 - CATEGORY字段：标准答案含「其他问答」，模型输出任意值通过
2026-02-27 17:10:22,950 - INFO - CaseID:68 - QUERY字段：基础语义模糊匹配通过
2026-02-27 17:10:22,951 - INFO - CaseID:68 - TAG字段：有交集（{'遮光效果', '墨镜'}），判定通过
2026-02-27 17:10:22,951 - INFO - CaseID:68 - 整体结果: PASS | 详情: 所有字段校验通过
2026-02-27 17:10:22,951 - INFO - CaseID:69 - APINAME字段：QASearch↔worthbuy，判定通过
2026-02-27 17:10:22,952 - INFO - CaseID:69 - CATEGORY字段：标准答案含「其他问答」，模型输出任意值通过
2026-02-27 17:10:24,735 - INFO - CaseID:69 - QUERY字段：基础语义模糊匹配通过
2026-02-27 17:10:24,735 - INFO - CaseID:69 - TAG字段：有交集（{'拉链袋', '分类'}），判定通过
2026-02-27 17:10:24,735 - INFO - CaseID:69 - 整体结果: PASS | 详情: 所有字段校验通过
2026-02-27 17:10:26,022 - INFO - CaseID:70 - QUERY字段：基础语义模糊匹配通过
2026-02-27 17:10:26,023 - INFO - CaseID:70 - 整体结果: PASS | 详情: 所有字段校验通过
2026-02-27 17:10:26,023 - INFO - CaseID:71 - APINAME字段：QASearch↔worthbuy，判定通过
2026-02-27 17:10:26,023 - INFO - CaseID:71 - CATEGORY字段：标准答案含「其他问答」，模型输出任意值通过
2026-02-27 17:10:27,873 - INFO - CaseID:71 - QUERY字段：基础语义模糊匹配通过
2026-02-27 17:10:27,874 - INFO - CaseID:71 - TAG字段：有交集（{'混合坚果', '品牌'}），判定通过
2026-02-27 17:10:27,874 - INFO - CaseID:71 - 整体结果: PASS | 详情: 所有字段校验通过
2026-02-27 17:10:27,874 - INFO - CaseID:72 - CATEGORY字段：交集匹配（{'生物'}），判定通过
2026-02-27 17:10:29,190 - INFO - CaseID:72 - QUERY字段：基础语义模糊匹配通过
2026-02-27 17:10:29,191 - INFO - CaseID:72 - TAG字段：有交集（{'腰果', '生长环境'}），判定通过
2026-02-27 17:10:29,191 - INFO - CaseID:72 - 整体结果: PASS | 详情: 所有字段校验通过
2026-02-27 17:10:29,191 - INFO - CaseID:73 - CATEGORY字段：交集匹配（{'健康'}），判定通过
2026-02-27 17:10:30,446 - INFO - CaseID:73 - QUERY字段：基础语义模糊匹配通过
2026-02-27 17:10:30,446 - INFO - CaseID:73 - TAG字段：有交集（{'腰果', '营养价值'}），判定通过
2026-02-27 17:10:30,447 - INFO - CaseID:73 - 整体结果: PASS | 详情: 所有字段校验通过
2026-02-27 17:10:30,447 - INFO - CaseID:74 - CATEGORY字段：标准答案含「其他问答」，模型输出任意值通过
2026-02-27 17:10:31,690 - INFO - CaseID:74 - QUERY字段：基础语义模糊匹配通过
2026-02-27 17:10:31,690 - INFO - CaseID:74 - TAG字段：有交集（{'琦王花生', '口感'}），判定通过
2026-02-27 17:10:31,691 - INFO - CaseID:74 - 整体结果: PASS | 详情: 所有字段校验通过
2026-02-27 17:10:33,433 - INFO - CaseID:75 - QUERY字段：基础语义模糊匹配通过
2026-02-27 17:10:33,433 - INFO - CaseID:75 - 整体结果: PASS | 详情: 所有字段校验通过
2026-02-27 17:10:33,434 - INFO - CaseID:76 - APINAME字段：QASearch↔worthbuy，判定通过
2026-02-27 17:10:33,434 - INFO - CaseID:76 - CATEGORY字段：标准答案含「其他问答」，模型输出任意值通过
2026-02-27 17:10:34,563 - INFO - CaseID:76 - QUERY字段：基础语义模糊匹配通过
2026-02-27 17:10:34,564 - INFO - CaseID:76 - TAG字段：有交集（{'星巴克'}），判定通过
2026-02-27 17:10:34,564 - INFO - CaseID:76 - 整体结果: PASS | 详情: 所有字段校验通过
2026-02-27 17:10:35,858 - INFO - CaseID:77 - QUERY字段：基础语义模糊匹配通过
2026-02-27 17:10:35,858 - INFO - CaseID:77 - 整体结果: PASS | 详情: 所有字段校验通过
2026-02-27 17:10:37,038 - INFO - CaseID:78 - QUERY字段：基础语义模糊匹配通过
2026-02-27 17:10:37,038 - INFO - CaseID:78 - 整体结果: PASS | 详情: 所有字段校验通过
2026-02-27 17:10:38,459 - INFO - CaseID:79 - QUERY字段：基础语义模糊匹配通过
2026-02-27 17:10:38,459 - INFO - CaseID:79 - 整体结果: PASS | 详情: 所有字段校验通过
2026-02-27 17:10:39,744 - INFO - CaseID:80 - QUERY字段：基础语义模糊匹配通过
2026-02-27 17:10:39,745 - INFO - CaseID:80 - 整体结果: FAILED | 详情: APINAME不匹配：预期[visual_search]，实际[worthbuy]; CATEGORY不匹配：一方为空 - 预期[]，实际[商品查询-确定商品]; TAG不匹配：一方为空 - 预期[]，实际[竹香乌龙茶&售价]
2026-02-27 17:10:39,745 - INFO - CaseID:81 - CATEGORY字段：交集匹配（{'健康'}），判定通过
2026-02-27 17:10:40,895 - INFO - CaseID:81 - QUERY字段：基础语义模糊匹配通过
2026-02-27 17:10:40,895 - INFO - CaseID:81 - TAG字段：有交集（{'竹叶青', '原料'}），判定通过
2026-02-27 17:10:40,895 - INFO - CaseID:81 - 整体结果: PASS | 详情: 所有字段校验通过
2026-02-27 17:10:40,896 - INFO - CaseID:82 - CATEGORY字段：模型输出含「其他问答」，该字段通过
2026-02-27 17:10:42,436 - INFO - CaseID:82 - QUERY字段：基础语义模糊匹配通过
2026-02-27 17:10:42,436 - INFO - CaseID:82 - 整体结果: FAILED | 详情: APINAME不匹配：预期[visual_search]，实际[QASearch]; TAG不匹配：一方为空 - 预期[]，实际[牛奶饮品&容量]
2026-02-27 17:10:44,896 - INFO - CaseID:83 - QUERY字段：基础语义模糊匹配通过
2026-02-27 17:10:44,897 - INFO - CaseID:83 - 整体结果: PASS | 详情: 所有字段校验通过
2026-02-27 17:10:44,897 - INFO - CaseID:84 - CATEGORY字段：标准答案含「其他问答」，模型输出任意值通过
2026-02-27 17:10:46,082 - INFO - CaseID:84 - QUERY字段：基础语义模糊匹配通过
2026-02-27 17:10:46,082 - INFO - CaseID:84 - TAG字段：有交集（{'绿茶饮品', '营养价值'}），判定通过
2026-02-27 17:10:46,082 - INFO - CaseID:84 - 整体结果: PASS | 详情: 所有字段校验通过
2026-02-27 17:10:48,145 - INFO - CaseID:85 - QUERY字段：基础语义模糊匹配通过
2026-02-27 17:10:48,146 - INFO - CaseID:85 - 整体结果: FAILED | 详情: APINAME不匹配：预期[visual_search]，实际[skill_search]
2026-02-27 17:10:48,146 - INFO - CaseID:86 - CATEGORY字段：交集匹配（{'生物'}），判定通过
2026-02-27 17:10:49,452 - INFO - CaseID:86 - QUERY字段：基础语义模糊匹配通过
2026-02-27 17:10:49,452 - INFO - CaseID:86 - TAG字段：有交集（{'布偶猫', '生活习性'}），判定通过
2026-02-27 17:10:49,452 - INFO - CaseID:86 - 整体结果: PASS | 详情: 所有字段校验通过
2026-02-27 17:10:49,453 - INFO - CaseID:87 - CATEGORY字段：交集匹配（{'生物'}），判定通过
2026-02-27 17:10:50,674 - INFO - CaseID:87 - QUERY字段：基础语义模糊匹配通过
2026-02-27 17:10:50,674 - INFO - CaseID:87 - TAG字段：有交集（{'喜马拉雅猫', '生活习性'}），判定通过
2026-02-27 17:10:50,675 - INFO - CaseID:87 - 整体结果: PASS | 详情: 所有字段校验通过
2026-02-27 17:10:50,675 - INFO - CaseID:88 - CATEGORY字段：标准答案含「其他问答」，模型输出任意值通过
2026-02-27 17:10:52,227 - INFO - CaseID:88 - QUERY字段：基础语义模糊匹配通过
2026-02-27 17:10:52,228 - INFO - CaseID:88 - TAG字段：有交集（{'布偶猫'}），判定通过
2026-02-27 17:10:52,228 - INFO - CaseID:88 - 整体结果: PASS | 详情: 所有字段校验通过
2026-02-27 17:10:52,228 - INFO - CaseID:89 - CATEGORY字段：标准答案含「其他问答」，模型输出任意值通过
2026-02-27 17:10:53,656 - INFO - CaseID:89 - QUERY字段：基础语义模糊匹配通过
2026-02-27 17:10:53,656 - INFO - CaseID:89 - TAG字段：有交集（{'布偶猫', '价格'}），判定通过
2026-02-27 17:10:53,657 - INFO - CaseID:89 - 整体结果: PASS | 详情: 所有字段校验通过
2026-02-27 17:10:53,657 - INFO - CaseID:90 - CATEGORY字段：交集匹配（{'生物'}），判定通过
2026-02-27 17:10:55,175 - INFO - CaseID:90 - QUERY字段：基础语义模糊匹配通过
2026-02-27 17:10:55,175 - INFO - CaseID:90 - TAG字段：有交集（{'土耳其安哥拉猫'}），判定通过
2026-02-27 17:10:55,175 - INFO - CaseID:90 - 整体结果: PASS | 详情: 所有字段校验通过
2026-02-27 17:10:55,176 - INFO - CaseID:91 - CATEGORY字段：交集匹配（{'生物'}），判定通过
2026-02-27 17:10:56,536 - INFO - CaseID:91 - TAG字段：有交集（{'波斯猫'}），判定通过
2026-02-27 17:10:56,537 - INFO - CaseID:91 - 整体结果: FAILED | 详情: QUERY不匹配：基础语义模糊匹配失败 - 预期[波斯猫是一种什么动物]，实际[波斯猫的简介]
2026-02-27 17:10:56,537 - INFO - CaseID:92 - CATEGORY字段：标准答案含「其他问答」，模型输出任意值通过
2026-02-27 17:10:57,709 - INFO - CaseID:92 - QUERY字段：基础语义模糊匹配通过
2026-02-27 17:10:57,710 - INFO - CaseID:92 - TAG字段：有交集（{'波斯猫', '颜色', '眼睛'}），判定通过
2026-02-27 17:10:57,710 - INFO - CaseID:92 - 整体结果: PASS | 详情: 所有字段校验通过
2026-02-27 17:10:58,980 - INFO - CaseID:93 - QUERY字段：基础语义模糊匹配通过
2026-02-27 17:10:58,980 - INFO - CaseID:93 - 整体结果: PASS | 详情: 所有字段校验通过
2026-02-27 17:10:58,980 - INFO - CaseID:94 - CATEGORY字段：标准答案含「其他问答」，模型输出任意值通过
2026-02-27 17:11:01,098 - INFO - CaseID:94 - QUERY字段：基础语义模糊匹配通过
2026-02-27 17:11:01,099 - INFO - CaseID:94 - TAG字段：有交集（{'波斯猫'}），判定通过
2026-02-27 17:11:01,099 - INFO - CaseID:94 - 整体结果: PASS | 详情: 所有字段校验通过
2026-02-27 17:11:01,099 - INFO - CaseID:95 - CATEGORY字段：标准答案含「其他问答」，模型输出任意值通过
2026-02-27 17:11:02,259 - INFO - CaseID:95 - QUERY字段：基础语义模糊匹配通过
2026-02-27 17:11:02,260 - INFO - CaseID:95 - TAG字段：有交集（{'培育'}），判定通过
2026-02-27 17:11:02,260 - INFO - CaseID:95 - 整体结果: PASS | 详情: 所有字段校验通过
2026-02-27 17:11:02,260 - INFO - CaseID:96 - CATEGORY字段：交集匹配（{'生物'}），判定通过
2026-02-27 17:11:03,916 - INFO - CaseID:96 - QUERY字段：基础语义模糊匹配通过
2026-02-27 17:11:03,917 - INFO - CaseID:96 - TAG字段：有交集（{'科属'}），判定通过
2026-02-27 17:11:03,917 - INFO - CaseID:96 - 整体结果: PASS | 详情: 所有字段校验通过
2026-02-27 17:11:03,917 - INFO - CaseID:97 - CATEGORY字段：交集匹配（{'生物'}），判定通过
2026-02-27 17:11:05,141 - INFO - CaseID:97 - QUERY字段：基础语义模糊匹配通过
2026-02-27 17:11:05,142 - INFO - CaseID:97 - TAG字段：有交集（{'花语', '玫瑰花'}），判定通过
2026-02-27 17:11:05,142 - INFO - CaseID:97 - 整体结果: PASS | 详情: 所有字段校验通过
2026-02-27 17:11:05,142 - INFO - CaseID:98 - CATEGORY字段：触发白名单（生物→健康），判定通过
2026-02-27 17:11:06,575 - INFO - CaseID:98 - QUERY字段：基础语义模糊匹配通过
2026-02-27 17:11:06,576 - INFO - CaseID:98 - TAG字段：有交集（{'葡萄藤', '有毒'}），判定通过
2026-02-27 17:11:06,576 - INFO - CaseID:98 - 整体结果: PASS | 详情: 所有字段校验通过
2026-02-27 17:11:06,576 - INFO - CaseID:99 - CATEGORY字段：交集匹配（{'生物'}），判定通过
2026-02-27 17:11:07,825 - INFO - CaseID:99 - QUERY字段：基础语义模糊匹配通过
2026-02-27 17:11:07,825 - INFO - CaseID:99 - TAG字段：有交集（{'气候条件', '适宜生长', '木芙蓉'}），判定通过
2026-02-27 17:11:07,825 - INFO - CaseID:99 - 整体结果: PASS | 详情: 所有字段校验通过
2026-02-27 17:11:07,826 - INFO - CaseID:100 - CATEGORY字段：交集匹配（{'生物'}），判定通过
2026-02-27 17:11:09,302 - INFO - CaseID:100 - QUERY字段：基础语义模糊匹配通过
2026-02-27 17:11:09,303 - INFO - CaseID:100 - TAG字段：有交集（{'木芙蓉'}），判定通过
2026-02-27 17:11:09,303 - INFO - CaseID:100 - 整体结果: PASS | 详情: 所有字段校验通过
2026-02-27 17:11:09,303 - INFO - CaseID:101 - CATEGORY字段：交集匹配（{'生物'}），判定通过
2026-02-27 17:11:10,461 - INFO - CaseID:101 - QUERY字段：基础语义模糊匹配通过
2026-02-27 17:11:10,461 - INFO - CaseID:101 - TAG字段：有交集（{'柚子树', '生长城市'}），判定通过
2026-02-27 17:11:10,461 - INFO - CaseID:101 - 整体结果: PASS | 详情: 所有字段校验通过
2026-02-27 17:11:10,462 - INFO - CaseID:102 - CATEGORY字段：交集匹配（{'健康'}），判定通过
2026-02-27 17:11:11,578 - INFO - CaseID:102 - QUERY字段：基础语义模糊匹配通过
2026-02-27 17:11:11,579 - INFO - CaseID:102 - TAG字段：有交集（{'医学作用', '柚子'}），判定通过
2026-02-27 17:11:11,579 - INFO - CaseID:102 - 整体结果: PASS | 详情: 所有字段校验通过
2026-02-27 17:11:11,579 - INFO - CaseID:103 - CATEGORY字段：标准答案含「其他问答」，模型输出任意值通过
2026-02-27 17:11:13,952 - INFO - CaseID:103 - QUERY字段：基础语义模糊匹配通过
2026-02-27 17:11:13,952 - INFO - CaseID:103 - TAG字段：有交集（{'百合科', '花卉'}），判定通过
2026-02-27 17:11:13,952 - INFO - CaseID:103 - 整体结果: PASS | 详情: 所有字段校验通过
2026-02-27 17:11:13,953 - INFO - CaseID:104 - CATEGORY字段：交集匹配（{'生物'}），判定通过
2026-02-27 17:11:17,465 - INFO - CaseID:104 - QUERY字段：基础语义模糊匹配通过
2026-02-27 17:11:17,466 - INFO - CaseID:104 - TAG字段：有交集（{'郁金香', '颜色', '开花'}），判定通过
2026-02-27 17:11:17,466 - INFO - CaseID:104 - 整体结果: PASS | 详情: 所有字段校验通过
2026-02-27 17:11:17,466 - INFO - CaseID:105 - CATEGORY字段：交集匹配（{'生物'}），判定通过
2026-02-27 17:11:18,589 - INFO - CaseID:105 - QUERY字段：基础语义模糊匹配通过
2026-02-27 17:11:18,589 - INFO - CaseID:105 - TAG字段：有交集（{'水仙百合', '别名'}），判定通过
2026-02-27 17:11:18,589 - INFO - CaseID:105 - 整体结果: PASS | 详情: 所有字段校验通过
2026-02-27 17:11:18,589 - INFO - CaseID:106 - CATEGORY字段：交集匹配（{'生物'}），判定通过
2026-02-27 17:11:19,759 - INFO - CaseID:106 - QUERY字段：基础语义模糊匹配通过
2026-02-27 17:11:19,759 - INFO - CaseID:106 - TAG字段：有交集（{'落羽杉', '通常', '高度'}），判定通过
2026-02-27 17:11:19,759 - INFO - CaseID:106 - 整体结果: PASS | 详情: 所有字段校验通过
2026-02-27 17:11:19,760 - INFO - CaseID:107 - CATEGORY字段：交集匹配（{'生物'}），判定通过
2026-02-27 17:11:21,138 - INFO - CaseID:107 - QUERY字段：基础语义模糊匹配通过
2026-02-27 17:11:21,138 - INFO - CaseID:107 - TAG字段：有交集（{'水杉'}），判定通过
2026-02-27 17:11:21,138 - INFO - CaseID:107 - 整体结果: PASS | 详情: 所有字段校验通过
2026-02-27 17:11:21,139 - INFO - CaseID:108 - CATEGORY字段：交集匹配（{'生物'}），判定通过
2026-02-27 17:11:22,313 - INFO - CaseID:108 - QUERY字段：基础语义模糊匹配通过
2026-02-27 17:11:22,314 - INFO - CaseID:108 - TAG字段：有交集（{'特点', '水杉', '分布地区'}），判定通过
2026-02-27 17:11:22,314 - INFO - CaseID:108 - 整体结果: PASS | 详情: 所有字段校验通过
2026-02-27 17:11:22,315 - INFO - CaseID:109 - CATEGORY字段：交集匹配（{'生物'}），判定通过
2026-02-27 17:11:24,540 - INFO - CaseID:109 - QUERY字段：基础语义模糊匹配通过
2026-02-27 17:11:24,540 - INFO - CaseID:109 - TAG字段：有交集（{'颜色', '雏菊'}），判定通过
2026-02-27 17:11:24,540 - INFO - CaseID:109 - 整体结果: PASS | 详情: 所有字段校验通过
2026-02-27 17:11:24,541 - INFO - CaseID:110 - CATEGORY字段：触发白名单（生物→健康），判定通过
2026-02-27 17:11:26,123 - INFO - CaseID:110 - QUERY字段：基础语义模糊匹配通过
2026-02-27 17:11:26,124 - INFO - CaseID:110 - TAG字段：有交集（{'洋甘菊', '功效'}），判定通过
2026-02-27 17:11:26,124 - INFO - CaseID:110 - 整体结果: PASS | 详情: 所有字段校验通过
2026-02-27 17:11:26,124 - INFO - CaseID:111 - CATEGORY字段：交集匹配（{'生物'}），判定通过
2026-02-27 17:11:27,679 - INFO - CaseID:111 - QUERY字段：基础语义模糊匹配通过
2026-02-27 17:11:27,680 - INFO - CaseID:111 - TAG字段：有交集（{'海棠树', '果实', '中药药材'}），判定通过
2026-02-27 17:11:27,680 - INFO - CaseID:111 - 整体结果: PASS | 详情: 所有字段校验通过
2026-02-27 17:11:27,680 - INFO - CaseID:112 - CATEGORY字段：交集匹配（{'生物'}），判定通过
2026-02-27 17:11:28,833 - INFO - CaseID:112 - QUERY字段：基础语义模糊匹配通过
2026-02-27 17:11:28,834 - INFO - CaseID:112 - TAG字段：有交集（{'海棠树', '适宜生长', '土壤类型'}），判定通过
2026-02-27 17:11:28,834 - INFO - CaseID:112 - 整体结果: PASS | 详情: 所有字段校验通过
2026-02-27 17:11:28,834 - INFO - CaseID:113 - CATEGORY字段：交集匹配（{'生物'}），判定通过
2026-02-27 17:11:30,058 - INFO - CaseID:113 - QUERY字段：基础语义模糊匹配通过
2026-02-27 17:11:30,058 - INFO - CaseID:113 - TAG字段：有交集（{'海棠树', '拉丁学名'}），判定通过
2026-02-27 17:11:30,059 - INFO - CaseID:113 - 整体结果: PASS | 详情: 所有字段校验通过
2026-02-27 17:11:30,059 - INFO - CaseID:114 - 整体结果: FAILED | 详情: 模型输出核心字段全为空，判定不通过
2026-02-27 17:11:30,059 - INFO - CaseID:115 - CATEGORY字段：交集匹配（{'生物'}），判定通过
2026-02-27 17:11:31,211 - INFO - CaseID:115 - QUERY字段：基础语义模糊匹配通过
2026-02-27 17:11:31,211 - INFO - CaseID:115 - TAG字段：有交集（{'玉兰树', '植物保护等级'}），判定通过
2026-02-27 17:11:31,211 - INFO - CaseID:115 - 整体结果: PASS | 详情: 所有字段校验通过
2026-02-27 17:11:31,212 - INFO - CaseID:116 - CATEGORY字段：交集匹配（{'生物'}），判定通过
2026-02-27 17:11:33,973 - INFO - CaseID:116 - QUERY字段：基础语义模糊匹配通过
2026-02-27 17:11:33,974 - INFO - CaseID:116 - TAG字段：有交集（{'玉兰树'}），判定通过
2026-02-27 17:11:33,974 - INFO - CaseID:116 - 整体结果: PASS | 详情: 所有字段校验通过
2026-02-27 17:11:33,974 - INFO - CaseID:117 - CATEGORY字段：交集匹配（{'生物'}），判定通过
2026-02-27 17:11:35,221 - INFO - CaseID:117 - QUERY字段：基础语义模糊匹配通过
2026-02-27 17:11:35,222 - INFO - CaseID:117 - TAG字段：有交集（{'喜光植物', '龟背竹'}），判定通过
2026-02-27 17:11:35,222 - INFO - CaseID:117 - 整体结果: PASS | 详情: 所有字段校验通过
2026-02-27 17:11:35,222 - INFO - CaseID:118 - CATEGORY字段：交集匹配（{'生物'}），判定通过
2026-02-27 17:11:37,225 - INFO - CaseID:118 - QUERY字段：基础语义模糊匹配通过
2026-02-27 17:11:37,226 - INFO - CaseID:118 - TAG字段：有交集（{'龟背竹', '科属'}），判定通过
2026-02-27 17:11:37,226 - INFO - CaseID:118 - 整体结果: PASS | 详情: 所有字段校验通过
2026-02-27 17:11:37,227 - INFO - CaseID:119 - CATEGORY字段：模型输出含「其他问答」，该字段通过
2026-02-27 17:11:38,675 - INFO - CaseID:119 - QUERY字段：基础语义模糊匹配通过
2026-02-27 17:11:38,675 - INFO - CaseID:119 - 整体结果: FAILED | 详情: APINAME不匹配：预期[visual_search]，实际[QASearch]; TAG不匹配：一方为空 - 预期[]，实际[黑色T恤&材质]
2026-02-27 17:11:40,165 - INFO - CaseID:120 - QUERY字段：基础语义模糊匹配通过
2026-02-27 17:11:40,165 - INFO - CaseID:120 - 整体结果: PASS | 详情: 所有字段校验通过
2026-02-27 17:11:41,584 - INFO - CaseID:121 - QUERY字段：基础语义模糊匹配通过
2026-02-27 17:11:41,584 - INFO - CaseID:121 - 整体结果: PASS | 详情: 所有字段校验通过
2026-02-27 17:11:41,585 - INFO - CaseID:122 - 整体结果: FAILED | 详情: 模型输出核心字段全为空，判定不通过
2026-02-27 17:11:41,585 - INFO - CaseID:123 - CATEGORY字段：触发白名单（地理→地理通用），判定通过
2026-02-27 17:11:42,668 - INFO - CaseID:123 - QUERY字段：基础语义模糊匹配通过
2026-02-27 17:11:42,668 - INFO - CaseID:123 - TAG字段：有交集（{'冬天', '北方', '平均温度'}），判定通过
2026-02-27 17:11:42,668 - INFO - CaseID:123 - 整体结果: PASS | 详情: 所有字段校验通过
2026-02-27 17:11:43,810 - INFO - CaseID:124 - QUERY字段：基础语义模糊匹配通过
2026-02-27 17:11:43,811 - INFO - CaseID:124 - 整体结果: PASS | 详情: 所有字段校验通过
2026-02-27 17:11:43,811 - INFO - CaseID:125 - CATEGORY字段：模型输出含「其他问答」，该字段通过
2026-02-27 17:11:44,935 - INFO - CaseID:125 - 整体结果: FAILED | 详情: APINAME不匹配：预期[visual_search]，实际[QASearch]; QUERY不匹配：基础语义模糊匹配失败 - 预期[这件夹克的款式怎么样]，实际[黑色防风防水夹克的款式]; TAG不匹配：一方为空 - 预期[]，实际[黑色&防风防水夹克&款式]
2026-02-27 17:11:46,503 - INFO - CaseID:126 - QUERY字段：基础语义模糊匹配通过
2026-02-27 17:11:46,503 - INFO - CaseID:126 - 整体结果: PASS | 详情: 所有字段校验通过
2026-02-27 17:11:46,504 - INFO - CaseID:127 - APINAME字段：QASearch↔worthbuy，判定通过
2026-02-27 17:11:46,504 - INFO - CaseID:127 - CATEGORY字段：标准答案含「其他问答」，模型输出任意值通过
2026-02-27 17:11:47,571 - INFO - CaseID:127 - QUERY字段：基础语义模糊匹配通过
2026-02-27 17:11:47,572 - INFO - CaseID:127 - TAG字段：有交集（{'牛仔裤', '适合搭配', '类型推荐'}），判定通过
2026-02-27 17:11:47,572 - INFO - CaseID:127 - 整体结果: PASS | 详情: 所有字段校验通过
2026-02-27 17:11:47,572 - INFO - CaseID:128 - CATEGORY字段：标准答案含「其他问答」，模型输出任意值通过
2026-02-27 17:11:48,936 - INFO - CaseID:128 - QUERY字段：基础语义模糊匹配通过
2026-02-27 17:11:48,937 - INFO - CaseID:128 - TAG字段：触发白名单（语义等价子串），判定通过
2026-02-27 17:11:48,937 - INFO - CaseID:128 - 整体结果: PASS | 详情: 所有字段校验通过
2026-02-27 17:11:50,193 - INFO - CaseID:129 - QUERY字段：基础语义模糊匹配通过
2026-02-27 17:11:50,193 - INFO - CaseID:129 - 整体结果: PASS | 详情: 所有字段校验通过
2026-02-27 17:11:50,194 - INFO - CaseID:130 - 整体结果: FAILED | 详情: 模型输出核心字段全为空，判定不通过
2026-02-27 17:11:50,194 - INFO - CaseID:131 - 整体结果: FAILED | 详情: 模型输出核心字段全为空，判定不通过
2026-02-27 17:11:50,195 - INFO - CaseID:132 - CATEGORY字段：模型输出含「其他问答」，该字段通过
2026-02-27 17:11:51,247 - INFO - CaseID:132 - QUERY字段：基础语义模糊匹配通过
2026-02-27 17:11:51,248 - INFO - CaseID:132 - 整体结果: FAILED | 详情: APINAME不匹配：预期[visual_search]，实际[QASearch]; TAG不匹配：一方为空 - 预期[]，实际[拼色毛衣&编织方法]
2026-02-27 17:11:52,876 - INFO - CaseID:133 - QUERY字段：基础语义模糊匹配通过
2026-02-27 17:11:52,877 - INFO - CaseID:133 - 整体结果: PASS | 详情: 所有字段校验通过
2026-02-27 17:11:52,877 - INFO - CaseID:134 - CATEGORY字段：模型输出含「其他问答」，该字段通过
2026-02-27 17:11:54,109 - INFO - CaseID:134 - 整体结果: FAILED | 详情: APINAME不匹配：预期[visual_search]，实际[QASearch]; QUERY不匹配：基础语义模糊匹配失败 - 预期[这件灰色和深蓝色的搭配的衣服是国内的品牌吗]，实际[这件灰色和深蓝色条纹搭配的国内品牌衣服是什么]; TAG不匹配：一方为空 - 预期[]，实际[灰色&深蓝色条纹&国内品牌&衣服]
2026-02-27 17:11:54,109 - INFO - CaseID:135 - 整体结果: FAILED | 详情: 模型输出核心字段全为空，判定不通过
2026-02-27 17:11:55,565 - INFO - CaseID:136 - 整体结果: FAILED | 详情: APINAME不匹配：预期[visual_search]，实际[worthbuy]; CATEGORY不匹配：一方为空 - 预期[]，实际[商品查询-不确定商品]; QUERY不匹配：基础语义模糊匹配失败 - 预期[这件衣服的材质是什么]，实际[深色和浅色拼接设计的衣服的材质]; TAG不匹配：一方为空 - 预期[]，实际[深色&浅色&拼接设计&衣服&材质]
2026-02-27 17:11:56,990 - INFO - CaseID:137 - QUERY字段：基础语义模糊匹配通过
2026-02-27 17:11:56,991 - INFO - CaseID:137 - 整体结果: PASS | 详情: 所有字段校验通过
2026-02-27 17:11:58,183 - INFO - CaseID:138 - QUERY字段：基础语义模糊匹配通过
2026-02-27 17:11:58,184 - INFO - CaseID:138 - 整体结果: PASS | 详情: 所有字段校验通过
2026-02-27 17:11:58,184 - INFO - CaseID:139 - 整体结果: FAILED | 详情: 模型输出核心字段全为空，判定不通过
2026-02-27 17:11:58,184 - INFO - CaseID:140 - CATEGORY字段：标准答案含「其他问答」，模型输出任意值通过
2026-02-27 17:11:59,863 - INFO - CaseID:140 - TAG字段：触发白名单（语义等价子串），判定通过
2026-02-27 17:11:59,863 - INFO - CaseID:140 - 整体结果: FAILED | 详情: QUERY不匹配：基础语义模糊匹配失败 - 预期[羽绒服的价格]，实际[用户提到的厚实羽绒服的具体品牌或型号]
2026-02-27 17:11:59,863 - INFO - CaseID:141 - 整体结果: FAILED | 详情: 模型输出核心字段全为空，判定不通过
2026-02-27 17:12:01,123 - INFO - CaseID:142 - QUERY字段：基础语义模糊匹配通过
2026-02-27 17:12:01,124 - INFO - CaseID:142 - 整体结果: FAILED | 详情: APINAME不匹配：预期[visual_search]，实际[worthbuy]; CATEGORY不匹配：一方为空 - 预期[]，实际[商品查询-不确定商品]; TAG不匹配：一方为空 - 预期[]，实际[浅色羽绒服&款式&短款&长款]
2026-02-27 17:12:02,423 - INFO - CaseID:143 - QUERY字段：基础语义模糊匹配通过
2026-02-27 17:12:02,423 - INFO - CaseID:143 - 整体结果: PASS | 详情: 所有字段校验通过
2026-02-27 17:12:02,424 - INFO - CaseID:144 - CATEGORY字段：模型输出含「其他问答」，该字段通过
2026-02-27 17:12:04,124 - INFO - CaseID:144 - QUERY字段：基础语义模糊匹配通过
2026-02-27 17:12:04,124 - INFO - CaseID:144 - 整体结果: FAILED | 详情: APINAME不匹配：预期[visual_search]，实际[QASearch]; TAG不匹配：一方为空 - 预期[]，实际[条纹衬衫&材质]
2026-02-27 17:12:04,125 - INFO - CaseID:145 - 整体结果: FAILED | 详情: 模型输出核心字段全为空，判定不通过
2026-02-27 17:12:05,616 - INFO - CaseID:146 - QUERY字段：基础语义模糊匹配通过
2026-02-27 17:12:05,617 - INFO - CaseID:146 - 整体结果: PASS | 详情: 所有字段校验通过
2026-02-27 17:12:05,617 - INFO - CaseID:147 - CATEGORY字段：模型输出含「其他问答」，该字段通过
2026-02-27 17:12:07,070 - INFO - CaseID:147 - QUERY字段：基础语义模糊匹配通过
2026-02-27 17:12:07,071 - INFO - CaseID:147 - 整体结果: FAILED | 详情: APINAME不匹配：预期[visual_search]，实际[QASearch]; TAG不匹配：一方为空 - 预期[]，实际[蓝色条纹衬衫&适合&年龄范围]
2026-02-27 17:12:07,071 - INFO - CaseID:148 - CATEGORY字段：交集匹配（{'人物'}），判定通过
2026-02-27 17:12:08,591 - INFO - CaseID:148 - QUERY字段：基础语义模糊匹配通过
2026-02-27 17:12:08,591 - INFO - CaseID:148 - TAG字段：有交集（{'rocky'}），判定通过
2026-02-27 17:12:08,591 - INFO - CaseID:148 - 整体结果: PASS | 详情: 所有字段校验通过
2026-02-27 17:12:08,592 - INFO - CaseID:149 - CATEGORY字段：触发白名单（人物→影视），判定通过
2026-02-27 17:12:09,887 - INFO - CaseID:149 - QUERY字段：基础语义模糊匹配通过
2026-02-27 17:12:09,887 - INFO - CaseID:149 - TAG字段：有交集（{'小克', '动画'}），判定通过
2026-02-27 17:12:09,887 - INFO - CaseID:149 - 整体结果: PASS | 详情: 所有字段校验通过
2026-02-27 17:12:17,402 - INFO - 
=== 执行完成 ===
2026-02-27 17:12:17,404 - INFO - 总耗时：207.81s ≈ 3.5min
2026-02-27 17:12:17,404 - INFO - 总用例：149  PASS：110  通过率：73.83%
