2026-02-26 22:34:44,230 - INFO - === 看世界规划对比工具（新旧用例双轨适配版，优化CATEGORY和TAG）启动 ===
2026-02-26 22:34:44,394 - INFO - 成功加载飞书表格
2026-02-26 22:34:46,492 - INFO - CaseID:1 - 整体结果: FAILED | 详情: APINAME不匹配：预期[visionqa]，实际[worthbuy]; CATEGORY不匹配：一方为空 - 预期[]，实际[商品推荐]; QUERY不匹配：基础语义模糊匹配失败 - 预期[]，实际[印有黑猫图案的帆布包品牌]; TAG不匹配：一方为空 - 预期[]，实际[印有黑猫图案&帆布包&品牌]
2026-02-26 22:34:46,493 - INFO - CaseID:2 - CATEGORY字段：标准答案含「其他问答」，模型输出任意值通过
2026-02-26 22:34:47,913 - INFO - CaseID:2 - QUERY字段：基础语义模糊匹配通过
2026-02-26 22:34:47,914 - INFO - CaseID:2 - TAG字段：有交集（{'文蛤'}），判定通过
2026-02-26 22:34:47,914 - INFO - CaseID:2 - 整体结果: PASS | 详情: 所有字段校验通过
2026-02-26 22:34:47,914 - INFO - CaseID:3 - 整体结果: FAILED | 详情: APINAME不匹配：预期[visionqa]，实际[visual_search]; QUERY不匹配：基础语义模糊匹配失败 - 预期[]，实际[这只螃蟹是什么品种的]
2026-02-26 22:34:47,914 - INFO - CaseID:4 - 整体结果: FAILED | 详情: APINAME不匹配：预期[visionqa]，实际[QASearch]; CATEGORY不匹配：一方为空 - 预期[]，实际[生物]; QUERY不匹配：基础语义模糊匹配失败 - 预期[]，实际[白色鸽子的常见品种]; TAG不匹配：一方为空 - 预期[]，实际[白色鸽子&常见品种]
2026-02-26 22:34:47,914 - INFO - CaseID:5 - CATEGORY字段：标准答案含「其他问答」，模型输出任意值通过
2026-02-26 22:34:49,830 - INFO - CaseID:5 - QUERY字段：基础语义模糊匹配通过
2026-02-26 22:34:49,831 - INFO - CaseID:5 - TAG字段：有交集（{'大熊猫', '生物学特性'}），判定通过
2026-02-26 22:34:49,831 - INFO - CaseID:5 - 整体结果: PASS | 详情: 所有字段校验通过
2026-02-26 22:34:49,831 - INFO - CaseID:6 - CATEGORY字段：标准答案含「其他问答」，模型输出任意值通过
2026-02-26 22:34:51,871 - INFO - CaseID:6 - QUERY字段：基础语义模糊匹配通过
2026-02-26 22:34:51,872 - INFO - CaseID:6 - TAG字段：有交集（{'主要食物', '猕猴'}），判定通过
2026-02-26 22:34:51,872 - INFO - CaseID:6 - 整体结果: PASS | 详情: 所有字段校验通过
2026-02-26 22:34:51,873 - INFO - CaseID:7 - 整体结果: FAILED | 详情: APINAME不匹配：预期[visionqa]，实际[QASearch]; CATEGORY不匹配：一方为空 - 预期[]，实际[生物]; QUERY不匹配：基础语义模糊匹配失败 - 预期[]，实际[猕猴的一般毛色]; TAG不匹配：一方为空 - 预期[]，实际[猕猴&毛色]
2026-02-26 22:34:51,873 - INFO - CaseID:8 - CATEGORY字段：交集匹配（{'生物'}），判定通过
2026-02-26 22:34:53,734 - INFO - CaseID:8 - QUERY字段：基础语义模糊匹配通过
2026-02-26 22:34:53,735 - INFO - CaseID:8 - TAG字段：有交集（{'主要食物', '荷斯坦牛'}），判定通过
2026-02-26 22:34:53,735 - INFO - CaseID:8 - 整体结果: PASS | 详情: 所有字段校验通过
2026-02-26 22:34:53,736 - INFO - CaseID:9 - CATEGORY字段：标准答案含「其他问答」，模型输出任意值通过
2026-02-26 22:34:55,566 - INFO - CaseID:9 - QUERY字段：基础语义模糊匹配通过
2026-02-26 22:34:55,566 - INFO - CaseID:9 - TAG字段：有交集（{'黄牛', '最长寿命'}），判定通过
2026-02-26 22:34:55,566 - INFO - CaseID:9 - 整体结果: PASS | 详情: 所有字段校验通过
2026-02-26 22:34:55,567 - INFO - CaseID:10 - CATEGORY字段：标准答案含「其他问答」，模型输出任意值通过
2026-02-26 22:34:58,533 - INFO - CaseID:10 - 整体结果: FAILED | 详情: QUERY不匹配：基础语义模糊匹配失败 - 预期[奶牛通常生活的地区]，实际[西门塔尔牛通常生活的地区]; TAG不匹配：无交集 - 预期[奶牛&来源地]，实际[西门塔尔牛&通常生活&地区]
2026-02-26 22:34:58,534 - INFO - CaseID:11 - CATEGORY字段：标准答案含「其他问答」，模型输出任意值通过
2026-02-26 22:35:00,331 - INFO - CaseID:11 - QUERY字段：基础语义模糊匹配通过
2026-02-26 22:35:00,332 - INFO - CaseID:11 - TAG字段：有交集（{'螳螂虾'}），判定通过
2026-02-26 22:35:00,332 - INFO - CaseID:11 - 整体结果: PASS | 详情: 所有字段校验通过
2026-02-26 22:35:00,333 - INFO - CaseID:12 - CATEGORY字段：交集匹配（{'生物'}），判定通过
2026-02-26 22:35:02,808 - INFO - CaseID:12 - QUERY字段：基础语义模糊匹配通过
2026-02-26 22:35:02,808 - INFO - CaseID:12 - TAG字段：有交集（{'淡水蟹'}），判定通过
2026-02-26 22:35:02,808 - INFO - CaseID:12 - 整体结果: PASS | 详情: 所有字段校验通过
2026-02-26 22:35:02,809 - INFO - CaseID:13 - CATEGORY字段：交集匹配（{'生物'}），判定通过
2026-02-26 22:35:04,658 - INFO - CaseID:13 - QUERY字段：基础语义模糊匹配通过
2026-02-26 22:35:04,658 - INFO - CaseID:13 - TAG字段：有交集（{'中华绒螯蟹', '最简单的烹饪方法'}），判定通过
2026-02-26 22:35:04,659 - INFO - CaseID:13 - 整体结果: PASS | 详情: 所有字段校验通过
2026-02-26 22:35:04,659 - INFO - CaseID:14 - CATEGORY字段：交集匹配（{'生物'}），判定通过
2026-02-26 22:35:07,355 - INFO - CaseID:14 - QUERY字段：基础语义模糊匹配通过
2026-02-26 22:35:07,355 - INFO - CaseID:14 - TAG字段：有交集（{'生存环境', '寄居蟹'}），判定通过
2026-02-26 22:35:07,356 - INFO - CaseID:14 - 整体结果: PASS | 详情: 所有字段校验通过
2026-02-26 22:35:07,356 - INFO - CaseID:15 - CATEGORY字段：标准答案含「其他问答」，模型输出任意值通过
2026-02-26 22:35:09,318 - INFO - CaseID:15 - QUERY字段：基础语义模糊匹配通过
2026-02-26 22:35:09,318 - INFO - CaseID:15 - TAG字段：有交集（{'锦鲤', '重量'}），判定通过
2026-02-26 22:35:09,318 - INFO - CaseID:15 - 整体结果: PASS | 详情: 所有字段校验通过
2026-02-26 22:35:09,319 - INFO - CaseID:16 - CATEGORY字段：交集匹配（{'生物'}），判定通过
2026-02-26 22:35:11,114 - INFO - CaseID:16 - QUERY字段：基础语义模糊匹配通过
2026-02-26 22:35:11,114 - INFO - CaseID:16 - TAG字段：有交集（{'主要食物', '金鱼'}），判定通过
2026-02-26 22:35:11,114 - INFO - CaseID:16 - 整体结果: PASS | 详情: 所有字段校验通过
2026-02-26 22:35:11,114 - INFO - CaseID:17 - CATEGORY字段：交集匹配（{'生物'}），判定通过
2026-02-26 22:35:13,057 - INFO - CaseID:17 - QUERY字段：基础语义模糊匹配通过
2026-02-26 22:35:13,057 - INFO - CaseID:17 - TAG字段：有交集（{'国家', '骆驼', '主要分布'}），判定通过
2026-02-26 22:35:13,058 - INFO - CaseID:17 - 整体结果: PASS | 详情: 所有字段校验通过
2026-02-26 22:35:13,058 - INFO - CaseID:18 - CATEGORY字段：交集匹配（{'生物'}），判定通过
2026-02-26 22:35:14,764 - INFO - CaseID:18 - QUERY字段：基础语义模糊匹配通过
2026-02-26 22:35:14,766 - INFO - CaseID:18 - TAG字段：有交集（{'作用', '双峰驼', '驼峰'}），判定通过
2026-02-26 22:35:14,766 - INFO - CaseID:18 - 整体结果: PASS | 详情: 所有字段校验通过
2026-02-26 22:35:14,767 - INFO - CaseID:19 - CATEGORY字段：交集匹配（{'生物'}），判定通过
2026-02-26 22:35:16,738 - INFO - CaseID:19 - QUERY字段：基础语义模糊匹配通过
2026-02-26 22:35:16,738 - INFO - CaseID:19 - TAG字段：有交集（{'名字', '来源', '凤尾鱼'}），判定通过
2026-02-26 22:35:16,738 - INFO - CaseID:19 - 整体结果: PASS | 详情: 所有字段校验通过
2026-02-26 22:35:16,738 - INFO - CaseID:20 - CATEGORY字段：交集匹配（{'生物'}），判定通过
2026-02-26 22:35:18,705 - INFO - CaseID:20 - QUERY字段：基础语义模糊匹配通过
2026-02-26 22:35:18,705 - INFO - CaseID:20 - TAG字段：有交集（{'比目鱼'}），判定通过
2026-02-26 22:35:18,705 - INFO - CaseID:20 - 整体结果: PASS | 详情: 所有字段校验通过
2026-02-26 22:35:18,706 - INFO - CaseID:21 - CATEGORY字段：交集匹配（{'生物'}），判定通过
2026-02-26 22:35:21,684 - INFO - CaseID:21 - TAG字段：有交集（{'海鲈鱼'}），判定通过
2026-02-26 22:35:21,684 - INFO - CaseID:21 - 整体结果: FAILED | 详情: QUERY不匹配：基础语义模糊匹配失败 - 预期[海鲈鱼是否是肉食性动物]，实际[海鲈鱼的食性]
2026-02-26 22:35:21,685 - INFO - CaseID:22 - CATEGORY字段：标准答案含「其他问答」，模型输出任意值通过
2026-02-26 22:35:23,902 - INFO - CaseID:22 - QUERY字段：基础语义模糊匹配通过
2026-02-26 22:35:23,902 - INFO - CaseID:22 - TAG字段：有交集（{'烹饪方法', '鲫鱼', '最好吃'}），判定通过
2026-02-26 22:35:23,902 - INFO - CaseID:22 - 整体结果: PASS | 详情: 所有字段校验通过
2026-02-26 22:35:23,903 - INFO - CaseID:23 - CATEGORY字段：交集匹配（{'生物'}），判定通过
2026-02-26 22:35:25,615 - INFO - CaseID:23 - TAG字段：有交集（{'大嘴鲈鱼'}），判定通过
2026-02-26 22:35:25,615 - INFO - CaseID:23 - 整体结果: FAILED | 详情: QUERY不匹配：基础语义模糊匹配失败 - 预期[大嘴鲈鱼捕获的概率]，实际[不同季节大嘴鲈鱼捕获率]
2026-02-26 22:35:25,615 - INFO - CaseID:24 - CATEGORY字段：交集匹配（{'生物'}），判定通过
2026-02-26 22:35:27,615 - INFO - CaseID:24 - QUERY字段：基础语义模糊匹配通过
2026-02-26 22:35:27,615 - INFO - CaseID:24 - TAG字段：有交集（{'科属', '小比目鱼'}），判定通过
2026-02-26 22:35:27,615 - INFO - CaseID:24 - 整体结果: PASS | 详情: 所有字段校验通过
2026-02-26 22:35:27,616 - INFO - CaseID:25 - CATEGORY字段：交集匹配（{'生物'}），判定通过
2026-02-26 22:35:29,822 - INFO - CaseID:25 - QUERY字段：基础语义模糊匹配通过
2026-02-26 22:35:29,822 - INFO - CaseID:25 - TAG字段：有交集（{'鲫鱼', '生活习性'}），判定通过
2026-02-26 22:35:29,823 - INFO - CaseID:25 - 整体结果: PASS | 详情: 所有字段校验通过
2026-02-26 22:35:31,714 - INFO - CaseID:26 - QUERY字段：基础语义模糊匹配通过
2026-02-26 22:35:31,715 - INFO - CaseID:26 - TAG字段：有交集（{'小猪佩奇', '动画片'}），判定通过
2026-02-26 22:35:31,715 - INFO - CaseID:26 - 整体结果: FAILED | 详情: CATEGORY不匹配：无交集 - 预期[人物]，实际[影视]
2026-02-26 22:35:31,715 - INFO - CaseID:27 - APINAME字段：QASearch↔worthbuy，判定通过
2026-02-26 22:35:31,715 - INFO - CaseID:27 - CATEGORY字段：标准答案含「其他问答」，模型输出任意值通过
2026-02-26 22:35:34,160 - INFO - CaseID:27 - QUERY字段：基础语义模糊匹配通过
2026-02-26 22:35:34,161 - INFO - CaseID:27 - TAG字段：有交集（{'小猪佩奇玩偶'}），判定通过
2026-02-26 22:35:34,161 - INFO - CaseID:27 - 整体结果: PASS | 详情: 所有字段校验通过
2026-02-26 22:35:34,161 - INFO - CaseID:28 - APINAME字段：QASearch↔worthbuy，判定通过
2026-02-26 22:35:34,161 - INFO - CaseID:28 - CATEGORY字段：标准答案含「其他问答」，模型输出任意值通过
2026-02-26 22:35:36,316 - INFO - CaseID:28 - QUERY字段：基础语义模糊匹配通过
2026-02-26 22:35:36,317 - INFO - CaseID:28 - 整体结果: FAILED | 详情: TAG不匹配：无交集 - 预期[小猪佩奇&玩偶&售价]，实际[小猪佩奇玩偶&官方售价]
2026-02-26 22:35:36,318 - INFO - CaseID:29 - CATEGORY字段：交集匹配（{'影视'}），判定通过
2026-02-26 22:35:38,354 - INFO - CaseID:29 - QUERY字段：基础语义模糊匹配通过
2026-02-26 22:35:38,354 - INFO - CaseID:29 - TAG字段：有交集（{'小猪佩奇'}），判定通过
2026-02-26 22:35:38,354 - INFO - CaseID:29 - 整体结果: PASS | 详情: 所有字段校验通过
2026-02-26 22:35:38,355 - INFO - CaseID:30 - CATEGORY字段：交集匹配（{'人物'}），判定通过
2026-02-26 22:35:40,461 - INFO - CaseID:30 - QUERY字段：基础语义模糊匹配通过
2026-02-26 22:35:40,461 - INFO - CaseID:30 - TAG字段：有交集（{'最喜欢', '事情', '佩奇'}），判定通过
2026-02-26 22:35:40,462 - INFO - CaseID:30 - 整体结果: PASS | 详情: 所有字段校验通过
2026-02-26 22:35:40,462 - INFO - CaseID:31 - APINAME字段：QASearch↔worthbuy，判定通过
2026-02-26 22:35:40,463 - INFO - CaseID:31 - CATEGORY字段：标准答案含「其他问答」，模型输出任意值通过
2026-02-26 22:35:42,667 - INFO - CaseID:31 - QUERY字段：基础语义模糊匹配通过
2026-02-26 22:35:42,668 - INFO - CaseID:31 - 整体结果: FAILED | 详情: TAG不匹配：无交集 - 预期[小猪佩奇&玩偶&适合年龄]，实际[小猪佩奇玩偶&适合&年龄范围]
2026-02-26 22:35:42,668 - INFO - CaseID:32 - 整体结果: FAILED | 详情: APINAME不匹配：预期[visionqa]，实际[worthbuy]; CATEGORY不匹配：一方为空 - 预期[]，实际[商品查询-确定商品]; QUERY不匹配：基础语义模糊匹配失败 - 预期[]，实际[小猪佩奇玩偶的常见材质]; TAG不匹配：一方为空 - 预期[]，实际[小猪佩奇玩偶&常见材质]
2026-02-26 22:35:42,668 - INFO - CaseID:33 - CATEGORY字段：模型输出含「其他问答」，该字段通过
2026-02-26 22:35:42,668 - INFO - CaseID:33 - 整体结果: FAILED | 详情: APINAME不匹配：预期[visionqa]，实际[QASearch]; QUERY不匹配：基础语义模糊匹配失败 - 预期[]，实际[猪爸的玩偶的颜色]; TAG不匹配：一方为空 - 预期[]，实际[猪爸&玩偶&颜色]
2026-02-26 22:35:42,668 - INFO - CaseID:34 - 整体结果: FAILED | 详情: APINAME不匹配：预期[visionqa]，实际[worthbuy]; CATEGORY不匹配：一方为空 - 预期[]，实际[商品查询-不确定商品]; QUERY不匹配：基础语义模糊匹配失败 - 预期[]，实际[粉红色卡通猪玩偶常见尺寸]; TAG不匹配：一方为空 - 预期[]，实际[粉红色&卡通猪玩偶&常见尺寸]
2026-02-26 22:35:42,669 - INFO - CaseID:35 - 整体结果: FAILED | 详情: APINAME不匹配：预期[visionqa]，实际[worthbuy]; CATEGORY不匹配：一方为空 - 预期[]，实际[商品查询-不确定商品]; QUERY不匹配：基础语义模糊匹配失败 - 预期[]，实际[小猪玩偶的常见材质]; TAG不匹配：一方为空 - 预期[]，实际[小猪玩偶&常见材质]
2026-02-26 22:35:42,669 - INFO - CaseID:36 - 整体结果: FAILED | 详情: APINAME不匹配：预期[visionqa]，实际[QASearch]; CATEGORY不匹配：一方为空 - 预期[]，实际[影视]; QUERY不匹配：基础语义模糊匹配失败 - 预期[]，实际[粉红色卡通猪玩偶是哪部动画片的角色]; TAG不匹配：一方为空 - 预期[]，实际[粉红色卡通猪玩偶&动画片&角色]
2026-02-26 22:35:44,471 - INFO - CaseID:37 - QUERY字段：基础语义模糊匹配通过
2026-02-26 22:35:44,471 - INFO - CaseID:37 - TAG字段：有交集（{'配音演员'}），判定通过
2026-02-26 22:35:44,472 - INFO - CaseID:37 - 整体结果: FAILED | 详情: CATEGORY不匹配：无交集 - 预期[人物]，实际[影视]
2026-02-26 22:35:44,472 - INFO - CaseID:38 - CATEGORY字段：标准答案含「其他问答」，模型输出任意值通过
2026-02-26 22:35:46,530 - INFO - CaseID:38 - QUERY字段：基础语义模糊匹配通过
2026-02-26 22:35:46,530 - INFO - CaseID:38 - TAG字段：有交集（{'小狗毛绒玩具', '穿着粉色衣服', '别名'}），判定通过
2026-02-26 22:35:46,530 - INFO - CaseID:38 - 整体结果: PASS | 详情: 所有字段校验通过
2026-02-26 22:35:46,531 - INFO - CaseID:39 - CATEGORY字段：交集匹配（{'人物'}），判定通过
2026-02-26 22:35:48,428 - INFO - CaseID:39 - QUERY字段：基础语义模糊匹配通过
2026-02-26 22:35:48,428 - INFO - CaseID:39 - TAG字段：有交集（{'rubble', '职业'}），判定通过
2026-02-26 22:35:48,428 - INFO - CaseID:39 - 整体结果: PASS | 详情: 所有字段校验通过
2026-02-26 22:35:48,429 - INFO - CaseID:40 - 整体结果: FAILED | 详情: APINAME不匹配：预期[visionqa]，实际[worthbuy]; CATEGORY不匹配：一方为空 - 预期[]，实际[商品查询-确定商品]; QUERY不匹配：基础语义模糊匹配失败 - 预期[]，实际[汪汪队立大功公仔衣服颜色]; TAG不匹配：一方为空 - 预期[]，实际[汪汪队立大功&公仔&衣服&颜色]
2026-02-26 22:35:48,429 - INFO - CaseID:41 - CATEGORY字段：模型输出含「其他问答」，该字段通过
2026-02-26 22:35:48,429 - INFO - CaseID:41 - 整体结果: FAILED | 详情: APINAME不匹配：预期[visionqa]，实际[QASearch]; QUERY不匹配：基础语义模糊匹配失败 - 预期[]，实际[小砾公仔的颜色]; TAG不匹配：一方为空 - 预期[]，实际[小砾公仔&颜色]
2026-02-26 22:35:48,430 - INFO - CaseID:42 - 整体结果: FAILED | 详情: APINAME不匹配：预期[visionqa]，实际[QASearch]; CATEGORY不匹配：一方为空 - 预期[]，实际[影视]; QUERY不匹配：基础语义模糊匹配失败 - 预期[]，实际[汪汪队立大功玩具小狗的材质]; TAG不匹配：一方为空 - 预期[]，实际[汪汪队立大功&玩具小狗&材质]
2026-02-26 22:35:48,430 - INFO - CaseID:43 - 整体结果: FAILED | 详情: APINAME不匹配：预期[visionqa]，实际[QASearch]; CATEGORY不匹配：一方为空 - 预期[]，实际[影视]; QUERY不匹配：基础语义模糊匹配失败 - 预期[]，实际[《汪汪队立大功》中穿着消防员制服的小狗角色名字]; TAG不匹配：一方为空 - 预期[]，实际[汪汪队立大功&消防员制服&小狗角色]
2026-02-26 22:35:48,430 - INFO - CaseID:44 - CATEGORY字段：交集匹配（{'影视'}），判定通过
2026-02-26 22:35:50,359 - INFO - CaseID:44 - TAG字段：有交集（{'汪汪队立大功', '时效性'}），判定通过
2026-02-26 22:35:50,359 - INFO - CaseID:44 - 整体结果: FAILED | 详情: QUERY不匹配：基础语义模糊匹配失败 - 预期[汪汪队立大功目前出到第几季了]，实际[汪汪队立大功截至2026年的最新季数]
2026-02-26 22:35:50,360 - INFO - CaseID:45 - CATEGORY字段：交集匹配（{'商品查询-不确定商品'}），判定通过
2026-02-26 22:35:52,696 - INFO - CaseID:45 - QUERY字段：基础语义模糊匹配通过
2026-02-26 22:35:52,697 - INFO - CaseID:45 - TAG字段：有交集（{'汪汪队立大功', '毛绒玩具'}），判定通过
2026-02-26 22:35:52,697 - INFO - CaseID:45 - 整体结果: PASS | 详情: 所有字段校验通过
2026-02-26 22:35:52,698 - INFO - CaseID:46 - 整体结果: FAILED | 详情: APINAME不匹配：预期[visionqa]，实际[worthbuy]; CATEGORY不匹配：一方为空 - 预期[]，实际[商品查询-不确定商品]; QUERY不匹配：基础语义模糊匹配失败 - 预期[]，实际[汪汪队立大功公仔的制服]; TAG不匹配：一方为空 - 预期[]，实际[汪汪队立大功&公仔&制服]
2026-02-26 22:35:54,530 - INFO - CaseID:47 - QUERY字段：基础语义模糊匹配通过
2026-02-26 22:35:54,531 - INFO - CaseID:47 - TAG字段：有交集（{'rocky', '车辆编号'}），判定通过
2026-02-26 22:35:54,531 - INFO - CaseID:47 - 整体结果: FAILED | 详情: CATEGORY不匹配：无交集 - 预期[人物]，实际[影视]
2026-02-26 22:35:54,531 - INFO - CaseID:48 - CATEGORY字段：标准答案含「其他问答」，模型输出任意值通过
2026-02-26 22:35:56,465 - INFO - CaseID:48 - QUERY字段：基础语义模糊匹配通过
2026-02-26 22:35:56,465 - INFO - CaseID:48 - TAG字段：有交集（{'汪汪队立大功', '受众年龄'}），判定通过
2026-02-26 22:35:56,465 - INFO - CaseID:48 - 整体结果: PASS | 详情: 所有字段校验通过
2026-02-26 22:35:56,466 - INFO - CaseID:49 - APINAME字段：QASearch↔worthbuy，判定通过
2026-02-26 22:35:56,466 - INFO - CaseID:49 - CATEGORY字段：标准答案含「其他问答」，模型输出任意值通过
2026-02-26 22:35:58,207 - INFO - CaseID:49 - QUERY字段：基础语义模糊匹配通过
2026-02-26 22:35:58,208 - INFO - CaseID:49 - TAG字段：有交集（{'灰灰公仔', '购买地点'}），判定通过
2026-02-26 22:35:58,208 - INFO - CaseID:49 - 整体结果: PASS | 详情: 所有字段校验通过
2026-02-26 22:35:58,208 - INFO - CaseID:50 - 整体结果: FAILED | 详情: APINAME不匹配：预期[visionqa]，实际[AUTOSearch]; CATEGORY不匹配：一方为空 - 预期[]，实际[汽车]; QUERY不匹配：基础语义模糊匹配失败 - 预期[]，实际[白色无线耳机充电盒的品牌是什么]; TAG不匹配：一方为空 - 预期[]，实际[白色无线耳机充电盒&品牌]
2026-02-26 22:35:58,209 - INFO - CaseID:51 - CATEGORY字段：标准答案含「其他问答」，模型输出任意值通过
2026-02-26 22:36:00,102 - INFO - CaseID:51 - TAG字段：有交集（{'入耳式耳机'}），判定通过
2026-02-26 22:36:00,102 - INFO - CaseID:51 - 整体结果: FAILED | 详情: QUERY不匹配：基础语义模糊匹配失败 - 预期[入耳式耳机的功能]，实际[入耳式耳机的常见功能]
2026-02-26 22:36:00,103 - INFO - CaseID:52 - CATEGORY字段：标准答案含「其他问答」，模型输出任意值通过
2026-02-26 22:36:01,992 - INFO - CaseID:52 - QUERY字段：基础语义模糊匹配通过
2026-02-26 22:36:01,993 - INFO - CaseID:52 - TAG字段：有交集（{'入耳式耳机', '长时间佩戴'}），判定通过
2026-02-26 22:36:01,993 - INFO - CaseID:52 - 整体结果: PASS | 详情: 所有字段校验通过
2026-02-26 22:36:01,994 - INFO - CaseID:53 - 整体结果: FAILED | 详情: APINAME不匹配：预期[visionqa]，实际[visual_search]; QUERY不匹配：基础语义模糊匹配失败 - 预期[]，实际[这副无线蓝牙耳机是什么颜色的]
2026-02-26 22:36:01,994 - INFO - CaseID:54 - APINAME字段：QASearch↔worthbuy，判定通过
2026-02-26 22:36:01,994 - INFO - CaseID:54 - CATEGORY字段：标准答案含「其他问答」，模型输出任意值通过
2026-02-26 22:36:04,011 - INFO - CaseID:54 - TAG字段：有交集（{'好处'}），判定通过
2026-02-26 22:36:04,011 - INFO - CaseID:54 - 整体结果: FAILED | 详情: QUERY不匹配：基础语义模糊匹配失败 - 预期[无线耳机的好处]，实际[华为无线耳机的好处]
2026-02-26 22:36:04,012 - INFO - CaseID:55 - 整体结果: FAILED | 详情: APINAME不匹配：预期[visionqa]，实际[visual_search]; QUERY不匹配：基础语义模糊匹配失败 - 预期[]，实际[这副华为的无线耳机是白色的吗]
2026-02-26 22:36:04,012 - INFO - CaseID:56 - 整体结果: FAILED | 详情: APINAME不匹配：预期[visionqa]，实际[AUTOSearch]; CATEGORY不匹配：一方为空 - 预期[]，实际[汽车]; QUERY不匹配：基础语义模糊匹配失败 - 预期[]，实际[这款空调遥控器的空调品牌是什么]; TAG不匹配：一方为空 - 预期[]，实际[空调遥控器&空调品牌]
2026-02-26 22:36:04,012 - INFO - CaseID:57 - CATEGORY字段：标准答案含「其他问答」，模型输出任意值通过
2026-02-26 22:36:05,860 - INFO - CaseID:57 - QUERY字段：基础语义模糊匹配通过
2026-02-26 22:36:05,861 - INFO - CaseID:57 - TAG字段：有交集（{'遥控器'}），判定通过
2026-02-26 22:36:05,861 - INFO - CaseID:57 - 整体结果: FAILED | 详情: APINAME不匹配：预期[QASearch]，实际[AUTOSearch]
2026-02-26 22:36:05,861 - INFO - CaseID:58 - CATEGORY字段：标准答案含「其他问答」，模型输出任意值通过
2026-02-26 22:36:07,639 - INFO - CaseID:58 - QUERY字段：基础语义模糊匹配通过
2026-02-26 22:36:07,640 - INFO - CaseID:58 - TAG字段：有交集（{'遥控器'}），判定通过
2026-02-26 22:36:07,640 - INFO - CaseID:58 - 整体结果: FAILED | 详情: APINAME不匹配：预期[QASearch]，实际[AUTOSearch]
2026-02-26 22:36:07,640 - INFO - CaseID:59 - 整体结果: FAILED | 详情: APINAME不匹配：预期[visionqa]，实际[visual_search]; QUERY不匹配：基础语义模糊匹配失败 - 预期[]，实际[这个遥控器是什么颜色的]
2026-02-26 22:36:07,640 - INFO - CaseID:60 - CATEGORY字段：标准答案含「其他问答」，模型输出任意值通过
2026-02-26 22:36:09,592 - INFO - CaseID:60 - QUERY字段：基础语义模糊匹配通过
2026-02-26 22:36:09,593 - INFO - CaseID:60 - TAG字段：有交集（{'空调遥控器'}），判定通过
2026-02-26 22:36:09,593 - INFO - CaseID:60 - 整体结果: FAILED | 详情: APINAME不匹配：预期[QASearch]，实际[AUTOSearch]
2026-02-26 22:36:09,593 - INFO - CaseID:61 - 整体结果: FAILED | 详情: APINAME不匹配：预期[visionqa]，实际[visual_search]; QUERY不匹配：基础语义模糊匹配失败 - 预期[]，实际[这个麦克风是什么品牌]
2026-02-26 22:36:09,593 - INFO - CaseID:62 - 整体结果: FAILED | 详情: APINAME不匹配：预期[visionqa]，实际[visual_search]; QUERY不匹配：基础语义模糊匹配失败 - 预期[]，实际[这个麦克风是什么颜色的]
2026-02-26 22:36:09,594 - INFO - CaseID:63 - CATEGORY字段：标准答案含「其他问答」，模型输出任意值通过
2026-02-26 22:36:11,392 - INFO - CaseID:63 - QUERY字段：基础语义模糊匹配通过
2026-02-26 22:36:11,392 - INFO - CaseID:63 - TAG字段：有交集（{'麦克风', '工作原理'}），判定通过
2026-02-26 22:36:11,392 - INFO - CaseID:63 - 整体结果: FAILED | 详情: APINAME不匹配：预期[QASearch]，实际[AUTOSearch]
2026-02-26 22:36:11,393 - INFO - CaseID:64 - APINAME字段：QASearch↔worthbuy，判定通过
2026-02-26 22:36:11,393 - INFO - CaseID:64 - CATEGORY字段：标准答案含「其他问答」，模型输出任意值通过
2026-02-26 22:36:14,050 - INFO - CaseID:64 - TAG字段：有交集（{'麦克风'}），判定通过
2026-02-26 22:36:14,051 - INFO - CaseID:64 - 整体结果: FAILED | 详情: QUERY不匹配：基础语义模糊匹配失败 - 预期[麦克风的售价是多少]，实际[常见麦克风的市场价格范围]
2026-02-26 22:36:14,051 - INFO - CaseID:65 - CATEGORY字段：标准答案含「其他问答」，模型输出任意值通过
2026-02-26 22:36:16,355 - INFO - CaseID:65 - QUERY字段：基础语义模糊匹配通过
2026-02-26 22:36:16,355 - INFO - CaseID:65 - TAG字段：有交集（{'女生'}），判定通过
2026-02-26 22:36:16,355 - INFO - CaseID:65 - 整体结果: PASS | 详情: 所有字段校验通过
2026-02-26 22:36:16,356 - INFO - CaseID:66 - 整体结果: FAILED | 详情: APINAME不匹配：预期[visionqa]，实际[visual_search]; QUERY不匹配：基础语义模糊匹配失败 - 预期[]，实际[这个发夹是什么颜色的]
2026-02-26 22:36:16,356 - INFO - CaseID:67 - 整体结果: FAILED | 详情: APINAME不匹配：预期[visionqa]，实际[worthbuy]; CATEGORY不匹配：一方为空 - 预期[]，实际[商品推荐]; QUERY不匹配：基础语义模糊匹配失败 - 预期[]，实际[紫色发夹常见的图案类型]; TAG不匹配：一方为空 - 预期[]，实际[紫色发夹&常见&图案类型]
2026-02-26 22:36:16,356 - INFO - CaseID:68 - APINAME字段：QASearch↔worthbuy，判定通过
2026-02-26 22:36:16,356 - INFO - CaseID:68 - CATEGORY字段：标准答案含「其他问答」，模型输出任意值通过
2026-02-26 22:36:18,307 - INFO - CaseID:68 - TAG字段：有交集（{'墨镜'}），判定通过
2026-02-26 22:36:18,308 - INFO - CaseID:68 - 整体结果: FAILED | 详情: QUERY不匹配：基础语义模糊匹配失败 - 预期[墨镜的遮光效果如何]，实际[常见墨镜的遮光等级分类]
2026-02-26 22:36:18,308 - INFO - CaseID:69 - CATEGORY字段：交集匹配（{'商品查询-确定商品'}），判定通过
2026-02-26 22:36:20,365 - INFO - CaseID:69 - QUERY字段：基础语义模糊匹配通过
2026-02-26 22:36:20,365 - INFO - CaseID:69 - TAG字段：有交集（{'牛仔布拉链袋'}），判定通过
2026-02-26 22:36:20,365 - INFO - CaseID:69 - 整体结果: PASS | 详情: 所有字段校验通过
2026-02-26 22:36:20,366 - INFO - CaseID:70 - 整体结果: FAILED | 详情: APINAME不匹配：预期[visionqa]，实际[worthbuy]; CATEGORY不匹配：一方为空 - 预期[]，实际[商品查询-确定商品]; QUERY不匹配：基础语义模糊匹配失败 - 预期[]，实际[紫皮腰果零食的品牌是什么]; TAG不匹配：一方为空 - 预期[]，实际[紫皮腰果零食&品牌]
2026-02-26 22:36:20,366 - INFO - CaseID:71 - APINAME字段：QASearch↔worthbuy，判定通过
2026-02-26 22:36:20,366 - INFO - CaseID:71 - CATEGORY字段：标准答案含「其他问答」，模型输出任意值通过
2026-02-26 22:36:22,495 - INFO - CaseID:71 - QUERY字段：基础语义模糊匹配通过
2026-02-26 22:36:22,495 - INFO - CaseID:71 - 整体结果: FAILED | 详情: TAG不匹配：无交集 - 预期[混合坚果&品牌]，实际[罐装混合坚果&常见品牌]
2026-02-26 22:36:22,496 - INFO - CaseID:72 - CATEGORY字段：交集匹配（{'生物'}），判定通过
2026-02-26 22:36:24,439 - INFO - CaseID:72 - QUERY字段：基础语义模糊匹配通过
2026-02-26 22:36:24,439 - INFO - CaseID:72 - TAG字段：有交集（{'生长环境', '腰果'}），判定通过
2026-02-26 22:36:24,439 - INFO - CaseID:72 - 整体结果: PASS | 详情: 所有字段校验通过
2026-02-26 22:36:24,439 - INFO - CaseID:73 - CATEGORY字段：交集匹配（{'健康'}），判定通过
2026-02-26 22:36:26,637 - INFO - CaseID:73 - QUERY字段：基础语义模糊匹配通过
2026-02-26 22:36:26,638 - INFO - CaseID:73 - TAG字段：有交集（{'营养价值', '腰果'}），判定通过
2026-02-26 22:36:26,638 - INFO - CaseID:73 - 整体结果: PASS | 详情: 所有字段校验通过
2026-02-26 22:36:26,638 - INFO - CaseID:74 - CATEGORY字段：标准答案含「其他问答」，模型输出任意值通过
2026-02-26 22:36:29,032 - INFO - CaseID:74 - QUERY字段：基础语义模糊匹配通过
2026-02-26 22:36:29,033 - INFO - CaseID:74 - TAG字段：有交集（{'琦王花生', '口感'}），判定通过
2026-02-26 22:36:29,033 - INFO - CaseID:74 - 整体结果: PASS | 详情: 所有字段校验通过
2026-02-26 22:36:29,033 - INFO - CaseID:75 - 整体结果: FAILED | 详情: APINAME不匹配：预期[visionqa]，实际[AUTOSearch]; CATEGORY不匹配：一方为空 - 预期[]，实际[汽车]; QUERY不匹配：基础语义模糊匹配失败 - 预期[]，实际[星巴克中杯的容量标准]; TAG不匹配：一方为空 - 预期[]，实际[星巴克中杯&容量标准]
2026-02-26 22:36:29,034 - INFO - CaseID:76 - CATEGORY字段：标准答案含「其他问答」，模型输出任意值通过
2026-02-26 22:36:30,981 - INFO - CaseID:76 - TAG字段：有交集（{'星巴克'}），判定通过
2026-02-26 22:36:30,982 - INFO - CaseID:76 - 整体结果: FAILED | 详情: QUERY不匹配：基础语义模糊匹配失败 - 预期[星巴克的热饮推荐]，实际[星巴克2026年冬季热饮推荐]
2026-02-26 22:36:30,982 - INFO - CaseID:77 - 整体结果: FAILED | 详情: APINAME不匹配：预期[visionqa]，实际[visual_search]; QUERY不匹配：基础语义模糊匹配失败 - 预期[]，实际[这个咖啡杯是什么颜色的]
2026-02-26 22:36:30,982 - INFO - CaseID:78 - CATEGORY字段：模型输出含「其他问答」，该字段通过
2026-02-26 22:36:30,983 - INFO - CaseID:78 - 整体结果: FAILED | 详情: APINAME不匹配：预期[visionqa]，实际[QASearch]; QUERY不匹配：基础语义模糊匹配失败 - 预期[]，实际[星巴克常见饮料杯壁颜色]; TAG不匹配：一方为空 - 预期[]，实际[星巴克&常见饮料&杯壁颜色]
2026-02-26 22:36:30,983 - INFO - CaseID:79 - 整体结果: FAILED | 详情: APINAME不匹配：预期[visionqa]，实际[worthbuy]; CATEGORY不匹配：一方为空 - 预期[]，实际[商品查询-确定商品]; QUERY不匹配：基础语义模糊匹配失败 - 预期[]，实际[竹香乌龙茶饮料的品牌]; TAG不匹配：一方为空 - 预期[]，实际[竹香乌龙茶饮料&品牌]
2026-02-26 22:36:30,983 - INFO - CaseID:80 - CATEGORY字段：模型输出含「其他问答」，该字段通过
2026-02-26 22:36:30,983 - INFO - CaseID:80 - 整体结果: FAILED | 详情: APINAME不匹配：预期[visionqa]，实际[QASearch]; QUERY不匹配：基础语义模糊匹配失败 - 预期[]，实际[竹香乌龙茶在不同销售渠道的当前售价]; TAG不匹配：一方为空 - 预期[]，实际[竹香乌龙茶&不同销售渠道&当前售价]
2026-02-26 22:36:30,983 - INFO - CaseID:81 - CATEGORY字段：交集匹配（{'健康'}），判定通过
2026-02-26 22:36:32,930 - INFO - CaseID:81 - 整体结果: FAILED | 详情: QUERY不匹配：基础语义模糊匹配失败 - 预期[竹叶青的原料]，实际[竹叶青饮料的原料成分]; TAG不匹配：无交集 - 预期[竹叶青&原料]，实际[竹叶青饮料&原料成分]
2026-02-26 22:36:32,931 - INFO - CaseID:82 - 整体结果: FAILED | 详情: APINAME不匹配：预期[visionqa]，实际[worthbuy]; CATEGORY不匹配：一方为空 - 预期[]，实际[商品查询-不确定商品]; QUERY不匹配：基础语义模糊匹配失败 - 预期[]，实际[盒装牛奶饮品的常见容量规格]; TAG不匹配：一方为空 - 预期[]，实际[盒装牛奶饮品&常见容量规格]
2026-02-26 22:36:32,931 - INFO - CaseID:83 - 整体结果: FAILED | 详情: APINAME不匹配：预期[visionqa]，实际[worthbuy]; CATEGORY不匹配：一方为空 - 预期[]，实际[商品推荐]; QUERY不匹配：基础语义模糊匹配失败 - 预期[]，实际[常见牛奶包装盒上的图案类型]; TAG不匹配：一方为空 - 预期[]，实际[常见&牛奶包装盒&图案类型]
2026-02-26 22:36:32,932 - INFO - CaseID:84 - CATEGORY字段：标准答案含「其他问答」，模型输出任意值通过
2026-02-26 22:36:34,933 - INFO - CaseID:84 - QUERY字段：基础语义模糊匹配通过
2026-02-26 22:36:34,934 - INFO - CaseID:84 - TAG字段：有交集（{'绿茶饮品', '营养价值'}），判定通过
2026-02-26 22:36:34,934 - INFO - CaseID:84 - 整体结果: PASS | 详情: 所有字段校验通过
2026-02-26 22:36:34,934 - INFO - CaseID:85 - CATEGORY字段：模型输出含「其他问答」，该字段通过
2026-02-26 22:36:34,935 - INFO - CaseID:85 - 整体结果: FAILED | 详情: APINAME不匹配：预期[visionqa]，实际[QASearch]; QUERY不匹配：基础语义模糊匹配失败 - 预期[]，实际[牛奶包装上的品牌名称]; TAG不匹配：一方为空 - 预期[]，实际[牛奶&包装&品牌名称]
2026-02-26 22:36:34,935 - INFO - CaseID:86 - CATEGORY字段：交集匹配（{'生物'}），判定通过
2026-02-26 22:36:36,633 - INFO - CaseID:86 - QUERY字段：基础语义模糊匹配通过
2026-02-26 22:36:36,633 - INFO - CaseID:86 - TAG字段：有交集（{'布偶猫', '生活习性'}），判定通过
2026-02-26 22:36:36,633 - INFO - CaseID:86 - 整体结果: PASS | 详情: 所有字段校验通过
2026-02-26 22:36:36,634 - INFO - CaseID:87 - CATEGORY字段：交集匹配（{'生物'}），判定通过
2026-02-26 22:36:38,678 - INFO - CaseID:87 - QUERY字段：基础语义模糊匹配通过
2026-02-26 22:36:38,680 - INFO - CaseID:87 - TAG字段：有交集（{'生活习性', '喜马拉雅猫'}），判定通过
2026-02-26 22:36:38,680 - INFO - CaseID:87 - 整体结果: PASS | 详情: 所有字段校验通过
2026-02-26 22:36:38,680 - INFO - CaseID:88 - CATEGORY字段：标准答案含「其他问答」，模型输出任意值通过
2026-02-26 22:36:40,951 - INFO - CaseID:88 - QUERY字段：基础语义模糊匹配通过
2026-02-26 22:36:40,952 - INFO - CaseID:88 - TAG字段：有交集（{'布偶猫'}），判定通过
2026-02-26 22:36:40,952 - INFO - CaseID:88 - 整体结果: PASS | 详情: 所有字段校验通过
2026-02-26 22:36:40,953 - INFO - CaseID:89 - APINAME字段：QASearch↔worthbuy，判定通过
2026-02-26 22:36:40,953 - INFO - CaseID:89 - CATEGORY字段：标准答案含「其他问答」，模型输出任意值通过
2026-02-26 22:36:43,390 - INFO - CaseID:89 - TAG字段：有交集（{'布偶猫'}），判定通过
2026-02-26 22:36:43,391 - INFO - CaseID:89 - 整体结果: FAILED | 详情: QUERY不匹配：基础语义模糊匹配失败 - 预期[布偶猫的价格]，实际[布偶猫的价格范围]
2026-02-26 22:36:43,391 - INFO - CaseID:90 - CATEGORY字段：交集匹配（{'生物'}），判定通过
2026-02-26 22:36:45,234 - INFO - CaseID:90 - QUERY字段：基础语义模糊匹配通过
2026-02-26 22:36:45,235 - INFO - CaseID:90 - TAG字段：有交集（{'土耳其安哥拉猫'}），判定通过
2026-02-26 22:36:45,235 - INFO - CaseID:90 - 整体结果: PASS | 详情: 所有字段校验通过
2026-02-26 22:36:45,235 - INFO - CaseID:91 - CATEGORY字段：交集匹配（{'生物'}），判定通过
2026-02-26 22:36:47,195 - INFO - CaseID:91 - QUERY字段：基础语义模糊匹配通过
2026-02-26 22:36:47,195 - INFO - CaseID:91 - TAG字段：有交集（{'波斯猫'}），判定通过
2026-02-26 22:36:47,195 - INFO - CaseID:91 - 整体结果: PASS | 详情: 所有字段校验通过
2026-02-26 22:36:47,195 - INFO - CaseID:92 - CATEGORY字段：标准答案含「其他问答」，模型输出任意值通过
2026-02-26 22:36:49,285 - INFO - CaseID:92 - QUERY字段：基础语义模糊匹配通过
2026-02-26 22:36:49,286 - INFO - CaseID:92 - TAG字段：有交集（{'波斯猫', '颜色', '眼睛'}），判定通过
2026-02-26 22:36:49,286 - INFO - CaseID:92 - 整体结果: PASS | 详情: 所有字段校验通过
2026-02-26 22:36:49,286 - INFO - CaseID:93 - 整体结果: FAILED | 详情: APINAME不匹配：预期[visionqa]，实际[QASearch]; CATEGORY不匹配：一方为空 - 预期[]，实际[生物]; QUERY不匹配：基础语义模糊匹配失败 - 预期[]，实际[白色长毛猫常见的眼睛颜色]; TAG不匹配：一方为空 - 预期[]，实际[白色长毛猫&常见&眼睛颜色]
2026-02-26 22:36:49,286 - INFO - CaseID:94 - CATEGORY字段：标准答案含「其他问答」，模型输出任意值通过
2026-02-26 22:36:51,058 - INFO - CaseID:94 - QUERY字段：基础语义模糊匹配通过
2026-02-26 22:36:51,058 - INFO - CaseID:94 - TAG字段：有交集（{'波斯猫'}），判定通过
2026-02-26 22:36:51,058 - INFO - CaseID:94 - 整体结果: PASS | 详情: 所有字段校验通过
2026-02-26 22:36:51,059 - INFO - CaseID:95 - CATEGORY字段：标准答案含「其他问答」，模型输出任意值通过
2026-02-26 22:36:53,019 - INFO - CaseID:95 - QUERY字段：基础语义模糊匹配通过
2026-02-26 22:36:53,019 - INFO - CaseID:95 - 整体结果: FAILED | 详情: TAG不匹配：无交集 - 预期[黄色&玫瑰花&培育&特点]，实际[黄色玫瑰花&培育要点]
2026-02-26 22:36:53,020 - INFO - CaseID:96 - CATEGORY字段：交集匹配（{'生物'}），判定通过
2026-02-26 22:36:54,982 - INFO - CaseID:96 - QUERY字段：基础语义模糊匹配通过
2026-02-26 22:36:54,982 - INFO - CaseID:96 - TAG字段：有交集（{'科属'}），判定通过
2026-02-26 22:36:54,982 - INFO - CaseID:96 - 整体结果: PASS | 详情: 所有字段校验通过
2026-02-26 22:36:54,983 - INFO - CaseID:97 - CATEGORY字段：交集匹配（{'生物'}），判定通过
2026-02-26 22:36:57,337 - INFO - CaseID:97 - QUERY字段：基础语义模糊匹配通过
2026-02-26 22:36:57,338 - INFO - CaseID:97 - TAG字段：有交集（{'玫瑰花', '花语'}），判定通过
2026-02-26 22:36:57,338 - INFO - CaseID:97 - 整体结果: PASS | 详情: 所有字段校验通过
2026-02-26 22:36:59,228 - INFO - CaseID:98 - QUERY字段：基础语义模糊匹配通过
2026-02-26 22:36:59,229 - INFO - CaseID:98 - TAG字段：有交集（{'有毒', '葡萄藤'}），判定通过
2026-02-26 22:36:59,230 - INFO - CaseID:98 - 整体结果: FAILED | 详情: CATEGORY不匹配：无交集 - 预期[生物]，实际[健康]
2026-02-26 22:36:59,230 - INFO - CaseID:99 - CATEGORY字段：交集匹配（{'生物'}），判定通过
2026-02-26 22:37:01,173 - INFO - CaseID:99 - QUERY字段：基础语义模糊匹配通过
2026-02-26 22:37:01,173 - INFO - CaseID:99 - TAG字段：有交集（{'适宜生长', '木芙蓉', '气候条件'}），判定通过
2026-02-26 22:37:01,173 - INFO - CaseID:99 - 整体结果: PASS | 详情: 所有字段校验通过
2026-02-26 22:37:01,173 - INFO - 已处理100行，休眠5秒降低压力...
2026-02-26 22:37:06,174 - INFO - CaseID:100 - CATEGORY字段：交集匹配（{'生物'}），判定通过
2026-02-26 22:37:07,149 - INFO - CaseID:100 - QUERY字段：基础语义模糊匹配通过
2026-02-26 22:37:07,150 - INFO - CaseID:100 - TAG字段：有交集（{'木芙蓉'}），判定通过
2026-02-26 22:37:07,150 - INFO - CaseID:100 - 整体结果: PASS | 详情: 所有字段校验通过
2026-02-26 22:37:07,150 - INFO - CaseID:101 - CATEGORY字段：交集匹配（{'生物'}），判定通过
2026-02-26 22:37:08,827 - INFO - CaseID:101 - QUERY字段：基础语义模糊匹配通过
2026-02-26 22:37:08,828 - INFO - CaseID:101 - TAG字段：有交集（{'柚子树'}），判定通过
2026-02-26 22:37:08,828 - INFO - CaseID:101 - 整体结果: PASS | 详情: 所有字段校验通过
2026-02-26 22:37:08,828 - INFO - CaseID:102 - CATEGORY字段：交集匹配（{'健康'}），判定通过
2026-02-26 22:37:10,716 - INFO - CaseID:102 - QUERY字段：基础语义模糊匹配通过
2026-02-26 22:37:10,717 - INFO - CaseID:102 - TAG字段：有交集（{'医学作用', '柚子'}），判定通过
2026-02-26 22:37:10,717 - INFO - CaseID:102 - 整体结果: PASS | 详情: 所有字段校验通过
2026-02-26 22:37:10,718 - INFO - CaseID:103 - CATEGORY字段：标准答案含「其他问答」，模型输出任意值通过
2026-02-26 22:37:12,572 - INFO - CaseID:103 - QUERY字段：基础语义模糊匹配通过
2026-02-26 22:37:12,573 - INFO - CaseID:103 - TAG字段：有交集（{'开花'}），判定通过
2026-02-26 22:37:12,573 - INFO - CaseID:103 - 整体结果: PASS | 详情: 所有字段校验通过
2026-02-26 22:37:12,574 - INFO - CaseID:104 - CATEGORY字段：交集匹配（{'生物'}），判定通过
2026-02-26 22:37:14,979 - INFO - CaseID:104 - QUERY字段：基础语义模糊匹配通过
2026-02-26 22:37:14,979 - INFO - CaseID:104 - TAG字段：有交集（{'郁金香'}），判定通过
2026-02-26 22:37:14,979 - INFO - CaseID:104 - 整体结果: PASS | 详情: 所有字段校验通过
2026-02-26 22:37:14,979 - INFO - CaseID:105 - CATEGORY字段：交集匹配（{'生物'}），判定通过
2026-02-26 22:37:16,819 - INFO - CaseID:105 - QUERY字段：基础语义模糊匹配通过
2026-02-26 22:37:16,819 - INFO - CaseID:105 - TAG字段：有交集（{'水仙百合', '别名'}），判定通过
2026-02-26 22:37:16,819 - INFO - CaseID:105 - 整体结果: PASS | 详情: 所有字段校验通过
2026-02-26 22:37:16,820 - INFO - CaseID:106 - CATEGORY字段：交集匹配（{'生物'}），判定通过
2026-02-26 22:37:18,974 - INFO - CaseID:106 - QUERY字段：基础语义模糊匹配通过
2026-02-26 22:37:18,975 - INFO - CaseID:106 - TAG字段：有交集（{'落羽杉'}），判定通过
2026-02-26 22:37:18,976 - INFO - CaseID:106 - 整体结果: PASS | 详情: 所有字段校验通过
2026-02-26 22:37:18,976 - INFO - CaseID:107 - CATEGORY字段：交集匹配（{'生物'}），判定通过
2026-02-26 22:37:20,912 - INFO - CaseID:107 - QUERY字段：基础语义模糊匹配通过
2026-02-26 22:37:20,913 - INFO - CaseID:107 - TAG字段：有交集（{'水杉'}），判定通过
2026-02-26 22:37:20,913 - INFO - CaseID:107 - 整体结果: PASS | 详情: 所有字段校验通过
2026-02-26 22:37:20,913 - INFO - CaseID:108 - CATEGORY字段：交集匹配（{'生物'}），判定通过
2026-02-26 22:37:22,614 - INFO - CaseID:108 - QUERY字段：基础语义模糊匹配通过
2026-02-26 22:37:22,614 - INFO - CaseID:108 - TAG字段：有交集（{'水杉'}），判定通过
2026-02-26 22:37:22,614 - INFO - CaseID:108 - 整体结果: PASS | 详情: 所有字段校验通过
2026-02-26 22:37:22,615 - INFO - CaseID:109 - CATEGORY字段：交集匹配（{'生物'}），判定通过
2026-02-26 22:37:24,537 - INFO - CaseID:109 - QUERY字段：基础语义模糊匹配通过
2026-02-26 22:37:24,538 - INFO - CaseID:109 - TAG字段：有交集（{'颜色', '雏菊'}），判定通过
2026-02-26 22:37:24,538 - INFO - CaseID:109 - 整体结果: PASS | 详情: 所有字段校验通过
2026-02-26 22:37:26,239 - INFO - CaseID:110 - QUERY字段：基础语义模糊匹配通过
2026-02-26 22:37:26,240 - INFO - CaseID:110 - TAG字段：有交集（{'功效', '洋甘菊'}），判定通过
2026-02-26 22:37:26,240 - INFO - CaseID:110 - 整体结果: FAILED | 详情: CATEGORY不匹配：无交集 - 预期[生物]，实际[健康]
2026-02-26 22:37:28,654 - INFO - CaseID:111 - QUERY字段：基础语义模糊匹配通过
2026-02-26 22:37:28,654 - INFO - CaseID:111 - TAG字段：有交集（{'中药药材', '果实', '海棠树'}），判定通过
2026-02-26 22:37:28,654 - INFO - CaseID:111 - 整体结果: FAILED | 详情: CATEGORY不匹配：无交集 - 预期[生物]，实际[健康]
2026-02-26 22:37:28,655 - INFO - CaseID:112 - CATEGORY字段：交集匹配（{'生物'}），判定通过
2026-02-26 22:37:30,595 - INFO - CaseID:112 - QUERY字段：基础语义模糊匹配通过
2026-02-26 22:37:30,595 - INFO - CaseID:112 - TAG字段：有交集（{'适宜生长', '土壤类型', '海棠树'}），判定通过
2026-02-26 22:37:30,595 - INFO - CaseID:112 - 整体结果: PASS | 详情: 所有字段校验通过
2026-02-26 22:37:30,596 - INFO - CaseID:113 - CATEGORY字段：交集匹配（{'生物'}），判定通过
2026-02-26 22:37:32,585 - INFO - CaseID:113 - QUERY字段：基础语义模糊匹配通过
2026-02-26 22:37:32,585 - INFO - CaseID:113 - TAG字段：有交集（{'拉丁学名', '海棠树'}），判定通过
2026-02-26 22:37:32,585 - INFO - CaseID:113 - 整体结果: PASS | 详情: 所有字段校验通过
2026-02-26 22:37:32,585 - INFO - CaseID:114 - CATEGORY字段：交集匹配（{'生物'}），判定通过
2026-02-26 22:37:34,628 - INFO - CaseID:114 - QUERY字段：基础语义模糊匹配通过
2026-02-26 22:37:34,629 - INFO - CaseID:114 - TAG字段：有交集（{'叶子', '病斑', '植物'}），判定通过
2026-02-26 22:37:34,629 - INFO - CaseID:114 - 整体结果: PASS | 详情: 所有字段校验通过
2026-02-26 22:37:34,629 - INFO - CaseID:115 - CATEGORY字段：交集匹配（{'生物'}），判定通过
2026-02-26 22:37:36,803 - INFO - CaseID:115 - QUERY字段：基础语义模糊匹配通过
2026-02-26 22:37:36,803 - INFO - CaseID:115 - TAG字段：有交集（{'玉兰树', '植物保护等级'}），判定通过
2026-02-26 22:37:36,803 - INFO - CaseID:115 - 整体结果: PASS | 详情: 所有字段校验通过
2026-02-26 22:37:36,804 - INFO - CaseID:116 - CATEGORY字段：交集匹配（{'生物'}），判定通过
2026-02-26 22:37:38,747 - INFO - CaseID:116 - QUERY字段：基础语义模糊匹配通过
2026-02-26 22:37:38,747 - INFO - CaseID:116 - TAG字段：有交集（{'高度', '玉兰树'}），判定通过
2026-02-26 22:37:38,747 - INFO - CaseID:116 - 整体结果: PASS | 详情: 所有字段校验通过
2026-02-26 22:37:38,747 - INFO - CaseID:117 - CATEGORY字段：交集匹配（{'生物'}），判定通过
2026-02-26 22:37:40,640 - INFO - CaseID:117 - QUERY字段：基础语义模糊匹配通过
2026-02-26 22:37:40,644 - INFO - CaseID:117 - TAG字段：有交集（{'龟背竹'}），判定通过
2026-02-26 22:37:40,644 - INFO - CaseID:117 - 整体结果: PASS | 详情: 所有字段校验通过
2026-02-26 22:37:40,645 - INFO - CaseID:118 - CATEGORY字段：交集匹配（{'生物'}），判定通过
2026-02-26 22:37:42,623 - INFO - CaseID:118 - QUERY字段：基础语义模糊匹配通过
2026-02-26 22:37:42,624 - INFO - CaseID:118 - TAG字段：有交集（{'龟背竹'}），判定通过
2026-02-26 22:37:42,624 - INFO - CaseID:118 - 整体结果: PASS | 详情: 所有字段校验通过
2026-02-26 22:37:42,625 - INFO - CaseID:119 - 整体结果: FAILED | 详情: APINAME不匹配：预期[visionqa]，实际[worthbuy]; CATEGORY不匹配：一方为空 - 预期[]，实际[商品推荐]; QUERY不匹配：基础语义模糊匹配失败 - 预期[]，实际[黑色T恤背面带数字9图案的常见材质类型]; TAG不匹配：一方为空 - 预期[]，实际[黑色T恤&背面&数字9图案&常见材质类型]
2026-02-26 22:37:42,627 - INFO - CaseID:120 - 整体结果: FAILED | 详情: APINAME不匹配：预期[visionqa]，实际[worthbuy]; CATEGORY不匹配：一方为空 - 预期[]，实际[商品查询-确定商品]; QUERY不匹配：基础语义模糊匹配失败 - 预期[]，实际[字节跳动纪念T恤的材质]; TAG不匹配：一方为空 - 预期[]，实际[字节跳动纪念T恤&材质]
2026-02-26 22:37:42,628 - INFO - CaseID:121 - 整体结果: FAILED | 详情: APINAME不匹配：预期[visionqa]，实际[visual_search]; QUERY不匹配：基础语义模糊匹配失败 - 预期[]，实际[这件T恤的品牌是什么？]
2026-02-26 22:37:42,628 - INFO - CaseID:122 - 整体结果: FAILED | 详情: APINAME不匹配：预期[visionqa]，实际[visual_search]; QUERY不匹配：基础语义模糊匹配失败 - 预期[]，实际[这件衣服的品牌是什么]
2026-02-26 22:37:44,639 - INFO - CaseID:123 - QUERY字段：基础语义模糊匹配通过
2026-02-26 22:37:44,639 - INFO - CaseID:123 - TAG字段：有交集（{'平均温度'}），判定通过
2026-02-26 22:37:44,639 - INFO - CaseID:123 - 整体结果: FAILED | 详情: CATEGORY不匹配：无交集 - 预期[地理]，实际[地理通用]
2026-02-26 22:37:44,639 - INFO - CaseID:124 - 整体结果: FAILED | 详情: 模型输出核心字段全为空，判定不通过
2026-02-26 22:37:44,640 - INFO - CaseID:125 - 整体结果: FAILED | 详情: APINAME不匹配：预期[visionqa]，实际[worthbuy]; CATEGORY不匹配：一方为空 - 预期[]，实际[商品查询-确定商品]; QUERY不匹配：基础语义模糊匹配失败 - 预期[]，实际[黑色防风防水夹克的款式特点]; TAG不匹配：一方为空 - 预期[]，实际[黑色&防风防水夹克&款式特点]
2026-02-26 22:37:44,640 - INFO - CaseID:126 - 整体结果: FAILED | 详情: APINAME不匹配：预期[visionqa]，实际[visual_search]; QUERY不匹配：基础语义模糊匹配失败 - 预期[]，实际[这件黑色外套的品牌是什么]
2026-02-26 22:37:44,640 - INFO - CaseID:127 - APINAME字段：QASearch↔worthbuy，判定通过
2026-02-26 22:37:44,640 - INFO - CaseID:127 - CATEGORY字段：标准答案含「其他问答」，模型输出任意值通过
2026-02-26 22:37:46,584 - INFO - CaseID:127 - 整体结果: FAILED | 详情: QUERY不匹配：基础语义模糊匹配失败 - 预期[适合搭配的牛仔裤的类型推荐]，实际[当前季节和气候适合的牛仔裤类型]; TAG不匹配：无交集 - 预期[适合搭配&牛仔裤&类型推荐]，实际[当前季节&气候&适合&牛仔裤类型]
2026-02-26 22:37:46,585 - INFO - CaseID:128 - APINAME字段：QASearch↔worthbuy，判定通过
2026-02-26 22:37:46,585 - INFO - CaseID:128 - CATEGORY字段：标准答案含「其他问答」，模型输出任意值通过
2026-02-26 22:37:48,614 - INFO - CaseID:128 - TAG字段：有交集（{'灰色休闲服'}），判定通过
2026-02-26 22:37:48,615 - INFO - CaseID:128 - 整体结果: FAILED | 详情: QUERY不匹配：基础语义模糊匹配失败 - 预期[灰色休闲服在哪里可以买到]，实际[灰色休闲服线下购买地点北京]
2026-02-26 22:37:48,615 - INFO - CaseID:129 - 整体结果: FAILED | 详情: APINAME不匹配：预期[visionqa]，实际[visual_search]; QUERY不匹配：基础语义模糊匹配失败 - 预期[]，实际[这件灰色连帽衫上的红色数字设计是什么品牌的标志或图案？]
2026-02-26 22:37:48,615 - INFO - CaseID:130 - APINAME字段：QASearch↔worthbuy，判定通过
2026-02-26 22:37:48,615 - INFO - CaseID:130 - CATEGORY字段：标准答案含「其他问答」，模型输出任意值通过
2026-02-26 22:37:51,197 - INFO - CaseID:130 - QUERY字段：基础语义模糊匹配通过
2026-02-26 22:37:51,198 - INFO - CaseID:130 - TAG字段：有交集（{'颜色', '适合搭配', '灰色上衣', '裤子'}），判定通过
2026-02-26 22:37:51,198 - INFO - CaseID:130 - 整体结果: PASS | 详情: 所有字段校验通过
2026-02-26 22:37:51,198 - INFO - CaseID:131 - APINAME字段：QASearch↔worthbuy，判定通过
2026-02-26 22:37:51,198 - INFO - CaseID:131 - CATEGORY字段：标准答案含「其他问答」，模型输出任意值通过
2026-02-26 22:37:53,123 - INFO - CaseID:131 - 整体结果: FAILED | 详情: QUERY不匹配：基础语义模糊匹配失败 - 预期[选择外套时是版型重要还是材质重要]，实际[外套选择中材质的重要性]; TAG不匹配：无交集 - 预期[选择外套&版型重要&材质重要]，实际[外套选择&材质&重要性]
2026-02-26 22:37:53,124 - INFO - CaseID:132 - 整体结果: FAILED | 详情: APINAME不匹配：预期[visionqa]，实际[worthbuy]; CATEGORY不匹配：一方为空 - 预期[]，实际[商品推荐]; QUERY不匹配：基础语义模糊匹配失败 - 预期[]，实际[拼色毛衣常见的编织方法]; TAG不匹配：一方为空 - 预期[]，实际[拼色毛衣&常见&编织方法]
2026-02-26 22:37:53,124 - INFO - CaseID:133 - 整体结果: FAILED | 详情: APINAME不匹配：预期[visionqa]，实际[visual_search]; QUERY不匹配：基础语义模糊匹配失败 - 预期[]，实际[这件衣服是什么颜色的]
2026-02-26 22:37:53,125 - INFO - CaseID:134 - 整体结果: FAILED | 详情: APINAME不匹配：预期[visionqa]，实际[worthbuy]; CATEGORY不匹配：一方为空 - 预期[]，实际[商品推荐]; QUERY不匹配：基础语义模糊匹配失败 - 预期[]，实际[灰色和深蓝色条纹衣服常见品牌]; TAG不匹配：一方为空 - 预期[]，实际[灰色&深蓝色条纹衣服&常见品牌]
2026-02-26 22:37:53,125 - INFO - CaseID:135 - 整体结果: FAILED | 详情: APINAME不匹配：预期[visionqa]，实际[worthbuy]; CATEGORY不匹配：一方为空 - 预期[]，实际[商品推荐]; QUERY不匹配：基础语义模糊匹配失败 - 预期[]，实际[红白格纹外套搭配包包的建议]; TAG不匹配：一方为空 - 预期[]，实际[红白格纹外套&搭配&包包&建议]
2026-02-26 22:37:53,125 - INFO - CaseID:136 - 整体结果: FAILED | 详情: APINAME不匹配：预期[visionqa]，实际[skill_search]; QUERY不匹配：基础语义模糊匹配失败 - 预期[]，实际[这件衣服的材质是什么]
2026-02-26 22:37:53,126 - INFO - CaseID:137 - 整体结果: FAILED | 详情: APINAME不匹配：预期[visionqa]，实际[visual_search]; QUERY不匹配：基础语义模糊匹配失败 - 预期[]，实际[这件牛仔夹克的品牌是什么]
2026-02-26 22:37:53,126 - INFO - CaseID:138 - 整体结果: FAILED | 详情: APINAME不匹配：预期[visionqa]，实际[visual_search]; QUERY不匹配：基础语义模糊匹配失败 - 预期[]，实际[这个衣服是什么颜色的]
2026-02-26 22:37:53,126 - INFO - CaseID:139 - 整体结果: FAILED | 详情: APINAME不匹配：预期[visionqa]，实际[skill_search]; QUERY不匹配：基础语义模糊匹配失败 - 预期[]，实际[这件衣服的款式颜色和材质是什么]
2026-02-26 22:37:53,126 - INFO - CaseID:140 - CATEGORY字段：标准答案含「其他问答」，模型输出任意值通过
2026-02-26 22:37:54,974 - INFO - CaseID:140 - TAG字段：有交集（{'羽绒服'}），判定通过
2026-02-26 22:37:54,975 - INFO - CaseID:140 - 整体结果: FAILED | 详情: QUERY不匹配：基础语义模糊匹配失败 - 预期[羽绒服的价格]，实际[用户之前提到的羽绒服的具体品牌或型号是什么]
2026-02-26 22:37:54,975 - INFO - CaseID:141 - APINAME字段：QASearch↔worthbuy，判定通过
2026-02-26 22:37:54,975 - INFO - CaseID:141 - CATEGORY字段：标准答案含「其他问答」，模型输出任意值通过
2026-02-26 22:37:57,786 - INFO - CaseID:141 - QUERY字段：基础语义模糊匹配通过
2026-02-26 22:37:57,786 - INFO - CaseID:141 - TAG字段：有交集（{'浅色羽绒服', '内搭', '版型'}），判定通过
2026-02-26 22:37:57,786 - INFO - CaseID:141 - 整体结果: PASS | 详情: 所有字段校验通过
2026-02-26 22:37:57,787 - INFO - CaseID:142 - 整体结果: FAILED | 详情: APINAME不匹配：预期[visionqa]，实际[worthbuy]; CATEGORY不匹配：一方为空 - 预期[]，实际[商品查询-不确定商品]; QUERY不匹配：基础语义模糊匹配失败 - 预期[]，实际[这件浅色羽绒服是短款还是长款]; TAG不匹配：一方为空 - 预期[]，实际[浅色羽绒服&短款&长款]
2026-02-26 22:37:57,788 - INFO - CaseID:143 - 整体结果: FAILED | 详情: APINAME不匹配：预期[visionqa]，实际[visual_search]; QUERY不匹配：基础语义模糊匹配失败 - 预期[]，实际[这件羽绒服是什么颜色的]
2026-02-26 22:37:57,788 - INFO - CaseID:144 - 整体结果: FAILED | 详情: APINAME不匹配：预期[visionqa]，实际[worthbuy]; CATEGORY不匹配：一方为空 - 预期[]，实际[商品查询-不确定商品]; QUERY不匹配：基础语义模糊匹配失败 - 预期[]，实际[条纹衬衫的常见材质类型]; TAG不匹配：一方为空 - 预期[]，实际[条纹衬衫&常见材质类型]
2026-02-26 22:37:57,788 - INFO - CaseID:145 - 整体结果: FAILED | 详情: APINAME不匹配：预期[visionqa]，实际[skill_search]; QUERY不匹配：基础语义模糊匹配失败 - 预期[]，实际[这件衬衫是什么颜色的]
2026-02-26 22:37:57,789 - INFO - CaseID:146 - CATEGORY字段：模型输出含「其他问答」，该字段通过
2026-02-26 22:37:57,789 - INFO - CaseID:146 - 整体结果: FAILED | 详情: APINAME不匹配：预期[visionqa]，实际[QASearch]; QUERY不匹配：基础语义模糊匹配失败 - 预期[]，实际[格子衬衫的常见款式特点]; TAG不匹配：一方为空 - 预期[]，实际[格子衬衫&常见款式&特点]
2026-02-26 22:37:57,789 - INFO - CaseID:147 - 整体结果: FAILED | 详情: APINAME不匹配：预期[visionqa]，实际[worthbuy]; CATEGORY不匹配：一方为空 - 预期[]，实际[商品推荐]; QUERY不匹配：基础语义模糊匹配失败 - 预期[]，实际[蓝色条纹衬衫适合的年龄段]; TAG不匹配：一方为空 - 预期[]，实际[蓝色条纹衬衫&适合&年龄段]
2026-02-26 22:38:00,016 - INFO - CaseID:148 - TAG字段：有交集（{'rocky'}），判定通过
2026-02-26 22:38:00,016 - INFO - CaseID:148 - 整体结果: FAILED | 详情: CATEGORY不匹配：无交集 - 预期[人物]，实际[影视]; QUERY不匹配：基础语义模糊匹配失败 - 预期[Rocky的中文名字]，实际[汪汪队立大功Rocky的中文名字]
2026-02-26 22:38:02,036 - INFO - CaseID:149 - TAG字段：有交集（{'动画', '小克'}），判定通过
2026-02-26 22:38:02,037 - INFO - CaseID:149 - 整体结果: FAILED | 详情: CATEGORY不匹配：无交集 - 预期[人物]，实际[影视]; QUERY不匹配：基础语义模糊匹配失败 - 预期[小克在动画里的人物性格是什么样的]，实际[小克在动画《汪汪队立大功》中的人物性格特点]
2026-02-26 22:38:04,836 - INFO - 
=== 执行完成（总耗时：200.61秒）===
2026-02-26 22:38:04,837 - INFO - 总用例数：149 | 通过：62（41.61%） | 失败：87
