2026-02-26 21:59:31,439 - INFO - === 看世界规划对比工具（新旧用例双轨适配版）启动 ===
2026-02-26 21:59:31,630 - INFO - 成功加载飞书表格
2026-02-26 21:59:32,810 - INFO - CaseID:1 - 整体结果: FAILED | 详情: APINAME不匹配：预期[visionqa]，实际[worthbuy]; CATEGORY不匹配：一方为空 - 预期[]，实际[商品推荐]; QUERY不匹配：基础语义模糊匹配失败 - 预期[]，实际[印有黑猫图案的帆布包品牌]; TAG不匹配：一方为空 - 预期[]，实际[印有黑猫图案&帆布包&品牌]
2026-02-26 21:59:33,835 - INFO - CaseID:2 - QUERY字段：基础语义模糊匹配通过
2026-02-26 21:59:33,835 - INFO - CaseID:2 - 整体结果: FAILED | 详情: TAG不匹配：互不包含 - 预期[文蛤&具有售卖价值]，实际[文蛤&市场价值]
2026-02-26 21:59:36,628 - INFO - CaseID:3 - QUERY字段：基础语义模糊匹配通过
2026-02-26 21:59:36,628 - INFO - CaseID:3 - 整体结果: PASS | 详情: 所有字段校验通过
2026-02-26 21:59:36,629 - INFO - CaseID:4 - 整体结果: FAILED | 详情: APINAME不匹配：预期[visionqa]，实际[QASearch]; CATEGORY不匹配：一方为空 - 预期[]，实际[生物]; QUERY不匹配：基础语义模糊匹配失败 - 预期[]，实际[白色鸽子的常见品种]; TAG不匹配：一方为空 - 预期[]，实际[白色鸽子&常见品种]
2026-02-26 21:59:38,550 - INFO - CaseID:5 - QUERY字段：基础语义模糊匹配通过
2026-02-26 21:59:38,551 - INFO - CaseID:5 - 整体结果: PASS | 详情: 所有字段校验通过
2026-02-26 21:59:40,762 - INFO - CaseID:6 - QUERY字段：基础语义模糊匹配通过
2026-02-26 21:59:40,763 - INFO - CaseID:6 - 整体结果: PASS | 详情: 所有字段校验通过
2026-02-26 21:59:40,764 - INFO - CaseID:7 - 整体结果: FAILED | 详情: APINAME不匹配：预期[visionqa]，实际[QASearch]; CATEGORY不匹配：一方为空 - 预期[]，实际[生物]; QUERY不匹配：基础语义模糊匹配失败 - 预期[]，实际[猕猴的一般毛色]; TAG不匹配：一方为空 - 预期[]，实际[猕猴&毛色]
2026-02-26 21:59:42,820 - INFO - CaseID:8 - QUERY字段：基础语义模糊匹配通过
2026-02-26 21:59:42,821 - INFO - CaseID:8 - 整体结果: PASS | 详情: 所有字段校验通过
2026-02-26 21:59:44,805 - INFO - CaseID:9 - QUERY字段：基础语义模糊匹配通过
2026-02-26 21:59:44,807 - INFO - CaseID:9 - 整体结果: FAILED | 详情: CATEGORY不匹配：无交集 - 预期[生物,其他问答]，实际[健康]
2026-02-26 21:59:47,791 - INFO - CaseID:10 - QUERY字段：基础语义模糊匹配通过
2026-02-26 21:59:47,792 - INFO - CaseID:10 - 整体结果: PASS | 详情: 所有字段校验通过
2026-02-26 21:59:50,084 - INFO - CaseID:11 - QUERY字段：基础语义模糊匹配通过
2026-02-26 21:59:50,085 - INFO - CaseID:11 - 整体结果: FAILED | 详情: TAG不匹配：互不包含 - 预期[螳螂虾&生活水域]，实际[螳螂虾&生活环境&淡水&海水]
2026-02-26 21:59:52,469 - INFO - CaseID:12 - QUERY字段：基础语义模糊匹配通过
2026-02-26 21:59:52,470 - INFO - CaseID:12 - 整体结果: FAILED | 详情: TAG不匹配：互不包含 - 预期[溪蟹&河蟹&能够食用]，实际[淡水蟹&可以食用]
2026-02-26 21:59:54,322 - INFO - CaseID:13 - QUERY字段：基础语义模糊匹配通过
2026-02-26 21:59:54,322 - INFO - CaseID:13 - 整体结果: FAILED | 详情: TAG不匹配：互不包含 - 预期[大闸蟹&最简单&烹饪方法]，实际[中华绒螯蟹&最简单的烹饪方法]
2026-02-26 21:59:56,069 - INFO - CaseID:14 - QUERY字段：基础语义模糊匹配通过
2026-02-26 21:59:56,069 - INFO - CaseID:14 - 整体结果: PASS | 详情: 所有字段校验通过
2026-02-26 21:59:58,720 - INFO - CaseID:15 - QUERY字段：基础语义模糊匹配通过
2026-02-26 21:59:58,721 - INFO - CaseID:15 - 整体结果: PASS | 详情: 所有字段校验通过
2026-02-26 22:00:00,545 - INFO - CaseID:16 - QUERY字段：基础语义模糊匹配通过
2026-02-26 22:00:00,546 - INFO - CaseID:16 - 整体结果: PASS | 详情: 所有字段校验通过
2026-02-26 22:00:02,475 - INFO - CaseID:17 - QUERY字段：基础语义模糊匹配通过
2026-02-26 22:00:02,475 - INFO - CaseID:17 - 整体结果: PASS | 详情: 所有字段校验通过
2026-02-26 22:00:04,876 - INFO - CaseID:18 - QUERY字段：基础语义模糊匹配通过
2026-02-26 22:00:04,877 - INFO - CaseID:18 - 整体结果: PASS | 详情: 所有字段校验通过
2026-02-26 22:00:06,967 - INFO - CaseID:19 - QUERY字段：基础语义模糊匹配通过
2026-02-26 22:00:06,968 - INFO - CaseID:19 - 整体结果: PASS | 详情: 所有字段校验通过
2026-02-26 22:00:08,826 - INFO - CaseID:20 - QUERY字段：基础语义模糊匹配通过
2026-02-26 22:00:08,827 - INFO - CaseID:20 - 整体结果: FAILED | 详情: TAG不匹配：互不包含 - 预期[比目鱼&其他别称]，实际[比目鱼&别名]
2026-02-26 22:00:10,542 - INFO - CaseID:21 - 整体结果: FAILED | 详情: QUERY不匹配：基础语义模糊匹配失败 - 预期[海鲈鱼是否是肉食性动物]，实际[海鲈鱼的食性]; TAG不匹配：互不包含 - 预期[海鲈鱼&肉食性动物]，实际[海鲈鱼&食性]
2026-02-26 22:00:10,543 - INFO - CaseID:22 - CATEGORY字段：标准答案为「其他问答」，模型输出任意值通过
2026-02-26 22:00:12,992 - INFO - CaseID:22 - QUERY字段：基础语义模糊匹配通过
2026-02-26 22:00:12,992 - INFO - CaseID:22 - 整体结果: PASS | 详情: 所有字段校验通过
2026-02-26 22:00:14,808 - INFO - CaseID:23 - 整体结果: FAILED | 详情: QUERY不匹配：基础语义模糊匹配失败 - 预期[大嘴鲈鱼捕获的概率]，实际[不同季节大嘴鲈鱼捕获率]; TAG不匹配：互不包含 - 预期[大嘴鲈鱼&捕获&概率]，实际[不同季节&大嘴鲈鱼&捕获率]
2026-02-26 22:00:17,773 - INFO - CaseID:24 - QUERY字段：基础语义模糊匹配通过
2026-02-26 22:00:17,774 - INFO - CaseID:24 - 整体结果: PASS | 详情: 所有字段校验通过
2026-02-26 22:00:20,141 - INFO - CaseID:25 - QUERY字段：基础语义模糊匹配通过
2026-02-26 22:00:20,142 - INFO - CaseID:25 - 整体结果: PASS | 详情: 所有字段校验通过
2026-02-26 22:00:22,194 - INFO - CaseID:26 - QUERY字段：基础语义模糊匹配通过
2026-02-26 22:00:22,195 - INFO - CaseID:26 - 整体结果: FAILED | 详情: CATEGORY不匹配：无交集 - 预期[人物]，实际[影视]; TAG不匹配：互不包含 - 预期[小猪佩奇&动画片&国籍]，实际[小猪佩奇&动画片&制作国家]
2026-02-26 22:00:22,195 - INFO - CaseID:27 - APINAME字段：QASearch↔worthbuy，判定通过
2026-02-26 22:00:22,196 - INFO - CaseID:27 - CATEGORY字段：标准答案为「其他问答」，模型输出任意值通过
2026-02-26 22:00:24,127 - INFO - CaseID:27 - QUERY字段：基础语义模糊匹配通过
2026-02-26 22:00:24,127 - INFO - CaseID:27 - 整体结果: FAILED | 详情: TAG不匹配：互不包含 - 预期[小猪佩奇玩偶&购买渠道]，实际[小猪佩奇玩偶&正规购买渠道]
2026-02-26 22:00:24,128 - INFO - CaseID:28 - APINAME字段：QASearch↔worthbuy，判定通过
2026-02-26 22:00:24,128 - INFO - CaseID:28 - CATEGORY字段：标准答案为「其他问答」，模型输出任意值通过
2026-02-26 22:00:26,036 - INFO - CaseID:28 - QUERY字段：基础语义模糊匹配通过
2026-02-26 22:00:26,037 - INFO - CaseID:28 - 整体结果: FAILED | 详情: TAG不匹配：互不包含 - 预期[小猪佩奇&玩偶&售价]，实际[小猪佩奇玩偶&官方售价]
2026-02-26 22:00:28,118 - INFO - CaseID:29 - QUERY字段：基础语义模糊匹配通过
2026-02-26 22:00:28,119 - INFO - CaseID:29 - 整体结果: FAILED | 详情: TAG不匹配：互不包含 - 预期[小猪佩奇&上映时间]，实际[小猪佩奇&动画片&首播年份]
2026-02-26 22:00:29,965 - INFO - CaseID:30 - QUERY字段：基础语义模糊匹配通过
2026-02-26 22:00:29,965 - INFO - CaseID:30 - 整体结果: PASS | 详情: 所有字段校验通过
2026-02-26 22:00:29,966 - INFO - CaseID:31 - APINAME字段：QASearch↔worthbuy，判定通过
2026-02-26 22:00:29,966 - INFO - CaseID:31 - CATEGORY字段：标准答案为「其他问答」，模型输出任意值通过
2026-02-26 22:00:31,946 - INFO - CaseID:31 - QUERY字段：基础语义模糊匹配通过
2026-02-26 22:00:31,947 - INFO - CaseID:31 - 整体结果: FAILED | 详情: TAG不匹配：互不包含 - 预期[小猪佩奇&玩偶&适合年龄]，实际[小猪佩奇玩偶&适合&年龄范围]
2026-02-26 22:00:31,948 - INFO - CaseID:32 - 整体结果: FAILED | 详情: APINAME不匹配：预期[visionqa]，实际[worthbuy]; CATEGORY不匹配：一方为空 - 预期[]，实际[商品查询-确定商品]; QUERY不匹配：基础语义模糊匹配失败 - 预期[]，实际[小猪佩奇玩偶的常见材质]; TAG不匹配：一方为空 - 预期[]，实际[小猪佩奇玩偶&常见材质]
2026-02-26 22:00:31,948 - INFO - CaseID:33 - CATEGORY字段：模型输出含「其他问答」，该字段通过
2026-02-26 22:00:31,948 - INFO - CaseID:33 - 整体结果: FAILED | 详情: APINAME不匹配：预期[visionqa]，实际[QASearch]; QUERY不匹配：基础语义模糊匹配失败 - 预期[]，实际[猪爸的玩偶的颜色]; TAG不匹配：一方为空 - 预期[]，实际[猪爸&玩偶&颜色]
2026-02-26 22:00:31,948 - INFO - CaseID:34 - 整体结果: FAILED | 详情: APINAME不匹配：预期[visionqa]，实际[worthbuy]; CATEGORY不匹配：一方为空 - 预期[]，实际[商品查询-不确定商品]; QUERY不匹配：基础语义模糊匹配失败 - 预期[]，实际[粉红色卡通猪玩偶常见尺寸]; TAG不匹配：一方为空 - 预期[]，实际[粉红色&卡通猪玩偶&常见尺寸]
2026-02-26 22:00:31,949 - INFO - CaseID:35 - 整体结果: FAILED | 详情: APINAME不匹配：预期[visionqa]，实际[worthbuy]; CATEGORY不匹配：一方为空 - 预期[]，实际[商品查询-不确定商品]; QUERY不匹配：基础语义模糊匹配失败 - 预期[]，实际[小猪玩偶的常见材质]; TAG不匹配：一方为空 - 预期[]，实际[小猪玩偶&常见材质]
2026-02-26 22:00:31,949 - INFO - CaseID:36 - 整体结果: FAILED | 详情: APINAME不匹配：预期[visionqa]，实际[QASearch]; CATEGORY不匹配：一方为空 - 预期[]，实际[影视]; QUERY不匹配：基础语义模糊匹配失败 - 预期[]，实际[粉红色卡通猪玩偶是哪部动画片的角色]; TAG不匹配：一方为空 - 预期[]，实际[粉红色卡通猪玩偶&动画片&角色]
2026-02-26 22:00:33,837 - INFO - CaseID:37 - QUERY字段：基础语义模糊匹配通过
2026-02-26 22:00:33,837 - INFO - CaseID:37 - 整体结果: FAILED | 详情: CATEGORY不匹配：无交集 - 预期[人物]，实际[影视]; TAG不匹配：互不包含 - 预期[Skye&配音演员]，实际[汪汪队立大功&配音演员]
2026-02-26 22:00:33,838 - INFO - CaseID:38 - CATEGORY字段：标准答案为「其他问答」，模型输出任意值通过
2026-02-26 22:00:35,860 - INFO - CaseID:38 - 整体结果: FAILED | 详情: QUERY不匹配：基础语义模糊匹配失败 - 预期[毛绒玩具的别名]，实际[穿着粉色衣服的小狗毛绒玩具的别名]; TAG不匹配：互不包含 - 预期[毛绒玩具&别名]，实际[穿着粉色衣服&小狗毛绒玩具&别名]
2026-02-26 22:00:37,812 - INFO - CaseID:39 - QUERY字段：基础语义模糊匹配通过
2026-02-26 22:00:37,812 - INFO - CaseID:39 - 整体结果: PASS | 详情: 所有字段校验通过
2026-02-26 22:00:37,813 - INFO - CaseID:40 - 整体结果: FAILED | 详情: APINAME不匹配：预期[visionqa]，实际[worthbuy]; CATEGORY不匹配：一方为空 - 预期[]，实际[商品查询-确定商品]; QUERY不匹配：基础语义模糊匹配失败 - 预期[]，实际[汪汪队立大功公仔衣服颜色]; TAG不匹配：一方为空 - 预期[]，实际[汪汪队立大功&公仔&衣服&颜色]
2026-02-26 22:00:37,814 - INFO - CaseID:41 - CATEGORY字段：模型输出含「其他问答」，该字段通过
2026-02-26 22:00:37,814 - INFO - CaseID:41 - 整体结果: FAILED | 详情: APINAME不匹配：预期[visionqa]，实际[QASearch]; QUERY不匹配：基础语义模糊匹配失败 - 预期[]，实际[小砾公仔的颜色]; TAG不匹配：一方为空 - 预期[]，实际[小砾公仔&颜色]
2026-02-26 22:00:37,814 - INFO - CaseID:42 - 整体结果: FAILED | 详情: APINAME不匹配：预期[visionqa]，实际[QASearch]; CATEGORY不匹配：一方为空 - 预期[]，实际[影视]; QUERY不匹配：基础语义模糊匹配失败 - 预期[]，实际[汪汪队立大功玩具小狗的材质]; TAG不匹配：一方为空 - 预期[]，实际[汪汪队立大功&玩具小狗&材质]
2026-02-26 22:00:37,815 - INFO - CaseID:43 - 整体结果: FAILED | 详情: APINAME不匹配：预期[visionqa]，实际[QASearch]; CATEGORY不匹配：一方为空 - 预期[]，实际[影视]; QUERY不匹配：基础语义模糊匹配失败 - 预期[]，实际[《汪汪队立大功》中穿着消防员制服的小狗角色名字]; TAG不匹配：一方为空 - 预期[]，实际[汪汪队立大功&消防员制服&小狗角色]
2026-02-26 22:00:39,896 - INFO - CaseID:44 - 整体结果: FAILED | 详情: QUERY不匹配：基础语义模糊匹配失败 - 预期[汪汪队立大功目前出到第几季了]，实际[汪汪队立大功截至2026年的最新季数]; TAG不匹配：互不包含 - 预期[汪汪队立大功&季数&时效性]，实际[汪汪队立大功&2026年&最新季数&时效性]
2026-02-26 22:00:39,897 - INFO - CaseID:45 - APINAME字段：QASearch↔worthbuy，判定通过
2026-02-26 22:00:39,897 - INFO - CaseID:45 - CATEGORY字段：标准答案为「其他问答」，模型输出任意值通过
2026-02-26 22:00:42,965 - INFO - CaseID:45 - 整体结果: FAILED | 详情: QUERY不匹配：基础语义模糊匹配失败 - 预期[汪汪队立大功的购买渠道有哪些]，实际[汪汪队立大功毛绒玩具官方购买渠道]; TAG不匹配：互不包含 - 预期[汪汪队立大功&购买渠道]，实际[汪汪队立大功&毛绒玩具&官方购买渠道]
2026-02-26 22:00:42,966 - INFO - CaseID:46 - 整体结果: FAILED | 详情: APINAME不匹配：预期[visionqa]，实际[worthbuy]; CATEGORY不匹配：一方为空 - 预期[]，实际[商品查询-不确定商品]; QUERY不匹配：基础语义模糊匹配失败 - 预期[]，实际[汪汪队立大功公仔的制服]; TAG不匹配：一方为空 - 预期[]，实际[汪汪队立大功&公仔&制服]
2026-02-26 22:00:44,795 - INFO - CaseID:47 - 整体结果: FAILED | 详情: CATEGORY不匹配：无交集 - 预期[人物]，实际[影视]; QUERY不匹配：基础语义模糊匹配失败 - 预期[Rocky的车辆编号]，实际[汪汪队立大功Rocky的车辆编号]
2026-02-26 22:00:44,796 - INFO - CaseID:48 - CATEGORY字段：标准答案为「其他问答」，模型输出任意值通过
2026-02-26 22:00:46,773 - INFO - CaseID:48 - QUERY字段：基础语义模糊匹配通过
2026-02-26 22:00:46,773 - INFO - CaseID:48 - 整体结果: PASS | 详情: 所有字段校验通过
2026-02-26 22:00:46,773 - INFO - CaseID:49 - APINAME字段：QASearch↔worthbuy，判定通过
2026-02-26 22:00:46,773 - INFO - CaseID:49 - CATEGORY字段：标准答案为「其他问答」，模型输出任意值通过
2026-02-26 22:00:48,923 - INFO - CaseID:49 - QUERY字段：基础语义模糊匹配通过
2026-02-26 22:00:48,924 - INFO - CaseID:49 - 整体结果: PASS | 详情: 所有字段校验通过
2026-02-26 22:00:48,924 - INFO - CaseID:50 - 整体结果: FAILED | 详情: APINAME不匹配：预期[visionqa]，实际[AUTOSearch]; CATEGORY不匹配：一方为空 - 预期[]，实际[汽车]; QUERY不匹配：基础语义模糊匹配失败 - 预期[]，实际[白色无线耳机充电盒的品牌是什么]; TAG不匹配：一方为空 - 预期[]，实际[白色无线耳机充电盒&品牌]
2026-02-26 22:00:48,924 - INFO - CaseID:51 - CATEGORY字段：标准答案为「其他问答」，模型输出任意值通过
2026-02-26 22:00:50,881 - INFO - CaseID:51 - 整体结果: FAILED | 详情: QUERY不匹配：基础语义模糊匹配失败 - 预期[入耳式耳机的功能]，实际[入耳式耳机的常见功能]; TAG不匹配：互不包含 - 预期[入耳式耳机&功能]，实际[入耳式耳机&常见功能]
2026-02-26 22:00:50,882 - INFO - CaseID:52 - CATEGORY字段：标准答案为「其他问答」，模型输出任意值通过
2026-02-26 22:00:52,705 - INFO - CaseID:52 - QUERY字段：基础语义模糊匹配通过
2026-02-26 22:00:52,705 - INFO - CaseID:52 - 整体结果: FAILED | 详情: TAG不匹配：互不包含 - 预期[入耳式耳机&长时间佩戴&舒服]，实际[入耳式耳机&长时间佩戴&舒适度]
2026-02-26 22:00:54,811 - INFO - CaseID:53 - QUERY字段：基础语义模糊匹配通过
2026-02-26 22:00:54,812 - INFO - CaseID:53 - 整体结果: PASS | 详情: 所有字段校验通过
2026-02-26 22:00:54,812 - INFO - CaseID:54 - APINAME字段：QASearch↔worthbuy，判定通过
2026-02-26 22:00:54,812 - INFO - CaseID:54 - CATEGORY字段：标准答案为「其他问答」，模型输出任意值通过
2026-02-26 22:00:56,807 - INFO - CaseID:54 - 整体结果: FAILED | 详情: QUERY不匹配：基础语义模糊匹配失败 - 预期[无线耳机的好处]，实际[华为无线耳机的好处]; TAG不匹配：互不包含 - 预期[无线耳机&好处]，实际[华为无线耳机&好处]
2026-02-26 22:00:59,145 - INFO - CaseID:55 - QUERY字段：基础语义模糊匹配通过
2026-02-26 22:00:59,146 - INFO - CaseID:55 - 整体结果: PASS | 详情: 所有字段校验通过
2026-02-26 22:00:59,147 - INFO - CaseID:56 - 整体结果: FAILED | 详情: APINAME不匹配：预期[visionqa]，实际[AUTOSearch]; CATEGORY不匹配：一方为空 - 预期[]，实际[汽车]; QUERY不匹配：基础语义模糊匹配失败 - 预期[]，实际[这款空调遥控器的空调品牌是什么]; TAG不匹配：一方为空 - 预期[]，实际[空调遥控器&空调品牌]
2026-02-26 22:00:59,147 - INFO - CaseID:57 - CATEGORY字段：标准答案为「其他问答」，模型输出任意值通过
2026-02-26 22:01:01,544 - INFO - CaseID:57 - QUERY字段：基础语义模糊匹配通过
2026-02-26 22:01:01,544 - INFO - CaseID:57 - 整体结果: FAILED | 详情: APINAME不匹配：预期[QASearch]，实际[AUTOSearch]; TAG不匹配：互不包含 - 预期[遥控器&用途]，实际[遥控器&常见用途]
2026-02-26 22:01:01,545 - INFO - CaseID:58 - CATEGORY字段：标准答案为「其他问答」，模型输出任意值通过
2026-02-26 22:01:03,513 - INFO - CaseID:58 - QUERY字段：基础语义模糊匹配通过
2026-02-26 22:01:03,513 - INFO - CaseID:58 - 整体结果: FAILED | 详情: APINAME不匹配：预期[QASearch]，实际[AUTOSearch]; TAG不匹配：互不包含 - 预期[遥控器&控制&机器]，实际[遥控器&通常控制&机器类型]
2026-02-26 22:01:06,277 - INFO - CaseID:59 - QUERY字段：基础语义模糊匹配通过
2026-02-26 22:01:06,277 - INFO - CaseID:59 - 整体结果: PASS | 详情: 所有字段校验通过
2026-02-26 22:01:06,278 - INFO - CaseID:60 - CATEGORY字段：标准答案为「其他问答」，模型输出任意值通过
2026-02-26 22:01:08,463 - INFO - CaseID:60 - QUERY字段：基础语义模糊匹配通过
2026-02-26 22:01:08,464 - INFO - CaseID:60 - 整体结果: FAILED | 详情: APINAME不匹配：预期[QASearch]，实际[AUTOSearch]; TAG不匹配：互不包含 - 预期[空调遥控器&组成]，实际[空调遥控器&组成部分]
2026-02-26 22:01:10,256 - INFO - CaseID:61 - QUERY字段：基础语义模糊匹配通过
2026-02-26 22:01:10,257 - INFO - CaseID:61 - 整体结果: PASS | 详情: 所有字段校验通过
2026-02-26 22:01:12,224 - INFO - CaseID:62 - QUERY字段：基础语义模糊匹配通过
2026-02-26 22:01:12,225 - INFO - CaseID:62 - 整体结果: PASS | 详情: 所有字段校验通过
2026-02-26 22:01:12,225 - INFO - CaseID:63 - CATEGORY字段：标准答案为「其他问答」，模型输出任意值通过
2026-02-26 22:01:14,312 - INFO - CaseID:63 - QUERY字段：基础语义模糊匹配通过
2026-02-26 22:01:14,313 - INFO - CaseID:63 - 整体结果: FAILED | 详情: APINAME不匹配：预期[QASearch]，实际[AUTOSearch]
2026-02-26 22:01:14,314 - INFO - CaseID:64 - APINAME字段：QASearch↔worthbuy，判定通过
2026-02-26 22:01:14,314 - INFO - CaseID:64 - CATEGORY字段：标准答案为「其他问答」，模型输出任意值通过
2026-02-26 22:01:16,710 - INFO - CaseID:64 - 整体结果: FAILED | 详情: QUERY不匹配：基础语义模糊匹配失败 - 预期[麦克风的售价是多少]，实际[常见麦克风的市场价格范围]; TAG不匹配：互不包含 - 预期[麦克风&售价]，实际[常见&麦克风&市场价格范围]
2026-02-26 22:01:16,711 - INFO - CaseID:65 - CATEGORY字段：标准答案为「其他问答」，模型输出任意值通过
2026-02-26 22:01:18,611 - INFO - CaseID:65 - QUERY字段：基础语义模糊匹配通过
2026-02-26 22:01:18,611 - INFO - CaseID:65 - 整体结果: FAILED | 详情: TAG不匹配：互不包含 - 预期[女生&使用发夹&频率]，实际[女生&日常使用&发夹&频率统计]
2026-02-26 22:01:21,463 - INFO - CaseID:66 - QUERY字段：基础语义模糊匹配通过
2026-02-26 22:01:21,463 - INFO - CaseID:66 - 整体结果: PASS | 详情: 所有字段校验通过
2026-02-26 22:01:21,464 - INFO - CaseID:67 - 整体结果: FAILED | 详情: APINAME不匹配：预期[visionqa]，实际[worthbuy]; CATEGORY不匹配：一方为空 - 预期[]，实际[商品推荐]; QUERY不匹配：基础语义模糊匹配失败 - 预期[]，实际[紫色发夹常见的图案类型]; TAG不匹配：一方为空 - 预期[]，实际[紫色发夹&常见&图案类型]
2026-02-26 22:01:21,464 - INFO - CaseID:68 - APINAME字段：QASearch↔worthbuy，判定通过
2026-02-26 22:01:21,464 - INFO - CaseID:68 - CATEGORY字段：标准答案为「其他问答」，模型输出任意值通过
2026-02-26 22:01:23,621 - INFO - CaseID:68 - 整体结果: FAILED | 详情: QUERY不匹配：基础语义模糊匹配失败 - 预期[墨镜的遮光效果如何]，实际[常见墨镜的遮光等级分类]; TAG不匹配：互不包含 - 预期[墨镜&遮光效果]，实际[常见&墨镜&遮光等级&分类]
2026-02-26 22:01:23,622 - INFO - CaseID:69 - APINAME字段：QASearch↔worthbuy，判定通过
2026-02-26 22:01:23,622 - INFO - CaseID:69 - CATEGORY字段：标准答案为「其他问答」，模型输出任意值通过
2026-02-26 22:01:26,391 - INFO - CaseID:69 - 整体结果: FAILED | 详情: QUERY不匹配：基础语义模糊匹配失败 - 预期[拉链袋的分类有哪些]，实际[牛仔布拉链袋的常见分类方式]; TAG不匹配：互不包含 - 预期[拉链袋&分类]，实际[牛仔布拉链袋&常见&分类方式]
2026-02-26 22:01:26,392 - INFO - CaseID:70 - 整体结果: FAILED | 详情: APINAME不匹配：预期[visionqa]，实际[worthbuy]; CATEGORY不匹配：一方为空 - 预期[]，实际[商品查询-确定商品]; QUERY不匹配：基础语义模糊匹配失败 - 预期[]，实际[紫皮腰果零食的品牌是什么]; TAG不匹配：一方为空 - 预期[]，实际[紫皮腰果零食&品牌]
2026-02-26 22:01:26,392 - INFO - CaseID:71 - APINAME字段：QASearch↔worthbuy，判定通过
2026-02-26 22:01:26,392 - INFO - CaseID:71 - CATEGORY字段：标准答案为「其他问答」，模型输出任意值通过
2026-02-26 22:01:29,049 - INFO - CaseID:71 - QUERY字段：基础语义模糊匹配通过
2026-02-26 22:01:29,049 - INFO - CaseID:71 - 整体结果: FAILED | 详情: TAG不匹配：互不包含 - 预期[混合坚果&品牌]，实际[罐装混合坚果&常见品牌]
2026-02-26 22:01:30,974 - INFO - CaseID:72 - 整体结果: FAILED | 详情: QUERY不匹配：基础语义模糊匹配失败 - 预期[腰果的生长环境]，实际[腰果是长在树上的吗]
2026-02-26 22:01:33,643 - INFO - CaseID:73 - QUERY字段：基础语义模糊匹配通过
2026-02-26 22:01:33,643 - INFO - CaseID:73 - 整体结果: PASS | 详情: 所有字段校验通过
2026-02-26 22:01:33,643 - INFO - CaseID:74 - CATEGORY字段：标准答案为「其他问答」，模型输出任意值通过
2026-02-26 22:01:35,515 - INFO - CaseID:74 - QUERY字段：基础语义模糊匹配通过
2026-02-26 22:01:35,516 - INFO - CaseID:74 - 整体结果: PASS | 详情: 所有字段校验通过
2026-02-26 22:01:35,516 - INFO - CaseID:75 - 整体结果: FAILED | 详情: APINAME不匹配：预期[visionqa]，实际[AUTOSearch]; CATEGORY不匹配：一方为空 - 预期[]，实际[汽车]; QUERY不匹配：基础语义模糊匹配失败 - 预期[]，实际[星巴克中杯的容量标准]; TAG不匹配：一方为空 - 预期[]，实际[星巴克中杯&容量标准]
2026-02-26 22:01:35,517 - INFO - CaseID:76 - CATEGORY字段：标准答案为「其他问答」，模型输出任意值通过
2026-02-26 22:01:37,908 - INFO - CaseID:76 - 整体结果: FAILED | 详情: QUERY不匹配：基础语义模糊匹配失败 - 预期[星巴克的热饮推荐]，实际[星巴克2026年冬季热饮推荐]; TAG不匹配：互不包含 - 预期[星巴克&热饮推荐]，实际[星巴克&2026年&冬季热饮&推荐]
2026-02-26 22:01:40,717 - INFO - CaseID:77 - QUERY字段：基础语义模糊匹配通过
2026-02-26 22:01:40,718 - INFO - CaseID:77 - 整体结果: PASS | 详情: 所有字段校验通过
2026-02-26 22:01:40,718 - INFO - CaseID:78 - CATEGORY字段：模型输出含「其他问答」，该字段通过
2026-02-26 22:01:40,718 - INFO - CaseID:78 - 整体结果: FAILED | 详情: APINAME不匹配：预期[visionqa]，实际[QASearch]; QUERY不匹配：基础语义模糊匹配失败 - 预期[]，实际[星巴克常见饮料杯壁颜色]; TAG不匹配：一方为空 - 预期[]，实际[星巴克&常见饮料&杯壁颜色]
2026-02-26 22:01:40,718 - INFO - CaseID:79 - 整体结果: FAILED | 详情: APINAME不匹配：预期[visionqa]，实际[worthbuy]; CATEGORY不匹配：一方为空 - 预期[]，实际[商品查询-确定商品]; QUERY不匹配：基础语义模糊匹配失败 - 预期[]，实际[竹香乌龙茶饮料的品牌]; TAG不匹配：一方为空 - 预期[]，实际[竹香乌龙茶饮料&品牌]
2026-02-26 22:01:40,718 - INFO - CaseID:80 - CATEGORY字段：模型输出含「其他问答」，该字段通过
2026-02-26 22:01:40,719 - INFO - CaseID:80 - 整体结果: FAILED | 详情: APINAME不匹配：预期[visionqa]，实际[QASearch]; QUERY不匹配：基础语义模糊匹配失败 - 预期[]，实际[竹香乌龙茶在不同销售渠道的当前售价]; TAG不匹配：一方为空 - 预期[]，实际[竹香乌龙茶&不同销售渠道&当前售价]
2026-02-26 22:01:42,943 - INFO - CaseID:81 - 整体结果: FAILED | 详情: QUERY不匹配：基础语义模糊匹配失败 - 预期[竹叶青的原料]，实际[竹叶青饮料的原料成分]; TAG不匹配：互不包含 - 预期[竹叶青&原料]，实际[竹叶青饮料&原料成分]
2026-02-26 22:01:42,944 - INFO - CaseID:82 - 整体结果: FAILED | 详情: APINAME不匹配：预期[visionqa]，实际[worthbuy]; CATEGORY不匹配：一方为空 - 预期[]，实际[商品查询-不确定商品]; QUERY不匹配：基础语义模糊匹配失败 - 预期[]，实际[盒装牛奶饮品的常见容量规格]; TAG不匹配：一方为空 - 预期[]，实际[盒装牛奶饮品&常见容量规格]
2026-02-26 22:01:42,944 - INFO - CaseID:83 - 整体结果: FAILED | 详情: APINAME不匹配：预期[visionqa]，实际[worthbuy]; CATEGORY不匹配：一方为空 - 预期[]，实际[商品推荐]; QUERY不匹配：基础语义模糊匹配失败 - 预期[]，实际[常见牛奶包装盒上的图案类型]; TAG不匹配：一方为空 - 预期[]，实际[常见&牛奶包装盒&图案类型]
2026-02-26 22:01:42,945 - INFO - CaseID:84 - CATEGORY字段：标准答案为「其他问答」，模型输出任意值通过
2026-02-26 22:01:44,884 - INFO - CaseID:84 - 整体结果: FAILED | 详情: QUERY不匹配：基础语义模糊匹配失败 - 预期[绿茶饮品的营养价值是否高]，实际[绿茶饮品的营养价值分析]
2026-02-26 22:01:44,884 - INFO - CaseID:85 - CATEGORY字段：模型输出含「其他问答」，该字段通过
2026-02-26 22:01:44,884 - INFO - CaseID:85 - 整体结果: FAILED | 详情: APINAME不匹配：预期[visionqa]，实际[QASearch]; QUERY不匹配：基础语义模糊匹配失败 - 预期[]，实际[牛奶包装上的品牌名称]; TAG不匹配：一方为空 - 预期[]，实际[牛奶&包装&品牌名称]
2026-02-26 22:01:46,705 - INFO - CaseID:86 - QUERY字段：基础语义模糊匹配通过
2026-02-26 22:01:46,706 - INFO - CaseID:86 - 整体结果: PASS | 详情: 所有字段校验通过
2026-02-26 22:01:48,672 - INFO - CaseID:87 - QUERY字段：基础语义模糊匹配通过
2026-02-26 22:01:48,672 - INFO - CaseID:87 - 整体结果: PASS | 详情: 所有字段校验通过
2026-02-26 22:01:48,672 - INFO - CaseID:88 - CATEGORY字段：标准答案为「其他问答」，模型输出任意值通过
2026-02-26 22:01:50,653 - INFO - CaseID:88 - QUERY字段：基础语义模糊匹配通过
2026-02-26 22:01:50,653 - INFO - CaseID:88 - 整体结果: FAILED | 详情: TAG不匹配：互不包含 - 预期[布偶猫&主要&饮食习惯]，实际[布偶猫&主要饮食习惯]
2026-02-26 22:01:50,654 - INFO - CaseID:89 - APINAME字段：QASearch↔worthbuy，判定通过
2026-02-26 22:01:52,596 - INFO - CaseID:89 - 整体结果: FAILED | 详情: CATEGORY不匹配：无交集 - 预期[生物,其他问答]，实际[商品查询-不确定商品]; QUERY不匹配：基础语义模糊匹配失败 - 预期[布偶猫的价格]，实际[布偶猫的价格范围]; TAG不匹配：互不包含 - 预期[布偶猫&价格]，实际[布偶猫&价格范围]
2026-02-26 22:01:54,505 - INFO - CaseID:90 - QUERY字段：基础语义模糊匹配通过
2026-02-26 22:01:54,505 - INFO - CaseID:90 - 整体结果: FAILED | 详情: TAG不匹配：互不包含 - 预期[土耳其安哥拉猫&来源地]，实际[土耳其安哥拉猫&起源地]
2026-02-26 22:01:56,693 - INFO - CaseID:91 - 整体结果: FAILED | 详情: QUERY不匹配：基础语义模糊匹配失败 - 预期[波斯猫是一种什么动物]，实际[波斯猫的动物学分类]; TAG不匹配：互不包含 - 预期[波斯猫&动物]，实际[波斯猫&动物学分类]
2026-02-26 22:01:58,674 - INFO - CaseID:92 - QUERY字段：基础语义模糊匹配通过
2026-02-26 22:01:58,674 - INFO - CaseID:92 - 整体结果: PASS | 详情: 所有字段校验通过
2026-02-26 22:01:58,675 - INFO - CaseID:93 - 整体结果: FAILED | 详情: APINAME不匹配：预期[visionqa]，实际[QASearch]; CATEGORY不匹配：一方为空 - 预期[]，实际[生物]; QUERY不匹配：基础语义模糊匹配失败 - 预期[]，实际[白色长毛猫常见的眼睛颜色]; TAG不匹配：一方为空 - 预期[]，实际[白色长毛猫&常见&眼睛颜色]
2026-02-26 22:02:00,481 - INFO - CaseID:94 - QUERY字段：基础语义模糊匹配通过
2026-02-26 22:02:00,481 - INFO - CaseID:94 - 整体结果: FAILED | 详情: TAG不匹配：互不包含 - 预期[波斯猫&培养&国家]，实际[波斯猫&起源国家]
2026-02-26 22:02:02,378 - INFO - CaseID:95 - QUERY字段：基础语义模糊匹配通过
2026-02-26 22:02:02,378 - INFO - CaseID:95 - 整体结果: FAILED | 详情: TAG不匹配：互不包含 - 预期[黄色&玫瑰花&培育&特点]，实际[黄色玫瑰花&培育要点]
2026-02-26 22:02:04,527 - INFO - CaseID:96 - 整体结果: FAILED | 详情: QUERY不匹配：基础语义模糊匹配失败 - 预期[黄色月季花的科属]，实际[月季花的科属]; TAG不匹配：互不包含 - 预期[黄色月季花&科属]，实际[月季花&科属]
2026-02-26 22:02:06,525 - INFO - CaseID:97 - QUERY字段：基础语义模糊匹配通过
2026-02-26 22:02:06,526 - INFO - CaseID:97 - 整体结果: PASS | 详情: 所有字段校验通过
2026-02-26 22:02:08,577 - INFO - CaseID:98 - QUERY字段：基础语义模糊匹配通过
2026-02-26 22:02:08,577 - INFO - CaseID:98 - 整体结果: FAILED | 详情: CATEGORY不匹配：无交集 - 预期[生物]，实际[健康]
2026-02-26 22:02:10,297 - INFO - CaseID:99 - QUERY字段：基础语义模糊匹配通过
2026-02-26 22:02:10,297 - INFO - CaseID:99 - 整体结果: PASS | 详情: 所有字段校验通过
2026-02-26 22:02:10,297 - INFO - 已处理100行，休眠5秒降低压力...
2026-02-26 22:02:16,289 - INFO - CaseID:100 - QUERY字段：基础语义模糊匹配通过
2026-02-26 22:02:16,289 - INFO - CaseID:100 - 整体结果: FAILED | 详情: TAG不匹配：互不包含 - 预期[木芙蓉&适宜&生存环境]，实际[木芙蓉&适宜生存环境]
2026-02-26 22:02:18,169 - INFO - CaseID:101 - QUERY字段：基础语义模糊匹配通过
2026-02-26 22:02:18,169 - INFO - CaseID:101 - 整体结果: FAILED | 详情: TAG不匹配：互不包含 - 预期[柚子树&生长城市]，实际[柚子树&主要生长城市]
2026-02-26 22:02:20,536 - INFO - CaseID:102 - QUERY字段：基础语义模糊匹配通过
2026-02-26 22:02:20,537 - INFO - CaseID:102 - 整体结果: PASS | 详情: 所有字段校验通过
2026-02-26 22:02:20,537 - INFO - CaseID:103 - CATEGORY字段：标准答案为「其他问答」，模型输出任意值通过
2026-02-26 22:02:22,606 - INFO - CaseID:103 - QUERY字段：基础语义模糊匹配通过
2026-02-26 22:02:22,607 - INFO - CaseID:103 - 整体结果: FAILED | 详情: TAG不匹配：互不包含 - 预期[百合科&花卉&通常在&几月&开花]，实际[百合科花卉&通常&开花&月份]
2026-02-26 22:02:24,619 - INFO - CaseID:104 - QUERY字段：基础语义模糊匹配通过
2026-02-26 22:02:24,619 - INFO - CaseID:104 - 整体结果: FAILED | 详情: TAG不匹配：互不包含 - 预期[郁金香&开花&颜色]，实际[郁金香&常见&开花颜色]
2026-02-26 22:02:26,651 - INFO - CaseID:105 - QUERY字段：基础语义模糊匹配通过
2026-02-26 22:02:26,652 - INFO - CaseID:105 - 整体结果: PASS | 详情: 所有字段校验通过
2026-02-26 22:02:28,357 - INFO - CaseID:106 - QUERY字段：基础语义模糊匹配通过
2026-02-26 22:02:28,358 - INFO - CaseID:106 - 整体结果: FAILED | 详情: TAG不匹配：互不包含 - 预期[落羽杉&通常&能长&高度]，实际[落羽杉&最大高度]
2026-02-26 22:02:30,289 - INFO - CaseID:107 - QUERY字段：基础语义模糊匹配通过
2026-02-26 22:02:30,289 - INFO - CaseID:107 - 整体结果: FAILED | 详情: TAG不匹配：互不包含 - 预期[水杉&中国保护等级]，实际[水杉&中国&保护等级]
2026-02-26 22:02:32,161 - INFO - CaseID:108 - QUERY字段：基础语义模糊匹配通过
2026-02-26 22:02:32,162 - INFO - CaseID:108 - 整体结果: FAILED | 详情: TAG不匹配：互不包含 - 预期[水杉&分布地区&特点]，实际[水杉&主要自然分布地区]
2026-02-26 22:02:34,026 - INFO - CaseID:109 - QUERY字段：基础语义模糊匹配通过
2026-02-26 22:02:34,027 - INFO - CaseID:109 - 整体结果: PASS | 详情: 所有字段校验通过
2026-02-26 22:02:35,990 - INFO - CaseID:110 - QUERY字段：基础语义模糊匹配通过
2026-02-26 22:02:35,990 - INFO - CaseID:110 - 整体结果: FAILED | 详情: CATEGORY不匹配：无交集 - 预期[生物]，实际[健康]
2026-02-26 22:02:38,482 - INFO - CaseID:111 - QUERY字段：基础语义模糊匹配通过
2026-02-26 22:02:38,483 - INFO - CaseID:111 - 整体结果: FAILED | 详情: CATEGORY不匹配：无交集 - 预期[生物]，实际[健康]
2026-02-26 22:02:40,344 - INFO - CaseID:112 - QUERY字段：基础语义模糊匹配通过
2026-02-26 22:02:40,344 - INFO - CaseID:112 - 整体结果: PASS | 详情: 所有字段校验通过
2026-02-26 22:02:42,163 - INFO - CaseID:113 - QUERY字段：基础语义模糊匹配通过
2026-02-26 22:02:42,164 - INFO - CaseID:113 - 整体结果: PASS | 详情: 所有字段校验通过
2026-02-26 22:02:44,317 - INFO - CaseID:114 - QUERY字段：基础语义模糊匹配通过
2026-02-26 22:02:44,318 - INFO - CaseID:114 - 整体结果: FAILED | 详情: TAG不匹配：互不包含 - 预期[叶子&病斑&植物&清理&病斑]，实际[叶子&病斑&植物&清理方法]
2026-02-26 22:02:46,288 - INFO - CaseID:115 - QUERY字段：基础语义模糊匹配通过
2026-02-26 22:02:46,289 - INFO - CaseID:115 - 整体结果: PASS | 详情: 所有字段校验通过
2026-02-26 22:02:48,391 - INFO - CaseID:116 - QUERY字段：基础语义模糊匹配通过
2026-02-26 22:02:48,392 - INFO - CaseID:116 - 整体结果: FAILED | 详情: TAG不匹配：互不包含 - 预期[玉兰树&最高能长到&高度]，实际[玉兰树&最高&能长到&高度]
2026-02-26 22:02:50,351 - INFO - CaseID:117 - QUERY字段：基础语义模糊匹配通过
2026-02-26 22:02:50,351 - INFO - CaseID:117 - 整体结果: FAILED | 详情: TAG不匹配：互不包含 - 预期[龟背竹&喜光植物]，实际[龟背竹&光照需求]
2026-02-26 22:02:52,279 - INFO - CaseID:118 - QUERY字段：基础语义模糊匹配通过
2026-02-26 22:02:52,279 - INFO - CaseID:118 - 整体结果: FAILED | 详情: TAG不匹配：互不包含 - 预期[龟背竹&科属]，实际[龟背竹&科属分类]
2026-02-26 22:02:52,280 - INFO - CaseID:119 - 整体结果: FAILED | 详情: APINAME不匹配：预期[visionqa]，实际[worthbuy]; CATEGORY不匹配：一方为空 - 预期[]，实际[商品推荐]; QUERY不匹配：基础语义模糊匹配失败 - 预期[]，实际[黑色T恤背面带数字9图案的常见材质类型]; TAG不匹配：一方为空 - 预期[]，实际[黑色T恤&背面&数字9图案&常见材质类型]
2026-02-26 22:02:52,280 - INFO - CaseID:120 - 整体结果: FAILED | 详情: APINAME不匹配：预期[visionqa]，实际[worthbuy]; CATEGORY不匹配：一方为空 - 预期[]，实际[商品查询-确定商品]; QUERY不匹配：基础语义模糊匹配失败 - 预期[]，实际[字节跳动纪念T恤的材质]; TAG不匹配：一方为空 - 预期[]，实际[字节跳动纪念T恤&材质]
2026-02-26 22:02:54,314 - INFO - CaseID:121 - QUERY字段：基础语义模糊匹配通过
2026-02-26 22:02:54,315 - INFO - CaseID:121 - 整体结果: PASS | 详情: 所有字段校验通过
2026-02-26 22:02:56,525 - INFO - CaseID:122 - QUERY字段：基础语义模糊匹配通过
2026-02-26 22:02:56,526 - INFO - CaseID:122 - 整体结果: PASS | 详情: 所有字段校验通过
2026-02-26 22:02:58,589 - INFO - CaseID:123 - QUERY字段：基础语义模糊匹配通过
2026-02-26 22:02:58,589 - INFO - CaseID:123 - 整体结果: FAILED | 详情: CATEGORY不匹配：无交集 - 预期[地理]，实际[地理通用]; TAG不匹配：互不包含 - 预期[北方&冬天&平均温度]，实际[中国&北方地区&冬季&平均温度]
2026-02-26 22:02:58,590 - INFO - CaseID:124 - 整体结果: FAILED | 详情: 模型输出核心字段全为空，判定不通过
2026-02-26 22:02:58,590 - INFO - CaseID:125 - 整体结果: FAILED | 详情: APINAME不匹配：预期[visionqa]，实际[worthbuy]; CATEGORY不匹配：一方为空 - 预期[]，实际[商品查询-确定商品]; QUERY不匹配：基础语义模糊匹配失败 - 预期[]，实际[黑色防风防水夹克的款式特点]; TAG不匹配：一方为空 - 预期[]，实际[黑色&防风防水夹克&款式特点]
2026-02-26 22:03:00,616 - INFO - CaseID:126 - QUERY字段：基础语义模糊匹配通过
2026-02-26 22:03:00,616 - INFO - CaseID:126 - 整体结果: PASS | 详情: 所有字段校验通过
2026-02-26 22:03:00,617 - INFO - CaseID:127 - APINAME字段：QASearch↔worthbuy，判定通过
2026-02-26 22:03:00,617 - INFO - CaseID:127 - CATEGORY字段：标准答案为「其他问答」，模型输出任意值通过
2026-02-26 22:03:03,076 - INFO - CaseID:127 - 整体结果: FAILED | 详情: QUERY不匹配：基础语义模糊匹配失败 - 预期[适合搭配的牛仔裤的类型推荐]，实际[当前季节和气候适合的牛仔裤类型]; TAG不匹配：互不包含 - 预期[适合搭配&牛仔裤&类型推荐]，实际[当前季节&气候&适合&牛仔裤类型]
2026-02-26 22:03:03,076 - INFO - CaseID:128 - APINAME字段：QASearch↔worthbuy，判定通过
2026-02-26 22:03:03,076 - INFO - CaseID:128 - CATEGORY字段：标准答案为「其他问答」，模型输出任意值通过
2026-02-26 22:03:04,960 - INFO - CaseID:128 - 整体结果: FAILED | 详情: QUERY不匹配：基础语义模糊匹配失败 - 预期[灰色休闲服在哪里可以买到]，实际[灰色休闲服线下购买地点北京]; TAG不匹配：互不包含 - 预期[灰色休闲服&购买渠道]，实际[灰色休闲服&线下购买地点&北京]
2026-02-26 22:03:06,939 - INFO - CaseID:129 - QUERY字段：基础语义模糊匹配通过
2026-02-26 22:03:06,939 - INFO - CaseID:129 - 整体结果: PASS | 详情: 所有字段校验通过
2026-02-26 22:03:06,939 - INFO - CaseID:130 - APINAME字段：QASearch↔worthbuy，判定通过
2026-02-26 22:03:06,940 - INFO - CaseID:130 - CATEGORY字段：标准答案为「其他问答」，模型输出任意值通过
2026-02-26 22:03:09,103 - INFO - CaseID:130 - QUERY字段：基础语义模糊匹配通过
2026-02-26 22:03:09,103 - INFO - CaseID:130 - 整体结果: PASS | 详情: 所有字段校验通过
2026-02-26 22:03:09,103 - INFO - CaseID:131 - APINAME字段：QASearch↔worthbuy，判定通过
2026-02-26 22:03:09,104 - INFO - CaseID:131 - CATEGORY字段：标准答案为「其他问答」，模型输出任意值通过
2026-02-26 22:03:10,893 - INFO - CaseID:131 - 整体结果: FAILED | 详情: QUERY不匹配：基础语义模糊匹配失败 - 预期[选择外套时是版型重要还是材质重要]，实际[外套选择中材质的重要性]; TAG不匹配：互不包含 - 预期[选择外套时&版型重要&材质重要]，实际[外套选择&材质&重要性]
2026-02-26 22:03:10,893 - INFO - CaseID:132 - 整体结果: FAILED | 详情: APINAME不匹配：预期[visionqa]，实际[worthbuy]; CATEGORY不匹配：一方为空 - 预期[]，实际[商品推荐]; QUERY不匹配：基础语义模糊匹配失败 - 预期[]，实际[拼色毛衣常见的编织方法]; TAG不匹配：一方为空 - 预期[]，实际[拼色毛衣&常见&编织方法]
2026-02-26 22:03:12,881 - INFO - CaseID:133 - QUERY字段：基础语义模糊匹配通过
2026-02-26 22:03:12,881 - INFO - CaseID:133 - 整体结果: PASS | 详情: 所有字段校验通过
2026-02-26 22:03:12,882 - INFO - CaseID:134 - 整体结果: FAILED | 详情: APINAME不匹配：预期[visionqa]，实际[worthbuy]; CATEGORY不匹配：一方为空 - 预期[]，实际[商品推荐]; QUERY不匹配：基础语义模糊匹配失败 - 预期[]，实际[灰色和深蓝色条纹衣服常见品牌]; TAG不匹配：一方为空 - 预期[]，实际[灰色&深蓝色条纹衣服&常见品牌]
2026-02-26 22:03:12,882 - INFO - CaseID:135 - 整体结果: FAILED | 详情: APINAME不匹配：预期[visionqa]，实际[worthbuy]; CATEGORY不匹配：一方为空 - 预期[]，实际[商品推荐]; QUERY不匹配：基础语义模糊匹配失败 - 预期[]，实际[红白格纹外套搭配包包的建议]; TAG不匹配：一方为空 - 预期[]，实际[红白格纹外套&搭配&包包&建议]
2026-02-26 22:03:12,882 - INFO - CaseID:136 - 整体结果: FAILED | 详情: APINAME不匹配：预期[visionqa]，实际[skill_search]; QUERY不匹配：基础语义模糊匹配失败 - 预期[]，实际[这件衣服的材质是什么]
2026-02-26 22:03:14,807 - INFO - CaseID:137 - QUERY字段：基础语义模糊匹配通过
2026-02-26 22:03:14,807 - INFO - CaseID:137 - 整体结果: PASS | 详情: 所有字段校验通过
2026-02-26 22:03:16,772 - INFO - CaseID:138 - QUERY字段：基础语义模糊匹配通过
2026-02-26 22:03:16,773 - INFO - CaseID:138 - 整体结果: PASS | 详情: 所有字段校验通过
2026-02-26 22:03:16,773 - INFO - CaseID:139 - 整体结果: FAILED | 详情: APINAME不匹配：预期[visionqa]，实际[skill_search]; QUERY不匹配：基础语义模糊匹配失败 - 预期[]，实际[这件衣服的款式颜色和材质是什么]
2026-02-26 22:03:16,773 - INFO - CaseID:140 - CATEGORY字段：标准答案为「其他问答」，模型输出任意值通过
2026-02-26 22:03:18,614 - INFO - CaseID:140 - 整体结果: FAILED | 详情: QUERY不匹配：基础语义模糊匹配失败 - 预期[羽绒服的价格]，实际[用户之前提到的羽绒服的具体品牌或型号是什么]; TAG不匹配：互不包含 - 预期[羽绒服&价格]，实际[用户&之前&提到&羽绒服&具体品牌&型号]
2026-02-26 22:03:18,615 - INFO - CaseID:141 - APINAME字段：QASearch↔worthbuy，判定通过
2026-02-26 22:03:18,615 - INFO - CaseID:141 - CATEGORY字段：标准答案为「其他问答」，模型输出任意值通过
2026-02-26 22:03:20,630 - INFO - CaseID:141 - QUERY字段：基础语义模糊匹配通过
2026-02-26 22:03:20,631 - INFO - CaseID:141 - 整体结果: FAILED | 详情: TAG不匹配：互不包含 - 预期[这件&浅色羽绒服&内搭&版型&好看]，实际[浅色羽绒服&内搭&推荐&版型]
2026-02-26 22:03:20,631 - INFO - CaseID:142 - 整体结果: FAILED | 详情: APINAME不匹配：预期[visionqa]，实际[worthbuy]; CATEGORY不匹配：一方为空 - 预期[]，实际[商品查询-不确定商品]; QUERY不匹配：基础语义模糊匹配失败 - 预期[]，实际[这件浅色羽绒服是短款还是长款]; TAG不匹配：一方为空 - 预期[]，实际[浅色羽绒服&短款&长款]
2026-02-26 22:03:22,593 - INFO - CaseID:143 - QUERY字段：基础语义模糊匹配通过
2026-02-26 22:03:22,593 - INFO - CaseID:143 - 整体结果: PASS | 详情: 所有字段校验通过
2026-02-26 22:03:22,593 - INFO - CaseID:144 - 整体结果: FAILED | 详情: APINAME不匹配：预期[visionqa]，实际[worthbuy]; CATEGORY不匹配：一方为空 - 预期[]，实际[商品查询-不确定商品]; QUERY不匹配：基础语义模糊匹配失败 - 预期[]，实际[条纹衬衫的常见材质类型]; TAG不匹配：一方为空 - 预期[]，实际[条纹衬衫&常见材质类型]
2026-02-26 22:03:22,594 - INFO - CaseID:145 - 整体结果: FAILED | 详情: APINAME不匹配：预期[visionqa]，实际[skill_search]; QUERY不匹配：基础语义模糊匹配失败 - 预期[]，实际[这件衬衫是什么颜色的]
2026-02-26 22:03:22,594 - INFO - CaseID:146 - CATEGORY字段：模型输出含「其他问答」，该字段通过
2026-02-26 22:03:22,594 - INFO - CaseID:146 - 整体结果: FAILED | 详情: APINAME不匹配：预期[visionqa]，实际[QASearch]; QUERY不匹配：基础语义模糊匹配失败 - 预期[]，实际[格子衬衫的常见款式特点]; TAG不匹配：一方为空 - 预期[]，实际[格子衬衫&常见款式&特点]
2026-02-26 22:03:22,594 - INFO - CaseID:147 - 整体结果: FAILED | 详情: APINAME不匹配：预期[visionqa]，实际[worthbuy]; CATEGORY不匹配：一方为空 - 预期[]，实际[商品推荐]; QUERY不匹配：基础语义模糊匹配失败 - 预期[]，实际[蓝色条纹衬衫适合的年龄段]; TAG不匹配：一方为空 - 预期[]，实际[蓝色条纹衬衫&适合&年龄段]
2026-02-26 22:03:24,679 - INFO - CaseID:148 - 整体结果: FAILED | 详情: CATEGORY不匹配：无交集 - 预期[人物]，实际[影视]; QUERY不匹配：基础语义模糊匹配失败 - 预期[Rocky的中文名字]，实际[汪汪队立大功Rocky的中文名字]; TAG不匹配：互不包含 - 预期[Rocky&中文名字]，实际[汪汪队立大功&Rocky&中文名]
2026-02-26 22:03:26,704 - INFO - CaseID:149 - 整体结果: FAILED | 详情: CATEGORY不匹配：无交集 - 预期[人物]，实际[影视]; QUERY不匹配：基础语义模糊匹配失败 - 预期[小克在动画里的人物性格是什么样的]，实际[小克在动画《汪汪队立大功》中的人物性格特点]; TAG不匹配：互不包含 - 预期[小克&动画&人物性格]，实际[小克&动画&汪汪队立大功&性格特点]
2026-02-26 22:03:31,845 - INFO - 
=== 执行完成（总耗时：240.41秒）===
2026-02-26 22:03:31,846 - INFO - 总用例数：149 | 通过：47（31.54%） | 失败：102
