2026-02-26 14:04:58,819 - INFO - === 看世界规划对比工具启动 ===
2026-02-26 14:05:00,439 - INFO - CaseID:1 - FAILED | APINAME不匹配：预期[visionqa]，实际[worthbuy]; CATEGORY不匹配：模型[商品推荐] 未完全包含于 标准答案[]; QUERY语义不匹配：预期[]，实际[印有黑猫图案的帆布包品牌]; TAG语义不匹配：预期[]，实际[印有黑猫图案&帆布包&品牌]
2026-02-26 14:05:00,439 - INFO - CaseID:2 - CATEGORY触发特殊规则：标准答案包含「其他问答」，自动通过
2026-02-26 14:05:02,429 - INFO - CaseID:2 - PASS | 
2026-02-26 14:05:03,389 - INFO - CaseID:3 - PASS | 
2026-02-26 14:05:03,390 - INFO - CaseID:4 - FAILED | APINAME不匹配：预期[visionqa]，实际[QASearch]; CATEGORY不匹配：模型[生物] 未完全包含于 标准答案[]; QUERY语义不匹配：预期[]，实际[白色鸽子的常见品种]; TAG语义不匹配：预期[]，实际[白色鸽子&常见品种]
2026-02-26 14:05:03,391 - INFO - CaseID:5 - CATEGORY触发特殊规则：标准答案包含「其他问答」，自动通过
2026-02-26 14:05:05,673 - INFO - CaseID:5 - PASS | 
2026-02-26 14:05:05,674 - INFO - CaseID:6 - CATEGORY触发特殊规则：标准答案包含「其他问答」，自动通过
2026-02-26 14:05:08,504 - INFO - CaseID:6 - PASS | 
2026-02-26 14:05:08,506 - INFO - CaseID:7 - FAILED | APINAME不匹配：预期[visionqa]，实际[QASearch]; CATEGORY不匹配：模型[生物] 未完全包含于 标准答案[]; QUERY语义不匹配：预期[]，实际[猕猴的一般毛色]; TAG语义不匹配：预期[]，实际[猕猴&毛色]
2026-02-26 14:05:10,273 - INFO - CaseID:8 - PASS | 
2026-02-26 14:05:10,273 - INFO - CaseID:9 - CATEGORY触发特殊规则：标准答案包含「其他问答」，自动通过
2026-02-26 14:05:12,078 - INFO - CaseID:9 - PASS | 
2026-02-26 14:05:12,078 - INFO - CaseID:10 - CATEGORY触发特殊规则：标准答案包含「其他问答」，自动通过
2026-02-26 14:05:13,958 - INFO - CaseID:10 - FAILED | QUERY语义不匹配：预期[奶牛的来源地]，实际[西门塔尔牛通常生活的地区]; TAG语义不匹配：预期[奶牛&来源地]，实际[西门塔尔牛&通常生活&地区]
2026-02-26 14:05:13,959 - INFO - CaseID:11 - CATEGORY触发特殊规则：标准答案包含「其他问答」，自动通过
2026-02-26 14:05:16,270 - INFO - CaseID:11 - FAILED | TAG语义不匹配：预期[螳螂虾&生活水域]，实际[螳螂虾&生活环境&淡水&海水]
2026-02-26 14:05:16,270 - INFO - CaseID:12 - CATEGORY触发特殊规则：标准答案包含「其他问答」，自动通过
2026-02-26 14:05:18,604 - INFO - CaseID:12 - PASS | 
2026-02-26 14:05:18,605 - INFO - CaseID:13 - CATEGORY触发特殊规则：标准答案包含「其他问答」，自动通过
2026-02-26 14:05:20,482 - INFO - CaseID:13 - PASS | 
2026-02-26 14:05:22,496 - INFO - CaseID:14 - PASS | 
2026-02-26 14:05:22,497 - INFO - CaseID:15 - CATEGORY触发特殊规则：标准答案包含「其他问答」，自动通过
2026-02-26 14:05:24,711 - INFO - CaseID:15 - PASS | 
2026-02-26 14:05:27,820 - INFO - CaseID:16 - PASS | 
2026-02-26 14:05:30,258 - INFO - CaseID:17 - PASS | 
2026-02-26 14:05:32,065 - INFO - CaseID:18 - PASS | 
2026-02-26 14:05:35,324 - INFO - CaseID:19 - PASS | 
2026-02-26 14:05:37,941 - INFO - CaseID:20 - PASS | 
2026-02-26 14:05:39,503 - INFO - CaseID:21 - FAILED | TAG语义不匹配：预期[海鲈鱼&肉食性动物]，实际[海鲈鱼&食性]
2026-02-26 14:05:39,503 - INFO - CaseID:22 - CATEGORY触发特殊规则：标准答案包含「其他问答」，自动通过
2026-02-26 14:05:42,186 - INFO - CaseID:22 - PASS | 
2026-02-26 14:05:44,062 - INFO - CaseID:23 - PASS | 
2026-02-26 14:05:45,821 - INFO - CaseID:24 - PASS | 
2026-02-26 14:05:48,444 - INFO - CaseID:25 - PASS | 
2026-02-26 14:05:50,124 - INFO - CaseID:26 - FAILED | CATEGORY不匹配：模型[影视] 未完全包含于 标准答案[人物]
2026-02-26 14:05:50,125 - INFO - CaseID:27 - CATEGORY触发特殊规则：标准答案包含「其他问答」，自动通过
2026-02-26 14:05:52,373 - INFO - CaseID:27 - FAILED | APINAME不匹配：预期[QASearch]，实际[worthbuy]
2026-02-26 14:05:52,374 - INFO - CaseID:28 - CATEGORY触发特殊规则：标准答案包含「其他问答」，自动通过
2026-02-26 14:05:54,058 - INFO - CaseID:28 - FAILED | APINAME不匹配：预期[QASearch]，实际[worthbuy]
2026-02-26 14:05:56,229 - INFO - CaseID:29 - FAILED | TAG语义不匹配：预期[小猪佩奇&上映时间]，实际[小猪佩奇&动画片&首播年份]
2026-02-26 14:05:58,027 - INFO - CaseID:30 - PASS | 
2026-02-26 14:05:58,027 - INFO - CaseID:31 - CATEGORY触发特殊规则：标准答案包含「其他问答」，自动通过
2026-02-26 14:06:00,399 - INFO - CaseID:31 - FAILED | APINAME不匹配：预期[QASearch]，实际[worthbuy]
2026-02-26 14:06:00,399 - INFO - CaseID:32 - FAILED | APINAME不匹配：预期[visionqa]，实际[worthbuy]; CATEGORY不匹配：模型[商品查询-确定商品] 未完全包含于 标准答案[]; QUERY语义不匹配：预期[]，实际[小猪佩奇玩偶的常见材质]; TAG语义不匹配：预期[]，实际[小猪佩奇玩偶&常见材质]
2026-02-26 14:06:00,399 - INFO - CaseID:33 - FAILED | APINAME不匹配：预期[visionqa]，实际[QASearch]; CATEGORY不匹配：模型[其他问答] 未完全包含于 标准答案[]; QUERY语义不匹配：预期[]，实际[猪爸的玩偶的颜色]; TAG语义不匹配：预期[]，实际[猪爸&玩偶&颜色]
2026-02-26 14:06:00,400 - INFO - CaseID:34 - FAILED | APINAME不匹配：预期[visionqa]，实际[worthbuy]; CATEGORY不匹配：模型[商品查询-不确定商品] 未完全包含于 标准答案[]; QUERY语义不匹配：预期[]，实际[粉红色卡通猪玩偶常见尺寸]; TAG语义不匹配：预期[]，实际[粉红色&卡通猪玩偶&常见尺寸]
2026-02-26 14:06:00,400 - INFO - CaseID:35 - FAILED | APINAME不匹配：预期[visionqa]，实际[worthbuy]; CATEGORY不匹配：模型[商品查询-不确定商品] 未完全包含于 标准答案[]; QUERY语义不匹配：预期[]，实际[小猪玩偶的常见材质]; TAG语义不匹配：预期[]，实际[小猪玩偶&常见材质]
2026-02-26 14:06:00,400 - INFO - CaseID:36 - FAILED | APINAME不匹配：预期[visionqa]，实际[QASearch]; CATEGORY不匹配：模型[影视] 未完全包含于 标准答案[]; QUERY语义不匹配：预期[]，实际[粉红色卡通猪玩偶是哪部动画片的角色]; TAG语义不匹配：预期[]，实际[粉红色卡通猪玩偶&动画片&角色]
2026-02-26 14:06:02,241 - INFO - CaseID:37 - FAILED | CATEGORY不匹配：模型[影视] 未完全包含于 标准答案[人物]; TAG语义不匹配：预期[Skye&配音演员]，实际[汪汪队立大功&配音演员]
2026-02-26 14:06:02,242 - INFO - CaseID:38 - CATEGORY触发特殊规则：标准答案包含「其他问答」，自动通过
2026-02-26 14:06:04,074 - INFO - CaseID:38 - FAILED | TAG语义不匹配：预期[毛绒玩具&别名]，实际[穿着粉色衣服&小狗毛绒玩具&别名]
2026-02-26 14:06:06,734 - INFO - CaseID:39 - PASS | 
2026-02-26 14:06:06,735 - INFO - CaseID:40 - FAILED | APINAME不匹配：预期[visionqa]，实际[worthbuy]; CATEGORY不匹配：模型[商品查询-确定商品] 未完全包含于 标准答案[]; QUERY语义不匹配：预期[]，实际[汪汪队立大功公仔衣服颜色]; TAG语义不匹配：预期[]，实际[汪汪队立大功&公仔&衣服&颜色]
2026-02-26 14:06:06,735 - INFO - CaseID:41 - FAILED | APINAME不匹配：预期[visionqa]，实际[QASearch]; CATEGORY不匹配：模型[其他问答] 未完全包含于 标准答案[]; QUERY语义不匹配：预期[]，实际[小砾公仔的颜色]; TAG语义不匹配：预期[]，实际[小砾公仔&颜色]
2026-02-26 14:06:06,736 - INFO - CaseID:42 - FAILED | APINAME不匹配：预期[visionqa]，实际[QASearch]; CATEGORY不匹配：模型[影视] 未完全包含于 标准答案[]; QUERY语义不匹配：预期[]，实际[汪汪队立大功玩具小狗的材质]; TAG语义不匹配：预期[]，实际[汪汪队立大功&玩具小狗&材质]
2026-02-26 14:06:06,736 - INFO - CaseID:43 - FAILED | APINAME不匹配：预期[visionqa]，实际[QASearch]; CATEGORY不匹配：模型[影视] 未完全包含于 标准答案[]; QUERY语义不匹配：预期[]，实际[《汪汪队立大功》中穿着消防员制服的小狗角色名字]; TAG语义不匹配：预期[]，实际[汪汪队立大功&消防员制服&小狗角色]
2026-02-26 14:06:08,358 - INFO - CaseID:44 - FAILED | QUERY语义不匹配：预期[汪汪队立大功目前出到第几季了]，实际[汪汪队立大功截至2026年的最新季数]
2026-02-26 14:06:08,358 - INFO - CaseID:45 - CATEGORY触发特殊规则：标准答案包含「其他问答」，自动通过
2026-02-26 14:06:10,112 - INFO - CaseID:45 - FAILED | APINAME不匹配：预期[QASearch]，实际[worthbuy]; QUERY语义不匹配：预期[汪汪队立大功的购买渠道有哪些]，实际[汪汪队立大功毛绒玩具官方购买渠道]; TAG语义不匹配：预期[汪汪队立大功&购买渠道]，实际[汪汪队立大功&毛绒玩具&官方购买渠道]
2026-02-26 14:06:10,112 - INFO - CaseID:46 - FAILED | APINAME不匹配：预期[visionqa]，实际[worthbuy]; CATEGORY不匹配：模型[商品查询-不确定商品] 未完全包含于 标准答案[]; QUERY语义不匹配：预期[]，实际[汪汪队立大功公仔的制服]; TAG语义不匹配：预期[]，实际[汪汪队立大功&公仔&制服]
2026-02-26 14:06:12,394 - INFO - CaseID:47 - FAILED | CATEGORY不匹配：模型[影视] 未完全包含于 标准答案[人物]; TAG语义不匹配：预期[Rocky&车辆编号]，实际[汪汪队立大功&Rocky&车辆编号]
2026-02-26 14:06:12,394 - INFO - CaseID:48 - CATEGORY触发特殊规则：标准答案包含「其他问答」，自动通过
2026-02-26 14:06:14,304 - INFO - CaseID:48 - PASS | 
2026-02-26 14:06:14,304 - INFO - CaseID:49 - CATEGORY触发特殊规则：标准答案包含「其他问答」，自动通过
2026-02-26 14:06:16,288 - INFO - CaseID:49 - FAILED | APINAME不匹配：预期[QASearch]，实际[worthbuy]
2026-02-26 14:06:16,289 - INFO - CaseID:50 - FAILED | APINAME不匹配：预期[visionqa]，实际[AUTOSearch]; CATEGORY不匹配：模型[汽车] 未完全包含于 标准答案[]; QUERY语义不匹配：预期[]，实际[白色无线耳机充电盒的品牌是什么]; TAG语义不匹配：预期[]，实际[白色无线耳机充电盒&品牌]
2026-02-26 14:06:16,290 - INFO - CaseID:51 - CATEGORY触发特殊规则：标准答案包含「其他问答」，自动通过
2026-02-26 14:06:18,084 - INFO - CaseID:51 - PASS | 
2026-02-26 14:06:18,085 - INFO - CaseID:52 - CATEGORY触发特殊规则：标准答案包含「其他问答」，自动通过
2026-02-26 14:06:20,025 - INFO - CaseID:52 - PASS | 
2026-02-26 14:06:20,968 - INFO - CaseID:53 - PASS | 
2026-02-26 14:06:20,969 - INFO - CaseID:54 - CATEGORY触发特殊规则：标准答案包含「其他问答」，自动通过
2026-02-26 14:06:23,391 - INFO - CaseID:54 - FAILED | APINAME不匹配：预期[QASearch]，实际[worthbuy]; QUERY语义不匹配：预期[无线耳机的好处]，实际[华为无线耳机的好处]
2026-02-26 14:06:24,250 - INFO - CaseID:55 - PASS | 
2026-02-26 14:06:24,250 - INFO - CaseID:56 - FAILED | APINAME不匹配：预期[visionqa]，实际[AUTOSearch]; CATEGORY不匹配：模型[汽车] 未完全包含于 标准答案[]; QUERY语义不匹配：预期[]，实际[这款空调遥控器的空调品牌是什么]; TAG语义不匹配：预期[]，实际[空调遥控器&空调品牌]
2026-02-26 14:06:24,251 - INFO - CaseID:57 - CATEGORY触发特殊规则：标准答案包含「其他问答」，自动通过
2026-02-26 14:06:27,108 - INFO - CaseID:57 - FAILED | APINAME不匹配：预期[QASearch]，实际[AUTOSearch]
2026-02-26 14:06:27,109 - INFO - CaseID:58 - CATEGORY触发特殊规则：标准答案包含「其他问答」，自动通过
2026-02-26 14:06:29,193 - INFO - CaseID:58 - FAILED | APINAME不匹配：预期[QASearch]，实际[AUTOSearch]
2026-02-26 14:06:30,016 - INFO - CaseID:59 - PASS | 
2026-02-26 14:06:30,016 - INFO - CaseID:60 - CATEGORY触发特殊规则：标准答案包含「其他问答」，自动通过
2026-02-26 14:06:32,127 - INFO - CaseID:60 - FAILED | APINAME不匹配：预期[QASearch]，实际[AUTOSearch]
2026-02-26 14:06:33,124 - INFO - CaseID:61 - PASS | 
2026-02-26 14:06:34,706 - INFO - CaseID:62 - PASS | 
2026-02-26 14:06:34,706 - INFO - CaseID:63 - CATEGORY触发特殊规则：标准答案包含「其他问答」，自动通过
2026-02-26 14:06:37,329 - INFO - CaseID:63 - FAILED | APINAME不匹配：预期[QASearch]，实际[AUTOSearch]
2026-02-26 14:06:37,330 - INFO - CaseID:64 - CATEGORY触发特殊规则：标准答案包含「其他问答」，自动通过
2026-02-26 14:06:39,020 - INFO - CaseID:64 - FAILED | APINAME不匹配：预期[QASearch]，实际[worthbuy]; QUERY语义不匹配：预期[麦克风的售价是多少]，实际[常见麦克风的市场价格范围]; TAG语义不匹配：预期[麦克风&售价]，实际[常见&麦克风&市场价格范围]
2026-02-26 14:06:39,021 - INFO - CaseID:65 - CATEGORY触发特殊规则：标准答案包含「其他问答」，自动通过
2026-02-26 14:06:40,684 - INFO - CaseID:65 - PASS | 
2026-02-26 14:06:41,551 - INFO - CaseID:66 - PASS | 
2026-02-26 14:06:41,551 - INFO - CaseID:67 - FAILED | APINAME不匹配：预期[visionqa]，实际[worthbuy]; CATEGORY不匹配：模型[商品推荐] 未完全包含于 标准答案[]; QUERY语义不匹配：预期[]，实际[紫色发夹常见的图案类型]; TAG语义不匹配：预期[]，实际[紫色发夹&常见&图案类型]
2026-02-26 14:06:41,552 - INFO - CaseID:68 - CATEGORY触发特殊规则：标准答案包含「其他问答」，自动通过
2026-02-26 14:06:43,759 - INFO - CaseID:68 - FAILED | APINAME不匹配：预期[QASearch]，实际[worthbuy]; QUERY语义不匹配：预期[墨镜的遮光效果如何]，实际[常见墨镜的遮光等级分类]; TAG语义不匹配：预期[墨镜&遮光效果]，实际[常见&墨镜&遮光等级&分类]
2026-02-26 14:06:43,759 - INFO - CaseID:69 - CATEGORY触发特殊规则：标准答案包含「其他问答」，自动通过
2026-02-26 14:06:45,600 - INFO - CaseID:69 - FAILED | APINAME不匹配：预期[QASearch]，实际[worthbuy]; QUERY语义不匹配：预期[拉链袋的分类有哪些]，实际[牛仔布拉链袋的常见分类方式]; TAG语义不匹配：预期[拉链袋&分类]，实际[牛仔布拉链袋&常见&分类方式]
2026-02-26 14:06:45,601 - INFO - CaseID:70 - FAILED | APINAME不匹配：预期[visionqa]，实际[worthbuy]; CATEGORY不匹配：模型[商品查询-确定商品] 未完全包含于 标准答案[]; QUERY语义不匹配：预期[]，实际[紫皮腰果零食的品牌是什么]; TAG语义不匹配：预期[]，实际[紫皮腰果零食&品牌]
2026-02-26 14:06:45,601 - INFO - CaseID:71 - CATEGORY触发特殊规则：标准答案包含「其他问答」，自动通过
2026-02-26 14:06:48,332 - INFO - CaseID:71 - FAILED | APINAME不匹配：预期[QASearch]，实际[worthbuy]; TAG语义不匹配：预期[混合坚果&品牌]，实际[罐装混合坚果&常见品牌]
2026-02-26 14:06:51,170 - INFO - CaseID:72 - FAILED | QUERY语义不匹配：预期[腰果的生长环境]，实际[腰果是长在树上的吗]
2026-02-26 14:06:53,444 - INFO - CaseID:73 - PASS | 
2026-02-26 14:06:53,445 - INFO - CaseID:74 - CATEGORY触发特殊规则：标准答案包含「其他问答」，自动通过
2026-02-26 14:06:55,159 - INFO - CaseID:74 - PASS | 
2026-02-26 14:06:55,159 - INFO - CaseID:75 - FAILED | APINAME不匹配：预期[visionqa]，实际[AUTOSearch]; CATEGORY不匹配：模型[汽车] 未完全包含于 标准答案[]; QUERY语义不匹配：预期[]，实际[星巴克中杯的容量标准]; TAG语义不匹配：预期[]，实际[星巴克中杯&容量标准]
2026-02-26 14:06:55,159 - INFO - CaseID:76 - CATEGORY触发特殊规则：标准答案包含「其他问答」，自动通过
2026-02-26 14:07:25,139 - INFO - CaseID:76 - PASS | 
2026-02-26 14:07:26,847 - INFO - CaseID:77 - PASS | 
2026-02-26 14:07:26,848 - INFO - CaseID:78 - FAILED | APINAME不匹配：预期[visionqa]，实际[QASearch]; CATEGORY不匹配：模型[其他问答] 未完全包含于 标准答案[]; QUERY语义不匹配：预期[]，实际[星巴克常见饮料杯壁颜色]; TAG语义不匹配：预期[]，实际[星巴克&常见饮料&杯壁颜色]
2026-02-26 14:07:26,848 - INFO - CaseID:79 - FAILED | APINAME不匹配：预期[visionqa]，实际[worthbuy]; CATEGORY不匹配：模型[商品查询-确定商品] 未完全包含于 标准答案[]; QUERY语义不匹配：预期[]，实际[竹香乌龙茶饮料的品牌]; TAG语义不匹配：预期[]，实际[竹香乌龙茶饮料&品牌]
2026-02-26 14:07:26,848 - INFO - CaseID:80 - FAILED | APINAME不匹配：预期[visionqa]，实际[QASearch]; CATEGORY不匹配：模型[其他问答] 未完全包含于 标准答案[]; QUERY语义不匹配：预期[]，实际[竹香乌龙茶在不同销售渠道的当前售价]; TAG语义不匹配：预期[]，实际[竹香乌龙茶&不同销售渠道&当前售价]
2026-02-26 14:07:28,447 - INFO - CaseID:81 - FAILED | QUERY语义不匹配：预期[竹叶青的原料]，实际[竹叶青饮料的原料成分]
2026-02-26 14:07:28,448 - INFO - CaseID:82 - FAILED | APINAME不匹配：预期[visionqa]，实际[worthbuy]; CATEGORY不匹配：模型[商品查询-不确定商品] 未完全包含于 标准答案[]; QUERY语义不匹配：预期[]，实际[盒装牛奶饮品的常见容量规格]; TAG语义不匹配：预期[]，实际[盒装牛奶饮品&常见容量规格]
2026-02-26 14:07:28,448 - INFO - CaseID:83 - FAILED | APINAME不匹配：预期[visionqa]，实际[worthbuy]; CATEGORY不匹配：模型[商品推荐] 未完全包含于 标准答案[]; QUERY语义不匹配：预期[]，实际[常见牛奶包装盒上的图案类型]; TAG语义不匹配：预期[]，实际[常见&牛奶包装盒&图案类型]
2026-02-26 14:07:28,448 - INFO - CaseID:84 - CATEGORY触发特殊规则：标准答案包含「其他问答」，自动通过
2026-02-26 14:07:30,275 - INFO - CaseID:84 - FAILED | TAG语义不匹配：预期[绿茶饮品&营养价值&高]，实际[绿茶饮品&营养价值]
2026-02-26 14:07:30,276 - INFO - CaseID:85 - FAILED | APINAME不匹配：预期[visionqa]，实际[QASearch]; CATEGORY不匹配：模型[其他问答] 未完全包含于 标准答案[]; QUERY语义不匹配：预期[]，实际[牛奶包装上的品牌名称]; TAG语义不匹配：预期[]，实际[牛奶&包装&品牌名称]
2026-02-26 14:07:32,169 - INFO - CaseID:86 - PASS | 
2026-02-26 14:07:34,480 - INFO - CaseID:87 - PASS | 
2026-02-26 14:07:34,482 - INFO - CaseID:88 - CATEGORY触发特殊规则：标准答案包含「其他问答」，自动通过
2026-02-26 14:07:36,451 - INFO - CaseID:88 - PASS | 
2026-02-26 14:07:36,451 - INFO - CaseID:89 - CATEGORY触发特殊规则：标准答案包含「其他问答」，自动通过
2026-02-26 14:07:39,084 - INFO - CaseID:89 - FAILED | APINAME不匹配：预期[QASearch]，实际[worthbuy]
2026-02-26 14:07:42,151 - INFO - CaseID:90 - PASS | 
2026-02-26 14:07:43,717 - INFO - CaseID:91 - FAILED | TAG语义不匹配：预期[波斯猫&动物]，实际[波斯猫&动物学分类]
2026-02-26 14:07:43,717 - INFO - CaseID:92 - CATEGORY触发特殊规则：标准答案包含「其他问答」，自动通过
2026-02-26 14:07:45,424 - INFO - CaseID:92 - PASS | 
2026-02-26 14:07:45,424 - INFO - CaseID:93 - FAILED | APINAME不匹配：预期[visionqa]，实际[QASearch]; CATEGORY不匹配：模型[生物] 未完全包含于 标准答案[]; QUERY语义不匹配：预期[]，实际[白色长毛猫常见的眼睛颜色]; TAG语义不匹配：预期[]，实际[白色长毛猫&常见&眼睛颜色]
2026-02-26 14:07:45,425 - INFO - CaseID:94 - CATEGORY触发特殊规则：标准答案包含「其他问答」，自动通过
2026-02-26 14:07:47,342 - INFO - CaseID:94 - PASS | 
2026-02-26 14:07:47,342 - INFO - CaseID:95 - CATEGORY触发特殊规则：标准答案包含「其他问答」，自动通过
2026-02-26 14:07:50,737 - INFO - CaseID:95 - PASS | 
2026-02-26 14:07:53,101 - INFO - CaseID:96 - FAILED | TAG语义不匹配：预期[黄色月季花&科属]，实际[月季花&科属]
2026-02-26 14:07:55,229 - INFO - CaseID:97 - PASS | 
2026-02-26 14:07:57,109 - INFO - CaseID:98 - FAILED | CATEGORY不匹配：模型[健康] 未完全包含于 标准答案[生物]
2026-02-26 14:07:58,707 - INFO - CaseID:99 - PASS | 
2026-02-26 14:08:00,635 - INFO - CaseID:100 - PASS | 
2026-02-26 14:08:02,474 - INFO - CaseID:101 - PASS | 
2026-02-26 14:08:04,491 - INFO - CaseID:102 - PASS | 
2026-02-26 14:08:04,492 - INFO - CaseID:103 - CATEGORY触发特殊规则：标准答案包含「其他问答」，自动通过
2026-02-26 14:08:06,299 - INFO - CaseID:103 - PASS | 
2026-02-26 14:08:08,260 - INFO - CaseID:104 - PASS | 
2026-02-26 14:08:10,381 - INFO - CaseID:105 - PASS | 
2026-02-26 14:08:12,377 - INFO - CaseID:106 - PASS | 
2026-02-26 14:08:14,518 - INFO - CaseID:107 - PASS | 
2026-02-26 14:08:16,358 - INFO - CaseID:108 - PASS | 
2026-02-26 14:08:18,303 - INFO - CaseID:109 - PASS | 
2026-02-26 14:08:20,356 - INFO - CaseID:110 - FAILED | CATEGORY不匹配：模型[健康] 未完全包含于 标准答案[生物]
2026-02-26 14:08:22,194 - INFO - CaseID:111 - FAILED | CATEGORY不匹配：模型[健康] 未完全包含于 标准答案[生物]
2026-02-26 14:08:24,264 - INFO - CaseID:112 - PASS | 
2026-02-26 14:08:26,197 - INFO - CaseID:113 - PASS | 
2026-02-26 14:08:28,319 - INFO - CaseID:114 - FAILED | TAG语义不匹配：预期[叶子&病斑&植物&清理&病斑]，实际[叶子&病斑&植物&清理方法]
2026-02-26 14:08:30,130 - INFO - CaseID:115 - PASS | 
2026-02-26 14:08:33,777 - INFO - CaseID:116 - PASS | 
2026-02-26 14:08:35,572 - INFO - CaseID:117 - PASS | 
2026-02-26 14:08:37,631 - INFO - CaseID:118 - PASS | 
2026-02-26 14:08:37,631 - INFO - CaseID:119 - FAILED | APINAME不匹配：预期[visionqa]，实际[worthbuy]; CATEGORY不匹配：模型[商品推荐] 未完全包含于 标准答案[]; QUERY语义不匹配：预期[]，实际[黑色T恤背面带数字9图案的常见材质类型]; TAG语义不匹配：预期[]，实际[黑色T恤&背面&数字9图案&常见材质类型]
2026-02-26 14:08:37,632 - INFO - CaseID:120 - FAILED | APINAME不匹配：预期[visionqa]，实际[worthbuy]; CATEGORY不匹配：模型[商品查询-确定商品] 未完全包含于 标准答案[]; QUERY语义不匹配：预期[]，实际[字节跳动纪念T恤的材质]; TAG语义不匹配：预期[]，实际[字节跳动纪念T恤&材质]
2026-02-26 14:08:38,549 - INFO - CaseID:121 - PASS | 
2026-02-26 14:08:40,019 - INFO - CaseID:122 - PASS | 
