2026-02-27 15:44:56,146 - INFO - === 看世界规划对比工具（单线程稳定版）启动 ===
2026-02-27 15:44:56,289 - INFO - 成功加载飞书表格
2026-02-27 15:44:59,043 - INFO - 已读取100行数据
2026-02-27 15:44:59,551 - INFO - 表格读取完成，共读取149行有效数据
2026-02-27 15:45:00,446 - INFO - CaseID:1 - QUERY字段：基础语义模糊匹配通过
2026-02-27 15:45:00,446 - INFO - CaseID:1 - 整体结果: PASS | 详情: 所有字段校验通过
2026-02-27 15:45:00,447 - INFO - CaseID:2 - CATEGORY字段：标准答案含「其他问答」，模型输出任意值通过
2026-02-27 15:45:04,147 - INFO - CaseID:2 - QUERY字段：基础语义模糊匹配通过
2026-02-27 15:45:04,147 - INFO - CaseID:2 - TAG字段：有交集（{'文蛤'}），判定通过
2026-02-27 15:45:04,147 - INFO - CaseID:2 - 整体结果: PASS | 详情: 所有字段校验通过
2026-02-27 15:45:07,940 - INFO - CaseID:3 - QUERY字段：基础语义模糊匹配通过
2026-02-27 15:45:07,941 - INFO - CaseID:3 - 整体结果: PASS | 详情: 所有字段校验通过
2026-02-27 15:45:12,493 - INFO - CaseID:4 - QUERY字段：基础语义模糊匹配通过
2026-02-27 15:45:12,494 - INFO - CaseID:4 - 整体结果: PASS | 详情: 所有字段校验通过
2026-02-27 15:45:12,494 - INFO - CaseID:5 - CATEGORY字段：标准答案含「其他问答」，模型输出任意值通过
2026-02-27 15:45:16,192 - INFO - CaseID:5 - QUERY字段：基础语义模糊匹配通过
2026-02-27 15:45:16,193 - INFO - CaseID:5 - TAG字段：有交集（{'生物学特性', '大熊猫'}），判定通过
2026-02-27 15:45:16,193 - INFO - CaseID:5 - 整体结果: PASS | 详情: 所有字段校验通过
2026-02-27 15:45:16,194 - INFO - CaseID:6 - CATEGORY字段：标准答案含「其他问答」，模型输出任意值通过
2026-02-27 15:45:20,144 - INFO - CaseID:6 - QUERY字段：基础语义模糊匹配通过
2026-02-27 15:45:20,144 - INFO - CaseID:6 - TAG字段：有交集（{'主要食物', '猕猴'}），判定通过
2026-02-27 15:45:20,145 - INFO - CaseID:6 - 整体结果: PASS | 详情: 所有字段校验通过
2026-02-27 15:45:24,019 - INFO - CaseID:7 - QUERY字段：基础语义模糊匹配通过
2026-02-27 15:45:24,020 - INFO - CaseID:7 - 整体结果: FAILED | 详情: APINAME不匹配：预期[visual_search]，实际[QASearch]; CATEGORY不匹配：一方为空 - 预期[]，实际[生物]; TAG不匹配：一方为空 - 预期[]，实际[猕猴&毛色]
2026-02-27 15:45:24,021 - INFO - CaseID:8 - CATEGORY字段：交集匹配（{'生物'}），判定通过
2026-02-27 15:45:28,907 - INFO - CaseID:8 - QUERY字段：基础语义模糊匹配通过
2026-02-27 15:45:28,908 - INFO - CaseID:8 - TAG字段：有交集（{'主要食物', '荷斯坦牛'}），判定通过
2026-02-27 15:45:28,908 - INFO - CaseID:8 - 整体结果: PASS | 详情: 所有字段校验通过
2026-02-27 15:45:28,908 - INFO - CaseID:9 - CATEGORY字段：标准答案含「其他问答」，模型输出任意值通过
2026-02-27 15:45:32,641 - INFO - CaseID:9 - TAG字段：有交集（{'黄牛'}），判定通过
2026-02-27 15:45:32,642 - INFO - CaseID:9 - 整体结果: FAILED | 详情: QUERY不匹配：基础语义模糊匹配失败 - 预期[黄牛的最长寿命是几年]，实际[黄牛的寿命]
2026-02-27 15:45:32,642 - INFO - CaseID:10 - CATEGORY字段：标准答案含「其他问答」，模型输出任意值通过
2026-02-27 15:45:36,347 - INFO - CaseID:10 - 整体结果: FAILED | 详情: QUERY不匹配：基础语义模糊匹配失败 - 预期[奶牛通常生活的地区]，实际[西门塔尔牛通常生活的地区]; TAG不匹配：无交集 - 预期[奶牛&来源地]，实际[西门塔尔牛&通常生活&地区]
2026-02-27 15:45:36,348 - INFO - CaseID:11 - CATEGORY字段：标准答案含「其他问答」，模型输出任意值通过
2026-02-27 15:45:40,011 - INFO - CaseID:11 - 整体结果: FAILED | 详情: QUERY不匹配：基础语义模糊匹配失败 - 预期[螳螂虾是生活在淡水环境里吗]，实际[皮皮虾后面的虾的生存环境]; TAG不匹配：无交集 - 预期[螳螂虾&生活水域]，实际[皮皮虾&后面&虾&生存环境]
2026-02-27 15:45:40,011 - INFO - CaseID:12 - CATEGORY字段：交集匹配（{'生物'}），判定通过
2026-02-27 15:45:43,617 - INFO - CaseID:12 - QUERY字段：基础语义模糊匹配通过
2026-02-27 15:45:43,618 - INFO - CaseID:12 - TAG字段：有交集（{'淡水蟹', '能够食用'}），判定通过
2026-02-27 15:45:43,618 - INFO - CaseID:12 - 整体结果: PASS | 详情: 所有字段校验通过
2026-02-27 15:45:43,618 - INFO - CaseID:13 - 整体结果: FAILED | 详情: 模型输出核心字段全为空，判定不通过
2026-02-27 15:45:43,618 - INFO - CaseID:14 - CATEGORY字段：交集匹配（{'生物'}），判定通过
2026-02-27 15:45:47,642 - INFO - CaseID:14 - QUERY字段：基础语义模糊匹配通过
2026-02-27 15:45:47,643 - INFO - CaseID:14 - TAG字段：有交集（{'寄居蟹', '生存环境'}），判定通过
2026-02-27 15:45:47,643 - INFO - CaseID:14 - 整体结果: PASS | 详情: 所有字段校验通过
2026-02-27 15:45:47,643 - INFO - CaseID:15 - CATEGORY字段：标准答案含「其他问答」，模型输出任意值通过
2026-02-27 15:45:51,411 - INFO - CaseID:15 - QUERY字段：基础语义模糊匹配通过
2026-02-27 15:45:51,412 - INFO - CaseID:15 - TAG字段：有交集（{'锦鲤'}），判定通过
2026-02-27 15:45:51,412 - INFO - CaseID:15 - 整体结果: PASS | 详情: 所有字段校验通过
2026-02-27 15:45:51,412 - INFO - CaseID:16 - CATEGORY字段：交集匹配（{'生物'}），判定通过
2026-02-27 15:45:55,676 - INFO - CaseID:16 - QUERY字段：基础语义模糊匹配通过
2026-02-27 15:45:55,676 - INFO - CaseID:16 - TAG字段：有交集（{'主要食物', '金鱼'}），判定通过
2026-02-27 15:45:55,676 - INFO - CaseID:16 - 整体结果: PASS | 详情: 所有字段校验通过
2026-02-27 15:45:55,676 - INFO - CaseID:17 - CATEGORY字段：交集匹配（{'生物'}），判定通过
2026-02-27 15:45:59,628 - INFO - CaseID:17 - QUERY字段：基础语义模糊匹配通过
2026-02-27 15:45:59,628 - INFO - CaseID:17 - TAG字段：有交集（{'骆驼', '主要分布', '国家'}），判定通过
2026-02-27 15:45:59,628 - INFO - CaseID:17 - 整体结果: PASS | 详情: 所有字段校验通过
2026-02-27 15:45:59,629 - INFO - CaseID:18 - CATEGORY字段：交集匹配（{'生物'}），判定通过
2026-02-27 15:46:03,643 - INFO - CaseID:18 - QUERY字段：基础语义模糊匹配通过
2026-02-27 15:46:03,643 - INFO - CaseID:18 - TAG字段：有交集（{'驼峰', '双峰驼', '作用'}），判定通过
2026-02-27 15:46:03,643 - INFO - CaseID:18 - 整体结果: PASS | 详情: 所有字段校验通过
2026-02-27 15:46:03,643 - INFO - CaseID:19 - CATEGORY字段：交集匹配（{'生物'}），判定通过
2026-02-27 15:46:07,716 - INFO - CaseID:19 - QUERY字段：基础语义模糊匹配通过
2026-02-27 15:46:07,716 - INFO - CaseID:19 - TAG字段：有交集（{'名字', '来源', '凤尾鱼'}），判定通过
2026-02-27 15:46:07,717 - INFO - CaseID:19 - 整体结果: PASS | 详情: 所有字段校验通过
2026-02-27 15:46:07,717 - INFO - CaseID:20 - CATEGORY字段：交集匹配（{'生物'}），判定通过
2026-02-27 15:46:11,338 - INFO - CaseID:20 - QUERY字段：基础语义模糊匹配通过
2026-02-27 15:46:11,339 - INFO - CaseID:20 - TAG字段：有交集（{'比目鱼'}），判定通过
2026-02-27 15:46:11,339 - INFO - CaseID:20 - 整体结果: PASS | 详情: 所有字段校验通过
2026-02-27 15:46:11,339 - INFO - CaseID:21 - CATEGORY字段：交集匹配（{'生物'}），判定通过
2026-02-27 15:46:15,315 - INFO - CaseID:21 - QUERY字段：基础语义模糊匹配通过
2026-02-27 15:46:15,315 - INFO - CaseID:21 - TAG字段：有交集（{'肉食性动物', '海鲈鱼'}），判定通过
2026-02-27 15:46:15,316 - INFO - CaseID:21 - 整体结果: PASS | 详情: 所有字段校验通过
2026-02-27 15:46:15,316 - INFO - CaseID:22 - CATEGORY字段：标准答案含「其他问答」，模型输出任意值通过
2026-02-27 15:46:19,237 - INFO - CaseID:22 - QUERY字段：基础语义模糊匹配通过
2026-02-27 15:46:19,238 - INFO - CaseID:22 - TAG字段：有交集（{'烹饪方法', '最好吃', '鲫鱼'}），判定通过
2026-02-27 15:46:19,238 - INFO - CaseID:22 - 整体结果: PASS | 详情: 所有字段校验通过
2026-02-27 15:46:19,239 - INFO - CaseID:23 - CATEGORY字段：交集匹配（{'生物'}），判定通过
2026-02-27 15:46:23,043 - INFO - CaseID:23 - QUERY字段：基础语义模糊匹配通过
2026-02-27 15:46:23,044 - INFO - CaseID:23 - TAG字段：有交集（{'概率', '大嘴鲈鱼', '捕获'}），判定通过
2026-02-27 15:46:23,044 - INFO - CaseID:23 - 整体结果: PASS | 详情: 所有字段校验通过
2026-02-27 15:46:23,044 - INFO - CaseID:24 - CATEGORY字段：交集匹配（{'生物'}），判定通过
2026-02-27 15:46:26,734 - INFO - CaseID:24 - QUERY字段：基础语义模糊匹配通过
2026-02-27 15:46:26,734 - INFO - CaseID:24 - TAG字段：有交集（{'小比目鱼', '科属'}），判定通过
2026-02-27 15:46:26,734 - INFO - CaseID:24 - 整体结果: PASS | 详情: 所有字段校验通过
2026-02-27 15:46:26,735 - INFO - CaseID:25 - 整体结果: FAILED | 详情: 模型输出核心字段全为空，判定不通过
2026-02-27 15:46:30,552 - INFO - CaseID:26 - TAG字段：有交集（{'小猪佩奇'}），判定通过
2026-02-27 15:46:30,553 - INFO - CaseID:26 - 整体结果: FAILED | 详情: CATEGORY不匹配：无交集 - 预期[人物]，实际[影视]; QUERY不匹配：基础语义模糊匹配失败 - 预期[小猪佩奇是哪国的动画片]，实际[小猪佩奇的制片地区]
2026-02-27 15:46:30,553 - INFO - CaseID:27 - APINAME字段：QASearch↔worthbuy，判定通过
2026-02-27 15:46:30,553 - INFO - CaseID:27 - CATEGORY字段：标准答案含「其他问答」，模型输出任意值通过
2026-02-27 15:46:34,158 - INFO - CaseID:27 - QUERY字段：基础语义模糊匹配通过
2026-02-27 15:46:34,159 - INFO - CaseID:27 - TAG字段：有交集（{'小猪佩奇玩偶'}），判定通过
2026-02-27 15:46:34,159 - INFO - CaseID:27 - 整体结果: PASS | 详情: 所有字段校验通过
2026-02-27 15:46:34,159 - INFO - CaseID:28 - APINAME字段：QASearch↔worthbuy，判定通过
2026-02-27 15:46:34,159 - INFO - CaseID:28 - CATEGORY字段：标准答案含「其他问答」，模型输出任意值通过
2026-02-27 15:46:38,174 - INFO - CaseID:28 - QUERY字段：基础语义模糊匹配通过
2026-02-27 15:46:38,175 - INFO - CaseID:28 - TAG字段：有交集（{'售价'}），判定通过
2026-02-27 15:46:38,175 - INFO - CaseID:28 - 整体结果: PASS | 详情: 所有字段校验通过
2026-02-27 15:46:38,175 - INFO - CaseID:29 - CATEGORY字段：交集匹配（{'影视'}），判定通过
2026-02-27 15:46:42,130 - INFO - CaseID:29 - QUERY字段：基础语义模糊匹配通过
2026-02-27 15:46:42,130 - INFO - CaseID:29 - TAG字段：有交集（{'小猪佩奇'}），判定通过
2026-02-27 15:46:42,130 - INFO - CaseID:29 - 整体结果: PASS | 详情: 所有字段校验通过
2026-02-27 15:46:42,130 - INFO - CaseID:30 - CATEGORY字段：交集匹配（{'人物'}），判定通过
2026-02-27 15:46:46,047 - INFO - CaseID:30 - QUERY字段：基础语义模糊匹配通过
2026-02-27 15:46:46,047 - INFO - CaseID:30 - TAG字段：有交集（{'佩奇', '事情', '最喜欢'}），判定通过
2026-02-27 15:46:46,048 - INFO - CaseID:30 - 整体结果: PASS | 详情: 所有字段校验通过
2026-02-27 15:46:46,048 - INFO - CaseID:31 - APINAME字段：QASearch↔worthbuy，判定通过
2026-02-27 15:46:46,048 - INFO - CaseID:31 - CATEGORY字段：标准答案含「其他问答」，模型输出任意值通过
2026-02-27 15:46:51,023 - INFO - CaseID:31 - QUERY字段：基础语义模糊匹配通过
2026-02-27 15:46:51,024 - INFO - CaseID:31 - TAG字段：有交集（{'适合年龄'}），判定通过
2026-02-27 15:46:51,024 - INFO - CaseID:31 - 整体结果: PASS | 详情: 所有字段校验通过
2026-02-27 15:46:54,718 - INFO - CaseID:32 - QUERY字段：基础语义模糊匹配通过
2026-02-27 15:46:54,719 - INFO - CaseID:32 - 整体结果: PASS | 详情: 所有字段校验通过
2026-02-27 15:46:58,468 - INFO - CaseID:33 - QUERY字段：基础语义模糊匹配通过
2026-02-27 15:46:58,469 - INFO - CaseID:33 - 整体结果: PASS | 详情: 所有字段校验通过
2026-02-27 15:47:02,132 - INFO - CaseID:34 - QUERY字段：基础语义模糊匹配通过
2026-02-27 15:47:02,132 - INFO - CaseID:34 - 整体结果: PASS | 详情: 所有字段校验通过
2026-02-27 15:47:06,141 - INFO - CaseID:35 - QUERY字段：基础语义模糊匹配通过
2026-02-27 15:47:06,141 - INFO - CaseID:35 - 整体结果: PASS | 详情: 所有字段校验通过
2026-02-27 15:47:10,002 - INFO - CaseID:36 - QUERY字段：基础语义模糊匹配通过
2026-02-27 15:47:10,002 - INFO - CaseID:36 - 整体结果: FAILED | 详情: APINAME不匹配：预期[visual_search]，实际[QASearch]; CATEGORY不匹配：一方为空 - 预期[]，实际[影视]; TAG不匹配：一方为空 - 预期[]，实际[粉红色&卡通猪玩偶&动画片&角色]
2026-02-27 15:47:10,003 - INFO - CaseID:37 - CATEGORY字段：交集匹配（{'人物'}），判定通过
2026-02-27 15:47:13,971 - INFO - CaseID:37 - QUERY字段：基础语义模糊匹配通过
2026-02-27 15:47:13,972 - INFO - CaseID:37 - TAG字段：有交集（{'配音演员', 'skye'}），判定通过
2026-02-27 15:47:13,972 - INFO - CaseID:37 - 整体结果: PASS | 详情: 所有字段校验通过
2026-02-27 15:47:13,972 - INFO - CaseID:38 - CATEGORY字段：标准答案含「其他问答」，模型输出任意值通过
2026-02-27 15:47:17,863 - INFO - CaseID:38 - QUERY字段：基础语义模糊匹配通过
2026-02-27 15:47:17,863 - INFO - CaseID:38 - TAG字段：有交集（{'小狗毛绒玩具', '穿着粉色衣服', '别名'}），判定通过
2026-02-27 15:47:17,863 - INFO - CaseID:38 - 整体结果: PASS | 详情: 所有字段校验通过
2026-02-27 15:47:17,863 - INFO - CaseID:39 - CATEGORY字段：交集匹配（{'人物'}），判定通过
2026-02-27 15:47:21,526 - INFO - CaseID:39 - QUERY字段：基础语义模糊匹配通过
2026-02-27 15:47:21,527 - INFO - CaseID:39 - TAG字段：有交集（{'职业', 'rubble'}），判定通过
2026-02-27 15:47:21,527 - INFO - CaseID:39 - 整体结果: PASS | 详情: 所有字段校验通过
2026-02-27 15:47:25,262 - INFO - CaseID:40 - QUERY字段：基础语义模糊匹配通过
2026-02-27 15:47:25,263 - INFO - CaseID:40 - 整体结果: PASS | 详情: 所有字段校验通过
2026-02-27 15:47:25,263 - INFO - CaseID:41 - CATEGORY字段：模型输出含「其他问答」，该字段通过
2026-02-27 15:47:28,934 - INFO - CaseID:41 - QUERY字段：基础语义模糊匹配通过
2026-02-27 15:47:28,935 - INFO - CaseID:41 - 整体结果: FAILED | 详情: APINAME不匹配：预期[visual_search]，实际[QASearch]; TAG不匹配：一方为空 - 预期[]，实际[小砾公仔&颜色]
2026-02-27 15:47:32,550 - INFO - CaseID:42 - QUERY字段：基础语义模糊匹配通过
2026-02-27 15:47:32,550 - INFO - CaseID:42 - 整体结果: FAILED | 详情: APINAME不匹配：预期[visual_search]，实际[AUTOSearch]; CATEGORY不匹配：一方为空 - 预期[]，实际[汽车]; TAG不匹配：一方为空 - 预期[]，实际[玩具小狗&材质]
2026-02-27 15:47:36,910 - INFO - CaseID:43 - QUERY字段：基础语义模糊匹配通过
2026-02-27 15:47:36,911 - INFO - CaseID:43 - 整体结果: FAILED | 详情: APINAME不匹配：预期[visual_search]，实际[QASearch]; CATEGORY不匹配：一方为空 - 预期[]，实际[生物]; TAG不匹配：一方为空 - 预期[]，实际[穿着消防员制服&小狗&名字]
2026-02-27 15:47:36,912 - INFO - CaseID:44 - CATEGORY字段：交集匹配（{'影视'}），判定通过
2026-02-27 15:47:40,449 - INFO - CaseID:44 - TAG字段：有交集（{'汪汪队立大功', '时效性'}），判定通过
2026-02-27 15:47:40,449 - INFO - CaseID:44 - 整体结果: FAILED | 详情: QUERY不匹配：基础语义模糊匹配失败 - 预期[汪汪队立大功目前出到第几季了]，实际[汪汪队立大功的集数]
2026-02-27 15:47:40,449 - INFO - CaseID:45 - CATEGORY字段：标准答案含「其他问答」，模型输出任意值通过
2026-02-27 15:47:44,283 - INFO - CaseID:45 - TAG字段：有交集（{'汪汪队立大功', '购买渠道'}），判定通过
2026-02-27 15:47:44,284 - INFO - CaseID:45 - 整体结果: FAILED | 详情: QUERY不匹配：基础语义模糊匹配失败 - 预期[汪汪队立大功的购买渠道有哪些]，实际[汪汪队立大功的毛绒玩具的购买渠道]
2026-02-27 15:47:48,463 - INFO - CaseID:46 - QUERY字段：基础语义模糊匹配通过
2026-02-27 15:47:48,463 - INFO - CaseID:46 - 整体结果: PASS | 详情: 所有字段校验通过
2026-02-27 15:47:52,273 - INFO - CaseID:47 - QUERY字段：基础语义模糊匹配通过
2026-02-27 15:47:52,273 - INFO - CaseID:47 - TAG字段：有交集（{'车辆编号', 'rocky'}），判定通过
2026-02-27 15:47:52,273 - INFO - CaseID:47 - 整体结果: FAILED | 详情: CATEGORY不匹配：无交集 - 预期[人物]，实际[公司]
2026-02-27 15:47:52,274 - INFO - CaseID:48 - CATEGORY字段：标准答案含「其他问答」，模型输出任意值通过
2026-02-27 15:47:55,964 - INFO - CaseID:48 - QUERY字段：基础语义模糊匹配通过
2026-02-27 15:47:55,964 - INFO - CaseID:48 - TAG字段：有交集（{'汪汪队立大功', '受众年龄'}），判定通过
2026-02-27 15:47:55,964 - INFO - CaseID:48 - 整体结果: PASS | 详情: 所有字段校验通过
2026-02-27 15:47:55,965 - INFO - CaseID:49 - CATEGORY字段：标准答案含「其他问答」，模型输出任意值通过
2026-02-27 15:47:59,634 - INFO - CaseID:49 - QUERY字段：基础语义模糊匹配通过
2026-02-27 15:47:59,635 - INFO - CaseID:49 - TAG字段：有交集（{'灰灰公仔', '购买地点'}），判定通过
2026-02-27 15:47:59,635 - INFO - CaseID:49 - 整体结果: PASS | 详情: 所有字段校验通过
2026-02-27 15:48:03,705 - INFO - CaseID:50 - QUERY字段：基础语义模糊匹配通过
2026-02-27 15:48:03,706 - INFO - CaseID:50 - 整体结果: PASS | 详情: 所有字段校验通过
2026-02-27 15:48:03,706 - INFO - CaseID:51 - CATEGORY字段：标准答案含「其他问答」，模型输出任意值通过
2026-02-27 15:48:07,531 - INFO - CaseID:51 - QUERY字段：基础语义模糊匹配通过
2026-02-27 15:48:07,532 - INFO - CaseID:51 - TAG字段：有交集（{'功能', '入耳式耳机'}），判定通过
2026-02-27 15:48:07,532 - INFO - CaseID:51 - 整体结果: FAILED | 详情: APINAME不匹配：预期[QASearch]，实际[AUTOSearch]
2026-02-27 15:48:07,533 - INFO - CaseID:52 - CATEGORY字段：标准答案含「其他问答」，模型输出任意值通过
2026-02-27 15:48:12,340 - INFO - CaseID:52 - QUERY字段：基础语义模糊匹配通过
2026-02-27 15:48:12,340 - INFO - CaseID:52 - TAG字段：有交集（{'入耳式耳机', '长时间佩戴', '舒服'}），判定通过
2026-02-27 15:48:12,340 - INFO - CaseID:52 - 整体结果: PASS | 详情: 所有字段校验通过
2026-02-27 15:48:16,121 - INFO - CaseID:53 - QUERY字段：基础语义模糊匹配通过
2026-02-27 15:48:16,121 - INFO - CaseID:53 - 整体结果: PASS | 详情: 所有字段校验通过
2026-02-27 15:48:16,122 - INFO - CaseID:54 - APINAME字段：QASearch↔worthbuy，判定通过
2026-02-27 15:48:16,122 - INFO - CaseID:54 - CATEGORY字段：标准答案含「其他问答」，模型输出任意值通过
2026-02-27 15:48:19,889 - INFO - CaseID:54 - QUERY字段：基础语义模糊匹配通过
2026-02-27 15:48:19,889 - INFO - CaseID:54 - TAG字段：有交集（{'无线耳机', '好处'}），判定通过
2026-02-27 15:48:19,889 - INFO - CaseID:54 - 整体结果: PASS | 详情: 所有字段校验通过
2026-02-27 15:48:23,970 - INFO - CaseID:55 - QUERY字段：基础语义模糊匹配通过
2026-02-27 15:48:23,971 - INFO - CaseID:55 - 整体结果: PASS | 详情: 所有字段校验通过
2026-02-27 15:48:27,603 - INFO - CaseID:56 - QUERY字段：基础语义模糊匹配通过
2026-02-27 15:48:27,603 - INFO - CaseID:56 - 整体结果: PASS | 详情: 所有字段校验通过
2026-02-27 15:48:27,604 - INFO - CaseID:57 - CATEGORY字段：标准答案含「其他问答」，模型输出任意值通过
2026-02-27 15:48:31,544 - INFO - CaseID:57 - TAG字段：有交集（{'遥控器'}），判定通过
2026-02-27 15:48:31,545 - INFO - CaseID:57 - 整体结果: FAILED | 详情: APINAME不匹配：预期[QASearch]，实际[AUTOSearch]; QUERY不匹配：基础语义模糊匹配失败 - 预期[遥控器的用途是什么]，实际[遥控器的简介]
2026-02-27 15:48:31,545 - INFO - CaseID:58 - CATEGORY字段：标准答案含「其他问答」，模型输出任意值通过
2026-02-27 15:48:35,459 - INFO - CaseID:58 - QUERY字段：基础语义模糊匹配通过
2026-02-27 15:48:35,459 - INFO - CaseID:58 - 整体结果: FAILED | 详情: APINAME不匹配：预期[QASearch]，实际[visual_search]; TAG不匹配：一方为空 - 预期[遥控器&控制&机器]，实际[]
2026-02-27 15:48:40,569 - INFO - CaseID:59 - QUERY字段：基础语义模糊匹配通过
2026-02-27 15:48:40,570 - INFO - CaseID:59 - 整体结果: PASS | 详情: 所有字段校验通过
2026-02-27 15:48:40,570 - INFO - CaseID:60 - CATEGORY字段：标准答案含「其他问答」，模型输出任意值通过
2026-02-27 15:48:44,295 - INFO - CaseID:60 - QUERY字段：基础语义模糊匹配通过
2026-02-27 15:48:44,296 - INFO - CaseID:60 - TAG字段：有交集（{'空调遥控器', '组成'}），判定通过
2026-02-27 15:48:44,296 - INFO - CaseID:60 - 整体结果: FAILED | 详情: APINAME不匹配：预期[QASearch]，实际[AUTOSearch]
2026-02-27 15:48:48,315 - INFO - CaseID:61 - QUERY字段：基础语义模糊匹配通过
2026-02-27 15:48:48,316 - INFO - CaseID:61 - 整体结果: PASS | 详情: 所有字段校验通过
2026-02-27 15:48:53,300 - INFO - CaseID:62 - QUERY字段：基础语义模糊匹配通过
2026-02-27 15:48:53,301 - INFO - CaseID:62 - 整体结果: PASS | 详情: 所有字段校验通过
2026-02-27 15:48:53,301 - INFO - CaseID:63 - CATEGORY字段：标准答案含「其他问答」，模型输出任意值通过
2026-02-27 15:48:57,051 - INFO - CaseID:63 - QUERY字段：基础语义模糊匹配通过
2026-02-27 15:48:57,052 - INFO - CaseID:63 - TAG字段：有交集（{'麦克风', '工作原理'}），判定通过
2026-02-27 15:48:57,052 - INFO - CaseID:63 - 整体结果: FAILED | 详情: APINAME不匹配：预期[QASearch]，实际[AUTOSearch]
2026-02-27 15:48:57,053 - INFO - CaseID:64 - CATEGORY字段：标准答案含「其他问答」，模型输出任意值通过
2026-02-27 15:49:01,719 - INFO - CaseID:64 - QUERY字段：基础语义模糊匹配通过
2026-02-27 15:49:01,720 - INFO - CaseID:64 - TAG字段：有交集（{'麦克风', '售价'}），判定通过
2026-02-27 15:49:01,720 - INFO - CaseID:64 - 整体结果: FAILED | 详情: APINAME不匹配：预期[QASearch]，实际[AUTOSearch]
2026-02-27 15:49:01,720 - INFO - CaseID:65 - CATEGORY字段：标准答案含「其他问答」，模型输出任意值通过
2026-02-27 15:49:05,647 - INFO - CaseID:65 - QUERY字段：基础语义模糊匹配通过
2026-02-27 15:49:05,647 - INFO - CaseID:65 - TAG字段：有交集（{'频率', '女生', '使用发夹'}），判定通过
2026-02-27 15:49:05,648 - INFO - CaseID:65 - 整体结果: PASS | 详情: 所有字段校验通过
2026-02-27 15:49:10,148 - INFO - CaseID:66 - QUERY字段：基础语义模糊匹配通过
2026-02-27 15:49:10,148 - INFO - CaseID:66 - 整体结果: PASS | 详情: 所有字段校验通过
2026-02-27 15:49:15,217 - INFO - CaseID:67 - QUERY字段：基础语义模糊匹配通过
2026-02-27 15:49:15,218 - INFO - CaseID:67 - 整体结果: PASS | 详情: 所有字段校验通过
2026-02-27 15:49:15,218 - INFO - CaseID:68 - CATEGORY字段：标准答案含「其他问答」，模型输出任意值通过
2026-02-27 15:49:18,972 - INFO - CaseID:68 - QUERY字段：基础语义模糊匹配通过
2026-02-27 15:49:18,972 - INFO - CaseID:68 - TAG字段：有交集（{'墨镜', '遮光效果'}），判定通过
2026-02-27 15:49:18,972 - INFO - CaseID:68 - 整体结果: PASS | 详情: 所有字段校验通过
2026-02-27 15:49:18,972 - INFO - CaseID:69 - APINAME字段：QASearch↔worthbuy，判定通过
2026-02-27 15:49:18,972 - INFO - CaseID:69 - CATEGORY字段：标准答案含「其他问答」，模型输出任意值通过
2026-02-27 15:49:22,750 - INFO - CaseID:69 - TAG字段：有交集（{'分类', '拉链袋'}），判定通过
2026-02-27 15:49:22,751 - INFO - CaseID:69 - 整体结果: FAILED | 详情: QUERY不匹配：基础语义模糊匹配失败 - 预期[拉链袋的分类有哪些]，实际[牛仔布料制成的拉链袋的分类有哪些]
2026-02-27 15:49:26,478 - INFO - CaseID:70 - QUERY字段：基础语义模糊匹配通过
2026-02-27 15:49:26,479 - INFO - CaseID:70 - 整体结果: PASS | 详情: 所有字段校验通过
2026-02-27 15:49:26,479 - INFO - CaseID:71 - APINAME字段：QASearch↔worthbuy，判定通过
2026-02-27 15:49:26,480 - INFO - CaseID:71 - CATEGORY字段：标准答案含「其他问答」，模型输出任意值通过
2026-02-27 15:49:30,382 - INFO - CaseID:71 - QUERY字段：基础语义模糊匹配通过
2026-02-27 15:49:30,382 - INFO - CaseID:71 - TAG字段：有交集（{'品牌', '混合坚果'}），判定通过
2026-02-27 15:49:30,383 - INFO - CaseID:71 - 整体结果: PASS | 详情: 所有字段校验通过
2026-02-27 15:49:30,383 - INFO - CaseID:72 - CATEGORY字段：交集匹配（{'生物'}），判定通过
2026-02-27 15:49:34,368 - INFO - CaseID:72 - QUERY字段：基础语义模糊匹配通过
2026-02-27 15:49:34,369 - INFO - CaseID:72 - TAG字段：有交集（{'腰果', '生长环境'}），判定通过
2026-02-27 15:49:34,369 - INFO - CaseID:72 - 整体结果: PASS | 详情: 所有字段校验通过
2026-02-27 15:49:34,370 - INFO - CaseID:73 - CATEGORY字段：交集匹配（{'健康'}），判定通过
2026-02-27 15:49:38,564 - INFO - CaseID:73 - QUERY字段：基础语义模糊匹配通过
2026-02-27 15:49:38,564 - INFO - CaseID:73 - TAG字段：有交集（{'腰果', '营养价值'}），判定通过
2026-02-27 15:49:38,564 - INFO - CaseID:73 - 整体结果: PASS | 详情: 所有字段校验通过
2026-02-27 15:49:38,565 - INFO - CaseID:74 - CATEGORY字段：标准答案含「其他问答」，模型输出任意值通过
2026-02-27 15:49:42,283 - INFO - CaseID:74 - QUERY字段：基础语义模糊匹配通过
2026-02-27 15:49:42,283 - INFO - CaseID:74 - TAG字段：有交集（{'琦王花生', '口感'}），判定通过
2026-02-27 15:49:42,283 - INFO - CaseID:74 - 整体结果: PASS | 详情: 所有字段校验通过
2026-02-27 15:49:45,964 - INFO - CaseID:75 - QUERY字段：基础语义模糊匹配通过
2026-02-27 15:49:45,964 - INFO - CaseID:75 - 整体结果: PASS | 详情: 所有字段校验通过
2026-02-27 15:49:45,965 - INFO - CaseID:76 - APINAME字段：QASearch↔worthbuy，判定通过
2026-02-27 15:49:45,965 - INFO - CaseID:76 - CATEGORY字段：标准答案含「其他问答」，模型输出任意值通过
2026-02-27 15:49:50,187 - INFO - CaseID:76 - QUERY字段：基础语义模糊匹配通过
2026-02-27 15:49:50,187 - INFO - CaseID:76 - TAG字段：有交集（{'星巴克'}），判定通过
2026-02-27 15:49:50,187 - INFO - CaseID:76 - 整体结果: PASS | 详情: 所有字段校验通过
2026-02-27 15:49:53,902 - INFO - CaseID:77 - QUERY字段：基础语义模糊匹配通过
2026-02-27 15:49:53,903 - INFO - CaseID:77 - 整体结果: PASS | 详情: 所有字段校验通过
2026-02-27 15:49:57,800 - INFO - CaseID:78 - QUERY字段：基础语义模糊匹配通过
2026-02-27 15:49:57,800 - INFO - CaseID:78 - 整体结果: PASS | 详情: 所有字段校验通过
2026-02-27 15:50:01,702 - INFO - CaseID:79 - QUERY字段：基础语义模糊匹配通过
2026-02-27 15:50:01,703 - INFO - CaseID:79 - 整体结果: PASS | 详情: 所有字段校验通过
2026-02-27 15:50:05,621 - INFO - CaseID:80 - QUERY字段：基础语义模糊匹配通过
2026-02-27 15:50:05,621 - INFO - CaseID:80 - 整体结果: FAILED | 详情: APINAME不匹配：预期[visual_search]，实际[worthbuy]; CATEGORY不匹配：一方为空 - 预期[]，实际[商品查询-确定商品]; TAG不匹配：一方为空 - 预期[]，实际[竹香乌龙茶&售价]
2026-02-27 15:50:05,622 - INFO - CaseID:81 - CATEGORY字段：交集匹配（{'健康'}），判定通过
2026-02-27 15:50:09,330 - INFO - CaseID:81 - QUERY字段：基础语义模糊匹配通过
2026-02-27 15:50:09,330 - INFO - CaseID:81 - TAG字段：有交集（{'原料', '竹叶青'}），判定通过
2026-02-27 15:50:09,330 - INFO - CaseID:81 - 整体结果: PASS | 详情: 所有字段校验通过
2026-02-27 15:50:09,331 - INFO - CaseID:82 - CATEGORY字段：模型输出含「其他问答」，该字段通过
2026-02-27 15:50:13,289 - INFO - CaseID:82 - QUERY字段：基础语义模糊匹配通过
2026-02-27 15:50:13,290 - INFO - CaseID:82 - 整体结果: FAILED | 详情: APINAME不匹配：预期[visual_search]，实际[QASearch]; TAG不匹配：一方为空 - 预期[]，实际[牛奶饮品&容量]
2026-02-27 15:50:17,241 - INFO - CaseID:83 - QUERY字段：基础语义模糊匹配通过
2026-02-27 15:50:17,242 - INFO - CaseID:83 - 整体结果: PASS | 详情: 所有字段校验通过
2026-02-27 15:50:17,242 - INFO - CaseID:84 - CATEGORY字段：标准答案含「其他问答」，模型输出任意值通过
2026-02-27 15:50:21,322 - INFO - CaseID:84 - QUERY字段：基础语义模糊匹配通过
2026-02-27 15:50:21,322 - INFO - CaseID:84 - TAG字段：有交集（{'绿茶饮品', '营养价值'}），判定通过
2026-02-27 15:50:21,322 - INFO - CaseID:84 - 整体结果: PASS | 详情: 所有字段校验通过
2026-02-27 15:50:25,457 - INFO - CaseID:85 - QUERY字段：基础语义模糊匹配通过
2026-02-27 15:50:25,458 - INFO - CaseID:85 - 整体结果: FAILED | 详情: APINAME不匹配：预期[visual_search]，实际[skill_search]
2026-02-27 15:50:25,459 - INFO - CaseID:86 - CATEGORY字段：交集匹配（{'生物'}），判定通过
2026-02-27 15:50:29,556 - INFO - CaseID:86 - QUERY字段：基础语义模糊匹配通过
2026-02-27 15:50:29,556 - INFO - CaseID:86 - TAG字段：有交集（{'布偶猫', '生活习性'}），判定通过
2026-02-27 15:50:29,556 - INFO - CaseID:86 - 整体结果: PASS | 详情: 所有字段校验通过
2026-02-27 15:50:29,557 - INFO - CaseID:87 - CATEGORY字段：交集匹配（{'生物'}），判定通过
2026-02-27 15:50:33,868 - INFO - CaseID:87 - QUERY字段：基础语义模糊匹配通过
2026-02-27 15:50:33,868 - INFO - CaseID:87 - TAG字段：有交集（{'喜马拉雅猫', '生活习性'}），判定通过
2026-02-27 15:50:33,869 - INFO - CaseID:87 - 整体结果: PASS | 详情: 所有字段校验通过
2026-02-27 15:50:33,869 - INFO - CaseID:88 - CATEGORY字段：标准答案含「其他问答」，模型输出任意值通过
2026-02-27 15:50:37,712 - INFO - CaseID:88 - QUERY字段：基础语义模糊匹配通过
2026-02-27 15:50:37,712 - INFO - CaseID:88 - TAG字段：有交集（{'布偶猫'}），判定通过
2026-02-27 15:50:37,712 - INFO - CaseID:88 - 整体结果: PASS | 详情: 所有字段校验通过
2026-02-27 15:50:37,713 - INFO - CaseID:89 - CATEGORY字段：标准答案含「其他问答」，模型输出任意值通过
2026-02-27 15:50:41,408 - INFO - CaseID:89 - QUERY字段：基础语义模糊匹配通过
2026-02-27 15:50:41,409 - INFO - CaseID:89 - TAG字段：有交集（{'布偶猫', '价格'}），判定通过
2026-02-27 15:50:41,409 - INFO - CaseID:89 - 整体结果: PASS | 详情: 所有字段校验通过
2026-02-27 15:50:41,409 - INFO - CaseID:90 - CATEGORY字段：交集匹配（{'生物'}），判定通过
2026-02-27 15:50:45,533 - INFO - CaseID:90 - QUERY字段：基础语义模糊匹配通过
2026-02-27 15:50:45,534 - INFO - CaseID:90 - TAG字段：有交集（{'土耳其安哥拉猫'}），判定通过
2026-02-27 15:50:45,534 - INFO - CaseID:90 - 整体结果: PASS | 详情: 所有字段校验通过
2026-02-27 15:50:45,534 - INFO - CaseID:91 - CATEGORY字段：交集匹配（{'生物'}），判定通过
2026-02-27 15:50:49,128 - INFO - CaseID:91 - TAG字段：有交集（{'波斯猫'}），判定通过
2026-02-27 15:50:49,128 - INFO - CaseID:91 - 整体结果: FAILED | 详情: QUERY不匹配：基础语义模糊匹配失败 - 预期[波斯猫是一种什么动物]，实际[波斯猫的简介]
2026-02-27 15:50:49,129 - INFO - CaseID:92 - CATEGORY字段：标准答案含「其他问答」，模型输出任意值通过
2026-02-27 15:50:53,109 - INFO - CaseID:92 - QUERY字段：基础语义模糊匹配通过
2026-02-27 15:50:53,110 - INFO - CaseID:92 - TAG字段：有交集（{'眼睛', '颜色', '波斯猫'}），判定通过
2026-02-27 15:50:53,110 - INFO - CaseID:92 - 整体结果: PASS | 详情: 所有字段校验通过
2026-02-27 15:50:57,503 - INFO - CaseID:93 - QUERY字段：基础语义模糊匹配通过
2026-02-27 15:50:57,503 - INFO - CaseID:93 - 整体结果: PASS | 详情: 所有字段校验通过
2026-02-27 15:50:57,504 - INFO - CaseID:94 - CATEGORY字段：标准答案含「其他问答」，模型输出任意值通过
2026-02-27 15:51:02,529 - INFO - CaseID:94 - QUERY字段：基础语义模糊匹配通过
2026-02-27 15:51:02,530 - INFO - CaseID:94 - TAG字段：有交集（{'波斯猫'}），判定通过
2026-02-27 15:51:02,530 - INFO - CaseID:94 - 整体结果: PASS | 详情: 所有字段校验通过
2026-02-27 15:51:02,530 - INFO - CaseID:95 - CATEGORY字段：标准答案含「其他问答」，模型输出任意值通过
2026-02-27 15:51:06,421 - INFO - CaseID:95 - QUERY字段：基础语义模糊匹配通过
2026-02-27 15:51:06,422 - INFO - CaseID:95 - TAG字段：有交集（{'培育'}），判定通过
2026-02-27 15:51:06,422 - INFO - CaseID:95 - 整体结果: PASS | 详情: 所有字段校验通过
2026-02-27 15:51:06,423 - INFO - CaseID:96 - CATEGORY字段：交集匹配（{'生物'}），判定通过
2026-02-27 15:51:10,256 - INFO - CaseID:96 - TAG字段：有交集（{'科属'}），判定通过
2026-02-27 15:51:10,256 - INFO - CaseID:96 - 整体结果: FAILED | 详情: QUERY不匹配：基础语义模糊匹配失败 - 预期[黄色月季花的科属]，实际[月季花的科属]
2026-02-27 15:51:10,257 - INFO - CaseID:97 - CATEGORY字段：交集匹配（{'生物'}），判定通过
2026-02-27 15:51:14,513 - INFO - CaseID:97 - QUERY字段：基础语义模糊匹配通过
2026-02-27 15:51:14,514 - INFO - CaseID:97 - TAG字段：有交集（{'玫瑰花', '花语'}），判定通过
2026-02-27 15:51:14,514 - INFO - CaseID:97 - 整体结果: PASS | 详情: 所有字段校验通过
2026-02-27 15:51:18,146 - INFO - CaseID:98 - QUERY字段：基础语义模糊匹配通过
2026-02-27 15:51:18,147 - INFO - CaseID:98 - TAG字段：有交集（{'葡萄藤', '有毒'}），判定通过
2026-02-27 15:51:18,147 - INFO - CaseID:98 - 整体结果: FAILED | 详情: CATEGORY不匹配：无交集 - 预期[生物]，实际[健康]
2026-02-27 15:51:18,148 - INFO - CaseID:99 - CATEGORY字段：交集匹配（{'生物'}），判定通过
2026-02-27 15:51:22,192 - INFO - CaseID:99 - QUERY字段：基础语义模糊匹配通过
2026-02-27 15:51:22,192 - INFO - CaseID:99 - TAG字段：有交集（{'气候条件', '适宜生长', '木芙蓉'}），判定通过
2026-02-27 15:51:22,193 - INFO - CaseID:99 - 整体结果: PASS | 详情: 所有字段校验通过
2026-02-27 15:51:22,193 - INFO - CaseID:100 - CATEGORY字段：交集匹配（{'生物'}），判定通过
2026-02-27 15:51:26,098 - INFO - CaseID:100 - QUERY字段：基础语义模糊匹配通过
2026-02-27 15:51:26,099 - INFO - CaseID:100 - TAG字段：有交集（{'木芙蓉'}），判定通过
2026-02-27 15:51:26,099 - INFO - CaseID:100 - 整体结果: PASS | 详情: 所有字段校验通过
2026-02-27 15:51:26,099 - INFO - CaseID:101 - CATEGORY字段：交集匹配（{'生物'}），判定通过
2026-02-27 15:51:31,232 - INFO - CaseID:101 - QUERY字段：基础语义模糊匹配通过
2026-02-27 15:51:31,232 - INFO - CaseID:101 - TAG字段：有交集（{'生长城市', '柚子树'}），判定通过
2026-02-27 15:51:31,233 - INFO - CaseID:101 - 整体结果: PASS | 详情: 所有字段校验通过
2026-02-27 15:51:31,233 - INFO - CaseID:102 - CATEGORY字段：交集匹配（{'健康'}），判定通过
2026-02-27 15:51:34,995 - INFO - CaseID:102 - QUERY字段：基础语义模糊匹配通过
2026-02-27 15:51:34,997 - INFO - CaseID:102 - TAG字段：有交集（{'柚子', '医学作用'}），判定通过
2026-02-27 15:51:34,997 - INFO - CaseID:102 - 整体结果: PASS | 详情: 所有字段校验通过
2026-02-27 15:51:34,997 - INFO - CaseID:103 - CATEGORY字段：标准答案含「其他问答」，模型输出任意值通过
2026-02-27 15:51:38,755 - INFO - CaseID:103 - QUERY字段：基础语义模糊匹配通过
2026-02-27 15:51:38,755 - INFO - CaseID:103 - TAG字段：有交集（{'百合科', '花卉'}），判定通过
2026-02-27 15:51:38,755 - INFO - CaseID:103 - 整体结果: PASS | 详情: 所有字段校验通过
2026-02-27 15:51:38,756 - INFO - CaseID:104 - CATEGORY字段：交集匹配（{'生物'}），判定通过
2026-02-27 15:51:42,703 - INFO - CaseID:104 - QUERY字段：基础语义模糊匹配通过
2026-02-27 15:51:42,703 - INFO - CaseID:104 - TAG字段：有交集（{'郁金香', '开花', '颜色'}），判定通过
2026-02-27 15:51:42,703 - INFO - CaseID:104 - 整体结果: PASS | 详情: 所有字段校验通过
2026-02-27 15:51:42,704 - INFO - CaseID:105 - CATEGORY字段：交集匹配（{'生物'}），判定通过
2026-02-27 15:51:46,319 - INFO - CaseID:105 - QUERY字段：基础语义模糊匹配通过
2026-02-27 15:51:46,320 - INFO - CaseID:105 - TAG字段：有交集（{'别名', '水仙百合'}），判定通过
2026-02-27 15:51:46,320 - INFO - CaseID:105 - 整体结果: PASS | 详情: 所有字段校验通过
2026-02-27 15:51:46,320 - INFO - CaseID:106 - CATEGORY字段：交集匹配（{'生物'}），判定通过
2026-02-27 15:51:50,457 - INFO - CaseID:106 - QUERY字段：基础语义模糊匹配通过
2026-02-27 15:51:50,462 - INFO - CaseID:106 - TAG字段：有交集（{'通常', '落羽杉', '高度'}），判定通过
2026-02-27 15:51:50,462 - INFO - CaseID:106 - 整体结果: PASS | 详情: 所有字段校验通过
2026-02-27 15:51:50,463 - INFO - CaseID:107 - CATEGORY字段：交集匹配（{'生物'}），判定通过
2026-02-27 15:51:54,371 - INFO - CaseID:107 - QUERY字段：基础语义模糊匹配通过
2026-02-27 15:51:54,372 - INFO - CaseID:107 - TAG字段：有交集（{'水杉'}），判定通过
2026-02-27 15:51:54,372 - INFO - CaseID:107 - 整体结果: PASS | 详情: 所有字段校验通过
2026-02-27 15:51:54,373 - INFO - CaseID:108 - CATEGORY字段：交集匹配（{'生物'}），判定通过
2026-02-27 15:51:59,671 - INFO - CaseID:108 - QUERY字段：基础语义模糊匹配通过
2026-02-27 15:51:59,672 - INFO - CaseID:108 - TAG字段：有交集（{'水杉', '分布地区', '特点'}），判定通过
2026-02-27 15:51:59,672 - INFO - CaseID:108 - 整体结果: PASS | 详情: 所有字段校验通过
2026-02-27 15:51:59,672 - INFO - CaseID:109 - CATEGORY字段：交集匹配（{'生物'}），判定通过
2026-02-27 15:52:03,441 - INFO - CaseID:109 - QUERY字段：基础语义模糊匹配通过
2026-02-27 15:52:03,442 - INFO - CaseID:109 - TAG字段：有交集（{'雏菊', '颜色'}），判定通过
2026-02-27 15:52:03,442 - INFO - CaseID:109 - 整体结果: PASS | 详情: 所有字段校验通过
2026-02-27 15:52:07,722 - INFO - CaseID:110 - QUERY字段：基础语义模糊匹配通过
2026-02-27 15:52:07,723 - INFO - CaseID:110 - TAG字段：有交集（{'洋甘菊', '功效'}），判定通过
2026-02-27 15:52:07,723 - INFO - CaseID:110 - 整体结果: FAILED | 详情: CATEGORY不匹配：无交集 - 预期[生物]，实际[健康]
2026-02-27 15:52:07,723 - INFO - CaseID:111 - CATEGORY字段：交集匹配（{'生物'}），判定通过
2026-02-27 15:52:11,369 - INFO - CaseID:111 - QUERY字段：基础语义模糊匹配通过
2026-02-27 15:52:11,370 - INFO - CaseID:111 - TAG字段：有交集（{'海棠树', '果实', '中药药材'}），判定通过
2026-02-27 15:52:11,370 - INFO - CaseID:111 - 整体结果: PASS | 详情: 所有字段校验通过
2026-02-27 15:52:11,371 - INFO - CaseID:112 - CATEGORY字段：交集匹配（{'生物'}），判定通过
2026-02-27 15:52:14,981 - INFO - CaseID:112 - QUERY字段：基础语义模糊匹配通过
2026-02-27 15:52:14,982 - INFO - CaseID:112 - TAG字段：有交集（{'海棠树', '适宜生长', '土壤类型'}），判定通过
2026-02-27 15:52:14,982 - INFO - CaseID:112 - 整体结果: PASS | 详情: 所有字段校验通过
2026-02-27 15:52:14,982 - INFO - CaseID:113 - CATEGORY字段：交集匹配（{'生物'}），判定通过
2026-02-27 15:52:18,964 - INFO - CaseID:113 - QUERY字段：基础语义模糊匹配通过
2026-02-27 15:52:18,964 - INFO - CaseID:113 - TAG字段：有交集（{'海棠树', '拉丁学名'}），判定通过
2026-02-27 15:52:18,964 - INFO - CaseID:113 - 整体结果: PASS | 详情: 所有字段校验通过
2026-02-27 15:52:18,964 - INFO - CaseID:114 - 整体结果: FAILED | 详情: 模型输出核心字段全为空，判定不通过
2026-02-27 15:52:18,964 - INFO - CaseID:115 - CATEGORY字段：交集匹配（{'生物'}），判定通过
2026-02-27 15:52:22,936 - INFO - CaseID:115 - QUERY字段：基础语义模糊匹配通过
2026-02-27 15:52:22,936 - INFO - CaseID:115 - TAG字段：有交集（{'植物保护等级', '玉兰树'}），判定通过
2026-02-27 15:52:22,936 - INFO - CaseID:115 - 整体结果: PASS | 详情: 所有字段校验通过
2026-02-27 15:52:22,937 - INFO - CaseID:116 - CATEGORY字段：交集匹配（{'生物'}），判定通过
2026-02-27 15:52:26,762 - INFO - CaseID:116 - QUERY字段：基础语义模糊匹配通过
2026-02-27 15:52:26,763 - INFO - CaseID:116 - TAG字段：有交集（{'玉兰树'}），判定通过
2026-02-27 15:52:26,763 - INFO - CaseID:116 - 整体结果: PASS | 详情: 所有字段校验通过
2026-02-27 15:52:26,764 - INFO - CaseID:117 - CATEGORY字段：交集匹配（{'生物'}），判定通过
2026-02-27 15:52:30,458 - INFO - CaseID:117 - QUERY字段：基础语义模糊匹配通过
2026-02-27 15:52:30,458 - INFO - CaseID:117 - TAG字段：有交集（{'龟背竹', '喜光植物'}），判定通过
2026-02-27 15:52:30,459 - INFO - CaseID:117 - 整体结果: PASS | 详情: 所有字段校验通过
2026-02-27 15:52:30,459 - INFO - CaseID:118 - CATEGORY字段：交集匹配（{'生物'}），判定通过
2026-02-27 15:52:34,435 - INFO - CaseID:118 - QUERY字段：基础语义模糊匹配通过
2026-02-27 15:52:34,437 - INFO - CaseID:118 - TAG字段：有交集（{'龟背竹', '科属'}），判定通过
2026-02-27 15:52:34,437 - INFO - CaseID:118 - 整体结果: PASS | 详情: 所有字段校验通过
2026-02-27 15:52:34,437 - INFO - CaseID:119 - CATEGORY字段：模型输出含「其他问答」，该字段通过
2026-02-27 15:52:38,102 - INFO - CaseID:119 - QUERY字段：基础语义模糊匹配通过
2026-02-27 15:52:38,103 - INFO - CaseID:119 - 整体结果: FAILED | 详情: APINAME不匹配：预期[visual_search]，实际[QASearch]; TAG不匹配：一方为空 - 预期[]，实际[黑色T恤&材质]
2026-02-27 15:52:41,780 - INFO - CaseID:120 - QUERY字段：基础语义模糊匹配通过
2026-02-27 15:52:41,781 - INFO - CaseID:120 - 整体结果: PASS | 详情: 所有字段校验通过
2026-02-27 15:52:46,265 - INFO - CaseID:121 - QUERY字段：基础语义模糊匹配通过
2026-02-27 15:52:46,265 - INFO - CaseID:121 - 整体结果: PASS | 详情: 所有字段校验通过
2026-02-27 15:52:46,265 - INFO - CaseID:122 - 整体结果: FAILED | 详情: 模型输出核心字段全为空，判定不通过
2026-02-27 15:52:50,258 - INFO - CaseID:123 - QUERY字段：基础语义模糊匹配通过
2026-02-27 15:52:50,259 - INFO - CaseID:123 - TAG字段：有交集（{'北方', '平均温度', '冬天'}），判定通过
2026-02-27 15:52:50,259 - INFO - CaseID:123 - 整体结果: FAILED | 详情: CATEGORY不匹配：无交集 - 预期[地理]，实际[地理通用]
2026-02-27 15:52:54,121 - INFO - CaseID:124 - QUERY字段：基础语义模糊匹配通过
2026-02-27 15:52:54,121 - INFO - CaseID:124 - 整体结果: PASS | 详情: 所有字段校验通过
2026-02-27 15:52:54,122 - INFO - CaseID:125 - CATEGORY字段：模型输出含「其他问答」，该字段通过
2026-02-27 15:52:57,823 - INFO - CaseID:125 - 整体结果: FAILED | 详情: APINAME不匹配：预期[visual_search]，实际[QASearch]; QUERY不匹配：基础语义模糊匹配失败 - 预期[这件夹克的款式怎么样]，实际[黑色防风防水夹克的款式]; TAG不匹配：一方为空 - 预期[]，实际[黑色&防风防水夹克&款式]
2026-02-27 15:53:01,530 - INFO - CaseID:126 - QUERY字段：基础语义模糊匹配通过
2026-02-27 15:53:01,531 - INFO - CaseID:126 - 整体结果: PASS | 详情: 所有字段校验通过
2026-02-27 15:53:01,532 - INFO - CaseID:127 - APINAME字段：QASearch↔worthbuy，判定通过
2026-02-27 15:53:01,532 - INFO - CaseID:127 - CATEGORY字段：标准答案含「其他问答」，模型输出任意值通过
2026-02-27 15:53:05,208 - INFO - CaseID:127 - QUERY字段：基础语义模糊匹配通过
2026-02-27 15:53:05,208 - INFO - CaseID:127 - TAG字段：有交集（{'类型推荐', '适合搭配', '牛仔裤'}），判定通过
2026-02-27 15:53:05,208 - INFO - CaseID:127 - 整体结果: PASS | 详情: 所有字段校验通过
2026-02-27 15:53:05,209 - INFO - CaseID:128 - CATEGORY字段：标准答案含「其他问答」，模型输出任意值通过
2026-02-27 15:53:08,824 - INFO - CaseID:128 - QUERY字段：基础语义模糊匹配通过
2026-02-27 15:53:08,825 - INFO - CaseID:128 - 整体结果: FAILED | 详情: TAG不匹配：无交集 - 预期[灰色休闲服&购买渠道]，实际[购买灰色休闲服&渠道]
2026-02-27 15:53:13,630 - INFO - CaseID:129 - QUERY字段：基础语义模糊匹配通过
2026-02-27 15:53:13,631 - INFO - CaseID:129 - 整体结果: PASS | 详情: 所有字段校验通过
2026-02-27 15:53:13,631 - INFO - CaseID:130 - 整体结果: FAILED | 详情: 模型输出核心字段全为空，判定不通过
2026-02-27 15:53:13,631 - INFO - CaseID:131 - 整体结果: FAILED | 详情: 模型输出核心字段全为空，判定不通过
2026-02-27 15:53:13,632 - INFO - CaseID:132 - CATEGORY字段：模型输出含「其他问答」，该字段通过
2026-02-27 15:53:17,281 - INFO - CaseID:132 - QUERY字段：基础语义模糊匹配通过
2026-02-27 15:53:17,282 - INFO - CaseID:132 - 整体结果: FAILED | 详情: APINAME不匹配：预期[visual_search]，实际[QASearch]; TAG不匹配：一方为空 - 预期[]，实际[拼色毛衣&编织方法]
2026-02-27 15:53:22,410 - INFO - CaseID:133 - QUERY字段：基础语义模糊匹配通过
2026-02-27 15:53:22,410 - INFO - CaseID:133 - 整体结果: PASS | 详情: 所有字段校验通过
2026-02-27 15:53:22,410 - INFO - CaseID:134 - CATEGORY字段：模型输出含「其他问答」，该字段通过
2026-02-27 15:53:26,172 - INFO - CaseID:134 - 整体结果: FAILED | 详情: APINAME不匹配：预期[visual_search]，实际[QASearch]; QUERY不匹配：基础语义模糊匹配失败 - 预期[这件灰色和深蓝色的搭配的衣服是国内的品牌吗]，实际[这件灰色和深蓝色条纹搭配的国内品牌衣服是什么]; TAG不匹配：一方为空 - 预期[]，实际[灰色&深蓝色条纹&国内品牌&衣服]
2026-02-27 15:53:26,173 - INFO - CaseID:135 - 整体结果: FAILED | 详情: 模型输出核心字段全为空，判定不通过
2026-02-27 15:53:30,680 - INFO - CaseID:136 - 整体结果: FAILED | 详情: APINAME不匹配：预期[visual_search]，实际[worthbuy]; CATEGORY不匹配：一方为空 - 预期[]，实际[商品查询-不确定商品]; QUERY不匹配：基础语义模糊匹配失败 - 预期[这件衣服的材质是什么]，实际[深色和浅色拼接设计的衣服的材质]; TAG不匹配：一方为空 - 预期[]，实际[深色&浅色&拼接设计&衣服&材质]
2026-02-27 15:53:34,520 - INFO - CaseID:137 - QUERY字段：基础语义模糊匹配通过
2026-02-27 15:53:34,520 - INFO - CaseID:137 - 整体结果: PASS | 详情: 所有字段校验通过
2026-02-27 15:53:38,179 - INFO - CaseID:138 - QUERY字段：基础语义模糊匹配通过
2026-02-27 15:53:38,179 - INFO - CaseID:138 - 整体结果: PASS | 详情: 所有字段校验通过
2026-02-27 15:53:38,180 - INFO - CaseID:139 - 整体结果: FAILED | 详情: 模型输出核心字段全为空，判定不通过
2026-02-27 15:53:38,181 - INFO - CaseID:140 - CATEGORY字段：标准答案含「其他问答」，模型输出任意值通过
2026-02-27 15:53:42,283 - INFO - CaseID:140 - 整体结果: FAILED | 详情: QUERY不匹配：基础语义模糊匹配失败 - 预期[羽绒服的价格]，实际[用户提到的厚实羽绒服的具体品牌或型号]; TAG不匹配：无交集 - 预期[羽绒服&价格]，实际[用户提到&厚实羽绒服&具体品牌或型号]
2026-02-27 15:53:42,283 - INFO - CaseID:141 - 整体结果: FAILED | 详情: 模型输出核心字段全为空，判定不通过
2026-02-27 15:53:46,479 - INFO - CaseID:142 - QUERY字段：基础语义模糊匹配通过
2026-02-27 15:53:46,480 - INFO - CaseID:142 - 整体结果: FAILED | 详情: APINAME不匹配：预期[visual_search]，实际[worthbuy]; CATEGORY不匹配：一方为空 - 预期[]，实际[商品查询-不确定商品]; TAG不匹配：一方为空 - 预期[]，实际[浅色羽绒服&款式&短款&长款]
2026-02-27 15:53:51,485 - INFO - CaseID:143 - QUERY字段：基础语义模糊匹配通过
2026-02-27 15:53:51,485 - INFO - CaseID:143 - 整体结果: PASS | 详情: 所有字段校验通过
2026-02-27 15:53:51,486 - INFO - CaseID:144 - CATEGORY字段：模型输出含「其他问答」，该字段通过
2026-02-27 15:53:55,144 - INFO - CaseID:144 - QUERY字段：基础语义模糊匹配通过
2026-02-27 15:53:55,145 - INFO - CaseID:144 - 整体结果: FAILED | 详情: APINAME不匹配：预期[visual_search]，实际[QASearch]; TAG不匹配：一方为空 - 预期[]，实际[条纹衬衫&材质]
2026-02-27 15:53:55,145 - INFO - CaseID:145 - 整体结果: FAILED | 详情: 模型输出核心字段全为空，判定不通过
2026-02-27 15:53:59,193 - INFO - CaseID:146 - QUERY字段：基础语义模糊匹配通过
2026-02-27 15:53:59,193 - INFO - CaseID:146 - 整体结果: PASS | 详情: 所有字段校验通过
2026-02-27 15:53:59,193 - INFO - CaseID:147 - CATEGORY字段：模型输出含「其他问答」，该字段通过
2026-02-27 15:54:03,391 - INFO - CaseID:147 - QUERY字段：基础语义模糊匹配通过
2026-02-27 15:54:03,392 - INFO - CaseID:147 - 整体结果: FAILED | 详情: APINAME不匹配：预期[visual_search]，实际[QASearch]; TAG不匹配：一方为空 - 预期[]，实际[蓝色条纹衬衫&适合&年龄范围]
2026-02-27 15:54:03,392 - INFO - CaseID:148 - CATEGORY字段：交集匹配（{'人物'}），判定通过
2026-02-27 15:54:07,035 - INFO - CaseID:148 - QUERY字段：基础语义模糊匹配通过
2026-02-27 15:54:07,035 - INFO - CaseID:148 - TAG字段：有交集（{'rocky'}），判定通过
2026-02-27 15:54:07,036 - INFO - CaseID:148 - 整体结果: PASS | 详情: 所有字段校验通过
2026-02-27 15:54:11,702 - INFO - CaseID:149 - QUERY字段：基础语义模糊匹配通过
2026-02-27 15:54:11,704 - INFO - CaseID:149 - TAG字段：有交集（{'动画', '小克'}），判定通过
2026-02-27 15:54:11,704 - INFO - CaseID:149 - 整体结果: FAILED | 详情: CATEGORY不匹配：无交集 - 预期[人物]，实际[影视]
2026-02-27 15:54:14,821 - INFO - 
=== 执行完成（总耗时：558.67秒）===
2026-02-27 15:54:14,822 - INFO - 总用例数：149 | 通过：101（67.79%） | 失败：48
