2026-02-26 15:10:11,001 - INFO - === 绘画大师规划对比工具（最终版）启动 ===
2026-02-26 15:10:11,166 - INFO - 成功加载飞书表格
2026-02-26 15:10:13,467 - INFO - CaseID:1 - 整体结果: PASS | 详情: 所有字段校验通过
2026-02-26 15:10:14,415 - INFO - CaseID:2 - 整体结果: PASS | 详情: 所有字段校验通过
2026-02-26 15:10:15,035 - INFO - CaseID:3 - 整体结果: PASS | 详情: 所有字段校验通过
2026-02-26 15:10:16,866 - INFO - CaseID:4 - 整体结果: PASS | 详情: 所有字段校验通过
2026-02-26 15:10:17,929 - INFO - CaseID:5 - 整体结果: FAILED | 详情: style不匹配：预期[漫画]，实际[]
2026-02-26 15:10:19,229 - INFO - CaseID:6 - 整体结果: PASS | 详情: 所有字段校验通过
2026-02-26 15:10:20,755 - INFO - CaseID:7 - 整体结果: PASS | 详情: 所有字段校验通过
2026-02-26 15:10:21,713 - INFO - CaseID:8 - 整体结果: PASS | 详情: 所有字段校验通过
2026-02-26 15:10:23,038 - INFO - CaseID:9 - 整体结果: PASS | 详情: 所有字段校验通过
2026-02-26 15:10:23,038 - INFO - CaseID:10 - CATEGORY字段：模型输出包含「其他」，该字段判定通过
2026-02-26 15:10:25,590 - INFO - CaseID:10 - 整体结果: PASS | 详情: 所有字段校验通过
2026-02-26 15:10:26,907 - INFO - CaseID:11 - 整体结果: PASS | 详情: 所有字段校验通过
2026-02-26 15:10:28,058 - INFO - CaseID:12 - 整体结果: PASS | 详情: 所有字段校验通过
2026-02-26 15:10:28,875 - INFO - CaseID:13 - 整体结果: PASS | 详情: 所有字段校验通过
2026-02-26 15:10:29,973 - INFO - CaseID:14 - 整体结果: PASS | 详情: 所有字段校验通过
2026-02-26 15:10:30,949 - INFO - CaseID:15 - 整体结果: PASS | 详情: 所有字段校验通过
2026-02-26 15:10:32,019 - INFO - CaseID:16 - 整体结果: PASS | 详情: 所有字段校验通过
2026-02-26 15:10:33,044 - INFO - CaseID:17 - 整体结果: PASS | 详情: 所有字段校验通过
2026-02-26 15:10:33,045 - INFO - CaseID:18 - CATEGORY字段：模型输出包含「其他」，该字段判定通过
2026-02-26 15:10:34,409 - INFO - CaseID:18 - 整体结果: PASS | 详情: 所有字段校验通过
2026-02-26 15:10:35,710 - INFO - CaseID:19 - 整体结果: PASS | 详情: 所有字段校验通过
2026-02-26 15:10:36,689 - INFO - CaseID:20 - 整体结果: PASS | 详情: 所有字段校验通过
2026-02-26 15:10:37,907 - INFO - CaseID:21 - 整体结果: PASS | 详情: 所有字段校验通过
2026-02-26 15:10:38,910 - INFO - CaseID:22 - 整体结果: PASS | 详情: 所有字段校验通过
2026-02-26 15:10:39,678 - INFO - CaseID:23 - 整体结果: PASS | 详情: 所有字段校验通过
2026-02-26 15:10:40,538 - INFO - CaseID:24 - 整体结果: PASS | 详情: 所有字段校验通过
2026-02-26 15:10:41,942 - INFO - CaseID:25 - 整体结果: PASS | 详情: 所有字段校验通过
2026-02-26 15:10:43,391 - INFO - CaseID:26 - 整体结果: PASS | 详情: 所有字段校验通过
2026-02-26 15:10:44,509 - INFO - CaseID:27 - 整体结果: PASS | 详情: 所有字段校验通过
2026-02-26 15:10:45,744 - INFO - CaseID:28 - 整体结果: PASS | 详情: 所有字段校验通过
2026-02-26 15:10:47,133 - INFO - CaseID:29 - 整体结果: PASS | 详情: 所有字段校验通过
2026-02-26 15:10:48,566 - INFO - CaseID:30 - 整体结果: PASS | 详情: 所有字段校验通过
2026-02-26 15:10:49,524 - INFO - CaseID:31 - 整体结果: PASS | 详情: 所有字段校验通过
2026-02-26 15:10:51,476 - INFO - CaseID:32 - 整体结果: PASS | 详情: 所有字段校验通过
2026-02-26 15:10:52,172 - INFO - CaseID:33 - 整体结果: PASS | 详情: 所有字段校验通过
2026-02-26 15:10:53,934 - INFO - CaseID:34 - 整体结果: PASS | 详情: 所有字段校验通过
2026-02-26 15:10:55,101 - INFO - CaseID:35 - 整体结果: PASS | 详情: 所有字段校验通过
2026-02-26 15:10:56,188 - INFO - CaseID:36 - 整体结果: PASS | 详情: 所有字段校验通过
2026-02-26 15:10:57,712 - INFO - CaseID:37 - 整体结果: PASS | 详情: 所有字段校验通过
2026-02-26 15:10:59,463 - INFO - CaseID:38 - 整体结果: PASS | 详情: 所有字段校验通过
2026-02-26 15:11:01,512 - INFO - CaseID:39 - 整体结果: PASS | 详情: 所有字段校验通过
2026-02-26 15:11:02,298 - INFO - CaseID:40 - 整体结果: PASS | 详情: 所有字段校验通过
2026-02-26 15:11:03,274 - INFO - CaseID:41 - 整体结果: PASS | 详情: 所有字段校验通过
2026-02-26 15:11:04,216 - INFO - CaseID:42 - 整体结果: PASS | 详情: 所有字段校验通过
2026-02-26 15:11:05,225 - INFO - CaseID:43 - 整体结果: PASS | 详情: 所有字段校验通过
2026-02-26 15:11:06,039 - INFO - CaseID:44 - 整体结果: PASS | 详情: 所有字段校验通过
2026-02-26 15:11:06,040 - INFO - CaseID:45 - CATEGORY字段：模型输出包含「其他」，该字段判定通过
2026-02-26 15:11:07,027 - INFO - CaseID:45 - 整体结果: PASS | 详情: 所有字段校验通过
2026-02-26 15:11:08,219 - INFO - CaseID:46 - 整体结果: PASS | 详情: 所有字段校验通过
2026-02-26 15:11:09,231 - INFO - CaseID:47 - 整体结果: PASS | 详情: 所有字段校验通过
2026-02-26 15:11:10,222 - INFO - CaseID:48 - 整体结果: PASS | 详情: 所有字段校验通过
2026-02-26 15:11:10,950 - INFO - CaseID:49 - 整体结果: PASS | 详情: 所有字段校验通过
2026-02-26 15:11:12,416 - INFO - CaseID:50 - 整体结果: PASS | 详情: 所有字段校验通过
2026-02-26 15:11:13,934 - INFO - CaseID:51 - 整体结果: PASS | 详情: 所有字段校验通过
2026-02-26 15:11:15,064 - INFO - CaseID:52 - 整体结果: PASS | 详情: 所有字段校验通过
2026-02-26 15:11:16,008 - INFO - CaseID:53 - 整体结果: PASS | 详情: 所有字段校验通过
2026-02-26 15:11:17,016 - INFO - CaseID:54 - 整体结果: PASS | 详情: 所有字段校验通过
2026-02-26 15:11:18,041 - INFO - CaseID:55 - 整体结果: PASS | 详情: 所有字段校验通过
2026-02-26 15:11:19,086 - INFO - CaseID:56 - 整体结果: PASS | 详情: 所有字段校验通过
2026-02-26 15:11:20,077 - INFO - CaseID:57 - 整体结果: PASS | 详情: 所有字段校验通过
2026-02-26 15:11:21,941 - INFO - CaseID:58 - 整体结果: PASS | 详情: 所有字段校验通过
2026-02-26 15:11:21,942 - INFO - CaseID:59 - CATEGORY字段：模型输出包含「其他」，该字段判定通过
2026-02-26 15:11:22,817 - INFO - CaseID:59 - 整体结果: PASS | 详情: 所有字段校验通过
2026-02-26 15:11:24,262 - INFO - CaseID:60 - 整体结果: PASS | 详情: 所有字段校验通过
2026-02-26 15:11:25,308 - INFO - CaseID:61 - 整体结果: PASS | 详情: 所有字段校验通过
2026-02-26 15:11:26,382 - INFO - CaseID:62 - 整体结果: PASS | 详情: 所有字段校验通过
2026-02-26 15:11:28,284 - INFO - CaseID:63 - 整体结果: PASS | 详情: 所有字段校验通过
2026-02-26 15:11:29,292 - INFO - CaseID:64 - 整体结果: PASS | 详情: 所有字段校验通过
2026-02-26 15:11:30,224 - INFO - CaseID:65 - 整体结果: PASS | 详情: 所有字段校验通过
2026-02-26 15:11:31,143 - INFO - CaseID:66 - 整体结果: PASS | 详情: 所有字段校验通过
2026-02-26 15:11:32,299 - INFO - CaseID:67 - 整体结果: PASS | 详情: 所有字段校验通过
2026-02-26 15:11:33,638 - INFO - CaseID:68 - 整体结果: PASS | 详情: 所有字段校验通过
2026-02-26 15:11:34,227 - INFO - CaseID:69 - 整体结果: PASS | 详情: 所有字段校验通过
2026-02-26 15:11:36,065 - INFO - CaseID:70 - 整体结果: PASS | 详情: 所有字段校验通过
2026-02-26 15:11:37,879 - INFO - CaseID:71 - 整体结果: PASS | 详情: 所有字段校验通过
2026-02-26 15:11:38,802 - INFO - CaseID:72 - 整体结果: PASS | 详情: 所有字段校验通过
2026-02-26 15:11:39,680 - INFO - CaseID:73 - 整体结果: PASS | 详情: 所有字段校验通过
2026-02-26 15:11:40,666 - INFO - CaseID:74 - 整体结果: PASS | 详情: 所有字段校验通过
2026-02-26 15:11:41,663 - INFO - CaseID:75 - 整体结果: PASS | 详情: 所有字段校验通过
2026-02-26 15:11:42,563 - INFO - CaseID:76 - 整体结果: PASS | 详情: 所有字段校验通过
2026-02-26 15:11:43,528 - INFO - CaseID:77 - 整体结果: PASS | 详情: 所有字段校验通过
2026-02-26 15:11:44,694 - INFO - CaseID:78 - 整体结果: PASS | 详情: 所有字段校验通过
2026-02-26 15:11:45,845 - INFO - CaseID:79 - 整体结果: PASS | 详情: 所有字段校验通过
2026-02-26 15:11:46,686 - INFO - CaseID:80 - 整体结果: PASS | 详情: 所有字段校验通过
2026-02-26 15:11:47,798 - INFO - CaseID:81 - 整体结果: PASS | 详情: 所有字段校验通过
2026-02-26 15:11:47,799 - INFO - CaseID:82 - CATEGORY字段：模型输出包含「其他」，该字段判定通过
2026-02-26 15:11:49,026 - INFO - CaseID:82 - 整体结果: PASS | 详情: 所有字段校验通过
2026-02-26 15:11:50,254 - INFO - CaseID:83 - 整体结果: PASS | 详情: 所有字段校验通过
2026-02-26 15:11:51,687 - INFO - CaseID:84 - 整体结果: PASS | 详情: 所有字段校验通过
2026-02-26 15:11:52,857 - INFO - CaseID:85 - 整体结果: PASS | 详情: 所有字段校验通过
2026-02-26 15:11:54,146 - INFO - CaseID:86 - 整体结果: PASS | 详情: 所有字段校验通过
2026-02-26 15:11:55,120 - INFO - CaseID:87 - 整体结果: PASS | 详情: 所有字段校验通过
2026-02-26 15:11:56,411 - INFO - CaseID:88 - 整体结果: PASS | 详情: 所有字段校验通过
2026-02-26 15:11:57,185 - INFO - CaseID:89 - 整体结果: PASS | 详情: 所有字段校验通过
2026-02-26 15:11:58,242 - INFO - CaseID:90 - 整体结果: PASS | 详情: 所有字段校验通过
2026-02-26 15:11:59,272 - INFO - CaseID:91 - 整体结果: PASS | 详情: 所有字段校验通过
2026-02-26 15:12:00,682 - INFO - CaseID:92 - 整体结果: PASS | 详情: 所有字段校验通过
2026-02-26 15:12:00,683 - INFO - CaseID:93 - CATEGORY字段：模型输出包含「其他」，该字段判定通过
2026-02-26 15:12:02,885 - INFO - CaseID:93 - 整体结果: PASS | 详情: 所有字段校验通过
2026-02-26 15:12:03,671 - INFO - CaseID:94 - 整体结果: PASS | 详情: 所有字段校验通过
2026-02-26 15:12:04,776 - INFO - CaseID:95 - 整体结果: PASS | 详情: 所有字段校验通过
2026-02-26 15:12:05,821 - INFO - CaseID:96 - 整体结果: PASS | 详情: 所有字段校验通过
2026-02-26 15:12:06,844 - INFO - CaseID:97 - 整体结果: PASS | 详情: 所有字段校验通过
2026-02-26 15:12:08,257 - INFO - CaseID:98 - 整体结果: PASS | 详情: 所有字段校验通过
2026-02-26 15:12:09,385 - INFO - CaseID:99 - 整体结果: PASS | 详情: 所有字段校验通过
2026-02-26 15:12:10,424 - INFO - CaseID:100 - 整体结果: PASS | 详情: 所有字段校验通过
2026-02-26 15:12:12,229 - INFO - 
=== 执行完成（总耗时：121.23秒）===
2026-02-26 15:12:12,229 - INFO - 总用例数：100
2026-02-26 15:12:12,229 - INFO - 通过数：99（99.00%）
2026-02-26 15:12:12,229 - INFO - 失败数：1（1.00%）
