2026-02-28 11:44:15,829 - INFO - === 绘画大师规划对比工具（最终稳定版）启动 ===
2026-02-28 11:44:16,386 - INFO - 成功加载飞书表格
2026-02-28 11:44:19,231 - INFO - CaseID:1 - 整体结果: PASS | 详情: 所有字段校验通过
2026-02-28 11:44:21,197 - INFO - CaseID:2 - 整体结果: PASS | 详情: 所有字段校验通过
2026-02-28 11:44:23,031 - INFO - CaseID:3 - 整体结果: PASS | 详情: 所有字段校验通过
2026-02-28 11:44:24,531 - INFO - CaseID:4 - 整体结果: PASS | 详情: 所有字段校验通过
2026-02-28 11:44:26,490 - INFO - CaseID:5 - 整体结果: FAILED | 详情: style不匹配：预期[漫画]，实际[]
2026-02-28 11:44:28,152 - INFO - CaseID:6 - 整体结果: PASS | 详情: 所有字段校验通过
2026-02-28 11:44:30,052 - INFO - CaseID:7 - 整体结果: PASS | 详情: 所有字段校验通过
2026-02-28 11:44:32,289 - INFO - CaseID:8 - 整体结果: PASS | 详情: 所有字段校验通过
2026-02-28 11:44:34,175 - INFO - CaseID:9 - 整体结果: PASS | 详情: 所有字段校验通过
2026-02-28 11:44:34,177 - INFO - CaseID:10 - CATEGORY字段：标准答案为「其他」，模型输出任意值通过
2026-02-28 11:44:35,945 - INFO - CaseID:10 - 整体结果: PASS | 详情: 所有字段校验通过
2026-02-28 11:44:37,436 - INFO - CaseID:11 - 整体结果: PASS | 详情: 所有字段校验通过
2026-02-28 11:44:39,359 - INFO - CaseID:12 - 整体结果: PASS | 详情: 所有字段校验通过
2026-02-28 11:44:41,385 - INFO - CaseID:13 - 整体结果: PASS | 详情: 所有字段校验通过
2026-02-28 11:44:43,290 - INFO - CaseID:14 - 整体结果: PASS | 详情: 所有字段校验通过
2026-02-28 11:44:45,115 - INFO - CaseID:15 - 整体结果: PASS | 详情: 所有字段校验通过
2026-02-28 11:44:46,924 - INFO - CaseID:16 - 整体结果: PASS | 详情: 所有字段校验通过
2026-02-28 11:44:48,785 - INFO - CaseID:17 - 整体结果: PASS | 详情: 所有字段校验通过
2026-02-28 11:44:48,786 - INFO - CaseID:18 - CATEGORY字段：标准答案为「其他」，模型输出任意值通过
2026-02-28 11:44:50,389 - INFO - CaseID:18 - 整体结果: PASS | 详情: 所有字段校验通过
2026-02-28 11:44:52,439 - INFO - CaseID:19 - 整体结果: PASS | 详情: 所有字段校验通过
2026-02-28 11:44:54,182 - INFO - CaseID:20 - 整体结果: PASS | 详情: 所有字段校验通过
2026-02-28 11:44:56,067 - INFO - CaseID:21 - 整体结果: PASS | 详情: 所有字段校验通过
2026-02-28 11:44:58,658 - INFO - CaseID:22 - 整体结果: PASS | 详情: 所有字段校验通过
2026-02-28 11:45:00,936 - INFO - CaseID:23 - 整体结果: PASS | 详情: 所有字段校验通过
2026-02-28 11:45:04,678 - INFO - CaseID:24 - 整体结果: PASS | 详情: 所有字段校验通过
2026-02-28 11:45:06,218 - INFO - CaseID:25 - 整体结果: PASS | 详情: 所有字段校验通过
2026-02-28 11:45:08,388 - INFO - CaseID:26 - 整体结果: PASS | 详情: 所有字段校验通过
2026-02-28 11:45:10,135 - INFO - CaseID:27 - 整体结果: PASS | 详情: 所有字段校验通过
2026-02-28 11:45:12,008 - INFO - CaseID:28 - 整体结果: PASS | 详情: 所有字段校验通过
2026-02-28 11:45:13,853 - INFO - CaseID:29 - 整体结果: PASS | 详情: 所有字段校验通过
2026-02-28 11:45:16,537 - INFO - CaseID:30 - 整体结果: PASS | 详情: 所有字段校验通过
2026-02-28 11:45:18,391 - INFO - CaseID:31 - 整体结果: PASS | 详情: 所有字段校验通过
2026-02-28 11:45:20,240 - INFO - CaseID:32 - 整体结果: PASS | 详情: 所有字段校验通过
2026-02-28 11:45:22,290 - INFO - CaseID:33 - 整体结果: PASS | 详情: 所有字段校验通过
2026-02-28 11:45:23,935 - INFO - CaseID:34 - 整体结果: PASS | 详情: 所有字段校验通过
2026-02-28 11:45:25,919 - INFO - CaseID:35 - 整体结果: PASS | 详情: 所有字段校验通过
2026-02-28 11:45:27,755 - INFO - CaseID:36 - 整体结果: PASS | 详情: 所有字段校验通过
2026-02-28 11:45:29,618 - INFO - CaseID:37 - 整体结果: PASS | 详情: 所有字段校验通过
2026-02-28 11:45:31,476 - INFO - CaseID:38 - 整体结果: PASS | 详情: 所有字段校验通过
2026-02-28 11:45:32,966 - INFO - CaseID:39 - 整体结果: PASS | 详情: 所有字段校验通过
2026-02-28 11:45:34,870 - INFO - CaseID:40 - 整体结果: PASS | 详情: 所有字段校验通过
2026-02-28 11:45:36,571 - INFO - CaseID:41 - 整体结果: PASS | 详情: 所有字段校验通过
2026-02-28 11:45:38,561 - INFO - CaseID:42 - 整体结果: PASS | 详情: 所有字段校验通过
2026-02-28 11:45:40,477 - INFO - CaseID:43 - 整体结果: PASS | 详情: 所有字段校验通过
2026-02-28 11:45:42,308 - INFO - CaseID:44 - 整体结果: PASS | 详情: 所有字段校验通过
2026-02-28 11:45:42,309 - INFO - CaseID:45 - CATEGORY字段：标准答案为「其他」，模型输出任意值通过
2026-02-28 11:45:44,208 - INFO - CaseID:45 - 整体结果: PASS | 详情: 所有字段校验通过
2026-02-28 11:45:45,690 - INFO - CaseID:46 - 整体结果: PASS | 详情: 所有字段校验通过
2026-02-28 11:45:47,646 - INFO - CaseID:47 - 整体结果: PASS | 详情: 所有字段校验通过
2026-02-28 11:45:49,262 - INFO - CaseID:48 - 整体结果: PASS | 详情: 所有字段校验通过
2026-02-28 11:45:51,150 - INFO - CaseID:49 - 整体结果: PASS | 详情: 所有字段校验通过
2026-02-28 11:45:52,974 - INFO - CaseID:50 - 整体结果: PASS | 详情: 所有字段校验通过
2026-02-28 11:45:55,988 - INFO - CaseID:51 - 整体结果: PASS | 详情: 所有字段校验通过
2026-02-28 11:45:57,853 - INFO - CaseID:52 - 整体结果: PASS | 详情: 所有字段校验通过
2026-02-28 11:45:59,311 - INFO - CaseID:53 - 整体结果: PASS | 详情: 所有字段校验通过
2026-02-28 11:46:01,359 - INFO - CaseID:54 - 整体结果: PASS | 详情: 所有字段校验通过
2026-02-28 11:46:03,123 - INFO - CaseID:55 - 整体结果: PASS | 详情: 所有字段校验通过
2026-02-28 11:46:05,014 - INFO - CaseID:56 - 整体结果: PASS | 详情: 所有字段校验通过
2026-02-28 11:46:06,844 - INFO - CaseID:57 - 整体结果: PASS | 详情: 所有字段校验通过
2026-02-28 11:46:08,703 - INFO - CaseID:58 - 整体结果: PASS | 详情: 所有字段校验通过
2026-02-28 11:46:10,797 - INFO - CaseID:59 - 整体结果: PASS | 详情: 所有字段校验通过
2026-02-28 11:46:12,281 - INFO - CaseID:60 - 整体结果: PASS | 详情: 所有字段校验通过
2026-02-28 11:46:14,186 - INFO - CaseID:61 - 整体结果: PASS | 详情: 所有字段校验通过
2026-02-28 11:46:15,817 - INFO - CaseID:62 - 整体结果: PASS | 详情: 所有字段校验通过
2026-02-28 11:46:17,790 - INFO - CaseID:63 - 整体结果: PASS | 详情: 所有字段校验通过
2026-02-28 11:46:19,952 - INFO - CaseID:64 - 整体结果: PASS | 详情: 所有字段校验通过
2026-02-28 11:46:22,089 - INFO - CaseID:65 - 整体结果: PASS | 详情: 所有字段校验通过
2026-02-28 11:46:24,104 - INFO - CaseID:66 - 整体结果: PASS | 详情: 所有字段校验通过
2026-02-28 11:46:25,586 - INFO - CaseID:67 - 整体结果: PASS | 详情: 所有字段校验通过
2026-02-28 11:46:27,537 - INFO - CaseID:68 - 整体结果: PASS | 详情: 所有字段校验通过
2026-02-28 11:46:29,306 - INFO - CaseID:69 - 整体结果: PASS | 详情: 所有字段校验通过
2026-02-28 11:46:31,571 - INFO - CaseID:70 - 整体结果: PASS | 详情: 所有字段校验通过
2026-02-28 11:46:33,514 - INFO - CaseID:71 - 整体结果: PASS | 详情: 所有字段校验通过
2026-02-28 11:46:35,351 - INFO - CaseID:72 - 整体结果: PASS | 详情: 所有字段校验通过
2026-02-28 11:46:37,315 - INFO - CaseID:73 - 整体结果: PASS | 详情: 所有字段校验通过
2026-02-28 11:46:38,789 - INFO - CaseID:74 - 整体结果: PASS | 详情: 所有字段校验通过
2026-02-28 11:46:40,822 - INFO - CaseID:75 - 整体结果: PASS | 详情: 所有字段校验通过
2026-02-28 11:46:42,472 - INFO - CaseID:76 - 整体结果: PASS | 详情: 所有字段校验通过
2026-02-28 11:46:44,728 - INFO - CaseID:77 - 整体结果: PASS | 详情: 所有字段校验通过
2026-02-28 11:46:46,598 - INFO - CaseID:78 - 整体结果: PASS | 详情: 所有字段校验通过
2026-02-28 11:46:48,538 - INFO - CaseID:79 - 整体结果: PASS | 详情: 所有字段校验通过
2026-02-28 11:46:50,720 - INFO - CaseID:80 - 整体结果: PASS | 详情: 所有字段校验通过
2026-02-28 11:46:52,523 - INFO - CaseID:81 - 整体结果: PASS | 详情: 所有字段校验通过
2026-02-28 11:46:52,524 - INFO - CaseID:82 - CATEGORY字段：标准答案为「其他」，模型输出任意值通过
2026-02-28 11:46:54,435 - INFO - CaseID:82 - 整体结果: PASS | 详情: 所有字段校验通过
2026-02-28 11:46:56,157 - INFO - CaseID:83 - 整体结果: PASS | 详情: 所有字段校验通过
2026-02-28 11:46:57,998 - INFO - CaseID:84 - 整体结果: PASS | 详情: 所有字段校验通过
2026-02-28 11:46:59,874 - INFO - CaseID:85 - 整体结果: PASS | 详情: 所有字段校验通过
2026-02-28 11:47:02,462 - INFO - CaseID:86 - 整体结果: PASS | 详情: 所有字段校验通过
2026-02-28 11:47:05,180 - INFO - CaseID:87 - 整体结果: PASS | 详情: 所有字段校验通过
2026-02-28 11:47:06,636 - INFO - CaseID:88 - 整体结果: PASS | 详情: 所有字段校验通过
2026-02-28 11:47:08,533 - INFO - CaseID:89 - 整体结果: PASS | 详情: 所有字段校验通过
2026-02-28 11:47:10,275 - INFO - CaseID:90 - 整体结果: PASS | 详情: 所有字段校验通过
2026-02-28 11:47:12,577 - INFO - CaseID:91 - 整体结果: PASS | 详情: 所有字段校验通过
2026-02-28 11:47:14,423 - INFO - CaseID:92 - 整体结果: PASS | 详情: 所有字段校验通过
2026-02-28 11:47:14,424 - INFO - CaseID:93 - CATEGORY字段：标准答案为「其他」，模型输出任意值通过
2026-02-28 11:47:16,696 - INFO - CaseID:93 - 整体结果: PASS | 详情: 所有字段校验通过
2026-02-28 11:47:18,872 - INFO - CaseID:94 - 整体结果: PASS | 详情: 所有字段校验通过
2026-02-28 11:47:20,370 - INFO - CaseID:95 - 整体结果: PASS | 详情: 所有字段校验通过
2026-02-28 11:47:22,235 - INFO - CaseID:96 - 整体结果: PASS | 详情: 所有字段校验通过
2026-02-28 11:47:23,877 - INFO - CaseID:97 - 整体结果: PASS | 详情: 所有字段校验通过
2026-02-28 11:47:25,741 - INFO - CaseID:98 - 整体结果: PASS | 详情: 所有字段校验通过
2026-02-28 11:47:27,545 - INFO - CaseID:99 - 整体结果: PASS | 详情: 所有字段校验通过
2026-02-28 11:47:27,545 - INFO - 已处理100行，休眠5秒降低压力...
2026-02-28 11:47:33,411 - INFO - CaseID:100 - 整体结果: PASS | 详情: 所有字段校验通过
2026-02-28 11:47:37,895 - INFO - 
=== 执行完成（总耗时：202.07秒）===
2026-02-28 11:47:37,895 - INFO - 总用例数：100 | 通过：99（99.00%） | 失败：1
