2026-01-29 10:56:06,264 - INFO - === 记事本规划4O链路对比工具启动 ===
2026-01-29 10:56:39,665 - INFO - CaseID: - 跳过空行
2026-01-29 10:56:39,666 - INFO - CaseID: - 跳过空行
2026-01-29 10:56:39,666 - INFO - CaseID: - 跳过空行
2026-01-29 10:56:39,666 - INFO - CaseID: - 跳过空行
2026-01-29 10:56:39,666 - INFO - CaseID: - 跳过空行
2026-01-29 10:56:39,666 - INFO - CaseID: - 跳过空行
2026-01-29 10:56:39,666 - INFO - CaseID: - 跳过空行
2026-01-29 10:56:39,667 - INFO - CaseID: - 跳过空行
2026-01-29 10:56:39,667 - INFO - CaseID: - 跳过空行
2026-01-29 10:56:39,668 - INFO - CaseID: - 跳过空行
2026-01-29 10:56:39,668 - INFO - CaseID: - 跳过空行
2026-01-29 10:56:39,668 - INFO - CaseID: - 跳过空行
2026-01-29 10:56:39,668 - INFO - CaseID: - 跳过空行
2026-01-29 10:56:39,668 - INFO - CaseID: - 跳过空行
2026-01-29 10:56:39,668 - INFO - CaseID: - 跳过空行
2026-01-29 10:56:39,669 - INFO - CaseID: - 跳过空行
2026-01-29 10:56:39,669 - INFO - CaseID: - 跳过空行
2026-01-29 10:56:39,669 - INFO - CaseID: - 跳过空行
2026-01-29 10:56:39,669 - INFO - CaseID: - 跳过空行
2026-01-29 10:56:39,669 - INFO - CaseID: - 跳过空行
2026-01-29 10:56:39,669 - INFO - CaseID: - 跳过空行
2026-01-29 10:56:39,669 - INFO - CaseID: - 跳过空行
2026-01-29 10:56:39,669 - INFO - CaseID: - 跳过空行
2026-01-29 10:56:39,669 - INFO - CaseID: - 跳过空行
2026-01-29 10:56:39,670 - INFO - CaseID: - 跳过空行
2026-01-29 10:56:39,670 - INFO - CaseID: - 跳过空行
2026-01-29 10:56:39,670 - INFO - CaseID: - 跳过空行
2026-01-29 10:56:39,670 - INFO - CaseID: - 跳过空行
2026-01-29 10:56:39,670 - INFO - CaseID: - 跳过空行
2026-01-29 10:56:39,670 - INFO - CaseID: - 跳过空行
2026-01-29 10:56:39,670 - INFO - CaseID: - 跳过空行
2026-01-29 10:56:39,671 - INFO - CaseID: - 跳过空行
2026-01-29 10:56:39,671 - INFO - CaseID: - 跳过空行
2026-01-29 10:56:39,671 - INFO - CaseID: - 跳过空行
2026-01-29 10:56:39,671 - INFO - CaseID: - 跳过空行
2026-01-29 10:56:39,671 - INFO - CaseID: - 跳过空行
2026-01-29 10:56:39,671 - INFO - CaseID: - 跳过空行
2026-01-29 10:56:39,671 - INFO - CaseID: - 跳过空行
2026-01-29 10:56:39,671 - INFO - CaseID: - 跳过空行
2026-01-29 10:56:39,672 - INFO - CaseID: - 跳过空行
2026-01-29 10:56:39,672 - INFO - CaseID: - 跳过空行
2026-01-29 10:56:39,672 - INFO - CaseID: - 跳过空行
2026-01-29 10:56:39,672 - INFO - CaseID: - 跳过空行
2026-01-29 10:56:39,672 - INFO - CaseID: - 跳过空行
2026-01-29 10:56:39,672 - INFO - CaseID: - 跳过空行
2026-01-29 10:56:39,672 - INFO - CaseID: - 跳过空行
2026-01-29 10:56:39,672 - INFO - CaseID: - 跳过空行
2026-01-29 10:56:39,672 - INFO - CaseID: - 跳过空行
2026-01-29 10:56:39,672 - INFO - CaseID: - 跳过空行
2026-01-29 10:56:39,672 - INFO - CaseID: - 跳过空行
2026-01-29 10:56:39,672 - INFO - CaseID: - 跳过空行
2026-01-29 10:56:39,672 - INFO - CaseID: - 跳过空行
2026-01-29 10:56:39,672 - INFO - CaseID: - 跳过空行
2026-01-29 10:56:39,673 - INFO - CaseID: - 跳过空行
2026-01-29 10:56:39,673 - INFO - CaseID: - 跳过空行
2026-01-29 10:56:39,673 - INFO - CaseID: - 跳过空行
2026-01-29 10:56:39,673 - INFO - CaseID: - 跳过空行
2026-01-29 10:56:39,673 - INFO - CaseID: - 跳过空行
2026-01-29 10:56:39,673 - INFO - CaseID: - 跳过空行
2026-01-29 10:56:39,673 - INFO - CaseID: - 跳过空行
2026-01-29 10:56:39,673 - INFO - CaseID: - 跳过空行
2026-01-29 10:56:39,673 - INFO - CaseID: - 跳过空行
2026-01-29 10:56:39,673 - INFO - CaseID: - 跳过空行
2026-01-29 10:56:39,673 - INFO - CaseID: - 跳过空行
2026-01-29 10:56:39,673 - INFO - CaseID: - 跳过空行
2026-01-29 10:56:39,673 - INFO - CaseID: - 跳过空行
2026-01-29 10:56:39,673 - INFO - CaseID: - 跳过空行
2026-01-29 10:56:39,673 - INFO - CaseID: - 跳过空行
2026-01-29 10:56:39,673 - INFO - CaseID: - 跳过空行
2026-01-29 10:56:39,673 - INFO - CaseID: - 跳过空行
2026-01-29 10:56:39,673 - INFO - CaseID: - 跳过空行
2026-01-29 10:56:39,673 - INFO - CaseID: - 跳过空行
2026-01-29 10:56:39,673 - INFO - CaseID: - 跳过空行
2026-01-29 10:56:39,673 - INFO - CaseID: - 跳过空行
2026-01-29 10:56:39,673 - INFO - CaseID: - 跳过空行
2026-01-29 10:56:39,673 - INFO - CaseID: - 跳过空行
2026-01-29 10:56:39,673 - INFO - CaseID: - 跳过空行
2026-01-29 10:56:39,673 - INFO - CaseID: - 跳过空行
2026-01-29 10:56:39,673 - INFO - CaseID: - 跳过空行
2026-01-29 10:56:39,673 - INFO - CaseID: - 跳过空行
2026-01-29 10:56:39,673 - INFO - CaseID: - 跳过空行
2026-01-29 10:56:39,673 - INFO - CaseID: - 跳过空行
2026-01-29 10:56:39,673 - INFO - CaseID: - 跳过空行
2026-01-29 10:56:39,673 - INFO - CaseID: - 跳过空行
2026-01-29 10:56:39,673 - INFO - CaseID: - 跳过空行
2026-01-29 10:56:39,673 - INFO - CaseID: - 跳过空行
2026-01-29 10:56:39,673 - INFO - CaseID: - 跳过空行
2026-01-29 10:56:39,673 - INFO - CaseID: - 跳过空行
2026-01-29 10:56:39,673 - INFO - CaseID: - 跳过空行
2026-01-29 10:56:39,673 - INFO - CaseID: - 跳过空行
2026-01-29 10:56:39,674 - INFO - CaseID: - 跳过空行
2026-01-29 10:56:39,674 - INFO - CaseID: - 跳过空行
2026-01-29 10:56:39,674 - INFO - CaseID: - 跳过空行
2026-01-29 10:56:39,674 - INFO - CaseID: - 跳过空行
2026-01-29 10:56:39,674 - INFO - CaseID: - 跳过空行
2026-01-29 10:56:39,674 - INFO - CaseID: - 跳过空行
2026-01-29 10:56:39,674 - INFO - CaseID: - 跳过空行
2026-01-29 10:56:39,674 - INFO - CaseID: - 跳过空行
2026-01-29 10:56:39,674 - INFO - CaseID: - 跳过空行
2026-01-29 10:56:39,674 - INFO - CaseID: - 跳过空行
2026-01-29 10:56:39,674 - INFO - CaseID: - 跳过空行
2026-01-29 10:56:39,674 - INFO - CaseID: - 跳过空行
2026-01-29 10:56:39,674 - INFO - CaseID: - 跳过空行
2026-01-29 10:56:39,674 - INFO - CaseID: - 跳过空行
2026-01-29 10:56:39,674 - INFO - CaseID: - 跳过空行
2026-01-29 10:56:39,674 - INFO - CaseID: - 跳过空行
2026-01-29 10:56:39,674 - INFO - CaseID: - 跳过空行
2026-01-29 10:56:39,674 - INFO - CaseID: - 跳过空行
2026-01-29 10:56:39,674 - INFO - CaseID: - 跳过空行
2026-01-29 10:56:39,674 - INFO - CaseID: - 跳过空行
2026-01-29 10:56:39,674 - INFO - CaseID: - 跳过空行
2026-01-29 10:56:39,674 - INFO - CaseID: - 跳过空行
2026-01-29 10:56:39,674 - INFO - CaseID: - 跳过空行
2026-01-29 10:56:39,674 - INFO - CaseID: - 跳过空行
2026-01-29 10:56:39,674 - INFO - CaseID: - 跳过空行
2026-01-29 10:56:39,674 - INFO - CaseID: - 跳过空行
2026-01-29 10:56:39,674 - INFO - CaseID: - 跳过空行
2026-01-29 10:56:39,674 - INFO - CaseID: - 跳过空行
2026-01-29 10:56:39,674 - INFO - CaseID: - 跳过空行
2026-01-29 10:56:39,674 - INFO - CaseID: - 跳过空行
2026-01-29 10:56:39,674 - INFO - CaseID: - 跳过空行
2026-01-29 10:56:39,674 - INFO - CaseID: - 跳过空行
2026-01-29 10:56:39,674 - INFO - CaseID: - 跳过空行
2026-01-29 10:56:39,674 - INFO - CaseID: - 跳过空行
2026-01-29 10:56:39,674 - INFO - CaseID: - 跳过空行
2026-01-29 10:56:39,674 - INFO - CaseID: - 跳过空行
2026-01-29 10:56:39,674 - INFO - CaseID: - 跳过空行
2026-01-29 10:56:39,674 - INFO - CaseID: - 跳过空行
2026-01-29 10:56:39,675 - INFO - CaseID: - 跳过空行
2026-01-29 10:56:39,675 - INFO - CaseID: - 跳过空行
2026-01-29 10:56:39,675 - INFO - CaseID: - 跳过空行
2026-01-29 10:56:39,675 - INFO - CaseID: - 跳过空行
2026-01-29 10:56:39,675 - INFO - CaseID: - 跳过空行
2026-01-29 10:56:39,675 - INFO - CaseID: - 跳过空行
2026-01-29 10:56:39,675 - INFO - CaseID: - 跳过空行
2026-01-29 10:56:39,675 - INFO - CaseID: - 跳过空行
2026-01-29 10:56:39,675 - INFO - CaseID: - 跳过空行
2026-01-29 10:56:39,675 - INFO - CaseID: - 跳过空行
2026-01-29 10:56:39,675 - INFO - CaseID: - 跳过空行
2026-01-29 10:56:39,675 - INFO - CaseID: - 跳过空行
2026-01-29 10:56:39,675 - INFO - CaseID: - 跳过空行
2026-01-29 10:56:39,675 - INFO - CaseID: - 跳过空行
2026-01-29 10:56:39,675 - INFO - CaseID: - 跳过空行
2026-01-29 10:56:39,675 - INFO - CaseID: - 跳过空行
2026-01-29 10:56:39,675 - INFO - CaseID: - 跳过空行
2026-01-29 10:56:39,675 - INFO - CaseID: - 跳过空行
2026-01-29 10:56:39,675 - INFO - CaseID: - 跳过空行
2026-01-29 10:56:39,675 - INFO - CaseID: - 跳过空行
2026-01-29 10:56:39,675 - INFO - CaseID: - 跳过空行
2026-01-29 10:56:39,675 - INFO - CaseID: - 跳过空行
2026-01-29 10:56:39,675 - INFO - CaseID: - 跳过空行
2026-01-29 10:56:39,675 - INFO - CaseID: - 跳过空行
2026-01-29 10:56:39,675 - INFO - CaseID: - 跳过空行
2026-01-29 10:56:39,675 - INFO - CaseID: - 跳过空行
2026-01-29 10:56:39,675 - INFO - CaseID: - 跳过空行
2026-01-29 10:56:39,675 - INFO - CaseID: - 跳过空行
2026-01-29 10:56:39,675 - INFO - CaseID: - 跳过空行
2026-01-29 10:56:39,675 - INFO - CaseID: - 跳过空行
2026-01-29 10:56:39,675 - INFO - CaseID: - 跳过空行
2026-01-29 10:56:39,675 - INFO - CaseID: - 跳过空行
2026-01-29 10:56:39,675 - INFO - CaseID: - 跳过空行
2026-01-29 10:56:39,675 - INFO - CaseID: - 跳过空行
2026-01-29 10:56:39,675 - INFO - CaseID: - 跳过空行
2026-01-29 10:56:39,675 - INFO - CaseID: - 跳过空行
2026-01-29 10:56:39,675 - INFO - CaseID: - 跳过空行
2026-01-29 10:56:39,675 - INFO - CaseID: - 跳过空行
2026-01-29 10:56:39,675 - INFO - CaseID: - 跳过空行
2026-01-29 10:56:40,598 - INFO - 
=== 记事本规划4O链路评分完成，耗时: 34.33秒 ===
2026-01-29 10:56:40,598 - INFO - 总用例数：199 | 通过数：31（15.58%） | 失败数：168（84.42%）
