2026-01-29 09:42:11,049 - INFO - === 记事本规划4O链路对比工具启动 ===
2026-01-29 09:42:45,301 - INFO - CaseID: - 跳过空行
2026-01-29 09:42:45,302 - INFO - CaseID: - 跳过空行
2026-01-29 09:42:45,302 - INFO - CaseID: - 跳过空行
2026-01-29 09:42:45,303 - INFO - CaseID: - 跳过空行
2026-01-29 09:42:45,303 - INFO - CaseID: - 跳过空行
2026-01-29 09:42:45,303 - INFO - CaseID: - 跳过空行
2026-01-29 09:42:45,303 - INFO - CaseID: - 跳过空行
2026-01-29 09:42:45,303 - INFO - CaseID: - 跳过空行
2026-01-29 09:42:45,304 - INFO - CaseID: - 跳过空行
2026-01-29 09:42:45,304 - INFO - CaseID: - 跳过空行
2026-01-29 09:42:45,304 - INFO - CaseID: - 跳过空行
2026-01-29 09:42:45,304 - INFO - CaseID: - 跳过空行
2026-01-29 09:42:45,304 - INFO - CaseID: - 跳过空行
2026-01-29 09:42:45,304 - INFO - CaseID: - 跳过空行
2026-01-29 09:42:45,304 - INFO - CaseID: - 跳过空行
2026-01-29 09:42:45,304 - INFO - CaseID: - 跳过空行
2026-01-29 09:42:45,304 - INFO - CaseID: - 跳过空行
2026-01-29 09:42:45,304 - INFO - CaseID: - 跳过空行
2026-01-29 09:42:45,305 - INFO - CaseID: - 跳过空行
2026-01-29 09:42:45,305 - INFO - CaseID: - 跳过空行
2026-01-29 09:42:45,305 - INFO - CaseID: - 跳过空行
2026-01-29 09:42:45,305 - INFO - CaseID: - 跳过空行
2026-01-29 09:42:45,305 - INFO - CaseID: - 跳过空行
2026-01-29 09:42:45,305 - INFO - CaseID: - 跳过空行
2026-01-29 09:42:45,305 - INFO - CaseID: - 跳过空行
2026-01-29 09:42:45,305 - INFO - CaseID: - 跳过空行
2026-01-29 09:42:45,305 - INFO - CaseID: - 跳过空行
2026-01-29 09:42:45,305 - INFO - CaseID: - 跳过空行
2026-01-29 09:42:45,306 - INFO - CaseID: - 跳过空行
2026-01-29 09:42:45,306 - INFO - CaseID: - 跳过空行
2026-01-29 09:42:45,306 - INFO - CaseID: - 跳过空行
2026-01-29 09:42:45,306 - INFO - CaseID: - 跳过空行
2026-01-29 09:42:45,306 - INFO - CaseID: - 跳过空行
2026-01-29 09:42:45,306 - INFO - CaseID: - 跳过空行
2026-01-29 09:42:45,306 - INFO - CaseID: - 跳过空行
2026-01-29 09:42:45,306 - INFO - CaseID: - 跳过空行
2026-01-29 09:42:45,306 - INFO - CaseID: - 跳过空行
2026-01-29 09:42:45,307 - INFO - CaseID: - 跳过空行
2026-01-29 09:42:45,307 - INFO - CaseID: - 跳过空行
2026-01-29 09:42:45,307 - INFO - CaseID: - 跳过空行
2026-01-29 09:42:45,307 - INFO - CaseID: - 跳过空行
2026-01-29 09:42:45,307 - INFO - CaseID: - 跳过空行
2026-01-29 09:42:45,307 - INFO - CaseID: - 跳过空行
2026-01-29 09:42:45,307 - INFO - CaseID: - 跳过空行
2026-01-29 09:42:45,308 - INFO - CaseID: - 跳过空行
2026-01-29 09:42:45,308 - INFO - CaseID: - 跳过空行
2026-01-29 09:42:45,308 - INFO - CaseID: - 跳过空行
2026-01-29 09:42:45,308 - INFO - CaseID: - 跳过空行
2026-01-29 09:42:45,308 - INFO - CaseID: - 跳过空行
2026-01-29 09:42:45,308 - INFO - CaseID: - 跳过空行
2026-01-29 09:42:45,308 - INFO - CaseID: - 跳过空行
2026-01-29 09:42:45,308 - INFO - CaseID: - 跳过空行
2026-01-29 09:42:45,308 - INFO - CaseID: - 跳过空行
2026-01-29 09:42:45,309 - INFO - CaseID: - 跳过空行
2026-01-29 09:42:45,309 - INFO - CaseID: - 跳过空行
2026-01-29 09:42:45,309 - INFO - CaseID: - 跳过空行
2026-01-29 09:42:45,309 - INFO - CaseID: - 跳过空行
2026-01-29 09:42:45,309 - INFO - CaseID: - 跳过空行
2026-01-29 09:42:45,309 - INFO - CaseID: - 跳过空行
2026-01-29 09:42:45,309 - INFO - CaseID: - 跳过空行
2026-01-29 09:42:45,309 - INFO - CaseID: - 跳过空行
2026-01-29 09:42:45,309 - INFO - CaseID: - 跳过空行
2026-01-29 09:42:45,309 - INFO - CaseID: - 跳过空行
2026-01-29 09:42:45,309 - INFO - CaseID: - 跳过空行
2026-01-29 09:42:45,309 - INFO - CaseID: - 跳过空行
2026-01-29 09:42:45,309 - INFO - CaseID: - 跳过空行
2026-01-29 09:42:45,309 - INFO - CaseID: - 跳过空行
2026-01-29 09:42:45,309 - INFO - CaseID: - 跳过空行
2026-01-29 09:42:45,309 - INFO - CaseID: - 跳过空行
2026-01-29 09:42:45,309 - INFO - CaseID: - 跳过空行
2026-01-29 09:42:45,309 - INFO - CaseID: - 跳过空行
2026-01-29 09:42:45,309 - INFO - CaseID: - 跳过空行
2026-01-29 09:42:45,309 - INFO - CaseID: - 跳过空行
2026-01-29 09:42:45,309 - INFO - CaseID: - 跳过空行
2026-01-29 09:42:45,309 - INFO - CaseID: - 跳过空行
2026-01-29 09:42:45,309 - INFO - CaseID: - 跳过空行
2026-01-29 09:42:45,309 - INFO - CaseID: - 跳过空行
2026-01-29 09:42:45,310 - INFO - CaseID: - 跳过空行
2026-01-29 09:42:45,310 - INFO - CaseID: - 跳过空行
2026-01-29 09:42:45,310 - INFO - CaseID: - 跳过空行
2026-01-29 09:42:45,310 - INFO - CaseID: - 跳过空行
2026-01-29 09:42:45,310 - INFO - CaseID: - 跳过空行
2026-01-29 09:42:45,310 - INFO - CaseID: - 跳过空行
2026-01-29 09:42:45,310 - INFO - CaseID: - 跳过空行
2026-01-29 09:42:45,310 - INFO - CaseID: - 跳过空行
2026-01-29 09:42:45,310 - INFO - CaseID: - 跳过空行
2026-01-29 09:42:45,310 - INFO - CaseID: - 跳过空行
2026-01-29 09:42:45,310 - INFO - CaseID: - 跳过空行
2026-01-29 09:42:45,310 - INFO - CaseID: - 跳过空行
2026-01-29 09:42:45,310 - INFO - CaseID: - 跳过空行
2026-01-29 09:42:45,310 - INFO - CaseID: - 跳过空行
2026-01-29 09:42:45,310 - INFO - CaseID: - 跳过空行
2026-01-29 09:42:45,310 - INFO - CaseID: - 跳过空行
2026-01-29 09:42:45,310 - INFO - CaseID: - 跳过空行
2026-01-29 09:42:45,310 - INFO - CaseID: - 跳过空行
2026-01-29 09:42:45,310 - INFO - CaseID: - 跳过空行
2026-01-29 09:42:45,310 - INFO - CaseID: - 跳过空行
2026-01-29 09:42:45,310 - INFO - CaseID: - 跳过空行
2026-01-29 09:42:45,310 - INFO - CaseID: - 跳过空行
2026-01-29 09:42:45,310 - INFO - CaseID: - 跳过空行
2026-01-29 09:42:45,310 - INFO - CaseID: - 跳过空行
2026-01-29 09:42:45,310 - INFO - CaseID: - 跳过空行
2026-01-29 09:42:45,311 - INFO - CaseID: - 跳过空行
2026-01-29 09:42:45,311 - INFO - CaseID: - 跳过空行
2026-01-29 09:42:45,311 - INFO - CaseID: - 跳过空行
2026-01-29 09:42:45,311 - INFO - CaseID: - 跳过空行
2026-01-29 09:42:45,311 - INFO - CaseID: - 跳过空行
2026-01-29 09:42:45,311 - INFO - CaseID: - 跳过空行
2026-01-29 09:42:45,311 - INFO - CaseID: - 跳过空行
2026-01-29 09:42:45,311 - INFO - CaseID: - 跳过空行
2026-01-29 09:42:45,311 - INFO - CaseID: - 跳过空行
2026-01-29 09:42:45,311 - INFO - CaseID: - 跳过空行
2026-01-29 09:42:45,311 - INFO - CaseID: - 跳过空行
2026-01-29 09:42:45,311 - INFO - CaseID: - 跳过空行
2026-01-29 09:42:45,311 - INFO - CaseID: - 跳过空行
2026-01-29 09:42:45,311 - INFO - CaseID: - 跳过空行
2026-01-29 09:42:45,311 - INFO - CaseID: - 跳过空行
2026-01-29 09:42:45,311 - INFO - CaseID: - 跳过空行
2026-01-29 09:42:45,311 - INFO - CaseID: - 跳过空行
2026-01-29 09:42:45,311 - INFO - CaseID: - 跳过空行
2026-01-29 09:42:45,311 - INFO - CaseID: - 跳过空行
2026-01-29 09:42:45,311 - INFO - CaseID: - 跳过空行
2026-01-29 09:42:45,311 - INFO - CaseID: - 跳过空行
2026-01-29 09:42:45,311 - INFO - CaseID: - 跳过空行
2026-01-29 09:42:45,311 - INFO - CaseID: - 跳过空行
2026-01-29 09:42:45,311 - INFO - CaseID: - 跳过空行
2026-01-29 09:42:45,311 - INFO - CaseID: - 跳过空行
2026-01-29 09:42:45,311 - INFO - CaseID: - 跳过空行
2026-01-29 09:42:45,311 - INFO - CaseID: - 跳过空行
2026-01-29 09:42:45,311 - INFO - CaseID: - 跳过空行
2026-01-29 09:42:45,311 - INFO - CaseID: - 跳过空行
2026-01-29 09:42:45,311 - INFO - CaseID: - 跳过空行
2026-01-29 09:42:45,311 - INFO - CaseID: - 跳过空行
2026-01-29 09:42:45,311 - INFO - CaseID: - 跳过空行
2026-01-29 09:42:45,311 - INFO - CaseID: - 跳过空行
2026-01-29 09:42:45,311 - INFO - CaseID: - 跳过空行
2026-01-29 09:42:45,311 - INFO - CaseID: - 跳过空行
2026-01-29 09:42:45,312 - INFO - CaseID: - 跳过空行
2026-01-29 09:42:45,312 - INFO - CaseID: - 跳过空行
2026-01-29 09:42:45,312 - INFO - CaseID: - 跳过空行
2026-01-29 09:42:45,312 - INFO - CaseID: - 跳过空行
2026-01-29 09:42:45,312 - INFO - CaseID: - 跳过空行
2026-01-29 09:42:45,312 - INFO - CaseID: - 跳过空行
2026-01-29 09:42:45,312 - INFO - CaseID: - 跳过空行
2026-01-29 09:42:45,312 - INFO - CaseID: - 跳过空行
2026-01-29 09:42:45,312 - INFO - CaseID: - 跳过空行
2026-01-29 09:42:45,312 - INFO - CaseID: - 跳过空行
2026-01-29 09:42:45,312 - INFO - CaseID: - 跳过空行
2026-01-29 09:42:45,312 - INFO - CaseID: - 跳过空行
2026-01-29 09:42:45,312 - INFO - CaseID: - 跳过空行
2026-01-29 09:42:45,312 - INFO - CaseID: - 跳过空行
2026-01-29 09:42:45,312 - INFO - CaseID: - 跳过空行
2026-01-29 09:42:45,312 - INFO - CaseID: - 跳过空行
2026-01-29 09:42:45,312 - INFO - CaseID: - 跳过空行
2026-01-29 09:42:45,312 - INFO - CaseID: - 跳过空行
2026-01-29 09:42:45,312 - INFO - CaseID: - 跳过空行
2026-01-29 09:42:45,312 - INFO - CaseID: - 跳过空行
2026-01-29 09:42:45,312 - INFO - CaseID: - 跳过空行
2026-01-29 09:42:45,312 - INFO - CaseID: - 跳过空行
2026-01-29 09:42:45,312 - INFO - CaseID: - 跳过空行
2026-01-29 09:42:45,312 - INFO - CaseID: - 跳过空行
2026-01-29 09:42:45,312 - INFO - CaseID: - 跳过空行
2026-01-29 09:42:45,312 - INFO - CaseID: - 跳过空行
2026-01-29 09:42:45,312 - INFO - CaseID: - 跳过空行
2026-01-29 09:42:45,312 - INFO - CaseID: - 跳过空行
2026-01-29 09:42:45,312 - INFO - CaseID: - 跳过空行
2026-01-29 09:42:45,312 - INFO - CaseID: - 跳过空行
2026-01-29 09:42:46,280 - INFO - 
=== 记事本规划4O链路评分完成，耗时: 35.23秒 ===
2026-01-29 09:42:46,280 - INFO - 总用例数：199 | 通过数：31（15.58%） | 失败数：168（84.42%）
