2026-01-29 11:06:36,460 - INFO - === 记事本规划4O链路对比工具启动 ===
2026-01-29 11:07:22,724 - INFO - CaseID: - 跳过空行
2026-01-29 11:07:22,725 - INFO - CaseID: - 跳过空行
2026-01-29 11:07:22,725 - INFO - CaseID: - 跳过空行
2026-01-29 11:07:22,725 - INFO - CaseID: - 跳过空行
2026-01-29 11:07:22,725 - INFO - CaseID: - 跳过空行
2026-01-29 11:07:22,725 - INFO - CaseID: - 跳过空行
2026-01-29 11:07:22,725 - INFO - CaseID: - 跳过空行
2026-01-29 11:07:22,725 - INFO - CaseID: - 跳过空行
2026-01-29 11:07:22,726 - INFO - CaseID: - 跳过空行
2026-01-29 11:07:22,726 - INFO - CaseID: - 跳过空行
2026-01-29 11:07:22,726 - INFO - CaseID: - 跳过空行
2026-01-29 11:07:22,726 - INFO - CaseID: - 跳过空行
2026-01-29 11:07:22,726 - INFO - CaseID: - 跳过空行
2026-01-29 11:07:22,726 - INFO - CaseID: - 跳过空行
2026-01-29 11:07:22,726 - INFO - CaseID: - 跳过空行
2026-01-29 11:07:22,726 - INFO - CaseID: - 跳过空行
2026-01-29 11:07:22,726 - INFO - CaseID: - 跳过空行
2026-01-29 11:07:22,726 - INFO - CaseID: - 跳过空行
2026-01-29 11:07:22,726 - INFO - CaseID: - 跳过空行
2026-01-29 11:07:22,726 - INFO - CaseID: - 跳过空行
2026-01-29 11:07:22,726 - INFO - CaseID: - 跳过空行
2026-01-29 11:07:22,726 - INFO - CaseID: - 跳过空行
2026-01-29 11:07:22,726 - INFO - CaseID: - 跳过空行
2026-01-29 11:07:22,726 - INFO - CaseID: - 跳过空行
2026-01-29 11:07:22,726 - INFO - CaseID: - 跳过空行
2026-01-29 11:07:22,726 - INFO - CaseID: - 跳过空行
2026-01-29 11:07:22,726 - INFO - CaseID: - 跳过空行
2026-01-29 11:07:22,726 - INFO - CaseID: - 跳过空行
2026-01-29 11:07:22,726 - INFO - CaseID: - 跳过空行
2026-01-29 11:07:22,726 - INFO - CaseID: - 跳过空行
2026-01-29 11:07:22,726 - INFO - CaseID: - 跳过空行
2026-01-29 11:07:22,726 - INFO - CaseID: - 跳过空行
2026-01-29 11:07:22,727 - INFO - CaseID: - 跳过空行
2026-01-29 11:07:22,727 - INFO - CaseID: - 跳过空行
2026-01-29 11:07:22,727 - INFO - CaseID: - 跳过空行
2026-01-29 11:07:22,727 - INFO - CaseID: - 跳过空行
2026-01-29 11:07:22,727 - INFO - CaseID: - 跳过空行
2026-01-29 11:07:22,727 - INFO - CaseID: - 跳过空行
2026-01-29 11:07:22,727 - INFO - CaseID: - 跳过空行
2026-01-29 11:07:22,727 - INFO - CaseID: - 跳过空行
2026-01-29 11:07:22,727 - INFO - CaseID: - 跳过空行
2026-01-29 11:07:22,727 - INFO - CaseID: - 跳过空行
2026-01-29 11:07:22,727 - INFO - CaseID: - 跳过空行
2026-01-29 11:07:22,727 - INFO - CaseID: - 跳过空行
2026-01-29 11:07:22,727 - INFO - CaseID: - 跳过空行
2026-01-29 11:07:22,727 - INFO - CaseID: - 跳过空行
2026-01-29 11:07:22,727 - INFO - CaseID: - 跳过空行
2026-01-29 11:07:22,727 - INFO - CaseID: - 跳过空行
2026-01-29 11:07:22,727 - INFO - CaseID: - 跳过空行
2026-01-29 11:07:22,727 - INFO - CaseID: - 跳过空行
2026-01-29 11:07:22,727 - INFO - CaseID: - 跳过空行
2026-01-29 11:07:22,727 - INFO - CaseID: - 跳过空行
2026-01-29 11:07:22,727 - INFO - CaseID: - 跳过空行
2026-01-29 11:07:22,727 - INFO - CaseID: - 跳过空行
2026-01-29 11:07:22,727 - INFO - CaseID: - 跳过空行
2026-01-29 11:07:22,728 - INFO - CaseID: - 跳过空行
2026-01-29 11:07:22,728 - INFO - CaseID: - 跳过空行
2026-01-29 11:07:22,728 - INFO - CaseID: - 跳过空行
2026-01-29 11:07:22,728 - INFO - CaseID: - 跳过空行
2026-01-29 11:07:22,728 - INFO - CaseID: - 跳过空行
2026-01-29 11:07:22,728 - INFO - CaseID: - 跳过空行
2026-01-29 11:07:22,728 - INFO - CaseID: - 跳过空行
2026-01-29 11:07:22,728 - INFO - CaseID: - 跳过空行
2026-01-29 11:07:22,728 - INFO - CaseID: - 跳过空行
2026-01-29 11:07:22,728 - INFO - CaseID: - 跳过空行
2026-01-29 11:07:22,728 - INFO - CaseID: - 跳过空行
2026-01-29 11:07:22,728 - INFO - CaseID: - 跳过空行
2026-01-29 11:07:22,728 - INFO - CaseID: - 跳过空行
2026-01-29 11:07:22,728 - INFO - CaseID: - 跳过空行
2026-01-29 11:07:22,728 - INFO - CaseID: - 跳过空行
2026-01-29 11:07:22,728 - INFO - CaseID: - 跳过空行
2026-01-29 11:07:22,728 - INFO - CaseID: - 跳过空行
2026-01-29 11:07:22,728 - INFO - CaseID: - 跳过空行
2026-01-29 11:07:22,728 - INFO - CaseID: - 跳过空行
2026-01-29 11:07:22,728 - INFO - CaseID: - 跳过空行
2026-01-29 11:07:22,728 - INFO - CaseID: - 跳过空行
2026-01-29 11:07:22,728 - INFO - CaseID: - 跳过空行
2026-01-29 11:07:22,728 - INFO - CaseID: - 跳过空行
2026-01-29 11:07:22,728 - INFO - CaseID: - 跳过空行
2026-01-29 11:07:22,728 - INFO - CaseID: - 跳过空行
2026-01-29 11:07:22,728 - INFO - CaseID: - 跳过空行
2026-01-29 11:07:22,728 - INFO - CaseID: - 跳过空行
2026-01-29 11:07:22,728 - INFO - CaseID: - 跳过空行
2026-01-29 11:07:22,728 - INFO - CaseID: - 跳过空行
2026-01-29 11:07:22,728 - INFO - CaseID: - 跳过空行
2026-01-29 11:07:22,729 - INFO - CaseID: - 跳过空行
2026-01-29 11:07:22,729 - INFO - CaseID: - 跳过空行
2026-01-29 11:07:22,729 - INFO - CaseID: - 跳过空行
2026-01-29 11:07:22,729 - INFO - CaseID: - 跳过空行
2026-01-29 11:07:22,729 - INFO - CaseID: - 跳过空行
2026-01-29 11:07:22,729 - INFO - CaseID: - 跳过空行
2026-01-29 11:07:22,729 - INFO - CaseID: - 跳过空行
2026-01-29 11:07:22,729 - INFO - CaseID: - 跳过空行
2026-01-29 11:07:22,729 - INFO - CaseID: - 跳过空行
2026-01-29 11:07:22,729 - INFO - CaseID: - 跳过空行
2026-01-29 11:07:22,729 - INFO - CaseID: - 跳过空行
2026-01-29 11:07:22,729 - INFO - CaseID: - 跳过空行
2026-01-29 11:07:22,729 - INFO - CaseID: - 跳过空行
2026-01-29 11:07:22,729 - INFO - CaseID: - 跳过空行
2026-01-29 11:07:22,729 - INFO - CaseID: - 跳过空行
2026-01-29 11:07:22,729 - INFO - CaseID: - 跳过空行
2026-01-29 11:07:22,729 - INFO - CaseID: - 跳过空行
2026-01-29 11:07:22,729 - INFO - CaseID: - 跳过空行
2026-01-29 11:07:22,729 - INFO - CaseID: - 跳过空行
2026-01-29 11:07:22,729 - INFO - CaseID: - 跳过空行
2026-01-29 11:07:22,729 - INFO - CaseID: - 跳过空行
2026-01-29 11:07:22,729 - INFO - CaseID: - 跳过空行
2026-01-29 11:07:22,729 - INFO - CaseID: - 跳过空行
2026-01-29 11:07:22,729 - INFO - CaseID: - 跳过空行
2026-01-29 11:07:22,729 - INFO - CaseID: - 跳过空行
2026-01-29 11:07:22,730 - INFO - CaseID: - 跳过空行
2026-01-29 11:07:22,730 - INFO - CaseID: - 跳过空行
2026-01-29 11:07:22,730 - INFO - CaseID: - 跳过空行
2026-01-29 11:07:22,730 - INFO - CaseID: - 跳过空行
2026-01-29 11:07:22,730 - INFO - CaseID: - 跳过空行
2026-01-29 11:07:22,730 - INFO - CaseID: - 跳过空行
2026-01-29 11:07:22,730 - INFO - CaseID: - 跳过空行
2026-01-29 11:07:22,730 - INFO - CaseID: - 跳过空行
2026-01-29 11:07:22,730 - INFO - CaseID: - 跳过空行
2026-01-29 11:07:22,730 - INFO - CaseID: - 跳过空行
2026-01-29 11:07:22,730 - INFO - CaseID: - 跳过空行
2026-01-29 11:07:22,730 - INFO - CaseID: - 跳过空行
2026-01-29 11:07:22,730 - INFO - CaseID: - 跳过空行
2026-01-29 11:07:22,730 - INFO - CaseID: - 跳过空行
2026-01-29 11:07:22,730 - INFO - CaseID: - 跳过空行
2026-01-29 11:07:22,730 - INFO - CaseID: - 跳过空行
2026-01-29 11:07:22,730 - INFO - CaseID: - 跳过空行
2026-01-29 11:07:22,730 - INFO - CaseID: - 跳过空行
2026-01-29 11:07:22,730 - INFO - CaseID: - 跳过空行
2026-01-29 11:07:22,730 - INFO - CaseID: - 跳过空行
2026-01-29 11:07:22,730 - INFO - CaseID: - 跳过空行
2026-01-29 11:07:22,730 - INFO - CaseID: - 跳过空行
2026-01-29 11:07:22,730 - INFO - CaseID: - 跳过空行
2026-01-29 11:07:22,730 - INFO - CaseID: - 跳过空行
2026-01-29 11:07:22,730 - INFO - CaseID: - 跳过空行
2026-01-29 11:07:22,730 - INFO - CaseID: - 跳过空行
2026-01-29 11:07:22,731 - INFO - CaseID: - 跳过空行
2026-01-29 11:07:22,731 - INFO - CaseID: - 跳过空行
2026-01-29 11:07:22,731 - INFO - CaseID: - 跳过空行
2026-01-29 11:07:22,731 - INFO - CaseID: - 跳过空行
2026-01-29 11:07:22,731 - INFO - CaseID: - 跳过空行
2026-01-29 11:07:22,731 - INFO - CaseID: - 跳过空行
2026-01-29 11:07:22,731 - INFO - CaseID: - 跳过空行
2026-01-29 11:07:22,731 - INFO - CaseID: - 跳过空行
2026-01-29 11:07:22,731 - INFO - CaseID: - 跳过空行
2026-01-29 11:07:22,731 - INFO - CaseID: - 跳过空行
2026-01-29 11:07:22,731 - INFO - CaseID: - 跳过空行
2026-01-29 11:07:22,731 - INFO - CaseID: - 跳过空行
2026-01-29 11:07:22,731 - INFO - CaseID: - 跳过空行
2026-01-29 11:07:22,731 - INFO - CaseID: - 跳过空行
2026-01-29 11:07:22,731 - INFO - CaseID: - 跳过空行
2026-01-29 11:07:22,731 - INFO - CaseID: - 跳过空行
2026-01-29 11:07:22,731 - INFO - CaseID: - 跳过空行
2026-01-29 11:07:22,731 - INFO - CaseID: - 跳过空行
2026-01-29 11:07:22,731 - INFO - CaseID: - 跳过空行
2026-01-29 11:07:22,731 - INFO - CaseID: - 跳过空行
2026-01-29 11:07:22,731 - INFO - CaseID: - 跳过空行
2026-01-29 11:07:22,731 - INFO - CaseID: - 跳过空行
2026-01-29 11:07:22,731 - INFO - CaseID: - 跳过空行
2026-01-29 11:07:22,731 - INFO - CaseID: - 跳过空行
2026-01-29 11:07:22,731 - INFO - CaseID: - 跳过空行
2026-01-29 11:07:22,731 - INFO - CaseID: - 跳过空行
2026-01-29 11:07:22,731 - INFO - CaseID: - 跳过空行
2026-01-29 11:07:22,731 - INFO - CaseID: - 跳过空行
2026-01-29 11:07:22,732 - INFO - CaseID: - 跳过空行
2026-01-29 11:07:22,732 - INFO - CaseID: - 跳过空行
2026-01-29 11:07:22,732 - INFO - CaseID: - 跳过空行
2026-01-29 11:07:23,691 - INFO - 
=== 记事本规划4O链路评分完成，耗时: 47.23秒 ===
2026-01-29 11:07:23,691 - INFO - 总用例数：199 | 通过数：31（15.58%） | 失败数：168（84.42%）
