2026-02-26 16:32:17,770 - INFO - === 绘画大师规划对比工具（最终稳定版）启动 ===
2026-02-26 16:32:17,909 - INFO - 成功加载飞书表格
2026-02-26 16:32:20,889 - INFO - CaseID:64 - CATEGORY字段：标准答案为「其他」，模型输出任意值通过
2026-02-26 16:32:21,623 - INFO - CaseID:64 - 整体结果: PASS | 详情: 所有字段校验通过
2026-02-26 16:32:21,623 - INFO - CaseID:126 - CATEGORY字段：标准答案为「其他」，模型输出任意值通过
2026-02-26 16:32:23,758 - INFO - CaseID:126 - 整体结果: FAILED | 详情: style不匹配：预期[漫画]，实际[]
2026-02-26 16:32:25,668 - INFO - CaseID:145 - 整体结果: FAILED | 详情: style不匹配：预期[漫画]，实际[]
2026-02-26 16:32:25,669 - INFO - CaseID:189 - CATEGORY字段：标准答案为「其他」，模型输出任意值通过
2026-02-26 16:32:27,760 - INFO - CaseID:189 - 整体结果: PASS | 详情: 所有字段校验通过
2026-02-26 16:32:29,696 - INFO - CaseID:210 - 整体结果: FAILED | 详情: keyphrase语义不匹配：预期[一个机器人]，实际[一个机器人的图片]
2026-02-26 16:32:29,696 - INFO - CaseID:221 - CATEGORY字段：标准答案为「其他」，模型输出任意值通过
2026-02-26 16:32:29,697 - INFO - CaseID:221 - 整体结果: FAILED | 详情: keyphrase语义不匹配：预期[]，实际[长图片的工具或方法推荐]
2026-02-26 16:32:31,700 - INFO - CaseID:229 - 整体结果: FAILED | 详情: keyphrase语义不匹配：预期[许多的白色机器人在澡堂中工作]，实际[一个机器人在澡堂中工作]
2026-02-26 16:32:33,641 - INFO - CaseID:272 - 整体结果: FAILED | 详情: category不匹配：无交集 - 预期[餐饮食物]，实际[植物]
2026-02-26 16:32:35,499 - INFO - CaseID:311 - 整体结果: FAILED | 详情: style不匹配：预期[]，实际[线稿]
2026-02-26 16:32:35,500 - INFO - CaseID:312 - CATEGORY字段：标准答案为「其他」，模型输出任意值通过
2026-02-26 16:32:37,682 - INFO - CaseID:312 - 整体结果: PASS | 详情: 所有字段校验通过
2026-02-26 16:32:39,587 - INFO - CaseID:334 - 整体结果: FAILED | 详情: style不匹配：预期[漫画]，实际[]
2026-02-26 16:32:41,570 - INFO - CaseID:352 - 整体结果: FAILED | 详情: category不匹配：无交集 - 预期[城市建筑]，实际[城市]
2026-02-26 16:32:51,222 - INFO - 
=== 执行完成（总耗时：33.45秒）===
2026-02-26 16:32:51,223 - INFO - 总用例数：12 | 通过：3（25.00%） | 失败：9
